evaluating flake...
checking flake output 'lib'...
checking flake output 'apps'...
checking app 'apps.x86_64-linux.devcluster-check'...
warning: app 'apps.x86_64-linux.devcluster-check' lacks attribute 'meta'
checking flake output 'packages'...
checking derivation packages.x86_64-linux.host-migration-test...
evaluation warning: 'system' has been renamed to/replaced by 'stdenv.hostPlatform.system'
derivation evaluated to /nix/store/njg17ry0gj8i0m87bl513aylw6i836pz-vm-test-run-vpsfree-dev-workspace-host-migration.drv
checking flake output 'checks'...
checking derivation checks.x86_64-linux.compatibility-package...
derivation evaluated to /nix/store/sb9n2v7rglnmz6sj78a3v134lzhslk1l-dev-workspace-0.2.0.drv
checking derivation checks.x86_64-linux.package...
derivation evaluated to /nix/store/cp0l81hwyvbccm51zz0hdwy4lnnmk0fh-dev-workspace-0.2.0.drv
checking derivation checks.x86_64-linux.package-metadata...
derivation evaluated to /nix/store/q4905bc8ksnypnmp4kv17wdngyj5r6y8-vpsfree-dev-workspace-package-metadata.drv
checking derivation checks.x86_64-linux.rejects-invalid-site-config...
derivation evaluated to /nix/store/fyf03spgrkpaqxkbhywdax1nd764az6q-vpsfree-dev-workspace-rejects-invalid-site-config.drv
checking derivation checks.x86_64-linux.tests...
derivation evaluated to /nix/store/7bpvrpypnqrbh37737myiykcxbkyr3v0-vpsfree-dev-workspace-tests.drv
checking derivation checks.x86_64-linux.organization-source...
derivation evaluated to /nix/store/ihbrq7h9f5p9mnmcrpmb7fmxcz0nvwcc-vpsfree-dev-workspace-source.drv
running 10 flake checks...
building '/nix/store/1k48v6987678r4ryw7gvn4wmv3agi3gr-dev-workspace-package.json.drv'...
building '/nix/store/jmh33vx2yfavwr2msa5k5s78qkghhir4-dev-workspace-package.json.drv'...
building '/nix/store/fyf03spgrkpaqxkbhywdax1nd764az6q-vpsfree-dev-workspace-rejects-invalid-site-config.drv'...
building '/nix/store/ihbrq7h9f5p9mnmcrpmb7fmxcz0nvwcc-vpsfree-dev-workspace-source.drv'...
building '/nix/store/7bpvrpypnqrbh37737myiykcxbkyr3v0-vpsfree-dev-workspace-tests.drv'...
building '/nix/store/yfwi1krx1xv5c64ghijvm8k52qip799w-vpsfree-dev-workspace-tools-0.1.0.drv'...
vpsfree-dev-workspace-tests> patching script interpreter paths in bin dev-clusters
vpsfree-dev-workspace-tests> bin/vpsfree-dev-workspace-migrate: interpreter directive changed from "#!/usr/bin/env ruby" to "/nix/store/5shv7ihqxa98r1psfz995q3j2cwk22sa-ruby-3.4.9/bin/ruby"
vpsfree-dev-workspace-tools> Running phase: unpackPhase
vpsfree-dev-workspace-tests> bin/kb-cleanup: interpreter directive changed from "#!/usr/bin/env ruby" to "/nix/store/5shv7ihqxa98r1psfz995q3j2cwk22sa-ruby-3.4.9/bin/ruby"
vpsfree-dev-workspace-tools> unpacking source archive /nix/store/2mpqa3bgrgkzcxnmqyxzsg7rh16jlcn2-source
vpsfree-dev-workspace-tests> bin/kb-stage: interpreter directive changed from "#!/usr/bin/env ruby" to "/nix/store/5shv7ihqxa98r1psfz995q3j2cwk22sa-ruby-3.4.9/bin/ruby"
vpsfree-dev-workspace-tools> source root is source
vpsfree-dev-workspace-tools> Running phase: patchPhase
vpsfree-dev-workspace-tests> bin/kb-contract-manifest: interpreter directive changed from "#!/usr/bin/env ruby" to "/nix/store/5shv7ihqxa98r1psfz995q3j2cwk22sa-ruby-3.4.9/bin/ruby"
vpsfree-dev-workspace-tools> Running phase: updateAutotoolsGnuConfigScriptsPhase
vpsfree-dev-workspace-tests> bin/kb-page: interpreter directive changed from "#!/usr/bin/env ruby" to "/nix/store/5shv7ihqxa98r1psfz995q3j2cwk22sa-ruby-3.4.9/bin/ruby"
vpsfree-dev-workspace-tools> Running phase: configurePhase
vpsfree-dev-workspace-tests> bin/kb-release: interpreter directive changed from "#!/usr/bin/env ruby" to "/nix/store/5shv7ihqxa98r1psfz995q3j2cwk22sa-ruby-3.4.9/bin/ruby"
vpsfree-dev-workspace-tools> no configure script, doing nothing
vpsfree-dev-workspace-tools> Running phase: buildPhase
vpsfree-dev-workspace-tools> no Makefile or custom buildPhase, doing nothing
vpsfree-dev-workspace-tests> bin/kb-contract-reconcile: interpreter directive changed from "#!/usr/bin/env ruby" to "/nix/store/5shv7ihqxa98r1psfz995q3j2cwk22sa-ruby-3.4.9/bin/ruby"
vpsfree-dev-workspace-tools> Running phase: installPhase
vpsfree-dev-workspace-tests> bin/kb-contract-build: interpreter directive changed from "#!/usr/bin/env ruby" to "/nix/store/5shv7ihqxa98r1psfz995q3j2cwk22sa-ruby-3.4.9/bin/ruby"
vpsfree-dev-workspace-tests> bin/kb-contract-fetch: interpreter directive changed from "#!/usr/bin/env ruby" to "/nix/store/5shv7ihqxa98r1psfz995q3j2cwk22sa-ruby-3.4.9/bin/ruby"
vpsfree-dev-workspace-tests> dev-clusters/vpsadminos/lib/devcluster-runner.rb: interpreter directive changed from "#!/usr/bin/env ruby" to "/nix/store/5shv7ihqxa98r1psfz995q3j2cwk22sa-ruby-3.4.9/bin/ruby"
vpsfree-dev-workspace-tests> dev-clusters/vpsadminos/bin/devcluster: interpreter directive changed from "#!/usr/bin/env bash" to "/nix/store/yisa2lg79zcvgk4ck4yr6r0lz6j63hs3-bash-interactive-5.3p9/bin/bash"
vpsfree-dev-workspace-tests> dev-clusters/vpsadmin/lib/devcluster-runner.rb: interpreter directive changed from "#!/usr/bin/env ruby" to "/nix/store/5shv7ihqxa98r1psfz995q3j2cwk22sa-ruby-3.4.9/bin/ruby"
vpsfree-dev-workspace-tests> dev-clusters/vpsadmin/bin/devcluster: interpreter directive changed from "#!/usr/bin/env bash" to "/nix/store/yisa2lg79zcvgk4ck4yr6r0lz6j63hs3-bash-interactive-5.3p9/bin/bash"
vpsfree-dev-workspace-tools> Running phase: fixupPhase
vpsfree-dev-workspace-tests> Run options: --seed 28056
vpsfree-dev-workspace-tools> shrinking RPATHs of ELF executables and libraries in /nix/store/b0vl061cd5vn1j6y30kwif6g8im4p6nw-vpsfree-dev-workspace-tools-0.1.0
vpsfree-dev-workspace-tests> 
vpsfree-dev-workspace-tests> # Running:
vpsfree-dev-workspace-tests> 
vpsfree-dev-workspace-tools> checking for references to /build/ in /nix/store/b0vl061cd5vn1j6y30kwif6g8im4p6nw-vpsfree-dev-workspace-tools-0.1.0...
vpsfree-dev-workspace-tools> patching script interpreter paths in /nix/store/b0vl061cd5vn1j6y30kwif6g8im4p6nw-vpsfree-dev-workspace-tools-0.1.0
vpsfree-dev-workspace-tools> Running phase: installCheckPhase
building '/nix/store/nnpr38nhzvfzrcws7cbaj4zwwpd7zk46-dev-workspace-extensions.json.drv'...
building '/nix/store/cp0l81hwyvbccm51zz0hdwy4lnnmk0fh-dev-workspace-0.2.0.drv'...
building '/nix/store/sb9n2v7rglnmz6sj78a3v134lzhslk1l-dev-workspace-0.2.0.drv'...
dev-workspace> Running phase: unpackPhase
dev-workspace> unpacking source archive /nix/store/srp9w5h0wfb34cc390khnb9i8l5mjj0f-source
dev-workspace> source root is source
dev-workspace> Running phase: unpackPhase
dev-workspace> Running phase: patchPhase
dev-workspace> unpacking source archive /nix/store/srp9w5h0wfb34cc390khnb9i8l5mjj0f-source
dev-workspace> Running phase: updateAutotoolsGnuConfigScriptsPhase
dev-workspace> source root is source
dev-workspace> Running phase: configurePhase
dev-workspace> Running phase: patchPhase
dev-workspace> Running phase: updateAutotoolsGnuConfigScriptsPhase
dev-workspace> Running phase: configurePhase
dev-workspace> Running phase: buildPhase
dev-workspace> Building subPackage ./cmd/workspace-portal
dev-workspace> Running phase: buildPhase
dev-workspace> Building subPackage ./cmd/workspace-portal
dev-workspace> Running phase: checkPhase
dev-workspace> Running phase: checkPhase
dev-workspace> ok       github.com/aither64/dev-workspace/portal/cmd/workspace-portal   0.188s
dev-workspace> ok       github.com/aither64/dev-workspace/portal/internal/agentteams    0.107s
dev-workspace> ok       github.com/aither64/dev-workspace/portal/internal/cluster       0.221s
dev-workspace> ok       github.com/aither64/dev-workspace/portal/cmd/workspace-portal   0.198s
dev-workspace> ok       github.com/aither64/dev-workspace/portal/internal/agentteams    0.095s
dev-workspace> ok       github.com/aither64/dev-workspace/portal/internal/cluster       0.227s
dev-workspace> ok       github.com/aither64/dev-workspace/portal/internal/processgroup  1.091s
dev-workspace> ok       github.com/aither64/dev-workspace/portal/internal/processgroup  1.092s
vpsfree-dev-workspace-tests> ...............................................
vpsfree-dev-workspace-tests> 
vpsfree-dev-workspace-tests> Finished in 46.330980s, 1.0144 runs/s, 11.3531 assertions/s.
vpsfree-dev-workspace-tests> 
vpsfree-dev-workspace-tests> 47 runs, 526 assertions, 0 failures, 0 errors, 0 skips
vpsfree-dev-workspace-tests> Run options: --seed 61890
vpsfree-dev-workspace-tests> 
vpsfree-dev-workspace-tests> # Running:
vpsfree-dev-workspace-tests> 
dev-workspace> ok       github.com/aither64/dev-workspace/portal/internal/repository    15.741s
dev-workspace> ok       github.com/aither64/dev-workspace/portal/internal/session       1.501s
dev-workspace> ok       github.com/aither64/dev-workspace/portal/internal/teamruntime   3.018s
dev-workspace> ok       github.com/aither64/dev-workspace/portal/internal/uploads       2.714s
dev-workspace> ?        github.com/aither64/dev-workspace/portal/internal/userstate     [no test files]
dev-workspace> ok       github.com/aither64/dev-workspace/portal/internal/repository    15.847s
dev-workspace> ok       github.com/aither64/dev-workspace/portal/internal/session       1.486s
dev-workspace> ok       github.com/aither64/dev-workspace/portal/internal/teamruntime   3.006s
dev-workspace> ok       github.com/aither64/dev-workspace/portal/internal/uploads       2.707s
dev-workspace> ?        github.com/aither64/dev-workspace/portal/internal/userstate     [no test files]
dev-workspace> ok       github.com/aither64/dev-workspace/portal/internal/web   40.423s
dev-workspace> ok       github.com/aither64/dev-workspace/portal/internal/workspacecodex        5.154s
dev-workspace> ok       github.com/aither64/dev-workspace/portal/internal/web   40.442s
dev-workspace> ok       github.com/aither64/dev-workspace/portal/internal/workspacecodex        5.141s
dev-workspace> Run options: --seed 26596
dev-workspace> 
dev-workspace> # Running:
dev-workspace> 
dev-workspace> Run options: --seed 41982
dev-workspace> 
dev-workspace> # Running:
dev-workspace> 
vpsfree-dev-workspace-tests> ...........
vpsfree-dev-workspace-tests> 
vpsfree-dev-workspace-tests> Finished in 90.473675s, 0.1216 runs/s, 1.5253 assertions/s.
vpsfree-dev-workspace-tests> 
vpsfree-dev-workspace-tests> 11 runs, 138 assertions, 0 failures, 0 errors, 0 skips
vpsfree-dev-workspace-tests> Run options: --seed 24214
vpsfree-dev-workspace-tests> 
vpsfree-dev-workspace-tests> # Running:
vpsfree-dev-workspace-tests> 
vpsfree-dev-workspace-tests> ...Stopping 0
vpsfree-dev-workspace-tests> Stopping 1
vpsfree-dev-workspace-tests> Stopping 2
vpsfree-dev-workspace-tests> .Stopping stuck
vpsfree-dev-workspace-tests> Graceful stop failed for stuck: Timeout::Error: execution expired
vpsfree-dev-workspace-tests> ..
vpsfree-dev-workspace-tests> 
vpsfree-dev-workspace-tests> Finished in 0.064680s, 92.7639 runs/s, 185.5278 assertions/s.
vpsfree-dev-workspace-tests> 
vpsfree-dev-workspace-tests> 6 runs, 12 assertions, 0 failures, 0 errors, 0 skips
vpsfree-dev-workspace-tests> Run options: --seed 47909
vpsfree-dev-workspace-tests> 
vpsfree-dev-workspace-tests> # Running:
vpsfree-dev-workspace-tests> 
vpsfree-dev-workspace-tests> ..........
vpsfree-dev-workspace-tests> 
vpsfree-dev-workspace-tests> Finished in 0.049542s, 201.8491 runs/s, 666.1022 assertions/s.
vpsfree-dev-workspace-tests> 
vpsfree-dev-workspace-tests> 10 runs, 33 assertions, 0 failures, 0 errors, 0 skips
vpsfree-dev-workspace-tests> Run options: --seed 14655
vpsfree-dev-workspace-tests> 
vpsfree-dev-workspace-tests> # Running:
vpsfree-dev-workspace-tests> 
dev-workspace> .....................................................S...........S.............S..S..........................S..S.......................................................S..S..........Enumerating objects: 4, done.
dev-workspace> Counting objects: 100% (4/4), done.
dev-workspace> Delta compression using up to 64 threads
dev-workspace> Compressing objects: 100% (2/2), done.
dev-workspace> Writing objects: 100% (3/3), 286 bytes | 286.00 KiB/s, done.
dev-workspace> Total 3 (delta 0), reused 0 (delta 0), pack-reused 0 (from 0)
dev-workspace> To /build/dev-session-test20260923-15422-qcd2wy/.git/test-origin.git
dev-workspace>    067c675..71b10fb  master -> master
dev-workspace> ...S.........................S.........S.................S............................S...........................................................S.........S........[2026-06-06-worktree-removal-race 3253b18] raced change
dev-workspace>  1 file changed, 1 insertion(+)
dev-workspace>  create mode 100644 raced
vpsfree-dev-workspace-tests> ......................................
vpsfree-dev-workspace-tests> 
vpsfree-dev-workspace-tests> Finished in 15.058787s, 2.5234 runs/s, 12.6836 assertions/s.
vpsfree-dev-workspace-tests> 
vpsfree-dev-workspace-tests> 38 runs, 191 assertions, 0 failures, 0 errors, 0 skips
vpsfree-dev-workspace-tests> Run options: --seed 4304
vpsfree-dev-workspace-tests> 
vpsfree-dev-workspace-tests> # Running:
vpsfree-dev-workspace-tests> 
vpsfree-dev-workspace-tests> ...............................
vpsfree-dev-workspace-tests> 
vpsfree-dev-workspace-tests> Finished in 0.052161s, 594.3135 runs/s, 2396.4253 assertions/s.
vpsfree-dev-workspace-tests> 
vpsfree-dev-workspace-tests> 31 runs, 125 assertions, 0 failures, 0 errors, 0 skips
vpsfree-dev-workspace-tests> Run options: --seed 4322
vpsfree-dev-workspace-tests> 
vpsfree-dev-workspace-tests> # Running:
vpsfree-dev-workspace-tests> 
vpsfree-dev-workspace-tests> ..........................................
vpsfree-dev-workspace-tests> 
vpsfree-dev-workspace-tests> Finished in 0.453308s, 92.6522 runs/s, 427.9651 assertions/s.
vpsfree-dev-workspace-tests> 
vpsfree-dev-workspace-tests> 42 runs, 194 assertions, 0 failures, 0 errors, 0 skips
vpsfree-dev-workspace-tests> Run options: --seed 22853
vpsfree-dev-workspace-tests> 
vpsfree-dev-workspace-tests> # Running:
vpsfree-dev-workspace-tests> 
dev-workspace> ...........................................[2026-06-06-worktree-removal-race 7da4ef7] raced change
dev-workspace>  1 file changed, 1 insertion(+)
dev-workspace>  create mode 100644 raced
dev-workspace> ...................................S....................Enumerating objects: 4, done.
dev-workspace> Counting objects: 100% (4/4), done.
dev-workspace> Delta compression using up to 64 threads
dev-workspace> Compressing objects: 100% (2/2), done.
dev-workspace> Writing objects: 100% (3/3), 286 bytes | 286.00 KiB/s, done.
dev-workspace> Total 3 (delta 0), reused 0 (delta 0), pack-reused 0 (from 0)
dev-workspace> To /build/dev-session-test20260923-15588-thdysg/.git/test-origin.git
dev-workspace>    7a82ef1..40ced20  master -> master
dev-workspace> ....S........S....S....................................................................................S.....
dev-workspace> 
dev-workspace> Finished in 140.604454s, 2.3470 runs/s, 24.5938 assertions/s.
dev-workspace> 
dev-workspace> 330 runs, 3458 assertions, 0 failures, 0 errors, 12 skips
dev-workspace> 
dev-workspace> You have skipped tests. Run with --verbose for details.
dev-workspace> Run options: --seed 35811
dev-workspace> 
dev-workspace> # Running:
dev-workspace> 
dev-workspace> ........
dev-workspace> 
dev-workspace> Finished in 0.054785s, 146.0242 runs/s, 602.3498 assertions/s.
dev-workspace> 
dev-workspace> 8 runs, 33 assertions, 0 failures, 0 errors, 0 skips
dev-workspace> .........................................S.............................S...........S............S........
dev-workspace> 
dev-workspace> Finished in 140.561450s, 2.3477 runs/s, 24.6013 assertions/s.
dev-workspace> 
dev-workspace> 330 runs, 3458 assertions, 0 failures, 0 errors, 12 skips
dev-workspace> 
dev-workspace> You have skipped tests. Run with --verbose for details.
dev-workspace> Run options: --seed 38426
dev-workspace> 
dev-workspace> # Running:
dev-workspace> 
dev-workspace> ........
dev-workspace> 
dev-workspace> Finished in 0.052121s, 153.4902 runs/s, 633.1471 assertions/s.
dev-workspace> 
dev-workspace> 8 runs, 33 assertions, 0 failures, 0 errors, 0 skips
dev-workspace> Run options: --seed 37375
dev-workspace> 
dev-workspace> # Running:
dev-workspace> 
dev-workspace> Run options: --seed 41736
dev-workspace> 
dev-workspace> # Running:
dev-workspace> 
dev-workspace> .....................................S.................................S.................S...
dev-workspace> 
dev-workspace> Finished in 2.672398s, 34.8002 runs/s, 192.3366 assertions/s.
dev-workspace> 
dev-workspace> 93 runs, 514 assertions, 0 failures, 0 errors, 3 skips
dev-workspace> 
dev-workspace> You have skipped tests. Run with --verbose for details.
dev-workspace> checkPhase completed in 3 minutes 13 seconds
dev-workspace> Running phase: installPhase
dev-workspace> ...........................S........S............................................S...........
dev-workspace> 
dev-workspace> Finished in 2.693150s, 34.5321 runs/s, 190.8546 assertions/s.
dev-workspace> 
dev-workspace> 93 runs, 514 assertions, 0 failures, 0 errors, 3 skips
dev-workspace> 
dev-workspace> You have skipped tests. Run with --verbose for details.
dev-workspace> checkPhase completed in 3 minutes 13 seconds
dev-workspace> Running phase: installPhase
dev-workspace> Running phase: fixupPhase
dev-workspace> shrinking RPATHs of ELF executables and libraries in /nix/store/hlsynpjylzyzsydw6bv3sh1948jlsqd9-dev-workspace-0.2.0
dev-workspace> shrinking /nix/store/hlsynpjylzyzsydw6bv3sh1948jlsqd9-dev-workspace-0.2.0/bin/workspace-portal
dev-workspace> checking for references to /build/ in /nix/store/hlsynpjylzyzsydw6bv3sh1948jlsqd9-dev-workspace-0.2.0...
dev-workspace> patching script interpreter paths in /nix/store/hlsynpjylzyzsydw6bv3sh1948jlsqd9-dev-workspace-0.2.0
dev-workspace> Running phase: fixupPhase
dev-workspace> shrinking RPATHs of ELF executables and libraries in /nix/store/2bqj7b43b8320ycmzwykmkkdprdgzhyp-dev-workspace-0.2.0
dev-workspace> shrinking /nix/store/2bqj7b43b8320ycmzwykmkkdprdgzhyp-dev-workspace-0.2.0/bin/workspace-portal
dev-workspace> stripping (with command strip and flags -S -p) in  /nix/store/hlsynpjylzyzsydw6bv3sh1948jlsqd9-dev-workspace-0.2.0/libexec /nix/store/hlsynpjylzyzsydw6bv3sh1948jlsqd9-dev-workspace-0.2.0/bin
dev-workspace> checking for references to /build/ in /nix/store/2bqj7b43b8320ycmzwykmkkdprdgzhyp-dev-workspace-0.2.0...
dev-workspace> patching script interpreter paths in /nix/store/2bqj7b43b8320ycmzwykmkkdprdgzhyp-dev-workspace-0.2.0
dev-workspace> stripping (with command strip and flags -S -p) in  /nix/store/2bqj7b43b8320ycmzwykmkkdprdgzhyp-dev-workspace-0.2.0/libexec /nix/store/2bqj7b43b8320ycmzwykmkkdprdgzhyp-dev-workspace-0.2.0/bin
building '/nix/store/q4905bc8ksnypnmp4kv17wdngyj5r6y8-vpsfree-dev-workspace-package-metadata.drv'...
vpsfree-dev-workspace-tests> ...S.......................................
vpsfree-dev-workspace-tests> 
vpsfree-dev-workspace-tests> Finished in 93.791376s, 0.4585 runs/s, 8.7961 assertions/s.
vpsfree-dev-workspace-tests> 
vpsfree-dev-workspace-tests> 43 runs, 825 assertions, 0 failures, 0 errors, 1 skips
vpsfree-dev-workspace-tests> 
vpsfree-dev-workspace-tests> You have skipped tests. Run with --verbose for details.
vpsfree-dev-workspace-tests> Run options: --seed 25558
vpsfree-dev-workspace-tests> 
vpsfree-dev-workspace-tests> # Running:
vpsfree-dev-workspace-tests> 
vpsfree-dev-workspace-tests> ..
vpsfree-dev-workspace-tests> 
vpsfree-dev-workspace-tests> Finished in 0.025813s, 77.4799 runs/s, 619.8389 assertions/s.
vpsfree-dev-workspace-tests> 
vpsfree-dev-workspace-tests> 2 runs, 16 assertions, 0 failures, 0 errors, 0 skips
all checks passed!
