evaluating flake...
checking flake output 'packages'...
checking derivation packages.x86_64-linux.vpsfree-dev-workspace...
evaluation warning: 'system' has been renamed to/replaced by 'stdenv.hostPlatform.system'
derivation evaluated to /nix/store/vsakyfjjghwyf8fxnzh6zdg77fsaq7hi-dev-workspace-0.2.0.drv
checking derivation packages.x86_64-linux.default...
derivation evaluated to /nix/store/vsakyfjjghwyf8fxnzh6zdg77fsaq7hi-dev-workspace-0.2.0.drv
checking flake output 'apps'...
checking app 'apps.x86_64-linux.workspace-host'...
warning: app 'apps.x86_64-linux.workspace-host' lacks attribute 'meta'
checking flake output 'checks'...
checking derivation checks.x86_64-linux.deployment-contract...
derivation evaluated to /nix/store/wpkkcyi65rd84hqb78723im56pd25y41-dev-workspace-deployment-contract-tests.drv
checking derivation checks.x86_64-linux.agent-instructions...
derivation evaluated to /nix/store/9zay16ij4nibfkn33sq53vx58d374mvm-workspace-agent-instructions-tests.drv
checking derivation checks.x86_64-linux.agent-team-policy...
derivation evaluated to /nix/store/ksgsgjig62d2jz7ppxz0w3bp73d2nlim-workspace-agent-team-policy-tests.drv
checking derivation checks.x86_64-linux.cluster-provider-composition...
derivation evaluated to /nix/store/2hwhcrbv2h46v5y0fg216bd8d2d54fna-workspace-cluster-provider-composition-tests.drv
running 3 flake checks...
building '/nix/store/wpkkcyi65rd84hqb78723im56pd25y41-dev-workspace-deployment-contract-tests.drv'...
building '/nix/store/9zay16ij4nibfkn33sq53vx58d374mvm-workspace-agent-instructions-tests.drv'...
building '/nix/store/2hwhcrbv2h46v5y0fg216bd8d2d54fna-workspace-cluster-provider-composition-tests.drv'...
workspace-agent-instructions-tests> Run options: --seed 52183
workspace-agent-instructions-tests> 
workspace-agent-instructions-tests> # Running:
workspace-agent-instructions-tests> 
workspace-agent-instructions-tests> ....
workspace-agent-instructions-tests> 
workspace-agent-instructions-tests> Finished in 0.021493s, 186.1071 runs/s, 2186.7584 assertions/s.
workspace-agent-instructions-tests> 
workspace-agent-instructions-tests> 4 runs, 47 assertions, 0 failures, 0 errors, 0 skips
dev-workspace-deployment-contract-tests> patching script interpreter paths in source/bin
dev-workspace-deployment-contract-tests> source/bin/check-dev-workspace-deployment: interpreter directive changed from "#!/usr/bin/env ruby" to "/nix/store/5shv7ihqxa98r1psfz995q3j2cwk22sa-ruby-3.4.9/bin/ruby"
dev-workspace-deployment-contract-tests> Run options: --seed 9086
dev-workspace-deployment-contract-tests> 
dev-workspace-deployment-contract-tests> # Running:
dev-workspace-deployment-contract-tests> 
dev-workspace-deployment-contract-tests> ...
dev-workspace-deployment-contract-tests> 
dev-workspace-deployment-contract-tests> Finished in 1.241204s, 2.4170 runs/s, 11.2794 assertions/s.
dev-workspace-deployment-contract-tests> 
dev-workspace-deployment-contract-tests> 3 runs, 14 assertions, 0 failures, 0 errors, 0 skips
all checks passed!
