The following test scripts will be run:
  osctl/forced-stop-legacy@v1
  osctl/forced-stop-legacy@v2

[2026-09-12 15:57:40 +0200] Running 2 scripts of 2 tests, at most 2 tests at a time
[2026-09-12 15:57:40 +0200] Resource detection: memory assigned=94.3 GiB, available-at-start=74.3 GiB, reserve=8.0 GiB, limit=66.3 GiB; shm assigned=47.1 GiB, available-at-start=47.1 GiB, reserve=8.0 GiB, limit=39.1 GiB
[2026-09-12 15:57:40 +0200] Resource limits: memory=0 MiB/66.3 GiB, shm=0 MiB/39.1 GiB, cpus=0/96, running=0
[2026-09-12 15:57:40 +0200] State directory is /tmp/nfs-cancel-legacy-v4.UADM6N
[2026-09-12 15:57:40 +0200] Reserved resources for 'osctl/forced-stop-legacy@v1': machines=1, memory=8.0 GiB, shm=8.0 GiB, cpus=4; pool: memory=8.0 GiB/66.3 GiB, shm=8.0 GiB/39.1 GiB, cpus=4/96, running=1
[2026-09-12 15:57:40 +0200] [1/2] Running test 'osctl/forced-stop-legacy@v1' (#default)
[2026-09-12 15:57:40 +0200] Reserved resources for 'osctl/forced-stop-legacy@v2': machines=1, memory=8.0 GiB, shm=8.0 GiB, cpus=4; pool: memory=16.0 GiB/66.3 GiB, shm=16.0 GiB/39.1 GiB, cpus=8/96, running=2
[2026-09-12 15:57:40 +0200] [2/2] Running test 'osctl/forced-stop-legacy@v2' (#default)
[2026-09-12 16:02:40 +0200] Status: passing; 0 succeeded as expected, 0 failed as expected, 0 unexpectedly failed, 0 unexpectedly succeeded; 2 running, 0 remaining
[2026-09-12 16:07:39 +0200] [1/2] Example [1/2] 'forced stopping on an older kernel kills a container without NFS (frozen: false)' succeeded in 37.2 seconds
[2026-09-12 16:07:40 +0200] Status: passing; 0 succeeded as expected, 0 failed as expected, 0 unexpectedly failed, 0 unexpectedly succeeded; 2 running, 0 remaining
[2026-09-12 16:07:52 +0200] [2/2] Example [1/2] 'forced stopping on an older kernel kills a container without NFS (frozen: false)' succeeded in 37.18 seconds
[2026-09-12 16:08:22 +0200] [1/2] Example [2/2] 'forced stopping on an older kernel kills a container without NFS (frozen: true)' succeeded in 42.94 seconds
[2026-09-12 16:08:34 +0200] [1/2] Test 'osctl/forced-stop-legacy@v1' successful in 654.42 seconds
[2026-09-12 16:08:36 +0200] [2/2] Example [2/2] 'forced stopping on an older kernel kills a container without NFS (frozen: true)' succeeded in 44.31 seconds
[2026-09-12 16:08:48 +0200] [2/2] Test 'osctl/forced-stop-legacy@v2' successful in 668.14 seconds
[2026-09-12 16:08:48 +0200] Run 2 test scripts of 2 tests in 668.17 seconds
[2026-09-12 16:08:48 +0200] 2 tests successful
