Build started at 2026-10-03T19:15:06Z

confctl config dev shell ready (tools)
Skipping swpins auto updates for flake config
Skipping swpins checks for flake config
Evaluating inputs for 2 machines...

Machines will be built in 1 groups

Build log: /home/aither/workspace/ai/vpsfree.cz/worktrees/2026-10-03-newadmin-exception/vpsfree-cz-configuration/.confctl/logs/2026-10-03--21-15-19-confctl-build.log

Building machines
  cz.vpsfree/vpsadmin/int.api1
  cz.vpsfree/vpsadmin/int.api2
with inputs
Command: confctl build --yes cz.vpsfree/vpsadmin/int.api[12]
Build group: 1/1 (2 machines)
Full log:    .confctl/logs/2026-10-03--21-15-19-confctl-build.log

[build] 1/101 /nix/store/s0znb49q34byh2lmp0nkvgligrjfl07j-dry-activate.drv
[build] 2/101 /nix/store/lgwppvf84fax1c5kkjz3ifc133rm59g6-etc-bashrc.drv
[build] 3/101 /nix/store/a5nbqfa188g1w1xzzy16ycm42hih9s0c-etc-confctl-configuration-info.json.drv
[build] 4/101 /nix/store/88c0nz7pgama5mkwrivzpc46n7s6s37g-etc-confctl-inputs-info.json.drv
[build] 5/101 /nix/store/g0rg8jxzf38c6ih6bmypw3igiwsinxh7-etc-confctl-inputs-info.json.drv
[build] 6/101 /nix/store/5z7fnxifdkilpl39mcl08bas8xk9y65s-etc-hostname.drv
[build] 7/101 /nix/store/01ciw54dzcz5pklr39v9w2bmz70mxckz-etc-vpsadmin-build-info.json.drv
[build] 8/101 /nix/store/dlnrk8asqxh4gmn338ra6ckwcvddncms-string-hosts.drv
[build] 9/101 /nix/store/4n650ya7xcx5g0126a6pyfjymdxnzims-syslog.conf.drv
[build] 10/101 /nix/store/3gfcfpyahh8ldv3fv3q2q97y1n9aa7ml-vpsadmin-api-env-af8a97670293f4aa9a57e3196ac263c9c9530644.drv
[build] 11/101 /nix/store/cpg8fs2mkn1708y41l6dw8q3vniqvcsm-vpsadmin-supervisor-env-af8a97670293f4aa9a57e3196ac263c9c9530644.drv
[build] 12/101 /nix/store/hxqsqn259xf1ckk4g6d97k7jql45np6y-vpsadmin-source-af8a97670293f4aa9a57e3196ac263c9c9530644.drv
[build] 13/101 /nix/store/n2hhrgqg8ghsn98nhhj1j1kmvirdgpbh-vpsadmin-console-router-env-af8a97670293f4aa9a57e3196ac263c9c9530644.drv
[build] 14/101 /nix/store/h2wgklflag08r9s75gx4pacpbfw2641r-vpsadmin-database-env-af8a97670293f4aa9a57e3196ac263c9c9530644.drv
[build] 15/101 /nix/store/rf086dfygml1hz11d4cbzda35nh6dds4-notification-template-check.drv
[build] 16/101 /nix/store/jg076mh1rdazq6rv3qyr7wivf9h31qh6-hosts.drv
[build] 17/101 /nix/store/1krgdkx5cjmhg0rv8jinjn4zbp489jic-unit-syslog.service.drv
[build] 18/101 /nix/store/0zlczlrpg7j1wh1k95mffma4fzwjgx2d-vpsfree-notification-templates-1.drv
[build] 19/101 /nix/store/qr7zwg46mr3c6m12ql2bpd4mhgrqk5qf-wrapped-ruby-vpsadmin-api-env-af8a97670293f4aa9a57e3196ac263c9c9530644.drv
[build] 20/101 /nix/store/cz53ipfv3h4wcv1zb1l1znak6kszcl94-wrapped-ruby-vpsadmin-supervisor-env-af8a97670293f4aa9a57e3196ac263c9c9530644.drv
[build] 21/101 /nix/store/q4hmh8l258iaqsrkgfwprxbrr3gzsk3l-wrapped-ruby-vpsadmin-console-router-env-af8a97670293f4aa9a57e3196ac263c9c9530644.drv
[build] 22/101 /nix/store/i4va4x29wdkqvh624lfnspw02cspl0bz-wrapped-ruby-vpsadmin-database-env-af8a97670293f4aa9a57e3196ac263c9c9530644.drv
[build] 23/101 /nix/store/hlnwfrxrhp3vnfiyxbxfl71cm2b2gx0v-vpsadmin-effective-notification-templates-1.drv
[build] 24/101 /nix/store/wprwrbnvvbrcarq8d06h1jdq64fy8yq0-vpsadmin-api-af8a97670293f4aa9a57e3196ac263c9c9530644.drv
[build] 25/101 /nix/store/kag3iyhk3sagvvh1wsxr5l7cjfqknl3y-vpsadmin-supervisor-af8a97670293f4aa9a57e3196ac263c9c9530644.drv
[build] 26/101 /nix/store/vhxnvnyxh72lsphvhk8rdzdijiisvw7a-vpsadmin-console-router-af8a97670293f4aa9a57e3196ac263c9c9530644.drv
[build] 27/101 /nix/store/z3913ywrdp1ia8rny0fqnwq6kxb2sa49-vpsadmin-database-af8a97670293f4aa9a57e3196ac263c9c9530644.drv
[build] 28/101 /nix/store/cigz2cdpik3aayh4q6s7bbw32xmjvsv4-puma.rb.drv
[build] 29/101 /nix/store/j85b6ym4yvlw1nh6yy2d1rvfkln22isn-puma.rb.drv
[build] 30/101 /nix/store/mh323h3l4yfa9wkvs76wamgf9gcdfp36-unit-vpsadmin-console-router.service.drv
[build] 31/101 /nix/store/xbr7lz2n8d303q7dsy3gwbsf7wrrg6jf-unit-vpsadmin-console-router.service.drv
[build] 32/101 /nix/store/a0nnnf2casqkxjm6qd6hmsk5zp2fikpp-puma.rb.drv
[build] 33/101 /nix/store/b3rskda4szkccbld3rpf7w9k2fmkhs5w-puma.rb.drv
[build] 34/101 /nix/store/hwm2l2s3z4h7nhznqrzl2sihhr77sl9i-unit-script-vpsadmin-api-pre-start.drv
[build] 35/101 /nix/store/a3mrmjvx4zgcacki5w9qdrghgjn3fb3v-unit-script-vpsadmin-notification-templates-start.drv
[build] 36/101 /nix/store/yaxxvfyv9y1ww1s2mgfkx9bcqkb9m8xw-unit-vpsadmin-api-auth-tokens.service.drv
[build] 37/101 /nix/store/zkcpmb5k7a3d28hs4r9il8rcvrs21q4m-unit-vpsadmin-api-daily-report.service.drv
[build] 38/101 /nix/store/g9fkx154wgyn393g9hmzfshghxpx8wxv-unit-vpsadmin-api-dataset-expansion-run.service.drv
[build] 39/101 /nix/store/4an8rzn317lnm8w0pjh7wjjqc1nidc8a-unit-vpsadmin-api-dataset-property-logs-prune.service.drv
[build] 40/101 /nix/store/hp0hnlaly3hl3kyb4ylvd5czlrp5p2ba-unit-vpsadmin-api-dns-transfer-logs-prune.service.drv
[build] 41/101 /nix/store/lw8jrx1z99qjrbsvj72zazd5w1pj9gz6-unit-vpsadmin-api-incident-reports.service.drv
[build] 42/101 /nix/store/3s9nwjn9n8kr1xsaj60y4wfj95qkq09m-unit-vpsadmin-api-mail-process.service.drv
[build] 43/101 /nix/store/rf45hsz5y7lf4bk386jnpa65af03a5dh-unit-vpsadmin-api-mail-user-expiration-forced.service.drv
[build] 44/101 /nix/store/hgsd410nkwzjcp5g8h2709b3nxkm1dhz-unit-vpsadmin-api-mail-user-expiration-regular.service.drv
[build] 45/101 /nix/store/nvmcpd8nxlv8mr7ckw8fas1gqg7ky1bm-unit-vpsadmin-api-mail-vps-expiration-forced.service.drv
[build] 46/101 /nix/store/8z9b9k28wi14asnpjqppqz639h08y3v1-unit-vpsadmin-api-mail-vps-expiration-regular.service.drv
[build] 47/101 /nix/store/l7fpcl8bnbhw61g2lp96qhszqm3hrmg2-unit-vpsadmin-api-migrate-db.service.drv
[build] 48/101 /nix/store/sjy2mqivlvvhlff4zxivxp7z2dcrf9n3-unit-vpsadmin-api-migrate-plugins.service.drv
[build] 49/101 /nix/store/zvs7ks5c9a6cgris5bphqx499bqy8src-unit-vpsadmin-api-migration-plans.service.drv
[build] 50/101 /nix/store/ql3qp64wrb1j82fr5fq0j153pwa6y43g-unit-vpsadmin-api-monitoring-check.service.drv
[build] 51/101 /nix/store/jrh0qvj2p0difb3dizh4kjb38vjnwa59-unit-vpsadmin-api-monitoring-close.service.drv
[build] 52/101 /nix/store/gc30q6v0jnaxyhl08i7f4kkdl1zqsb2l-unit-vpsadmin-api-monitoring-prune.service.drv
[build] 53/101 /nix/store/hdiaz79y3sahqrg54ib5nv4wps6r4ag7-unit-vpsadmin-api-oom-reports-prune.service.drv
[build] 54/101 /nix/store/adq9skw75qn0lfd2rj3j5skhxdr5qa4r-unit-vpsadmin-api-oom-reports-run.service.drv
[build] 55/101 /nix/store/1cig3bx44116qc4578r7m7gjgv3811pk-unit-vpsadmin-api-others-expire.service.drv
[build] 56/101 /nix/store/x1q6x0zkcpms6lsacl3rcc4as2wzsvwr-unit-vpsadmin-api-outage-reports-auto-resolve.service.drv
[build] 57/101 /nix/store/l9d0blzzbmgxjqrrl970fhk1bl3banpw-unit-vpsadmin-api-payments-process.service.drv
[build] 58/101 /nix/store/d2pjjmp94dcfxw51lfgbvx1rr76gliwg-unit-vpsadmin-api-payments-report.service.drv
[build] 59/101 /nix/store/bvqbx64zvyrn6a32j2gwrfkgn7h5dx3k-unit-vpsadmin-api-prometheus-export-base.service.drv
[build] 60/101 /nix/store/2gs9hsrqb7fz2dbck1j80970972pd401-unit-vpsadmin-api-prometheus-export-dns-records.service.drv
[build] 61/101 /nix/store/kvjyss7hqx2ky2zkjw7ywy8f18w74qld-unit-vpsadmin-api-purge-clones.service.drv
[build] 62/101 /nix/store/r8z27ariavxpaxp3ly42phl9va1vm9f9-unit-vpsadmin-api.service.drv
[build] 63/101 /nix/store/yb46828v8vd1w0fdr709vs3kg7d7kpy2-unit-vpsadmin-api.service.drv
[build] 64/101 /nix/store/fnk0mk21f6rf9kkjm1iy3r8sq4y082hb-unit-vpsadmin-notification-templates.service.drv
[build] 65/101 /nix/store/9b76hbb0871cppask6bgrffh7yw3jc2h-unit-script-vpsadmin-database-setup-start.drv
[build] 66/101 /nix/store/6032ykh529kyvzw0s1q87dp2im7jqb49-unit-script-vpsadmin-supervisor-pre-start.drv
[build] 67/101 /nix/store/ylm4q46yaws8apxw0x0imhz1amr20jh1-vpsadmin-supervisor-ruby-runner.drv
[build] 68/101 /nix/store/qfpdwi49phz8dwfpnwsg4b8gqm7k6qwv-vpsadmin-supervisor-shell.rc.drv
[build] 69/101 /nix/store/sz9a9i30b5mb6xr74xj4qs3qdsi1wvg9-unit-vpsadmin-database-setup.service.drv
[build] 70/101 /nix/store/asi4n9hwv1v9zilgywhnva97qbbs0pf1-unit-vpsadmin-supervisor.service.drv
[build] 71/101 /nix/store/g1vsfyr73hdw8mgw8l93rbxr2hhyaql5-unit-vpsadmin-supervisor.service.drv
[build] 72/101 /nix/store/s455v4l2766r6vc2kwrjyi3916zd4xmh-vpsadmin-supervisor-ruby.drv
[build] 73/101 /nix/store/ik3cspznmridh9zw39p0axl6ciq9lc4s-vpsadmin-supervisor-shell.drv
[build] 74/101 /nix/store/yks7fxr45js4aiwflyy86lpywkmdq3yb-unit-vpsadmin-api-report-failed-logins.service.drv
[build] 75/101 /nix/store/bnfsraq3m2vd42bg1nhb8zavifk9w3pk-unit-vpsadmin-api-requests-ipqs.service.drv
[build] 76/101 /nix/store/r30ivk7hi6dkkbkdcggwshn9gv1yhl7g-unit-vpsadmin-api-user-sessions.service.drv
[build] 77/101 /nix/store/bycdd0n79xypn9www2wsgg54mzisrdnd-unit-vpsadmin-api-users-hard-delete.service.drv
[build] 78/101 /nix/store/b5krkvjf12cpvghf0va2xvwd15qq3zza-unit-vpsadmin-api-users-soft-delete.service.drv
[build] 79/101 /nix/store/6vl1541qydn96wf3x7nm9m49fm3rr0g5-unit-vpsadmin-api-users-suspend.service.drv
[build] 80/101 /nix/store/3vpwnlr21qdlmwv0k3vgc9c7xd6p35z4-unit-vpsadmin-api-vps-status-logs-prune.service.drv
[build] 81/101 /nix/store/5g27805q4r96wamch05kjw1w0j0jalqn-unit-vpsadmin-api-vpses-expire.service.drv
[build] 82/101 /nix/store/zdrb6jj4rsxr1gvw51xm8c4qhxf8wwzy-unit-vpsadmin-password-recovery.service.drv
[build] 83/101 /nix/store/xzj64ma2g9qzzzk2x24g1qd0rq58s3f6-unit-vpsadmin-scheduler.service.drv
[build] 84/101 /nix/store/4svisbagijqad6858wv93hfwk58gwb6g-vpsadmin-api-ruby-runner.drv
[build] 85/101 /nix/store/kh4zs4rfrqkf07axsdq406sq4s3hywvn-vpsadmin-api-shell.rc.drv
[build] 86/101 /nix/store/lv2y49m1jv5n7mdjkh895mmg9jgpxzaw-vpsadmin-api-ruby.drv
[build] 87/101 /nix/store/hvs3bp4cb59gc823ivv78qn5msr41m4b-vpsadmin-api-shell.drv
[build] 88/101 /nix/store/fanz056jjmp4kj86xwanj31mqzxv0mhg-system-path.drv
[build] 89/101 /nix/store/grlgbhs0i48gm59whxmr9b0bzc80i22a-dbus-1.drv
[build] 90/101 /nix/store/n5a4yjlqg9hjqqcr17g53f9gdl43db6b-X-Restart-Triggers-dbus-broker.drv
[build] 91/101 /nix/store/q09m33h5mb3mwg103c58n0l6cq27yplc-unit-dbus-broker.service.drv
[build] 92/101 /nix/store/vfvpal9ws6raaix50h11mc85d5k2aj4y-unit-dbus-broker.service.drv
[build] 93/101 /nix/store/kv3yfk9gscxxrh1slp60zhbac5156lrc-user-units.drv
[build] 94/101 /nix/store/k12vf6049jn8izk5ys5vm0m0w6h31qrz-system-units.drv
[build] 95/101 /nix/store/lzx7rcqanivnfn0bxpg4pvjl3x0qbpwb-system-units.drv
[build] 96/101 /nix/store/mqxkchzbnjs2kf3iksbgprrvd1fjgyxz-etc.drv
[build] 97/101 /nix/store/j90g54vdax9k8g0xfggkg3kzr06g0fvb-etc.drv
[build] 98/101 /nix/store/0xks6wikfapfnln1vpa8yg5iqj01qhqg-activate.drv
[build] 99/101 /nix/store/734kjrfhgxbg8lhbs6z5mvapsq2zfgcc-nixos-system-api2-26.05.20261002.774debe.drv
[build] 100/101 /nix/store/kmxcg66ax2p9n90qb0zmw22h5bb6hwgy-activate.drv
[build] 101/101 /nix/store/kkl12741bg94jcpx2zqf7m5g1pwc2yaq-nixos-system-api1-26.05.20261002.774debe.drv

Built generations:
2026-10-03--21-15-32
  cz.vpsfree/vpsadmin/int.api1
  cz.vpsfree/vpsadmin/int.api2
