
confctl config dev shell ready (tools)
Skipping swpins auto updates for flake config
Skipping swpins checks for flake config
Evaluating inputs for 2 machines...

Machines will be built in 1 groups

Build log: /home/aither/workspace/ai/vpsfree.cz/worktrees/2026-10-03-newadmin-exception/vpsfree-cz-configuration/.confctl/logs/2026-10-03--22-45-49-confctl-build.log

Building machines
  cz.vpsfree/vpsadmin/int.api1
  cz.vpsfree/vpsadmin/int.api2
with inputs
Command: confctl build --yes cz.vpsfree/vpsadmin/int.api[12]
Build group: 1/1 (2 machines)
Full log:    .confctl/logs/2026-10-03--22-45-49-confctl-build.log

[build] 1/91 /nix/store/m12rx2jn1abpwh7ifmw9d866azgqg29z-etc-confctl-configuration-info.json.drv
[build] 2/91 /nix/store/95z2anhyj3vmdrswra0qid5bshqigffi-etc-confctl-inputs-info.json.drv
[build] 3/91 /nix/store/9i12hh8c7zpr9fv7npn0gx0kbvwv3dw7-etc-confctl-inputs-info.json.drv
[build] 4/91 /nix/store/2ph4n52dgg39nn851fqphz8s7cjg62hi-etc-vpsadmin-build-info.json.drv
[build] 5/91 /nix/store/fqh7rw1c4cywxz4ry0an6grpg56jgy9d-vpsadmin-api-env-f9beb46e5206864bca9d37672e1419cf03661467.drv
[build] 6/91 /nix/store/n49y3k0ci67q3hsw4fvcbkcj3jmbdddr-vpsadmin-supervisor-env-f9beb46e5206864bca9d37672e1419cf03661467.drv
[build] 7/91 /nix/store/kkdb3v2i4wlr9r4g02jlavc06vr2488r-vpsadmin-source-f9beb46e5206864bca9d37672e1419cf03661467.drv
[build] 8/91 /nix/store/nmaa82m68ccdyhl09rirncmim9p88xqf-vpsadmin-console-router-env-f9beb46e5206864bca9d37672e1419cf03661467.drv
[build] 9/91 /nix/store/p6g8sq0zwkzls2jnb2fqp51bp6r776zw-vpsadmin-database-env-f9beb46e5206864bca9d37672e1419cf03661467.drv
[build] 10/91 /nix/store/ggsdj4k6wbwb0gjh7592nbl5s63hlk4d-wrapped-ruby-vpsadmin-api-env-f9beb46e5206864bca9d37672e1419cf03661467.drv
[build] 11/91 /nix/store/84xrk3kg5rcc78c4h4xacszwkrfl87vg-wrapped-ruby-vpsadmin-supervisor-env-f9beb46e5206864bca9d37672e1419cf03661467.drv
[build] 12/91 /nix/store/drf0nnqhpa6pkrklhjqv82g889g50p57-wrapped-ruby-vpsadmin-console-router-env-f9beb46e5206864bca9d37672e1419cf03661467.drv
[build] 13/91 /nix/store/y89ls16ipzfzrnzbm2dzai8h716gp41y-wrapped-ruby-vpsadmin-database-env-f9beb46e5206864bca9d37672e1419cf03661467.drv
[build] 14/91 /nix/store/bfdhx9psl1n76a9ih66nb1yklmnyfnld-vpsadmin-supervisor-f9beb46e5206864bca9d37672e1419cf03661467.drv
[build] 15/91 /nix/store/i4fbklxlh2729y6wqncnf0yl7lmrxb5l-vpsadmin-api-f9beb46e5206864bca9d37672e1419cf03661467.drv
[build] 16/91 /nix/store/5hlas8lrgi169is3cdljvfimnxxqnr4n-vpsadmin-database-f9beb46e5206864bca9d37672e1419cf03661467.drv
[build] 17/91 /nix/store/1mcpbdvl2ka64z0zcs56yyzqczr4jy1j-vpsadmin-console-router-f9beb46e5206864bca9d37672e1419cf03661467.drv
[build] 18/91 /nix/store/dsgq72x04zsalan85x05xjy1f3na00h6-puma.rb.drv
[build] 19/91 /nix/store/ky2zka4qaa8ianmjysils5p1cgp61zfx-puma.rb.drv
[build] 20/91 /nix/store/bxkgg0andisp4gjrn1k7dx6akm25h5kb-unit-vpsadmin-console-router.service.drv
[build] 21/91 /nix/store/qc66vdnpsw84xv292yqx27f98z7gq3mf-unit-vpsadmin-console-router.service.drv
[build] 22/91 /nix/store/3y0pvqdnmw1sd5cbpqkmrd178nkfwpmv-unit-script-vpsadmin-supervisor-pre-start.drv
[build] 23/91 /nix/store/p2l3zzx9l2dgv9mvk2i0is3xl36kq5fi-vpsadmin-supervisor-ruby-runner.drv
[build] 24/91 /nix/store/s9dm7p7wrvjq8pwvfp9x9xfras593i7h-vpsadmin-supervisor-shell.rc.drv
[build] 25/91 /nix/store/lh0hswlixfy68spz18mdf0df63r7sbqq-puma.rb.drv
[build] 26/91 /nix/store/naiavp3cywp5jz6bsi36wv9529qd113r-puma.rb.drv
[build] 27/91 /nix/store/6ddn44k146fy0b7pjld072zgmibwnl1v-unit-script-vpsadmin-api-pre-start.drv
[build] 28/91 /nix/store/7vr79f3mf8b2wg4nkn5gkr135ya65irv-unit-script-vpsadmin-notification-templates-start.drv
[build] 29/91 /nix/store/171l5f18ssq8ak7v0s7bzxpnjvs6b4qb-unit-vpsadmin-api-auth-tokens.service.drv
[build] 30/91 /nix/store/83019ah5gkyw3s95glnfbq2qhiiprpd3-unit-vpsadmin-api-daily-report.service.drv
[build] 31/91 /nix/store/7l5acgxvsvqym3862rnpzcc6mqkz5z57-unit-vpsadmin-api-dataset-expansion-run.service.drv
[build] 32/91 /nix/store/k7y0ajkyb73rpmp4602zsr70p5750krh-unit-vpsadmin-api-dataset-property-logs-prune.service.drv
[build] 33/91 /nix/store/nlaq9bd4wjrxfakyzpchnrx0dl7rcyr6-unit-vpsadmin-api-dns-transfer-logs-prune.service.drv
[build] 34/91 /nix/store/fsmibzj4ahzz2l5kgb2ax0ars0lb7q0p-unit-vpsadmin-api-incident-reports.service.drv
[build] 35/91 /nix/store/8fsmn7n7ykv1zmyjw477h81l9gsfwg1n-unit-vpsadmin-api-mail-process.service.drv
[build] 36/91 /nix/store/003yyai8mdx96csl0i8jmjfyr3c0bjbi-unit-vpsadmin-api-mail-user-expiration-forced.service.drv
[build] 37/91 /nix/store/07yqwidvshsryzhyn0hqa7m7mavkabn2-unit-vpsadmin-api-mail-user-expiration-regular.service.drv
[build] 38/91 /nix/store/qabxccqpwlr9nmdrxdjh4qxjqp7gkgmv-unit-vpsadmin-api-mail-vps-expiration-forced.service.drv
[build] 39/91 /nix/store/q3nl6cbnwnn67gbyvx4w3xj76jahc4y9-unit-vpsadmin-api-mail-vps-expiration-regular.service.drv
[build] 40/91 /nix/store/vg8ygjckn0i01bkpf96mfavy9wcw4l39-unit-vpsadmin-api-migrate-db.service.drv
[build] 41/91 /nix/store/4hyypsyfbmjqwiwczqyn09sj8sphwkgi-unit-vpsadmin-api-migrate-plugins.service.drv
[build] 42/91 /nix/store/w55i873al987yzcfwbvw5g5j1inx8q7n-unit-vpsadmin-api-migration-plans.service.drv
[build] 43/91 /nix/store/w9vh9ynbz48jsxx9k2vl83j0ba3qd2na-unit-vpsadmin-api-monitoring-check.service.drv
[build] 44/91 /nix/store/w86n5f7pm535rywqb7wsfvr3rzx2y7qv-unit-vpsadmin-api-monitoring-close.service.drv
[build] 45/91 /nix/store/004j4sq4r1vv1l3klvl34wyrn8778nna-unit-vpsadmin-api-monitoring-prune.service.drv
[build] 46/91 /nix/store/89h85ryw407pvqh3841dsrv6kw50bbwq-unit-vpsadmin-api-oom-reports-prune.service.drv
[build] 47/91 /nix/store/xf9ynil1nclyrzmw14cg92nw9rs4y578-unit-vpsadmin-api-oom-reports-run.service.drv
[build] 48/91 /nix/store/rfs9k48v3v2r82g1ndrs43d5wb2bdqh5-unit-vpsadmin-api-others-expire.service.drv
[build] 49/91 /nix/store/1ykak1sq4vnnxddmrghpl2vs87nqxp0i-unit-vpsadmin-api-outage-reports-auto-resolve.service.drv
[build] 50/91 /nix/store/7blad1n7l1wx5qy9lssziq68yrhi20pm-unit-vpsadmin-api-payments-process.service.drv
[build] 51/91 /nix/store/6rn9c22dylnah2f6fjajp66145146w7p-unit-vpsadmin-api-payments-report.service.drv
[build] 52/91 /nix/store/alxmh3r3axnb099xjsiz8i1krd7h5dsa-unit-vpsadmin-api-prometheus-export-base.service.drv
[build] 53/91 /nix/store/k2b6ixbh1l49cba5fc92g2hqj5fmbpw6-unit-vpsadmin-api-prometheus-export-dns-records.service.drv
[build] 54/91 /nix/store/fp5pa7nv93ri2h20s7wxzcv395m4rd0d-unit-script-vpsadmin-database-setup-start.drv
[build] 55/91 /nix/store/3w6miy2zzf4am7ms1dxv5zsd9wwghlv6-unit-vpsadmin-api.service.drv
[build] 56/91 /nix/store/gwzycf2qmx454ppikcclrsypgc95v0ym-unit-vpsadmin-api.service.drv
[build] 57/91 /nix/store/9g8kkfqjgksrddaa5i1m6ghs1agfg71q-unit-vpsadmin-notification-templates.service.drv
[build] 58/91 /nix/store/fa822q35ly4icn9h6gkalg6n6imcbl9q-vpsadmin-supervisor-ruby.drv
[build] 59/91 /nix/store/9gnnlvzl77nnxprc9gigxds4gpcgp66v-vpsadmin-supervisor-shell.drv
[build] 60/91 /nix/store/6l966kqprjqb2lwh4cglcz60qnw77n6j-unit-vpsadmin-database-setup.service.drv
[build] 61/91 /nix/store/g45cnwzny1gp24x47ryvs3b01cdn52xw-unit-vpsadmin-api-purge-clones.service.drv
[build] 62/91 /nix/store/f6xckfxxwjg8kw8la91lvf74hj0j4r59-unit-vpsadmin-api-report-failed-logins.service.drv
[build] 63/91 /nix/store/j4mlzbqckri6ipwng2l41n5a2p846aw1-unit-vpsadmin-api-requests-ipqs.service.drv
[build] 64/91 /nix/store/fdzzp8hrhb4if5j921k3s9c1ln32wndb-unit-vpsadmin-api-user-sessions.service.drv
[build] 65/91 /nix/store/f81pip34gkmwgi20q0i6jnjshysxfygs-unit-vpsadmin-api-users-hard-delete.service.drv
[build] 66/91 /nix/store/gvg1haj474r6qldard6z2lm0ipb4yyal-unit-vpsadmin-api-users-soft-delete.service.drv
[build] 67/91 /nix/store/cw9mhnpa7zf0q3acm3mixaz849rm34mf-unit-vpsadmin-api-users-suspend.service.drv
[build] 68/91 /nix/store/h5j5ari8jjvi1hzaapv7iq7wbf450w0g-unit-vpsadmin-api-vps-status-logs-prune.service.drv
[build] 69/91 /nix/store/hg7a5kzghh70v5madjl60rw3fzi220j2-unit-vpsadmin-api-vpses-expire.service.drv
[build] 70/91 /nix/store/pg553f6dyr4d2bcxylpwx3myaq8z28l2-unit-vpsadmin-password-recovery.service.drv
[build] 71/91 /nix/store/vzw36fd6z0pwdxjd85bmqj197xjh1crg-unit-vpsadmin-scheduler.service.drv
[build] 72/91 /nix/store/kylilyj4ja21sii2bp4q1wb9qg2rrhsr-unit-vpsadmin-supervisor.service.drv
[build] 73/91 /nix/store/w9shjd6a3n3a0s7isd888gnn583lh698-unit-vpsadmin-supervisor.service.drv
[build] 74/91 /nix/store/mkr53gwpwafqy2g5h7zd4sgv0s5129a8-vpsadmin-api-ruby-runner.drv
[build] 75/91 /nix/store/xpjfy4m1yj0v26g1w7vqchsyxi0bs049-vpsadmin-api-shell.rc.drv
[build] 76/91 /nix/store/38g04b8brxynshvkwg3cq1laa897sh0h-vpsadmin-api-ruby.drv
[build] 77/91 /nix/store/rqgcdym554l2m064c2l04zinss570n27-vpsadmin-api-shell.drv
[build] 78/91 /nix/store/4ndpaszgbl9dvwgfmp7jhbpf55b0snna-system-path.drv
[build] 79/91 /nix/store/xg3z14jj8mgkbx2ykh27h70lklkzi8s9-dbus-1.drv
[build] 80/91 /nix/store/hkpssxdc7gyni2xiy0d2afxv28d13s9p-X-Restart-Triggers-dbus-broker.drv
[build] 81/91 /nix/store/0l5wlsz4cdl5rbqg1g699b8bm2284fwj-unit-dbus-broker.service.drv
[build] 82/91 /nix/store/n2pcgca63f2rv9f1qpw5zb0vaclxlnlr-unit-dbus-broker.service.drv
[build] 83/91 /nix/store/82ciz7ws1x7gz22xl03nr4vwq1vzbk1w-user-units.drv
[build] 84/91 /nix/store/wplzhjk3n302j4ml00i2shqzr8jny7ma-system-units.drv
[build] 85/91 /nix/store/zvfb85yp7ihmayb28khimnd6fha6fjv4-system-units.drv
[build] 86/91 /nix/store/fbv21xfp8rrnm8dflh6jcd8plishnbvy-etc.drv
[build] 87/91 /nix/store/srcdgzlwr1k9i7hrl9v1pnwbq91jki1b-etc.drv
[build] 88/91 /nix/store/wcxrxkcdiy9dj382dkbqmzdgj580y1r7-activate.drv
[build] 89/91 /nix/store/jijcc4a9ak4mpacq1xkcspk19h22pdp7-nixos-system-api2-26.05.20261002.774debe.drv
[build] 90/91 /nix/store/4g5xz626cnd645hw5b2zcvffs0ap64ps-activate.drv
[build] 91/91 /nix/store/fjs52q8m82rci38ch12xpwrkmxq5pak2-nixos-system-api1-26.05.20261002.774debe.drv

Built generations:
2026-10-03--22-46-01
  cz.vpsfree/vpsadmin/int.api1
  cz.vpsfree/vpsadmin/int.api2
