confctl config dev shell ready (tools)
Skipping swpins auto updates for flake config
Skipping swpins checks for flake config
Evaluating inputs for 2 machines...

Machines will be built in 1 groups

Build log: /home/aither/workspace/ai/vpsfree.cz/worktrees/2026-10-03-newadmin-exception/vpsfree-cz-configuration/.confctl/logs/2026-10-03--21-29-47-confctl-build.log

Building machines
  cz.vpsfree/vpsadmin/int.api1
  cz.vpsfree/vpsadmin/int.api2
with inputs
Command: confctl build --yes cz.vpsfree/vpsadmin/int.api[12]
Build group: 1/1 (2 machines)
Full log:    .confctl/logs/2026-10-03--21-29-47-confctl-build.log
[build] 1/7 /nix/store/dr0alcn2dbd542mr58yqhb6bhfzhlsi3-etc-confctl-configuration-info.json.drv
[build] 2/7 /nix/store/bx0n4kg6bfks6ywz8jzs2w0xgchrcidx-etc.drv
[build] 3/7 /nix/store/p0zsv6rpcwqrrxx0yyss6zlq784dx5zy-etc.drv
[build] 4/7 /nix/store/73pwvsln21wqh8p17h18jnd14ybsck73-activate.drv
[build] 5/7 /nix/store/vkdi1gxcn8yq7g8k9ljsp73rv997949p-activate.drv
[build] 6/7 /nix/store/zz91cgp9fii503lxm5qql010sf64ml9v-nixos-system-api2-26.05.20261002.774debe.drv
[build] 7/7 /nix/store/91c30yajb789y9fjblwv8hdx502vs22p-nixos-system-api1-26.05.20261002.774debe.drv

Built generations:
2026-10-03--21-30-00
  cz.vpsfree/vpsadmin/int.api1
  cz.vpsfree/vpsadmin/int.api2
