warning: Git tree '/home/aither/workspace/ai/vpsfree.cz/worktrees/2026-10-03-newadmin-exception/vpsadmin' is dirty
Bundle complete! 30 Gemfile dependencies, 117 gems now installed.
Bundled gems are installed into `./.gems`
Started local MariaDB test database at mysql2://root:root@127.0.0.1:35467/vpsadmin_test?encoding=utf8mb3&collation=utf8mb3_unicode_ci
-- create_table("auth_tokens", {id: {type: :integer, unsigned: true}, charset: "utf8mb3", collation: "utf8mb3_czech_ci", force: :cascade})
   -> 0.0304s
-- create_table("branches", {id: {type: :integer, unsigned: true}, charset: "utf8mb3", collation: "utf8mb3_czech_ci", force: :cascade})
   -> 0.0170s
-- create_table("cluster_resource_package_items", {id: {type: :integer, unsigned: true}, charset: "utf8mb3", collation: "utf8mb3_czech_ci", force: :cascade})
   -> 0.0329s
-- create_table("cluster_resource_packages", {id: {type: :integer, unsigned: true}, charset: "utf8mb3", collation: "utf8mb3_czech_ci", force: :cascade})
   -> 0.0230s
-- create_table("cluster_resource_uses", {id: {type: :integer, unsigned: true}, charset: "utf8mb3", collation: "utf8mb3_czech_ci", force: :cascade})
   -> 0.0405s
-- create_table("cluster_resources", {id: {type: :integer, unsigned: true}, charset: "utf8mb3", collation: "utf8mb3_czech_ci", force: :cascade})
   -> 0.0342s
-- create_table("components", {charset: "utf8mb3", collation: "utf8mb3_czech_ci", force: :cascade})
   -> 0.0216s
-- create_table("dataset_actions", {id: {type: :integer, unsigned: true}, charset: "utf8mb3", collation: "utf8mb3_czech_ci", force: :cascade})
   -> 0.0152s
-- create_table("dataset_expansion_events", {charset: "utf8mb3", collation: "utf8mb3_czech_ci", force: :cascade})
   -> 0.0240s
-- create_table("dataset_expansion_histories", {charset: "utf8mb3", collation: "utf8mb3_czech_ci", force: :cascade})
   -> 0.0244s
-- create_table("dataset_expansions", {charset: "utf8mb3", collation: "utf8mb3_czech_ci", force: :cascade})
   -> 0.0255s
-- create_table("dataset_in_pool_plans", {id: {type: :integer, unsigned: true}, charset: "utf8mb3", collation: "utf8mb3_czech_ci", force: :cascade})
   -> 0.0211s
-- create_table("dataset_in_pools", {id: {type: :integer, unsigned: true}, charset: "utf8mb3", collation: "utf8mb3_czech_ci", force: :cascade})
   -> 0.0264s
-- create_table("dataset_plans", {id: {type: :integer, unsigned: true}, charset: "utf8mb3", collation: "utf8mb3_czech_ci", force: :cascade})
   -> 0.0177s
-- create_table("dataset_properties", {id: {type: :integer, unsigned: true}, charset: "utf8mb3", collation: "utf8mb3_czech_ci", force: :cascade})
   -> 0.0271s
-- create_table("dataset_property_histories", {id: {type: :integer, unsigned: true}, charset: "utf8mb3", collation: "utf8mb3_czech_ci", force: :cascade})
   -> 0.0201s
-- create_table("dataset_trees", {id: {type: :integer, unsigned: true}, charset: "utf8mb3", collation: "utf8mb3_czech_ci", force: :cascade})
   -> 0.0200s
-- create_table("datasets", {id: {type: :integer, unsigned: true}, charset: "utf8mb3", collation: "utf8mb3_czech_ci", force: :cascade})
   -> 0.0300s
-- create_table("default_lifetime_values", {id: {type: :integer, unsigned: true}, charset: "utf8mb3", collation: "utf8mb3_czech_ci", force: :cascade})
   -> 0.0153s
-- create_table("default_object_cluster_resources", {id: {type: :integer, unsigned: true}, charset: "utf8mb3", collation: "utf8mb3_czech_ci", force: :cascade})
   -> 0.0175s
-- create_table("default_user_cluster_resource_packages", {id: {type: :integer, unsigned: true}, charset: "utf8mb3", collation: "utf8mb3_czech_ci", force: :cascade})
   -> 0.0182s
-- create_table("dns_record_logs", {charset: "utf8mb3", collation: "utf8mb3_czech_ci", force: :cascade})
   -> 0.0227s
-- create_table("dns_records", {charset: "utf8mb3", collation: "utf8mb3_czech_ci", force: :cascade})
   -> 0.0323s
-- create_table("dns_resolvers", {id: {type: :integer, unsigned: true}, charset: "utf8mb3", collation: "utf8mb3_czech_ci", force: :cascade})
   -> 0.0182s
-- create_table("dns_server_zone_transfer_logs", {charset: "utf8mb3", collation: "utf8mb3_czech_ci", force: :cascade})
   -> 0.0246s
-- create_table("dns_server_zones", {charset: "utf8mb3", collation: "utf8mb3_czech_ci", force: :cascade})
   -> 0.0290s
-- create_table("dns_servers", {charset: "utf8mb3", collation: "utf8mb3_czech_ci", force: :cascade})
   -> 0.0391s
-- create_table("dns_tsig_keys", {charset: "utf8mb3", collation: "utf8mb3_czech_ci", force: :cascade})
   -> 0.0238s
-- create_table("dns_zone_transfers", {charset: "utf8mb3", collation: "utf8mb3_czech_ci", force: :cascade})
   -> 0.0279s
-- create_table("dns_zones", {charset: "utf8mb3", collation: "utf8mb3_czech_ci", force: :cascade})
   -> 0.0345s
-- create_table("dnssec_records", {charset: "utf8mb3", collation: "utf8mb3_czech_ci", force: :cascade})
   -> 0.0202s
-- create_table("environment_dataset_plans", {id: {type: :integer, unsigned: true}, charset: "utf8mb3", collation: "utf8mb3_czech_ci", force: :cascade})
   -> 0.0146s
-- create_table("environment_user_configs", {id: {type: :integer, unsigned: true}, charset: "utf8mb3", collation: "utf8mb3_czech_ci", force: :cascade})
   -> 0.0200s
-- create_table("environments", {id: {type: :integer, unsigned: true}, charset: "utf8mb3", collation: "utf8mb3_czech_ci", force: :cascade})
   -> 0.0162s
-- create_table("export_hosts", {id: {type: :integer, unsigned: true}, charset: "utf8mb3", collation: "utf8mb3_czech_ci", force: :cascade})
   -> 0.0260s
-- create_table("export_mounts", {charset: "utf8mb3", collation: "utf8mb3_czech_ci", force: :cascade})
   -> 0.0230s
-- create_table("exports", {id: {type: :integer, unsigned: true}, charset: "utf8mb3", collation: "utf8mb3_czech_ci", force: :cascade})
   -> 0.0295s
-- create_table("group_snapshots", {id: {type: :integer, unsigned: true}, charset: "utf8mb3", collation: "utf8mb3_czech_ci", force: :cascade})
   -> 0.0187s
-- create_table("host_ip_addresses", {id: {type: :integer, unsigned: true}, charset: "utf8mb3", collation: "utf8mb3_czech_ci", force: :cascade})
   -> 0.0296s
-- create_table("incident_reports", {charset: "utf8mb3", collation: "utf8mb3_czech_ci", force: :cascade})
   -> 0.0467s
-- create_table("ip_address_assignments", {charset: "utf8mb3", collation: "utf8mb3_czech_ci", force: :cascade})
   -> 0.0370s
-- create_table("ip_addresses", {id: {type: :integer, unsigned: true}, charset: "utf8mb3", collation: "utf8mb3_czech_ci", force: :cascade})
   -> 0.0400s
-- create_table("ip_release_attempt_addresses", {charset: "utf8mb3", collation: "utf8mb3_unicode_ci", force: :cascade})
   -> 0.0177s
-- create_table("ip_release_attempts", {charset: "utf8mb3", collation: "utf8mb3_unicode_ci", force: :cascade})
   -> 0.0278s
-- create_table("ip_release_campaigns", {charset: "utf8mb3", collation: "utf8mb3_unicode_ci", force: :cascade})
   -> 0.0182s
-- create_table("ip_release_request_addresses", {charset: "utf8mb3", collation: "utf8mb3_unicode_ci", force: :cascade})
   -> 0.0300s
-- create_table("ip_release_request_notices", {charset: "utf8mb3", collation: "utf8mb3_unicode_ci", force: :cascade})
   -> 0.0244s
-- create_table("ip_release_requests", {charset: "utf8mb3", collation: "utf8mb3_unicode_ci", force: :cascade})
   -> 0.0209s
-- create_table("ip_traffic_monthly_summaries", {id: {type: :integer, unsigned: true}, charset: "utf8mb3", collation: "utf8mb3_czech_ci", force: :cascade})
   -> 0.0385s
-- create_table("languages", {id: {type: :integer, unsigned: true}, charset: "utf8mb3", collation: "utf8mb3_czech_ci", force: :cascade})
   -> 0.0178s
-- create_table("location_networks", {id: {type: :integer, unsigned: true}, charset: "utf8mb3", collation: "utf8mb3_czech_ci", force: :cascade})
   -> 0.0247s
-- create_table("locations", {id: {type: :integer, unsigned: true}, charset: "utf8mb3", collation: "utf8mb3_czech_ci", force: :cascade})
   -> 0.0164s
-- create_table("mail_logs", {id: {type: :integer, unsigned: true}, charset: "utf8mb3", collation: "utf8mb3_czech_ci", force: :cascade})
   -> 0.0222s
-- create_table("mail_recipients", {id: {type: :integer, unsigned: true}, charset: "utf8mb3", collation: "utf8mb3_czech_ci", force: :cascade})
   -> 0.0258s
-- create_table("mail_template_recipients", {id: {type: :integer, unsigned: true}, charset: "utf8mb3", collation: "utf8mb3_czech_ci", force: :cascade})
   -> 0.0230s
-- create_table("mail_template_translations", {id: {type: :integer, unsigned: true}, charset: "utf8mb3", collation: "utf8mb3_czech_ci", force: :cascade})
   -> 0.0223s
-- create_table("mail_templates", {id: {type: :integer, unsigned: true}, charset: "utf8mb3", collation: "utf8mb3_czech_ci", force: :cascade})
   -> 0.0218s
-- create_table("mailbox_handlers", {charset: "utf8mb3", collation: "utf8mb3_czech_ci", force: :cascade})
   -> 0.0211s
-- create_table("mailboxes", {charset: "utf8mb3", collation: "utf8mb3_czech_ci", force: :cascade})
   -> 0.0188s
-- create_table("maintenance_locks", {id: {type: :integer, unsigned: true}, charset: "utf8mb3", collation: "utf8mb3_czech_ci", force: :cascade})
   -> 0.0229s
-- create_table("metrics_access_tokens", {charset: "utf8mb3", collation: "utf8mb3_czech_ci", force: :cascade})
   -> 0.0221s
-- create_table("migration_plans", {id: {type: :integer, unsigned: true}, charset: "utf8mb3", collation: "utf8mb3_czech_ci", force: :cascade})
   -> 0.0189s
-- create_table("mirrors", {id: {type: :integer, unsigned: true}, charset: "utf8mb3", collation: "utf8mb3_czech_ci", force: :cascade})
   -> 0.0163s
-- create_table("mounts", {id: {type: :integer, unsigned: true}, charset: "utf8mb3", collation: "utf8mb3_czech_ci", force: :cascade})
   -> 0.0298s
-- create_table("network_interface_daily_accountings", {primary_key: ["network_interface_id", "user_id", "year", "month", "day"], charset: "utf8mb3", collation: "utf8mb3_czech_ci", force: :cascade})
   -> 0.0389s
-- create_table("network_interface_monitors", {primary_key: "network_interface_id", id: :bigint, default: nil, charset: "utf8mb3", collation: "utf8mb3_czech_ci", force: :cascade})
   -> 0.0197s
-- create_table("network_interface_monthly_accountings", {primary_key: ["network_interface_id", "user_id", "year", "month"], charset: "utf8mb3", collation: "utf8mb3_czech_ci", force: :cascade})
   -> 0.0309s
-- create_table("network_interface_yearly_accountings", {primary_key: ["network_interface_id", "user_id", "year"], charset: "utf8mb3", collation: "utf8mb3_czech_ci", force: :cascade})
   -> 0.0353s
-- create_table("network_interfaces", {id: {type: :integer, unsigned: true}, charset: "utf8mb3", collation: "utf8mb3_czech_ci", force: :cascade})
   -> 0.0315s
-- create_table("networks", {id: {type: :integer, unsigned: true}, charset: "utf8mb3", collation: "utf8mb3_czech_ci", force: :cascade})
   -> 0.0400s
-- create_table("node_current_statuses", {id: {type: :integer, unsigned: true}, charset: "utf8mb3", collation: "utf8mb3_czech_ci", force: :cascade})
   -> 0.0314s
-- create_table("node_ebpf_program_links", {charset: "utf8mb3", collation: "utf8mb3_bin", force: :cascade})
   -> 0.0318s
-- create_table("node_ebpf_program_objects", {charset: "utf8mb3", collation: "utf8mb3_bin", force: :cascade})
   -> 0.0260s
-- create_table("node_ebpf_programs", {charset: "utf8mb3", collation: "utf8mb3_bin", force: :cascade})
   -> 0.0354s
-- create_table("node_kernel_configuration_options", {charset: "utf8mb3", collation: "utf8mb3_bin", force: :cascade})
   -> 0.0282s
-- create_table("node_kernel_configurations", {charset: "utf8mb3", collation: "utf8mb3_bin", force: :cascade})
   -> 0.0235s
-- create_table("node_kernel_events", {charset: "utf8mb3", collation: "utf8mb3_czech_ci", force: :cascade})
   -> 0.0389s
-- create_table("node_kernel_evidence_checkpoints", {charset: "utf8mb3", collation: "utf8mb3_unicode_ci", force: :cascade})
   -> 0.0283s
-- create_table("node_kernel_evidence_errors", {charset: "utf8mb3", collation: "utf8mb3_bin", force: :cascade})
   -> 0.0201s
-- create_table("node_kernel_evidences", {charset: "utf8mb3", collation: "utf8mb3_bin", force: :cascade})
   -> 0.0356s
-- create_table("node_kernel_history_gaps", {charset: "utf8mb3", collation: "utf8mb3_czech_ci", force: :cascade})
   -> 0.0328s
-- create_table("node_kernel_history_states", {charset: "utf8mb3", collation: "utf8mb3_czech_ci", force: :cascade})
   -> 0.0208s
-- create_table("node_kernel_livepatch_patches", {charset: "utf8mb3", collation: "utf8mb3_bin", force: :cascade})
   -> 0.0231s
-- create_table("node_kernel_livepatches", {charset: "utf8mb3", collation: "utf8mb3_bin", force: :cascade})
   -> 0.0248s
-- create_table("node_kernel_modules", {charset: "utf8mb3", collation: "utf8mb3_bin", force: :cascade})
   -> 0.0323s
-- create_table("node_kernel_parameters", {charset: "utf8mb3", collation: "utf8mb3_bin", force: :cascade})
   -> 0.0226s
-- create_table("node_software_changes", {charset: "utf8mb3", collation: "utf8mb3_bin", force: :cascade})
   -> 0.0218s
-- create_table("node_software_versions", {charset: "utf8mb3", collation: "utf8mb3_bin", force: :cascade})
   -> 0.0220s
-- create_table("node_statuses", {id: {type: :integer, unsigned: true}, charset: "utf8mb3", collation: "utf8mb3_czech_ci", force: :cascade})
   -> 0.0196s
-- create_table("node_sysctl_changes", {charset: "utf8mb3", collation: "utf8mb3_bin", force: :cascade})
   -> 0.0252s
-- create_table("node_sysctls", {charset: "utf8mb3", collation: "utf8mb3_bin", force: :cascade})
   -> 0.0275s
-- create_table("node_system_history_states", {charset: "utf8mb3", collation: "utf8mb3_czech_ci", force: :cascade})
   -> 0.0217s
-- create_table("node_system_states", {charset: "utf8mb3", collation: "utf8mb3_czech_ci", force: :cascade})
   -> 0.0438s
-- create_table("node_transfer_connections", {charset: "utf8mb3", collation: "utf8mb3_czech_ci", force: :cascade})
   -> 0.0328s
-- create_table("nodes", {id: {type: :integer, unsigned: true}, charset: "utf8mb3", collation: "utf8mb3_czech_ci", force: :cascade})
   -> 0.0278s
-- create_table("oauth2_authorizations", {charset: "utf8mb3", collation: "utf8mb3_czech_ci", force: :cascade})
   -> 0.0394s
-- create_table("oauth2_clients", {charset: "utf8mb3", collation: "utf8mb3_czech_ci", force: :cascade})
   -> 0.0327s
-- create_table("object_histories", {id: {type: :integer, unsigned: true}, charset: "utf8mb3", collation: "utf8mb3_czech_ci", force: :cascade})
   -> 0.0361s
-- create_table("object_states", {id: {type: :integer, unsigned: true}, charset: "utf8mb3", collation: "utf8mb3_czech_ci", force: :cascade})
   -> 0.0208s
-- create_table("oom_preventions", {charset: "utf8mb3", collation: "utf8mb3_czech_ci", force: :cascade})
   -> 0.0258s
-- create_table("oom_report_counters", {charset: "utf8mb3", collation: "utf8mb3_czech_ci", force: :cascade})
   -> 0.0224s
-- create_table("oom_report_rules", {charset: "utf8mb3", collation: "utf8mb3_czech_ci", force: :cascade})
   -> 0.0272s
-- create_table("oom_report_stats", {id: {type: :integer, unsigned: true}, charset: "utf8mb3", collation: "utf8mb3_czech_ci", force: :cascade})
   -> 0.0202s
-- create_table("oom_report_tasks", {id: {type: :integer, unsigned: true}, charset: "utf8mb3", collation: "utf8mb3_czech_ci", force: :cascade})
   -> 0.0220s
-- create_table("oom_report_usages", {id: {type: :integer, unsigned: true}, charset: "utf8mb3", collation: "utf8mb3_czech_ci", force: :cascade})
   -> 0.0215s
-- create_table("oom_reports", {id: {type: :integer, unsigned: true}, charset: "utf8mb3", collation: "utf8mb3_czech_ci", force: :cascade})
   -> 0.0309s
-- create_table("os_families", {charset: "utf8mb3", collation: "utf8mb3_czech_ci", force: :cascade})
   -> 0.0170s
-- create_table("os_templates", {id: {type: :integer, unsigned: true}, charset: "utf8mb3", collation: "utf8mb3_czech_ci", force: :cascade})
   -> 0.0306s
-- create_table("password_change_logs", {charset: "utf8mb3", collation: "utf8mb3_czech_ci", force: :cascade})
   -> 0.0315s
-- create_table("password_event_counters", {charset: "utf8mb3", collation: "utf8mb3_czech_ci", force: :cascade})
   -> 0.0187s
-- create_table("password_recoveries", {charset: "utf8mb3", collation: "utf8mb3_czech_ci", force: :cascade})
   -> 0.0386s
-- create_table("password_recovery_requests", {charset: "utf8mb3", collation: "utf8mb3_czech_ci", force: :cascade})
   -> 0.0267s
-- create_table("password_recovery_submissions", {charset: "utf8mb3", collation: "utf8mb3_czech_ci", force: :cascade})
   -> 0.0306s
-- create_table("pools", {id: {type: :integer, unsigned: true}, charset: "utf8mb3", collation: "utf8mb3_czech_ci", force: :cascade})
   -> 0.0206s
-- create_table("port_reservations", {id: {type: :integer, unsigned: true}, charset: "utf8mb3", collation: "utf8mb3_czech_ci", force: :cascade})
   -> 0.0257s
-- create_table("repeatable_tasks", {id: {type: :integer, unsigned: true}, charset: "utf8mb3", collation: "utf8mb3_czech_ci", force: :cascade})
   -> 0.0186s
-- create_table("resource_locks", {id: {type: :integer, unsigned: true}, charset: "utf8mb3", collation: "utf8mb3_czech_ci", force: :cascade})
   -> 0.0209s
-- create_table("security_advisories", {charset: "utf8mb3", collation: "utf8mb3_czech_ci", force: :cascade})
   -> 0.0317s
-- create_table("security_advisory_cves", {charset: "utf8mb3", collation: "utf8mb3_czech_ci", force: :cascade})
   -> 0.0236s
-- create_table("security_advisory_node_status_translations", {charset: "utf8mb3", collation: "utf8mb3_czech_ci", force: :cascade})
   -> 0.0264s
-- create_table("security_advisory_node_statuses", {charset: "utf8mb3", collation: "utf8mb3_czech_ci", force: :cascade})
   -> 0.0232s
-- create_table("security_advisory_translations", {charset: "utf8mb3", collation: "utf8mb3_czech_ci", force: :cascade})
   -> 0.0309s
-- create_table("security_advisory_updates", {charset: "utf8mb3", collation: "utf8mb3_czech_ci", force: :cascade})
   -> 0.0255s
-- create_table("security_advisory_users", {charset: "utf8mb3", collation: "utf8mb3_czech_ci", force: :cascade})
   -> 0.0246s
-- create_table("security_advisory_vpses", {charset: "utf8mb3", collation: "utf8mb3_czech_ci", force: :cascade})
   -> 0.0290s
-- create_table("single_sign_ons", {charset: "utf8mb3", collation: "utf8mb3_czech_ci", force: :cascade})
   -> 0.0214s
-- create_table("snapshot_downloads", {id: {type: :integer, unsigned: true}, charset: "utf8mb3", collation: "utf8mb3_czech_ci", force: :cascade})
   -> 0.0184s
-- create_table("snapshot_in_pool_clones", {id: {type: :integer, unsigned: true}, charset: "utf8mb3", collation: "utf8mb3_czech_ci", force: :cascade})
   -> 0.0216s
-- create_table("snapshot_in_pool_in_branches", {id: {type: :integer, unsigned: true}, charset: "utf8mb3", collation: "utf8mb3_czech_ci", force: :cascade})
   -> 0.0224s
-- create_table("snapshot_in_pools", {id: {type: :integer, unsigned: true}, charset: "utf8mb3", collation: "utf8mb3_czech_ci", force: :cascade})
   -> 0.0233s
-- create_table("snapshots", {id: {type: :integer, unsigned: true}, charset: "utf8mb3", collation: "utf8mb3_czech_ci", force: :cascade})
   -> 0.0183s
-- create_table("sysconfig", {id: {type: :integer, unsigned: true}, charset: "utf8mb3", collation: "utf8mb3_czech_ci", force: :cascade})
   -> 0.0321s
-- create_table("tokens", {id: {type: :integer, unsigned: true}, charset: "utf8mb3", collation: "utf8mb3_czech_ci", force: :cascade})
   -> 0.0213s
-- create_table("transaction_chain_concerns", {id: {type: :integer, unsigned: true}, charset: "utf8mb3", collation: "utf8mb3_czech_ci", force: :cascade})
   -> 0.0342s
-- create_table("transaction_chains", {id: {type: :integer, unsigned: true}, charset: "utf8mb3", collation: "utf8mb3_czech_ci", force: :cascade})
   -> 0.0294s
-- create_table("transaction_confirmations", {id: {type: :integer, unsigned: true}, charset: "utf8mb3", collation: "utf8mb3_czech_ci", force: :cascade})
   -> 0.0292s
-- create_table("transactions", {id: {type: :integer, unsigned: true}, charset: "utf8mb3", collation: "utf8mb3_czech_ci", force: :cascade})
   -> 0.0492s
-- create_table("user_agents", {id: {type: :integer, unsigned: true}, charset: "utf8mb3", collation: "utf8mb3_czech_ci", force: :cascade})
   -> 0.0232s
-- create_table("user_cluster_resource_packages", {id: {type: :integer, unsigned: true}, charset: "utf8mb3", collation: "utf8mb3_czech_ci", force: :cascade})
   -> 0.0296s
-- create_table("user_cluster_resources", {id: {type: :integer, unsigned: true}, charset: "utf8mb3", collation: "utf8mb3_czech_ci", force: :cascade})
   -> 0.0360s
-- create_table("user_devices", {charset: "utf8mb3", collation: "utf8mb3_czech_ci", force: :cascade})
   -> 0.0242s
-- create_table("user_failed_logins", {id: {type: :integer, unsigned: true}, charset: "utf8mb3", collation: "utf8mb3_czech_ci", force: :cascade})
   -> 0.0346s
-- create_table("user_mail_role_recipients", {id: {type: :integer, unsigned: true}, charset: "utf8mb3", collation: "utf8mb3_czech_ci", force: :cascade})
   -> 0.0244s
-- create_table("user_mail_template_recipients", {id: {type: :integer, unsigned: true}, charset: "utf8mb3", collation: "utf8mb3_czech_ci", force: :cascade})
   -> 0.0209s
-- create_table("user_namespace_blocks", {id: {type: :integer, unsigned: true}, charset: "utf8mb3", collation: "utf8mb3_czech_ci", force: :cascade})
   -> 0.0340s
-- create_table("user_namespace_map_entries", {id: {type: :integer, unsigned: true}, charset: "utf8mb3", collation: "utf8mb3_czech_ci", force: :cascade})
   -> 0.0219s
-- create_table("user_namespace_maps", {id: {type: :integer, unsigned: true}, charset: "utf8mb3", collation: "utf8mb3_czech_ci", force: :cascade})
   -> 0.0347s
-- create_table("user_namespaces", {id: {type: :integer, unsigned: true}, charset: "utf8mb3", collation: "utf8mb3_czech_ci", force: :cascade})
   -> 0.0278s
-- create_table("user_public_keys", {id: {type: :integer, unsigned: true}, charset: "utf8mb3", collation: "utf8mb3_czech_ci", force: :cascade})
   -> 0.0287s
-- create_table("user_sessions", {id: {type: :integer, unsigned: true}, charset: "utf8mb3", collation: "utf8mb3_czech_ci", force: :cascade})
   -> 0.0277s
-- create_table("user_totp_devices", {id: {type: :integer, unsigned: true}, charset: "utf8mb3", collation: "utf8mb3_czech_ci", force: :cascade})
   -> 0.0338s
-- create_table("users", {id: {type: :integer, unsigned: true}, charset: "utf8mb3", collation: "utf8mb3_czech_ci", force: :cascade})
   -> 0.0302s
-- create_table("uuids", {charset: "utf8mb3", collation: "utf8mb3_czech_ci", force: :cascade})
   -> 0.0229s
-- create_table("versions", {id: {type: :integer, unsigned: true}, charset: "utf8mb3", collation: "utf8mb3_czech_ci", force: :cascade})
   -> 0.0214s
-- create_table("vps_consoles", {id: {type: :integer, unsigned: true}, charset: "utf8mb3", collation: "utf8mb3_czech_ci", force: :cascade})
   -> 0.0242s
-- create_table("vps_current_statuses", {id: {type: :integer, unsigned: true}, charset: "utf8mb3", collation: "utf8mb3_czech_ci", force: :cascade})
   -> 0.0206s
-- create_table("vps_features", {id: {type: :integer, unsigned: true}, charset: "utf8mb3", collation: "utf8mb3_czech_ci", force: :cascade})
   -> 0.0241s
-- create_table("vps_maintenance_windows", {id: {type: :integer, unsigned: true}, charset: "utf8mb3", collation: "utf8mb3_czech_ci", force: :cascade})
   -> 0.0213s
-- create_table("vps_migrations", {id: {type: :integer, unsigned: true}, charset: "utf8mb3", collation: "utf8mb3_czech_ci", force: :cascade})
   -> 0.0341s
-- create_table("vps_os_processes", {primary_key: ["vps_id", "state"], charset: "utf8mb3", collation: "utf8mb3_czech_ci", force: :cascade})
   -> 0.0274s
-- create_table("vps_ssh_host_keys", {charset: "utf8mb3", collation: "utf8mb3_czech_ci", force: :cascade})
   -> 0.0258s
-- create_table("vps_statuses", {id: {type: :integer, unsigned: true}, charset: "utf8mb3", collation: "utf8mb3_czech_ci", force: :cascade})
   -> 0.0231s
-- create_table("vps_user_data", {charset: "utf8mb3", collation: "utf8mb3_czech_ci", force: :cascade})
   -> 0.0282s
-- create_table("vpses", {id: {type: :integer, unsigned: true}, charset: "utf8mb3", collation: "utf8mb3_czech_ci", force: :cascade})
   -> 0.0470s
-- create_table("webauthn_challenges", {charset: "utf8mb3", collation: "utf8mb3_czech_ci", force: :cascade})
   -> 0.0588s
-- create_table("webauthn_credentials", {charset: "utf8mb3", collation: "utf8mb3_czech_ci", force: :cascade})
   -> 0.0313s
-- add_foreign_key("node_current_statuses", "node_kernel_evidences", {on_delete: :nullify})
   -> 0.0358s
-- add_foreign_key("node_ebpf_program_links", "node_ebpf_programs", {on_delete: :cascade})
   -> 0.0318s
-- add_foreign_key("node_ebpf_program_objects", "node_ebpf_programs", {on_delete: :cascade})
   -> 0.0314s
-- add_foreign_key("node_ebpf_programs", "node_kernel_evidences", {on_delete: :cascade})
   -> 0.0381s
-- add_foreign_key("node_kernel_configuration_options", "node_kernel_configurations", {on_delete: :cascade})
   -> 0.0356s
-- add_foreign_key("node_kernel_events", "node_kernel_evidences", {on_delete: :nullify})
   -> 0.0492s
-- add_foreign_key("node_kernel_evidence_checkpoints", "nodes", {on_delete: :cascade})
   -> 0.0305s
-- add_foreign_key("node_kernel_evidence_errors", "node_kernel_evidences", {on_delete: :cascade})
   -> 0.0392s
-- add_foreign_key("node_kernel_history_gaps", "node_kernel_history_states", {on_delete: :cascade})
   -> 0.0328s
-- add_foreign_key("node_kernel_livepatch_patches", "node_kernel_livepatches", {on_delete: :cascade})
   -> 0.0365s
-- add_foreign_key("node_kernel_livepatches", "node_kernel_evidences", {on_delete: :cascade})
   -> 0.0396s
-- add_foreign_key("node_kernel_modules", "node_kernel_evidences", {on_delete: :cascade})
   -> 0.0469s
-- add_foreign_key("node_kernel_parameters", "node_kernel_evidences", {on_delete: :cascade})
   -> 0.0419s
-- add_foreign_key("node_software_changes", "node_kernel_events", {on_delete: :cascade})
   -> 0.0412s
-- add_foreign_key("node_software_versions", "node_kernel_evidences", {on_delete: :cascade})
   -> 0.0439s
-- add_foreign_key("node_sysctl_changes", "node_kernel_events", {on_delete: :cascade})
   -> 0.0339s
-- add_foreign_key("node_sysctls", "node_kernel_evidences", {on_delete: :cascade})
   -> 0.0430s
Run options: exclude {generator: true}

Randomized with seed 36063
== 20170223191015 Setup: migrating ============================================
-- create_table(:outages, {options: "ENGINE=InnoDB", id: :integer})
   -> 0.0149s
-- add_index(:outages, :state, {name: "index_outages_on_state"})
   -> 0.0254s
-- add_index(:outages, :outage_type, {name: "index_outages_on_outage_type"})
   -> 0.0185s
-- add_index(:outages, :planned, {name: "index_outages_on_planned"})
   -> 0.0238s
-- create_table(:outage_entities, {options: "ENGINE=InnoDB", id: :integer})
   -> 0.0107s
-- add_index(:outage_entities, :outage_id, {name: "index_outage_entities_on_outage_id"})
   -> 0.0192s
-- add_index(:outage_entities, :name, {name: "index_outage_entities_on_name"})
   -> 0.0216s
-- add_index(:outage_entities, :row_id, {name: "index_outage_entities_on_row_id"})
   -> 0.0282s
-- add_index(:outage_entities, [:outage_id, :name, :row_id], {unique: true, name: "index_outage_entities_on_outage_id_and_name_and_row_id"})
   -> 0.0281s
-- create_table(:outage_handlers, {options: "ENGINE=InnoDB", id: :integer})
   -> 0.0132s
-- add_index(:outage_handlers, :outage_id, {name: "index_outage_handlers_on_outage_id"})
   -> 0.0217s
-- add_index(:outage_handlers, :user_id, {name: "index_outage_handlers_on_user_id"})
   -> 0.0197s
-- add_index(:outage_handlers, [:outage_id, :user_id], {unique: true, name: "index_outage_handlers_on_outage_id_and_user_id"})
   -> 0.0212s
-- create_table(:outage_updates, {options: "ENGINE=InnoDB", id: :integer})
   -> 0.0127s
-- add_index(:outage_updates, :outage_id, {name: "index_outage_updates_on_outage_id"})
   -> 0.0194s
-- add_index(:outage_updates, :reported_by_id, {name: "index_outage_updates_on_reported_by_id"})
   -> 0.0192s
-- add_index(:outage_updates, :state, {name: "index_outage_updates_on_state"})
   -> 0.0222s
-- add_index(:outage_updates, :outage_type, {name: "index_outage_updates_on_outage_type"})
   -> 0.0171s
-- create_table(:outage_translations, {options: "ENGINE=InnoDB", id: :integer})
   -> 0.0093s
-- add_index(:outage_translations, :outage_id, {name: "index_outage_translations_on_outage_id"})
   -> 0.0148s
-- add_index(:outage_translations, :outage_update_id, {name: "index_outage_translations_on_outage_update_id"})
   -> 0.0181s
-- add_index(:outage_translations, :language_id, {name: "index_outage_translations_on_language_id"})
   -> 0.0193s
-- add_index(:outage_translations, [:outage_id, :language_id], {unique: true, name: "index_outage_translations_on_outage_id_and_language_id"})
   -> 0.0190s
-- add_index(:outage_translations, [:outage_update_id, :language_id], {unique: true, name: "index_outage_translations_on_outage_update_id_and_language_id"})
   -> 0.0193s
-- create_table(:outage_vpses, {options: "ENGINE=InnoDB", id: :integer})
   -> 0.0111s
-- add_index(:outage_vpses, [:outage_id, :vps_id], {unique: true, name: "index_outage_vpses_on_outage_id_and_vps_id"})
   -> 0.0222s
-- add_index(:outage_vpses, :outage_id, {name: "index_outage_vpses_on_outage_id"})
   -> 0.0380s
-- add_index(:outage_vpses, :vps_id, {name: "index_outage_vpses_on_vps_id"})
   -> 0.0200s
-- add_index(:outage_vpses, :user_id, {name: "index_outage_vpses_on_user_id"})
   -> 0.0194s
-- add_index(:outage_vpses, :environment_id, {name: "index_outage_vpses_on_environment_id"})
   -> 0.0210s
-- add_index(:outage_vpses, :location_id, {name: "index_outage_vpses_on_location_id"})
   -> 0.0211s
-- add_index(:outage_vpses, :node_id, {name: "index_outage_vpses_on_node_id"})
   -> 0.0223s
-- create_table(:outage_vps_mounts, {options: "ENGINE=InnoDB", id: :integer})
   -> 0.0102s
-- add_index(:outage_vps_mounts, [:outage_vps_id, :mount_id], {unique: true, name: "index_outage_vps_mounts_on_outage_vps_id_and_mount_id"})
   -> 0.0234s
-- add_index(:outage_vps_mounts, :outage_vps_id, {name: "index_outage_vps_mounts_on_outage_vps_id"})
   -> 0.0205s
-- add_index(:outage_vps_mounts, :mount_id, {name: "index_outage_vps_mounts_on_mount_id"})
   -> 0.0234s
== 20170223191015 Setup: migrated (0.7170s) ===================================

== 20201129113300 AddOutageExports: migrating =================================
-- create_table(:outage_users, {options: "ENGINE=InnoDB", id: :integer})
   -> 0.0104s
-- add_index(:outage_users, [:outage_id, :user_id], {unique: true, name: "index_outage_users_on_outage_id_and_user_id"})
   -> 0.0187s
-- add_index(:outage_users, :outage_id, {name: "index_outage_users_on_outage_id"})
   -> 0.0224s
-- add_index(:outage_users, :user_id, {name: "index_outage_users_on_user_id"})
   -> 0.0179s
-- create_table(:outage_exports, {options: "ENGINE=InnoDB", id: :integer})
   -> 0.0111s
-- add_index(:outage_exports, [:outage_id, :export_id], {unique: true, name: "index_outage_exports_on_outage_id_and_export_id"})
   -> 0.0272s
-- add_index(:outage_exports, :outage_id, {name: "index_outage_exports_on_outage_id"})
   -> 0.0269s
-- add_index(:outage_exports, :export_id, {name: "index_outage_exports_on_export_id"})
   -> 0.0182s
-- add_index(:outage_exports, :user_id, {name: "index_outage_exports_on_user_id"})
   -> 0.0197s
-- add_index(:outage_exports, :environment_id, {name: "index_outage_exports_on_environment_id"})
   -> 0.0206s
-- add_index(:outage_exports, :location_id, {name: "index_outage_exports_on_location_id"})
   -> 0.0180s
-- add_index(:outage_exports, :node_id, {name: "index_outage_exports_on_node_id"})
   -> 0.0210s
== 20201129113300 AddOutageExports: migrated (0.2400s) ========================

== 20240123092400 RemoveVpsOutageMounts: migrating ============================
-- remove_index(:outage_vps_mounts, [:outage_vps_id, :mount_id], {unique: true})
   -> 0.0182s
-- drop_table(:outage_vps_mounts)
   -> 0.0076s
== 20240123092400 RemoveVpsOutageMounts: migrated (0.0262s) ===================

== 20240124093200 AddImpactType: migrating ====================================
-- add_column(:outages, :impact_type, :integer, {null: false, default: 0})
   -> 0.0155s
-- add_index(:outages, :impact_type)
   -> 0.0182s
-- remove_index(:outages, :planned)
   -> 0.0164s
-- remove_column(:outages, :planned, :boolean, {null: false, default: false})
   -> 0.0174s
-- remove_index(:outage_updates, :outage_type)
   -> 0.0166s
-- rename_column(:outage_updates, :outage_type, :impact_type)
   -> 0.0181s
-- add_index(:outage_updates, :impact_type)
   -> 0.0292s
== 20240124093200 AddImpactType: migrated (0.1362s) ===========================

== 20240124185400 AddAutoResolve: migrating ===================================
-- add_column(:outages, :auto_resolve, :boolean, {null: false, default: true})
   -> 0.0190s
== 20240124185400 AddAutoResolve: migrated (0.0193s) ==========================

== 20260601121000 AddOutageSecurityAdvisories: migrating ======================
-- create_table(:outage_security_advisories)
   -> 0.0114s
-- add_index(:outage_security_advisories, [:outage_id, :security_advisory_id], {unique: true, name: "index_osa_on_outage_advisory"})
   -> 0.0192s
-- add_index(:outage_security_advisories, :security_advisory_id)
   -> 0.0245s
== 20260601121000 AddOutageSecurityAdvisories: migrated (0.0558s) =============

== 20170121214350 Setup: migrating ============================================
-- create_table(:incoming_payments, {options: "ENGINE=InnoDB", id: :integer})
   -> 0.0155s
-- add_index(:incoming_payments, :transaction_id, {unique: true, name: "index_incoming_payments_on_transaction_id"})
   -> 0.0262s
-- add_index(:incoming_payments, :vs, {name: "index_incoming_payments_on_vs"})
   -> 0.0179s
-- add_index(:incoming_payments, :ks, {name: "index_incoming_payments_on_ks"})
   -> 0.0217s
-- add_index(:incoming_payments, :ss, {name: "index_incoming_payments_on_ss"})
   -> 0.0210s
-- create_table(:user_accounts, {options: "ENGINE=InnoDB", id: :integer})
   -> 0.0128s
-- add_index(:user_accounts, :user_id, {unique: true, name: "index_user_accounts_on_user_id"})
   -> 0.0252s
-- create_table(:user_payments, {options: "ENGINE=InnoDB", id: :integer})
   -> 0.0152s
-- add_index(:user_payments, :incoming_payment_id, {unique: true, name: "index_user_payments_on_incoming_payment_id"})
   -> 0.0185s
-- add_index(:user_payments, :user_id, {name: "index_user_payments_on_user_id"})
   -> 0.0196s
-- add_index(:user_payments, :accounted_by_id, {name: "index_user_payments_on_accounted_by_id"})
   -> 0.0188s
== 20170121214350 Setup: migrated (0.2187s) ===================================

== 20260706212000 LocalizePaymentInstructionsSysconfig: migrating =============
== 20260706212000 LocalizePaymentInstructionsSysconfig: migrated (0.0075s) ====

== 20260905180000 AddUserPaymentsCreatedAtIndex: migrating ====================
-- add_index(:user_payments, :created_at)
   -> 0.0213s
== 20260905180000 AddUserPaymentsCreatedAtIndex: migrated (0.0215s) ===========

== 20170122083340 Setup: migrating ============================================
-- create_table(:user_requests, {options: "ENGINE=InnoDB", id: :integer})
   -> 0.0137s
-- add_index(:user_requests, :user_id, {name: "index_user_requests_on_user_id"})
   -> 0.0282s
-- add_index(:user_requests, :type, {name: "index_user_requests_on_type"})
   -> 0.0298s
-- add_index(:user_requests, :state, {name: "index_user_requests_on_state"})
   -> 0.0201s
-- add_index(:user_requests, :admin_id, {name: "index_user_requests_on_admin_id"})
   -> 0.0249s
-- table_exists?(:members_changes)
   -> 0.0039s
== 20170122083340 Setup: migrated (0.1222s) ===================================

== 20170908165000 AddAccessToken: migrating ===================================
-- add_column(:user_requests, :access_token, :string, {null: true, limit: 40})
   -> 0.0272s
== 20170908165000 AddAccessToken: migrated (0.0275s) ==========================

== 20201126142500 AddIpMailChecks: migrating ==================================
-- add_column(:user_requests, :ip_checked, :boolean, {null: true})
   -> 0.0161s
-- add_column(:user_requests, :ip_request_id, :string, {limit: 50, null: true})
   -> 0.0156s
-- add_column(:user_requests, :ip_success, :boolean, {null: true})
   -> 0.0154s
-- add_column(:user_requests, :ip_message, :string, {limit: 255, null: true})
   -> 0.0173s
-- add_column(:user_requests, :ip_errors, :text, {null: true})
   -> 0.0167s
-- add_column(:user_requests, :ip_proxy, :boolean, {null: true})
   -> 0.0176s
-- add_column(:user_requests, :ip_crawler, :boolean, {null: true})
   -> 0.0157s
-- add_column(:user_requests, :ip_recent_abuse, :boolean, {null: true})
   -> 0.0248s
-- add_column(:user_requests, :ip_vpn, :boolean, {null: true})
   -> 0.0179s
-- add_column(:user_requests, :ip_tor, :boolean, {null: true})
   -> 0.0183s
-- add_column(:user_requests, :ip_fraud_score, :integer, {null: true})
   -> 0.0348s
-- add_column(:user_requests, :mail_checked, :boolean, {null: true})
   -> 0.0185s
-- add_column(:user_requests, :mail_request_id, :string, {limit: 50, null: true})
   -> 0.0160s
-- add_column(:user_requests, :mail_success, :boolean, {null: true})
   -> 0.0163s
-- add_column(:user_requests, :mail_message, :string, {limit: 255, null: true})
   -> 0.0150s
-- add_column(:user_requests, :mail_errors, :text, {null: true})
   -> 0.0169s
-- add_column(:user_requests, :mail_valid, :boolean, {null: true})
   -> 0.0152s
-- add_column(:user_requests, :mail_disposable, :boolean, {null: true})
   -> 0.0258s
-- add_column(:user_requests, :mail_timed_out, :boolean, {null: true})
   -> 0.0154s
-- add_column(:user_requests, :mail_deliverability, :string, {limit: 20, null: true})
   -> 0.0166s
-- add_column(:user_requests, :mail_catch_all, :boolean, {null: true})
   -> 0.0168s
-- add_column(:user_requests, :mail_leaked, :boolean, {null: true})
   -> 0.0161s
-- add_column(:user_requests, :mail_suspect, :boolean, {null: true})
   -> 0.0161s
-- add_column(:user_requests, :mail_smtp_score, :integer, {null: true})
   -> 0.0237s
-- add_column(:user_requests, :mail_overall_score, :integer, {null: true})
   -> 0.0148s
-- add_column(:user_requests, :mail_fraud_score, :integer, {null: true})
   -> 0.0163s
-- add_column(:user_requests, :mail_dns_valid, :boolean, {null: true})
   -> 0.0234s
-- add_column(:user_requests, :mail_honeypot, :boolean, {null: true})
   -> 0.0164s
-- add_column(:user_requests, :mail_spam_trap_score, :string, {limit: 20, null: true})
   -> 0.0147s
-- add_column(:user_requests, :mail_recent_abuse, :boolean, {null: true})
   -> 0.0154s
-- add_column(:user_requests, :mail_frequent_complainer, :boolean, {null: true})
   -> 0.0252s
== 20201126142500 AddIpMailChecks: migrated (0.5719s) =========================

== 20260606223100 AddUserRequestsTimeZone: migrating ==========================
-- add_column(:user_requests, :time_zone, :string, {null: true})
   -> 0.0164s
== 20260606223100 AddUserRequestsTimeZone: migrated (0.0166s) =================

== 20170408184500 Setup: migrating ============================================
-- create_table(:monitored_events, {options: "ENGINE=InnoDB", id: :integer})
   -> 0.0120s
-- add_index(:monitored_events, :monitor_name, {name: "index_monitored_events_on_monitor_name"})
   -> 0.0173s
-- add_index(:monitored_events, :class_name, {name: "index_monitored_events_on_class_name"})
   -> 0.0189s
-- add_index(:monitored_events, :row_id, {name: "index_monitored_events_on_row_id"})
   -> 0.0201s
-- add_index(:monitored_events, :state, {name: "index_monitored_events_on_state"})
   -> 0.0197s
-- add_index(:monitored_events, :user_id, {name: "index_monitored_events_on_user_id"})
   -> 0.0285s
-- create_table(:monitored_event_states, {options: "ENGINE=InnoDB", id: :integer})
   -> 0.0126s
-- add_index(:monitored_event_states, :monitored_event_id, {name: "index_monitored_event_states_on_monitored_event_id"})
   -> 0.0201s
-- create_table(:monitored_event_logs, {options: "ENGINE=InnoDB", id: :integer})
   -> 0.0123s
-- add_index(:monitored_event_logs, :monitored_event_id, {name: "index_monitored_event_logs_on_monitored_event_id"})
   -> 0.0288s
-- add_index(:monitored_event_logs, :passed, {name: "index_monitored_event_logs_on_passed"})
   -> 0.0201s
== 20170408184500 Setup: migrated (0.2134s) ===================================

== 20230123085900 AddMonitoredEventActionState: migrating =====================
-- add_column(:monitored_events, :action_state, :text, {null: true})
   -> 0.0155s
== 20230123085900 AddMonitoredEventActionState: migrated (0.0158s) ============

== 20231105124400 AddMonitoredEventAlertCount: migrating ======================
-- add_column(:monitored_events, :alert_count, :integer, {null: false, default: 0})
   -> 0.0242s
== 20231105124400 AddMonitoredEventAlertCount: migrated (0.0245s) =============

== 20170201082030 Setup: migrating ============================================
-- create_table(:news_logs, {options: "ENGINE=InnoDB", id: :integer})
   -> 0.0116s
== 20170201082030 Setup: migrated (0.0119s) ===================================

== 20260706210000 LocalizeNewsLogMessages: migrating ==========================
-- create_table(:news_log_translations)
   -> 0.0118s
-- add_index(:news_log_translations, :news_log_id)
   -> 0.0269s
-- add_index(:news_log_translations, :language_id)
   -> 0.0189s
-- add_index(:news_log_translations, [:news_log_id, :language_id], {unique: true, name: "news_log_translation_unique"})
   -> 0.0216s
== 20260706210000 LocalizeNewsLogMessages: migrated (0.0976s) =================

== 20170201093720 Setup: migrating ============================================
-- create_table(:help_boxes, {options: "ENGINE=InnoDB", id: :integer})
   -> 0.0119s
-- add_index(:help_boxes, :page, {name: "index_help_boxes_on_page"})
   -> 0.0261s
-- add_index(:help_boxes, :action, {name: "index_help_boxes_on_action"})
   -> 0.0215s
-- add_index(:help_boxes, [:page, :action], {name: "index_help_boxes_on_page_and_action"})
   -> 0.0179s
== 20170201093720 Setup: migrated (0.0786s) ===================================

== 20260607190000 AddWebuiUserSettings: migrating =============================
-- create_table(:webui_user_settings)
   -> 0.0094s
-- add_index(:webui_user_settings, [:user_id, :namespace, :key], {unique: true, name: "index_webui_user_settings_unique_key"})
   -> 0.0191s
-- add_index(:webui_user_settings, [:user_id, :namespace], {name: "index_webui_user_settings_on_user_namespace"})
   -> 0.0181s
== 20260607190000 AddWebuiUserSettings: migrated (0.0472s) ====================

== 20260706211000 LocalizeWebuiSysconfig: migrating ===========================
== 20260706211000 LocalizeWebuiSysconfig: migrated (0.0212s) ==================


VpsAdmin::API::Tasks::UserSession
  #close_expired
UserSession #2 valid_to=2026-10-03 17:38:38 UTC 
  Close session #2
    does not persist changes in dry-run mode
OAuth2 authorization #1 refresh token expired
    closes open OAuth2 authorizations when their refresh token expires
UserSession #6 valid_to=2026-10-03 17:38:38 UTC 
  Close session #6
    keeps expired sessions open when a refreshable OAuth2 authorization exists
UserSession #8 valid_to=2026-10-03 17:38:38 UTC 
  Close session #8
    destroys tokens and closes expired sessions without refreshable OAuth2 authorization
Closing SSO session 3
User device 3 expired
    closes unusable SSO sessions and expired user devices

VpsAdmin::API::Operations::UserSession::ResumeOAuth2
  returns nil and clears currents for an invalid token
  renews renewable_auto tokens, extends SSO, and sets currents
  returns nil for locked or forced-reset users
  keeps an existing session usable while soft-delete is pending
  accepts suspended users when no reset or lockout is pending
  with a renewable OAuth session
    resumes another valid authorization after its shared SSO is closed
    renews access without an SSO association
    resumes after SSO closure without recreating its token
    extends an expired SSO token that is still present
    preserves an SSO expiry later than the renewed access token
    rejects expired access even when its SSO is closed
    leaves fixed access expiry unchanged when its SSO is closed
    rejects a closed access session even when its token is valid
    renews access without an authorization

VpsAdmin::API::Authentication::OAuth2Config
  shows a completed recovery on the credentials form instead of using SSO
  uses ui_locales for the authorize page language
  clears an expired completed recovery without showing an alert
  authenticates refreshed access after expired access and SSO cleanup without recreating SSO
  shows the alert when the completion-shown marker does not match
  does not consume a completed recovery for another OAuth client
  clears an invalid completed recovery without showing an alert
  links to password recovery with OAuth client and locale context when enabled
  rejects authorization after destructive lifecycle state is requested
  attaches a required password change only when its OAuth code is exchanged
  revokes access tokens only for the authenticated OAuth2 client
  completes fulfilled WebAuthn MFA and creates an authorization code
  does not find expired authorization codes
  does not copy an oversized login into the password recovery URL
  does not convert fulfilled WebAuthn MFA after a destructive state is requested
  localizes the labelled reset-password branch in Czech
  finds users by access token only when OAuth2 auth is enabled
  refreshes tokens by replacing the access token and refresh token
  uses the shared password minimum in OAuth reset validation, forms and errors
  does not find authorization codes for locked or forced-reset users
  does not show a deleted-client completion through a non-default client
  completes TOTP authentication and creates an authorization code
  rejects authorization from an SSO closed after lookup
  rejects revoke handling without an authenticated OAuth2 client
  does not authorize from SSO when password reset is pending
  rejects authorization created after its password generation changes
  rejects authorization-code exchange after destructive lifecycle state is requested
  re-renders the reset-password branch when passwords do not match
  records known-device authorization metadata from X-Real-IP
  rechecks login eligibility before TOTP completion creates an authorization
  creates a user session, destroys the auth code, and returns access and refresh tokens
  revokes refresh tokens only for the authenticated OAuth2 client
  does not find refresh tokens for locked or forced-reset users
  creates OAuth2 token sessions without a user agent header
  re-renders the authorize page with an auth token when credentials require MFA
  rechecks OAuth2 enablement before reset completion creates an authorization
  converts fulfilled WebAuthn MFA to a required password reset
  rolls back OAuth code exchange when the password change cannot be attached
  records new-device authorization metadata from X-Real-IP
  falls back to a readable auth error when a symbolic error has no translation
  completes TOTP authentication with a recovery code and disables the device
  does not repeat a completed recovery alert already shown before authorization
  localizes the completed recovery alert using the authorization request
  rejects token refresh after destructive lifecycle state is requested
  creates authorization cookies and SSO metadata
  rejects an authorization code revoked after lookup
  renders keyed auth errors in the requested authorize page language
  keeps the support link while password recovery is disabled
  does not skip MFA on a remembered device when password reset is pending
  renders passkey MFA without automatically starting WebAuthn
  rejects a refresh token revoked after lookup
  renders the authorize page for a valid client
  shows a completed recovery through the current default after its client is deleted

Finished in 56.12 seconds (files took 14.6 seconds to load)
72 examples, 0 failures

Randomized with seed 36063

