error (ignored): SQLite database '/home/aither/.cache/nix/eval-cache-v6/d86f21335d4d632b30a157b6a22582d4d44f0e627e54a5c224f5a6a3b961337b.sqlite' is busy
these 6 derivations will be built:
  /nix/store/33n4g66801yyqaxnby2936pv91lf75hc-gen-bin-stubs.drv
  /nix/store/395kpygsff3nwrvq71wd4h1h0bb8wc72-builder.pl.drv
  /nix/store/zk5dy29qizrwv5y77wlhr63pizqwiynr-ruby3.4-osvm-26.05.0.drv
  /nix/store/wsnmvyy60kr2jnbyngjbaiz25srn1shz-ruby3.4-test-runner-26.05.0.drv
  /nix/store/ijrai0i3adrp89gfd07ybmj1iv5ilp9i-test-runner-deps.drv
  /nix/store/88cifs3zcrd25xqx63h3k5ackdcjdpiw-test-runner.drv
building '/nix/store/395kpygsff3nwrvq71wd4h1h0bb8wc72-builder.pl.drv'...
building '/nix/store/33n4g66801yyqaxnby2936pv91lf75hc-gen-bin-stubs.drv'...
building '/nix/store/zk5dy29qizrwv5y77wlhr63pizqwiynr-ruby3.4-osvm-26.05.0.drv'...
building '/nix/store/wsnmvyy60kr2jnbyngjbaiz25srn1shz-ruby3.4-test-runner-26.05.0.drv'...
building '/nix/store/ijrai0i3adrp89gfd07ybmj1iv5ilp9i-test-runner-deps.drv'...
building '/nix/store/88cifs3zcrd25xqx63h3k5ackdcjdpiw-test-runner.drv'...
this derivation will be built:
  /nix/store/yk95fkqwayb1bqlh2gk287vaag7ndb0h-test-runner-repository-source.drv
building '/nix/store/yk95fkqwayb1bqlh2gk287vaag7ndb0h-test-runner-repository-source.drv'...
The following test scripts will be run:
  alerts/lifetime-and-daily-report

[2026-09-14 13:52:23 +0200] Running 1 scripts of 1 tests, at most 1 tests at a time
[2026-09-14 13:52:23 +0200] Resource detection: memory assigned=94.3 GiB, available-at-start=74.1 GiB, reserve=8.0 GiB, limit=66.1 GiB; shm assigned=47.1 GiB, available-at-start=47.1 GiB, reserve=8.0 GiB, limit=39.1 GiB
[2026-09-14 13:52:23 +0200] Resource limits: memory=0 MiB/66.1 GiB, shm=0 MiB/39.1 GiB, cpus=0/96, running=0
[2026-09-14 13:52:23 +0200] State directory is /tmp/dr-test.Y0gjeo
[2026-09-14 13:52:23 +0200] Reserved resources for 'alerts/lifetime-and-daily-report': machines=2, memory=16.0 GiB, shm=16.0 GiB, cpus=12; pool: memory=16.0 GiB/66.1 GiB, shm=16.0 GiB/39.1 GiB, cpus=12/96, running=1
[2026-09-14 13:52:23 +0200] [1/1] Running test 'alerts/lifetime-and-daily-report' (#default)
[2026-09-14 13:52:53 +0200] Status: passing; 0 succeeded as expected, 0 failed as expected, 0 unexpectedly failed, 0 unexpectedly succeeded; 1 running, 0 remaining
[2026-09-14 13:53:23 +0200] Status: passing; 0 succeeded as expected, 0 failed as expected, 0 unexpectedly failed, 0 unexpectedly succeeded; 1 running, 0 remaining
[2026-09-14 13:53:53 +0200] Status: passing; 0 succeeded as expected, 0 failed as expected, 0 unexpectedly failed, 0 unexpectedly succeeded; 1 running, 0 remaining
[2026-09-14 13:54:23 +0200] Status: passing; 0 succeeded as expected, 0 failed as expected, 0 unexpectedly failed, 0 unexpectedly succeeded; 1 running, 0 remaining
[2026-09-14 13:54:53 +0200] Status: passing; 0 succeeded as expected, 0 failed as expected, 0 unexpectedly failed, 0 unexpectedly succeeded; 1 running, 0 remaining
[2026-09-14 13:55:23 +0200] Status: passing; 0 succeeded as expected, 0 failed as expected, 0 unexpectedly failed, 0 unexpectedly succeeded; 1 running, 0 remaining
[2026-09-14 13:55:53 +0200] Status: passing; 0 succeeded as expected, 0 failed as expected, 0 unexpectedly failed, 0 unexpectedly succeeded; 1 running, 0 remaining
[2026-09-14 13:56:23 +0200] Status: passing; 0 succeeded as expected, 0 failed as expected, 0 unexpectedly failed, 0 unexpectedly succeeded; 1 running, 0 remaining
[2026-09-14 13:56:53 +0200] Status: passing; 0 succeeded as expected, 0 failed as expected, 0 unexpectedly failed, 0 unexpectedly succeeded; 1 running, 0 remaining
[2026-09-14 13:57:23 +0200] Status: passing; 0 succeeded as expected, 0 failed as expected, 0 unexpectedly failed, 0 unexpectedly succeeded; 1 running, 0 remaining
[2026-09-14 13:57:53 +0200] Status: passing; 0 succeeded as expected, 0 failed as expected, 0 unexpectedly failed, 0 unexpectedly succeeded; 1 running, 0 remaining
[2026-09-14 13:58:23 +0200] Status: passing; 0 succeeded as expected, 0 failed as expected, 0 unexpectedly failed, 0 unexpectedly succeeded; 1 running, 0 remaining
[2026-09-14 13:58:53 +0200] Status: passing; 0 succeeded as expected, 0 failed as expected, 0 unexpectedly failed, 0 unexpectedly succeeded; 1 running, 0 remaining
[2026-09-14 13:59:23 +0200] Status: passing; 0 succeeded as expected, 0 failed as expected, 0 unexpectedly failed, 0 unexpectedly succeeded; 1 running, 0 remaining
[2026-09-14 13:59:53 +0200] Status: passing; 0 succeeded as expected, 0 failed as expected, 0 unexpectedly failed, 0 unexpectedly succeeded; 1 running, 0 remaining
[2026-09-14 14:00:23 +0200] Status: passing; 0 succeeded as expected, 0 failed as expected, 0 unexpectedly failed, 0 unexpectedly succeeded; 1 running, 0 remaining
[2026-09-14 14:00:53 +0200] Status: passing; 0 succeeded as expected, 0 failed as expected, 0 unexpectedly failed, 0 unexpectedly succeeded; 1 running, 0 remaining
[2026-09-14 14:01:23 +0200] Status: passing; 0 succeeded as expected, 0 failed as expected, 0 unexpectedly failed, 0 unexpectedly succeeded; 1 running, 0 remaining
[2026-09-14 14:01:53 +0200] Status: passing; 0 succeeded as expected, 0 failed as expected, 0 unexpectedly failed, 0 unexpectedly succeeded; 1 running, 0 remaining
[2026-09-14 14:02:23 +0200] Status: passing; 0 succeeded as expected, 0 failed as expected, 0 unexpectedly failed, 0 unexpectedly succeeded; 1 running, 0 remaining
[2026-09-14 14:02:53 +0200] Status: passing; 0 succeeded as expected, 0 failed as expected, 0 unexpectedly failed, 0 unexpectedly succeeded; 1 running, 0 remaining
[2026-09-14 14:03:13 +0200] [1/1] Example [1/1] 'lifetime and daily report tasks sends expiration warning and daily report mail' succeeded in 93.18 seconds
[2026-09-14 14:03:23 +0200] Status: passing; 0 succeeded as expected, 0 failed as expected, 0 unexpectedly failed, 0 unexpectedly succeeded; 1 running, 0 remaining
[2026-09-14 14:03:37 +0200] [1/1] Test 'alerts/lifetime-and-daily-report' successful in 674.25 seconds
[2026-09-14 14:03:37 +0200] Run 1 test scripts of 1 tests in 674.25 seconds
[2026-09-14 14:03:37 +0200] 1 tests successful
