warning: Git tree '/home/aither/workspace/ai/vpsfree.cz/worktrees/2026-09-12-nfs-cancellation/vpsadminos' is dirty
these 5 derivations will be built:
  /nix/store/yh5g59dyq2aq7d364f7q09zs88pair4c-ruby3.4-libosctl-26.05.0.drv
  /nix/store/icc1gmdgmgxkza7fn14wxcw83jqvhgj7-ruby3.4-osvm-26.05.0.drv
  /nix/store/81pwc3y8p5b5wirpi9gg0hgrwxpzb3g0-ruby3.4-test-runner-26.05.0.drv
  /nix/store/gdxq2y95y4wzalpw6jzxp600pmz77a7g-test-runner-deps.drv
  /nix/store/wlgv2kpyzacz3h9kbj5aj3nzmaz7r5mw-test-runner.drv
building '/nix/store/yh5g59dyq2aq7d364f7q09zs88pair4c-ruby3.4-libosctl-26.05.0.drv'...
building '/nix/store/icc1gmdgmgxkza7fn14wxcw83jqvhgj7-ruby3.4-osvm-26.05.0.drv'...
building '/nix/store/81pwc3y8p5b5wirpi9gg0hgrwxpzb3g0-ruby3.4-test-runner-26.05.0.drv'...
building '/nix/store/gdxq2y95y4wzalpw6jzxp600pmz77a7g-test-runner-deps.drv'...
building '/nix/store/wlgv2kpyzacz3h9kbj5aj3nzmaz7r5mw-test-runner.drv'...
this derivation will be built:
  /nix/store/81sq96y7sss831rq4dazbvjd3hgl6vr3-test-runner-repository-source.drv
building '/nix/store/81sq96y7sss831rq4dazbvjd3hgl6vr3-test-runner-repository-source.drv'...
The following test scripts will be run:
  osctl/nfs-cancellation@6.12.109

[2026-09-12 18:23:34 +0200] Running 1 scripts of 1 tests, at most 1 tests at a time
[2026-09-12 18:23:34 +0200] Resource detection: memory assigned=94.3 GiB, available-at-start=75.2 GiB, reserve=8.0 GiB, limit=67.2 GiB; shm assigned=47.1 GiB, available-at-start=47.1 GiB, reserve=8.0 GiB, limit=39.1 GiB
[2026-09-12 18:23:34 +0200] Resource limits: memory=0 MiB/67.2 GiB, shm=0 MiB/39.1 GiB, cpus=0/96, running=0
[2026-09-12 18:23:34 +0200] State directory is /tmp/nfs-final109.bomw4nry
[2026-09-12 18:23:34 +0200] Reserved resources for 'osctl/nfs-cancellation@6.12.109': machines=1, memory=8.0 GiB, shm=8.0 GiB, cpus=4; pool: memory=8.0 GiB/67.2 GiB, shm=8.0 GiB/39.1 GiB, cpus=4/96, running=1
[2026-09-12 18:23:34 +0200] [1/1] Running test 'osctl/nfs-cancellation@6.12.109' (#default)
[2026-09-12 18:28:34 +0200] Status: passing; 0 succeeded as expected, 0 failed as expected, 0 unexpectedly failed, 0 unexpectedly succeeded; 1 running, 0 remaining
[2026-09-12 18:33:34 +0200] Status: passing; 0 succeeded as expected, 0 failed as expected, 0 unexpectedly failed, 0 unexpectedly succeeded; 1 running, 0 remaining
[2026-09-12 18:34:02 +0200] [1/1] Example [1/45] 'NFSv4 server migration preserves the payload and refreshes RPC links when replacing the server' failed in 114.82 seconds
[2026-09-12 18:35:39 +0200] [1/1] Example [2/45] 'NFS 4.0 retries an outage beyond soft timeout and preserves the payload' succeeded in 81.18 seconds
[2026-09-12 18:36:45 +0200] [1/1] Example [3/45] 'NFS 4.0 cancels shared mounts on forced stop without cancelling another container' succeeded in 66.01 seconds
[2026-09-12 18:37:22 +0200] [1/1] Example [4/45] 'NFS 4.0 cancels a mount already blocked inside the kernel' succeeded in 36.4 seconds
[2026-09-12 18:38:11 +0200] [1/1] Example [5/45] 'NFS 4.0 bounds graceful shutdown with forced fallback during an outage' succeeded in 48.93 seconds
[2026-09-12 18:38:34 +0200] Status: passing; 0 succeeded as expected, 0 failed as expected, 0 unexpectedly failed, 0 unexpectedly succeeded; 1 running, 0 remaining
[2026-09-12 18:39:19 +0200] [1/1] Example [6/45] 'NFS 4.0 cancels a remote lock waiter without releasing another container's lock' succeeded in 68.02 seconds
[2026-09-12 18:41:17 +0200] [1/1] Example [7/45] 'NFS 4.0 cancels an NFS mount in a processless child network namespace' succeeded in 118.33 seconds
[2026-09-12 18:42:14 +0200] [1/1] Example [8/45] 'NFS 4.0 rejects new mounts and descendants after host terminal cancellation' succeeded in 56.73 seconds
[2026-09-12 18:43:18 +0200] [1/1] Example [9/45] 'NFS 4.0 restores cancellation handles after osctld restarts' succeeded in 64.26 seconds
[2026-09-12 18:43:34 +0200] Status: passing; 0 succeeded as expected, 0 failed as expected, 0 unexpectedly failed, 0 unexpectedly succeeded; 1 running, 0 remaining
[2026-09-12 18:44:18 +0200] [1/1] Example [10/45] 'NFS 4.0 finishes unexpected init exit while NFS is unreachable' succeeded in 59.69 seconds
[2026-09-12 18:45:04 +0200] [1/1] Example [11/45] 'NFS 4.0 finishes dirty PID1 exit (restore original namespaces: false)' succeeded in 46.65 seconds
[2026-09-12 18:46:12 +0200] [1/1] Example [12/45] 'NFS 4.0 finishes dirty PID1 exit (restore original namespaces: true)' succeeded in 67.66 seconds
[2026-09-12 18:48:13 +0200] [1/1] Example [13/45] 'NFS 4.1 retries an outage beyond soft timeout and preserves the payload' succeeded in 82.24 seconds
[2026-09-12 18:48:34 +0200] Status: passing; 0 succeeded as expected, 0 failed as expected, 0 unexpectedly failed, 0 unexpectedly succeeded; 1 running, 0 remaining
[2026-09-12 18:49:19 +0200] [1/1] Example [14/45] 'NFS 4.1 cancels shared mounts on forced stop without cancelling another container' succeeded in 65.85 seconds
[2026-09-12 18:49:56 +0200] [1/1] Example [15/45] 'NFS 4.1 cancels a mount already blocked inside the kernel' succeeded in 36.47 seconds
[2026-09-12 18:50:45 +0200] [1/1] Example [16/45] 'NFS 4.1 bounds graceful shutdown with forced fallback during an outage' succeeded in 49.13 seconds
[2026-09-12 18:52:15 +0200] [1/1] Example [17/45] 'NFS 4.1 cancels a remote lock waiter without releasing another container's lock' succeeded in 90.2 seconds
[2026-09-12 18:53:34 +0200] Status: passing; 0 succeeded as expected, 0 failed as expected, 0 unexpectedly failed, 0 unexpectedly succeeded; 1 running, 0 remaining
[2026-09-12 18:53:54 +0200] [1/1] Example [18/45] 'NFS 4.1 cancels an NFS mount in a processless child network namespace' succeeded in 99.27 seconds
[2026-09-12 18:54:54 +0200] [1/1] Example [19/45] 'NFS 4.1 rejects new mounts and descendants after host terminal cancellation' succeeded in 59.34 seconds
[2026-09-12 18:55:51 +0200] [1/1] Example [20/45] 'NFS 4.1 restores cancellation handles after osctld restarts' succeeded in 57.37 seconds
[2026-09-12 18:56:37 +0200] [1/1] Example [21/45] 'NFS 4.1 finishes unexpected init exit while NFS is unreachable' succeeded in 45.88 seconds
[2026-09-12 18:57:17 +0200] [1/1] Example [22/45] 'NFS 4.1 finishes dirty PID1 exit (restore original namespaces: false)' succeeded in 40.05 seconds
[2026-09-12 18:58:05 +0200] [1/1] Example [23/45] 'NFS 4.1 finishes dirty PID1 exit (restore original namespaces: true)' succeeded in 47.97 seconds
[2026-09-12 18:58:34 +0200] Status: passing; 0 succeeded as expected, 0 failed as expected, 0 unexpectedly failed, 0 unexpectedly succeeded; 1 running, 0 remaining
[2026-09-12 18:59:49 +0200] [1/1] Example [24/45] 'NFS 3 retries an outage beyond soft timeout and preserves the payload' succeeded in 76.8 seconds
[2026-09-12 19:00:46 +0200] [1/1] Example [25/45] 'NFS 3 cancels shared mounts on forced stop without cancelling another container' succeeded in 56.2 seconds
[2026-09-12 19:01:46 +0200] [1/1] Example [26/45] 'NFS 3 cancels a mount already blocked inside the kernel' succeeded in 60.22 seconds
[2026-09-12 19:02:33 +0200] [1/1] Example [27/45] 'NFS 3 bounds graceful shutdown with forced fallback during an outage' succeeded in 47.5 seconds
[2026-09-12 19:03:34 +0200] Status: passing; 0 succeeded as expected, 0 failed as expected, 0 unexpectedly failed, 0 unexpectedly succeeded; 1 running, 0 remaining
[2026-09-12 19:03:54 +0200] [1/1] Example [28/45] 'NFS 3 cancels a remote lock waiter without releasing another container's lock' succeeded in 80.48 seconds
[2026-09-12 19:05:30 +0200] [1/1] Example [29/45] 'NFS 3 cancels an NFS mount in a processless child network namespace' succeeded in 95.84 seconds
[2026-09-12 19:06:17 +0200] [1/1] Example [30/45] 'NFS 3 rejects new mounts and descendants after host terminal cancellation' succeeded in 47.61 seconds
[2026-09-12 19:08:04 +0200] [1/1] Example [31/45] 'NFS 3 restores cancellation handles after osctld restarts' succeeded in 107.2 seconds
[2026-09-12 19:08:34 +0200] Status: passing; 0 succeeded as expected, 0 failed as expected, 0 unexpectedly failed, 0 unexpectedly succeeded; 1 running, 0 remaining
[2026-09-12 19:09:03 +0200] [1/1] Example [32/45] 'NFS 3 finishes unexpected init exit while NFS is unreachable' succeeded in 59.03 seconds
[2026-09-12 19:09:49 +0200] [1/1] Example [33/45] 'NFS 3 finishes dirty PID1 exit (restore original namespaces: false)' succeeded in 45.67 seconds
[2026-09-12 19:10:45 +0200] [1/1] Example [34/45] 'NFS 3 finishes dirty PID1 exit (restore original namespaces: true)' succeeded in 55.97 seconds
[2026-09-12 19:12:54 +0200] [1/1] Example [35/45] 'NFS 4.2 retries an outage beyond soft timeout and preserves the payload' succeeded in 88.88 seconds
[2026-09-12 19:13:34 +0200] Status: passing; 0 succeeded as expected, 0 failed as expected, 0 unexpectedly failed, 0 unexpectedly succeeded; 1 running, 0 remaining
[2026-09-12 19:14:14 +0200] [1/1] Example [36/45] 'NFS 4.2 cancels shared mounts on forced stop without cancelling another container' succeeded in 80.56 seconds
[2026-09-12 19:15:05 +0200] [1/1] Example [37/45] 'NFS 4.2 cancels a mount already blocked inside the kernel' succeeded in 50.42 seconds
[2026-09-12 19:16:09 +0200] [1/1] Example [38/45] 'NFS 4.2 bounds graceful shutdown with forced fallback during an outage' succeeded in 64.56 seconds
[2026-09-12 19:17:44 +0200] [1/1] Example [39/45] 'NFS 4.2 cancels a remote lock waiter without releasing another container's lock' succeeded in 94.9 seconds
[2026-09-12 19:18:34 +0200] Status: passing; 0 succeeded as expected, 0 failed as expected, 0 unexpectedly failed, 0 unexpectedly succeeded; 1 running, 0 remaining
[2026-09-12 19:19:47 +0200] [1/1] Example [40/45] 'NFS 4.2 cancels an NFS mount in a processless child network namespace' succeeded in 122.98 seconds
[2026-09-12 19:20:50 +0200] [1/1] Example [41/45] 'NFS 4.2 rejects new mounts and descendants after host terminal cancellation' succeeded in 63.38 seconds
[2026-09-12 19:22:27 +0200] [1/1] Example [42/45] 'NFS 4.2 restores cancellation handles after osctld restarts' succeeded in 96.69 seconds
[2026-09-12 19:23:27 +0200] [1/1] Example [43/45] 'NFS 4.2 finishes unexpected init exit while NFS is unreachable' succeeded in 59.95 seconds
[2026-09-12 19:23:34 +0200] Status: passing; 0 succeeded as expected, 0 failed as expected, 0 unexpectedly failed, 0 unexpectedly succeeded; 1 running, 0 remaining
[2026-09-12 19:24:15 +0200] [1/1] Example [44/45] 'NFS 4.2 finishes dirty PID1 exit (restore original namespaces: false)' succeeded in 48.04 seconds
[2026-09-12 19:25:13 +0200] [1/1] Example [45/45] 'NFS 4.2 finishes dirty PID1 exit (restore original namespaces: true)' succeeded in 58.04 seconds
[2026-09-12 19:25:58 +0200] [1/1] Test 'osctl/nfs-cancellation@6.12.109' failed after 3744.07 seconds, see /tmp/nfs-final109.bomw4nry/os-test-osctl__nfs-cancellation__6.12.109-66bcc98c
[2026-09-12 19:25:58 +0200] Run 1 test scripts of 1 tests in 3744.08 seconds
[2026-09-12 19:25:58 +0200] 1 tests should have succeeded, but failed
[2026-09-12 19:25:58 +0200] Unexpectedly failed test scripts:
[2026-09-12 19:25:58 +0200]   osctl/nfs-cancellation@6.12.109

error: one or more tests did not have expected results
