warning: Git tree '/home/aither/workspace/ai/vpsfree.cz/worktrees/2026-09-29-portal-performance/dev-workspace' is dirty
evaluation warning: 'system' has been renamed to/replaced by 'stdenv.hostPlatform.system'
copying path '/nix/store/akq5azpip8xzarlxqxis02lg2zz3hmcb-source' from 'https://cache.numtide.com'...
copying path '/nix/store/f389m0vzp8hbm7pcgc6x8vwg3bm3mz7y-source' from 'https://cache.numtide.com'...
copying path '/nix/store/9iv83r72z5xwgylkwms1qip1ijnr6jqs-source' from 'https://cache.numtide.com'...
copying path '/nix/store/7sjy8935654h3220n5gbaclf5nfw4nzx-source' from 'https://cache.numtide.com'...
copying path '/nix/store/yj1wxm9hh8610iyzqnz75kvs6xl8j3my-source' from 'https://cache.numtide.com'...
these 6 derivations will be built:
  /nix/store/xi1ig0gi01c6ddl4xx8kja9z4rwnc99n-workspace-repository-review-assets-1.0.0-npm-deps.drv
  /nix/store/8q2z94mf32mv0j8wxlsshm805xlfysi9-workspace-repository-review-assets-1.0.0.drv
  /nix/store/f5zr4x7p8zzy5h4i2bhx0czyfbc8zx97-dev-workspace-0.2.0-go-modules.drv
  /nix/store/fy8v9xb7vfjhgybmala7vrh6bx9yfp43-dev-workspace-package.json.drv
  /nix/store/isrby94ripcqq8wdww6nwynxd3zah0am-dev-workspace-extensions.json.drv
  /nix/store/kcivrba29v7hrq8rjlq24fq4jnbsxd70-dev-workspace-0.2.0.drv
these 21 paths will be fetched (2.1 MiB download, 67.5 MiB unpacked):
  /nix/store/x31m4jm0nncql206nb82y4vr7i5qhwn1-bash-interactive-5.3p9-dev
  /nix/store/sil9g4ywskv2xf8kjz0i8ibqbc3vfq82-die-hook
  /nix/store/qicb9wk67c30wwplxlpx3a2f44bzrmmm-file-5.47
  /nix/store/g14fri80i39za36cqhi5pxrprnwp0kaj-git-minimal-2.54.0
  /nix/store/zdw32wbs1kgbwy9xiy6vss0748snc6rq-gnu-config-2024-01-01
  /nix/store/v2i3m4k78qypvizq4igm1izik677c47p-install-shell-files
  /nix/store/k0fp99fy7jax071p17hmwbbi60b8h3gf-jq-1.8.2-dev
  /nix/store/bnpp6hwrlvcdyijh5fpqyn13m11sy8rp-make-shell-wrapper-hook
  /nix/store/vqx34n14yfdalm5s4wy27r7nszpqjq80-nodejs-24.19.0-source
  /nix/store/j6jxwclhmyg6fig1id205nxy2r37qjz1-nodejs-install-executables
  /nix/store/pidi7y7vahin26j8gbhlfxlylzffkrv9-nodejs-install-manuals
  /nix/store/6vzn8vnmblh54l1919anm8367x89bry1-npm-build-hook
  /nix/store/cxi6ijhqcgrfr9f49p59ffhx0pmyr5jq-npm-config-hook
  /nix/store/iv1lryg8qsk9rfm9hs3g6kyb34jzgydz-npm-install-hook
  /nix/store/4vyxba4g4palzf88c3ibbabzagqhlrj8-patchelf-0.15.2
  /nix/store/iwh5cb5i5xxqad0mpyf8anjbwmvm90jl-prefetch-npm-deps-0.1.0
  /nix/store/843sqza79ns6k8n7sykxwmy04s741jzn-stdenv-linux
  /nix/store/mhmv0p4sqvfxsyxx58y6qx9zqfzyas1w-stdenv-linux
  /nix/store/18xz9mrp7b0cjn5xvka4bpcsgiln7inw-update-autotools-gnu-config-scripts-hook
  /nix/store/1b0rf1yjswz6wy47wqnsjf7fr64198kg-util-linux-2.42.2
  /nix/store/fc06kw42kmdp3kqnp9dwvl10c5q1rz4q-util-linux-2.42.2-dev
copying path '/nix/store/sil9g4ywskv2xf8kjz0i8ibqbc3vfq82-die-hook' from 'https://cache.nixos.org'...
copying path '/nix/store/1b0rf1yjswz6wy47wqnsjf7fr64198kg-util-linux-2.42.2' from 'https://cache.numtide.com'...
copying path '/nix/store/x31m4jm0nncql206nb82y4vr7i5qhwn1-bash-interactive-5.3p9-dev' from 'https://cache.nixos.org'...
copying path '/nix/store/zdw32wbs1kgbwy9xiy6vss0748snc6rq-gnu-config-2024-01-01' from 'https://cache.nixos.org'...
copying path '/nix/store/k0fp99fy7jax071p17hmwbbi60b8h3gf-jq-1.8.2-dev' from 'https://cache.nixos.org'...
copying path '/nix/store/qicb9wk67c30wwplxlpx3a2f44bzrmmm-file-5.47' from 'https://cache.nixos.org'...
copying path '/nix/store/4vyxba4g4palzf88c3ibbabzagqhlrj8-patchelf-0.15.2' from 'https://cache.nixos.org'...
copying path '/nix/store/6vzn8vnmblh54l1919anm8367x89bry1-npm-build-hook' from 'https://cache.nixos.org'...
copying path '/nix/store/v2i3m4k78qypvizq4igm1izik677c47p-install-shell-files' from 'https://cache.nixos.org'...
copying path '/nix/store/g14fri80i39za36cqhi5pxrprnwp0kaj-git-minimal-2.54.0' from 'https://cache.numtide.com'...
copying path '/nix/store/vqx34n14yfdalm5s4wy27r7nszpqjq80-nodejs-24.19.0-source' from 'https://cache.nixos.org'...
copying path '/nix/store/iwh5cb5i5xxqad0mpyf8anjbwmvm90jl-prefetch-npm-deps-0.1.0' from 'https://cache.nixos.org'...
copying path '/nix/store/bnpp6hwrlvcdyijh5fpqyn13m11sy8rp-make-shell-wrapper-hook' from 'https://cache.nixos.org'...
copying path '/nix/store/18xz9mrp7b0cjn5xvka4bpcsgiln7inw-update-autotools-gnu-config-scripts-hook' from 'https://cache.nixos.org'...
copying path '/nix/store/fc06kw42kmdp3kqnp9dwvl10c5q1rz4q-util-linux-2.42.2-dev' from 'https://cache.numtide.com'...
copying path '/nix/store/pidi7y7vahin26j8gbhlfxlylzffkrv9-nodejs-install-manuals' from 'https://cache.nixos.org'...
copying path '/nix/store/j6jxwclhmyg6fig1id205nxy2r37qjz1-nodejs-install-executables' from 'https://cache.nixos.org'...
copying path '/nix/store/iv1lryg8qsk9rfm9hs3g6kyb34jzgydz-npm-install-hook' from 'https://cache.nixos.org'...
copying path '/nix/store/mhmv0p4sqvfxsyxx58y6qx9zqfzyas1w-stdenv-linux' from 'https://cache.nixos.org'...
copying path '/nix/store/843sqza79ns6k8n7sykxwmy04s741jzn-stdenv-linux' from 'https://cache.nixos.org'...
building '/nix/store/isrby94ripcqq8wdww6nwynxd3zah0am-dev-workspace-extensions.json.drv'...
building '/nix/store/fy8v9xb7vfjhgybmala7vrh6bx9yfp43-dev-workspace-package.json.drv'...
building '/nix/store/xi1ig0gi01c6ddl4xx8kja9z4rwnc99n-workspace-repository-review-assets-1.0.0-npm-deps.drv'...
copying path '/nix/store/cxi6ijhqcgrfr9f49p59ffhx0pmyr5jq-npm-config-hook' from 'https://cache.nixos.org'...
building '/nix/store/8q2z94mf32mv0j8wxlsshm805xlfysi9-workspace-repository-review-assets-1.0.0.drv'...
building '/nix/store/f5zr4x7p8zzy5h4i2bhx0czyfbc8zx97-dev-workspace-0.2.0-go-modules.drv'...
error: hash mismatch in fixed-output derivation '/nix/store/f5zr4x7p8zzy5h4i2bhx0czyfbc8zx97-dev-workspace-0.2.0-go-modules.drv':
         specified: sha256-AAAAAAAAAAAAAAAAAAAAAAAAAAAAAAAAAAAAAAAAAAA=
            got:    sha256-cIoUdBzH8QBjyYSU7WQ/TdLFVwsWaU8lDEU3oQm2mEI=
error: Cannot build '/nix/store/kcivrba29v7hrq8rjlq24fq4jnbsxd70-dev-workspace-0.2.0.drv'.
       Reason: 1 dependency failed.
       Output paths:
         /nix/store/4lq40ay1pszwgy1c96w5mwsbcsk2k2a1-dev-workspace-0.2.0
