evaluation warning: 'system' has been renamed to/replaced by 'stdenv.hostPlatform.system'
copying path '/nix/store/akq5azpip8xzarlxqxis02lg2zz3hmcb-source' from 'https://cache.numtide.com'...
copying path '/nix/store/f389m0vzp8hbm7pcgc6x8vwg3bm3mz7y-source' from 'https://cache.numtide.com'...
copying path '/nix/store/9iv83r72z5xwgylkwms1qip1ijnr6jqs-source' from 'https://cache.numtide.com'...
copying path '/nix/store/7sjy8935654h3220n5gbaclf5nfw4nzx-source' from 'https://cache.numtide.com'...
copying path '/nix/store/yj1wxm9hh8610iyzqnz75kvs6xl8j3my-source' from 'https://cache.numtide.com'...
these 25 derivations will be built:
  /nix/store/0awjdqpd04z1h2gfkajd4fnp0rjf20id-dw_4c9e883bf5ba701c52719b5fa1458f4b6cf3e576de8d4b14.toml.drv
  /nix/store/3501gnkrbq8dzjspzcbchpgdvz0768gx-dw_295f6c25b9f34e4e1f59eb9921fcda646207210631a4b9db.toml.drv
  /nix/store/423q1wz46i5gniigalclvj2qw02nal8y-dw_3bf40c510ef9e3f6c55a12790970292c3ccdbf85bfa2c729.toml.drv
  /nix/store/5dvzw8v91r4wxbz7hqhjiprzfh0c32yf-dw_83fe53b12b7d1ad08627e69b86f519e8bda916cf08571386.toml.drv
  /nix/store/h2rhribgvdi95zgyys88wmvfdb15jyba-workspace-repository-review-assets-1.0.0-npm-deps.drv
  /nix/store/vwkvpcfcixddwy21l2w6pwl4i6jaal9f-workspace-repository-review-assets-1.0.0.drv
  /nix/store/6nls9zvw6nlwikbaf19869hg52pwqk9w-dev-workspace-0.2.0-go-modules.drv
  /nix/store/6zyng5lqld4m29i9gmnxxg0gqnc9n8xj-dev-workspace-package.json.drv
  /nix/store/8xjrn9ald00b2gfb436j57k5cjyz4iqv-dw_29fa38fd5447b762738c522bb400cbc799831c38d7d291b0.toml.drv
  /nix/store/a8gz98s2hhkrp018qdik1bjqrl5d1j3k-dw_7fb3c4c07592c85fd82d5dd7dd398681043fdef844a21572.toml.drv
  /nix/store/cypx4rimpq31zf5vxsnbr0zzd7yl35y9-dw_67f82255095266abd796d36dafda92e8f3192315f82b47f9.toml.drv
  /nix/store/f6zza0ajzgz9b6s1wzm5bm562z73lv5d-dw_8cdea63c63b28de88b556aa5c3cab6d7bde4523f0bdea793.toml.drv
  /nix/store/g30bvcxm0mhg07zkksbl520har9aqj2j-vpsfree-dev-workspace-tools-0.1.0.drv
  /nix/store/glf7ziwdins2r7mh7ix0jqkhkj0ba3dw-dw_c1d02bb3fae57f87f85504cf0d607e3a1cd225efb0232a43.toml.drv
  /nix/store/gvrwjlpad8naaxa5jdkrglh934s0jrdv-dw_fa6b6b7a5e94e459bdd606da9105b269ca9665b0cf4f9e50.toml.drv
  /nix/store/hkl7wvfdgpgyvxk4682x8py7nlkbw9dv-dw_bb1bdf6ab8e0fa7967f06e85bfeb47aa62c030b8440a804a.toml.drv
  /nix/store/imargc2by6gqpkvxvyzji18mlbkvsvka-dw_f0273b5c7d3451072846a6d299d03f86284741ea0abbbb9c.toml.drv
  /nix/store/iy80hj7fz0ljysbmnc2g37izr82c5b94-dev-workspace-agent-teams.json.drv
  /nix/store/n954w47dnr8g0ihyh7zf0b5cj15z4gxz-dw_c3c1676834ad3bf729a0d400f1e6b9dde1c83ea81d1a4ea6.toml.drv
  /nix/store/prp457zhm4qmkk1da9mmzjy7bx9k71n3-dw_fd314185578062f295457169c06ccc382352e19da6d80ffb.toml.drv
  /nix/store/rhg1qxkc2xaa4icnblkv527f83lhgx3k-dw_24ad4910f6f445e596ed07d3e6309957b6c8572f2911c3b5.toml.drv
  /nix/store/xjjf5xr1p0k52lcxzsall7lx26ggrxdi-dw_5dda2355b0e09bc0b93fab1a8bd48f2b811bdc995aedc239.toml.drv
  /nix/store/y0xf37zb0x1ric46284i20baw4apy0mh-dw_1ad33e3e505444cb7566382de18a75b79599d1bbb8072005.toml.drv
  /nix/store/ycagcf73522jga9vg5j8j6xqml84jif0-dev-workspace-extensions.json.drv
  /nix/store/01ms4c6mfvc7mkly3yqja0b9c2k2shp4-dev-workspace-0.2.0.drv
these 19 paths will be fetched (1.4 MiB download, 56.8 MiB unpacked):
  /nix/store/zhmahlflynb8hc8zcz82zpni4sbhf605-bash-interactive-5.3p9-dev
  /nix/store/qqlrkblzhy8mkrrgz5d1vaxn14v98d0r-die-hook
  /nix/store/c27ahk18r9gd3znhhpgxvxggzcrw6l2x-git-minimal-2.54.0
  /nix/store/finpdyscmk3xzcvrp6yxhxkwa6xqnwdp-gnu-config-2024-01-01
  /nix/store/23b28m04pxhn5qamkz76lpikcvby71da-install-shell-files
  /nix/store/bzk2jf62ksz06jqlkz9bf7xk8iidhcwk-jq-1.8.2-dev
  /nix/store/bpjwzx5qrfcpfnnl18nj6xxx6mpm5bqm-make-shell-wrapper-hook
  /nix/store/jdskah3jvywlmfiafsn65syqq1p4br0i-nodejs-24.19.0-source
  /nix/store/xwh7mi292qd8apskdqwfg3rw3hcj5ph9-nodejs-install-executables
  /nix/store/b7v7jabsv5mqvpwy50fjallz793b80pj-nodejs-install-manuals
  /nix/store/y45rb41c4h4lggpwn0c543chxlnarx8l-npm-build-hook
  /nix/store/szzbvhh9giabk93yklzj4bxk300fawmr-npm-config-hook
  /nix/store/zh71y4041qcgqdk86dj5acraf1gkyjjg-npm-install-hook
  /nix/store/fnvs9k66nprlq7fgkbrvad7nfrka82b5-prefetch-npm-deps-0.1.0
  /nix/store/99v98l4khhp1yib367g1bxgx8frmp9hs-stdenv-linux
  /nix/store/fbrmzbsak0m5kx8is8i71igsnwmhxs9q-stdenv-linux
  /nix/store/glpgfn5wqqvbq02jk18sdm3qxq41k2d5-update-autotools-gnu-config-scripts-hook
  /nix/store/pbc57ybfzbq09nqvh6h50qb994i4mqvc-util-linux-2.42.2
  /nix/store/y5hh21qmrqj0jgppmn0q2ln99aknkg1d-util-linux-2.42.2-dev
copying path '/nix/store/qqlrkblzhy8mkrrgz5d1vaxn14v98d0r-die-hook' from 'https://cache.numtide.com'...
copying path '/nix/store/pbc57ybfzbq09nqvh6h50qb994i4mqvc-util-linux-2.42.2' from 'https://cache.numtide.com'...
copying path '/nix/store/zhmahlflynb8hc8zcz82zpni4sbhf605-bash-interactive-5.3p9-dev' from 'https://cache.nixos.org'...
copying path '/nix/store/finpdyscmk3xzcvrp6yxhxkwa6xqnwdp-gnu-config-2024-01-01' from 'https://cache.numtide.com'...
copying path '/nix/store/bzk2jf62ksz06jqlkz9bf7xk8iidhcwk-jq-1.8.2-dev' from 'https://cache.numtide.com'...
copying path '/nix/store/y45rb41c4h4lggpwn0c543chxlnarx8l-npm-build-hook' from 'https://cache.nixos.org'...
copying path '/nix/store/23b28m04pxhn5qamkz76lpikcvby71da-install-shell-files' from 'https://cache.numtide.com'...
copying path '/nix/store/c27ahk18r9gd3znhhpgxvxggzcrw6l2x-git-minimal-2.54.0' from 'https://cache.numtide.com'...
copying path '/nix/store/jdskah3jvywlmfiafsn65syqq1p4br0i-nodejs-24.19.0-source' from 'https://cache.nixos.org'...
copying path '/nix/store/fnvs9k66nprlq7fgkbrvad7nfrka82b5-prefetch-npm-deps-0.1.0' from 'https://cache.nixos.org'...
copying path '/nix/store/bpjwzx5qrfcpfnnl18nj6xxx6mpm5bqm-make-shell-wrapper-hook' from 'https://cache.numtide.com'...
copying path '/nix/store/y5hh21qmrqj0jgppmn0q2ln99aknkg1d-util-linux-2.42.2-dev' from 'https://cache.numtide.com'...
copying path '/nix/store/glpgfn5wqqvbq02jk18sdm3qxq41k2d5-update-autotools-gnu-config-scripts-hook' from 'https://cache.numtide.com'...
copying path '/nix/store/99v98l4khhp1yib367g1bxgx8frmp9hs-stdenv-linux' from 'https://cache.numtide.com'...
copying path '/nix/store/fbrmzbsak0m5kx8is8i71igsnwmhxs9q-stdenv-linux' from 'https://cache.numtide.com'...
copying path '/nix/store/xwh7mi292qd8apskdqwfg3rw3hcj5ph9-nodejs-install-executables' from 'https://cache.nixos.org'...
copying path '/nix/store/b7v7jabsv5mqvpwy50fjallz793b80pj-nodejs-install-manuals' from 'https://cache.nixos.org'...
copying path '/nix/store/zh71y4041qcgqdk86dj5acraf1gkyjjg-npm-install-hook' from 'https://cache.nixos.org'...
building '/nix/store/iy80hj7fz0ljysbmnc2g37izr82c5b94-dev-workspace-agent-teams.json.drv'...
building '/nix/store/6zyng5lqld4m29i9gmnxxg0gqnc9n8xj-dev-workspace-package.json.drv'...
building '/nix/store/y0xf37zb0x1ric46284i20baw4apy0mh-dw_1ad33e3e505444cb7566382de18a75b79599d1bbb8072005.toml.drv'...
building '/nix/store/rhg1qxkc2xaa4icnblkv527f83lhgx3k-dw_24ad4910f6f445e596ed07d3e6309957b6c8572f2911c3b5.toml.drv'...
building '/nix/store/3501gnkrbq8dzjspzcbchpgdvz0768gx-dw_295f6c25b9f34e4e1f59eb9921fcda646207210631a4b9db.toml.drv'...
building '/nix/store/8xjrn9ald00b2gfb436j57k5cjyz4iqv-dw_29fa38fd5447b762738c522bb400cbc799831c38d7d291b0.toml.drv'...
building '/nix/store/423q1wz46i5gniigalclvj2qw02nal8y-dw_3bf40c510ef9e3f6c55a12790970292c3ccdbf85bfa2c729.toml.drv'...
building '/nix/store/0awjdqpd04z1h2gfkajd4fnp0rjf20id-dw_4c9e883bf5ba701c52719b5fa1458f4b6cf3e576de8d4b14.toml.drv'...
building '/nix/store/xjjf5xr1p0k52lcxzsall7lx26ggrxdi-dw_5dda2355b0e09bc0b93fab1a8bd48f2b811bdc995aedc239.toml.drv'...
building '/nix/store/cypx4rimpq31zf5vxsnbr0zzd7yl35y9-dw_67f82255095266abd796d36dafda92e8f3192315f82b47f9.toml.drv'...
building '/nix/store/a8gz98s2hhkrp018qdik1bjqrl5d1j3k-dw_7fb3c4c07592c85fd82d5dd7dd398681043fdef844a21572.toml.drv'...
building '/nix/store/5dvzw8v91r4wxbz7hqhjiprzfh0c32yf-dw_83fe53b12b7d1ad08627e69b86f519e8bda916cf08571386.toml.drv'...
building '/nix/store/f6zza0ajzgz9b6s1wzm5bm562z73lv5d-dw_8cdea63c63b28de88b556aa5c3cab6d7bde4523f0bdea793.toml.drv'...
building '/nix/store/hkl7wvfdgpgyvxk4682x8py7nlkbw9dv-dw_bb1bdf6ab8e0fa7967f06e85bfeb47aa62c030b8440a804a.toml.drv'...
building '/nix/store/glf7ziwdins2r7mh7ix0jqkhkj0ba3dw-dw_c1d02bb3fae57f87f85504cf0d607e3a1cd225efb0232a43.toml.drv'...
building '/nix/store/n954w47dnr8g0ihyh7zf0b5cj15z4gxz-dw_c3c1676834ad3bf729a0d400f1e6b9dde1c83ea81d1a4ea6.toml.drv'...
building '/nix/store/imargc2by6gqpkvxvyzji18mlbkvsvka-dw_f0273b5c7d3451072846a6d299d03f86284741ea0abbbb9c.toml.drv'...
building '/nix/store/gvrwjlpad8naaxa5jdkrglh934s0jrdv-dw_fa6b6b7a5e94e459bdd606da9105b269ca9665b0cf4f9e50.toml.drv'...
building '/nix/store/prp457zhm4qmkk1da9mmzjy7bx9k71n3-dw_fd314185578062f295457169c06ccc382352e19da6d80ffb.toml.drv'...
building '/nix/store/g30bvcxm0mhg07zkksbl520har9aqj2j-vpsfree-dev-workspace-tools-0.1.0.drv'...
building '/nix/store/h2rhribgvdi95zgyys88wmvfdb15jyba-workspace-repository-review-assets-1.0.0-npm-deps.drv'...
copying path '/nix/store/szzbvhh9giabk93yklzj4bxk300fawmr-npm-config-hook' from 'https://cache.nixos.org'...
building '/nix/store/vwkvpcfcixddwy21l2w6pwl4i6jaal9f-workspace-repository-review-assets-1.0.0.drv'...
building '/nix/store/ycagcf73522jga9vg5j8j6xqml84jif0-dev-workspace-extensions.json.drv'...
building '/nix/store/6nls9zvw6nlwikbaf19869hg52pwqk9w-dev-workspace-0.2.0-go-modules.drv'...
building '/nix/store/01ms4c6mfvc7mkly3yqja0b9c2k2shp4-dev-workspace-0.2.0.drv'...
candidate=/nix/store/bn4wz9lbvikp8bkfv10xaw8i4v9ffzl4-dev-workspace-0.2.0
