Command: nix develop --command confctl build --yes cz.vpsfree/containers/prg/int.mon1
Revision: 7e32833aca1cb65902b50f61eb76dd1022691591

Observed complete command output:

confctl config dev shell ready (tools)
Skipping swpins auto updates for flake config
Skipping swpins checks for flake config
Evaluating inputs for 1 machines...

Machines will be built in 1 groups

Build log: /home/aither/workspace/ai/vpsfree.cz/worktrees/2026-10-03-newadmin-http-check/vpsfree-cz-configuration/.confctl/logs/2026-10-03--20-47-05-confctl-build.log

Building machines
  cz.vpsfree/containers/prg/int.mon1
with inputs
Command: confctl build --yes cz.vpsfree/containers/prg/int.mon1
Build group: 1/1 (1 machines)
Full log:    .confctl/logs/2026-10-03--20-47-05-confctl-build.log

[build] 1/13 /nix/store/91nx72ciiv5ng1if638kz6k1z5cf5ajf-etc-confctl-configuration-info.json.drv
[build] 2/13 /nix/store/r7pqvnbv4dmy2yww7j3m1aqi3nwmzn8l-blackbox.yml.drv
[build] 3/13 /nix/store/kdlhqrbp5h0yd2iifly1ryxslnc7fq56-prometheus-rules.drv
[build] 4/13 /nix/store/xjhgf5s8cn6imxfbxgv7cid65zb8p65k-checked-blackbox-exporter.conf.drv
[build] 5/13 /nix/store/zakpky187rjfnmws23gmqcrsgmk65iw2-rules-checkrules-checked.drv
[build] 6/13 /nix/store/xxsrcgxlvjw83cd214qqsn4m172sngbm-unit-prometheus-blackbox-exporter.service.drv
[build] 7/13 /nix/store/j13kfhibzc5bh4km29h9hjm5k81ag8rq-prometheus.yml.drv
[build] 8/13 /nix/store/awpc4mlinimhhv6vpmxk4k4l7am628sa-prometheus.yml-checkconfig-checked.drv
[build] 9/13 /nix/store/755cx2sq5gzbiymkwpdxiwd9qi89awcv-unit-prometheus.service.drv
[build] 10/13 /nix/store/izr9s8hj49lblcxp4pw75k1bzxnm948z-system-units.drv
[build] 11/13 /nix/store/4r37mj8akpg6cjm14m7rg6hih5hiwy2f-etc.drv
[build] 12/13 /nix/store/9nqsvvmr0q60bhnk0p17wxi31jy8cf5l-activate.drv
[build] 13/13 /nix/store/qxigg0j5k6j2hc34kmbmcgvcs7i64va8-nixos-system-mon1-26.05.20261002.774debe.drv

Built generations:
2026-10-03--20-47-18
  cz.vpsfree/containers/prg/int.mon1
