
confctl config dev shell ready (tools)
Skipping swpins auto updates for flake config
Skipping swpins checks for flake config
Evaluating inputs for 1 machines...

Machines will be built in 1 groups

Build log: /home/aither/workspace/ai/vpsfree.cz/worktrees/2026-10-03-newadmin-http-check/vpsfree-cz-configuration/.confctl/logs/2026-10-03--20-51-39-confctl-build.log

Building machines
  cz.vpsfree/containers/prg/int.mon2
with inputs
Command: confctl build --yes cz.vpsfree/containers/prg/int.mon2
Build group: 1/1 (1 machines)
Full log:    .confctl/logs/2026-10-03--20-51-39-confctl-build.log

[build] 1/7 /nix/store/zrmwlp7kv8b7xn3zxdj1mx81v27k2hy4-prometheus.yml.drv
[build] 2/7 /nix/store/w4z9a3hmfk3z98fm2afb4np1wn76flzw-prometheus.yml-checkconfig-checked.drv
[build] 3/7 /nix/store/92rrcfvx686r87v2xk1bgj0xgvrx47h0-unit-prometheus.service.drv
[build] 4/7 /nix/store/0vhwn2b5kzpxmcjijwx13qbpnadz4s0m-system-units.drv
[build] 5/7 /nix/store/zzdkc795wdv8xdgn63xcphhq7r01s40q-etc.drv
[build] 6/7 /nix/store/qk2pbv1rgpahn1q6i6iii15ab5lmclhj-activate.drv
[build] 7/7 /nix/store/cwcz1bjjpn6zcim8s259mrx8p377mhjx-nixos-system-mon2-26.05.20261002.774debe.drv

Built generations:
2026-10-03--20-51-51
  cz.vpsfree/containers/prg/int.mon2
