Refreshing run status every 10 seconds. Press Ctrl+C to quit.

* master Check · 35865058725
Triggered via push less than a minute ago

JOBS
* notification-templates / Check notification templates (ID 107194448311)
  ✓ Set up job
  ✓ Check out source
  ✓ Install Nix
  * Check flake
  * Post Install Nix
  * Post Check out source
Refreshing run status every 10 seconds. Press Ctrl+C to quit.

* master Check · 35865058725
Triggered via push less than a minute ago

JOBS
✓ notification-templates / Check notification templates in 36s (ID 107194448311)
  ✓ Set up job
  ✓ Check out source
  ✓ Install Nix
  ✓ Check flake
  ✓ Post Install Nix
  ✓ Post Check out source
  ✓ Complete job

ANNOTATIONS
- "The ubuntu-latest label will migrate to Ubuntu 26 beginning October 19, 2026. For more information, see https://github.com/actions/runner-images/issues/14748"
notification-templates / Check notification templates: .github#1

✓ master Check · 35865058725
Triggered via push less than a minute ago

JOBS
✓ notification-templates / Check notification templates in 36s (ID 107194448311)
  ✓ Set up job
  ✓ Check out source
  ✓ Install Nix
  ✓ Check flake
  ✓ Post Install Nix
  ✓ Post Check out source
  ✓ Complete job

ANNOTATIONS
- "The ubuntu-latest label will migrate to Ubuntu 26 beginning October 19, 2026. For more information, see https://github.com/actions/runner-images/issues/14748"
notification-templates / Check notification templates: .github#1


WATCH_EXIT_STATUS=0
WATCH_ELAPSED_SECONDS=25
