
confctl config dev shell ready (tools)
Skipping swpins auto updates for flake config
Skipping swpins checks for flake config
Evaluating inputs for 1 machines...

Machines will be built in 1 groups

Build log: /home/aither/workspace/ai/vpsfree.cz/worktrees/2026-09-23-notification-subject-prefix/vpsfree-cz-configuration/.confctl/logs/2026-09-23--23-27-21-confctl-build.log

Building machines
  cz.vpsfree/vpsadmin/int.api1
with inputs
Command: confctl build --yes cz.vpsfree/vpsadmin/int.api1
Build group: 1/1 (1 machines)
Full log:    .confctl/logs/2026-09-23--23-27-21-confctl-build.log

[fetch] 1/169 /nix/store/32cxbdw2ma93hifl0mjwp59s524b8mz0-ensure-all-wrappers-paths-exist
[fetch] 2/169 /nix/store/cdpxqm4cvcr26yjd2qrvq9p3gwpbavvg-make-shell-wrapper-hook
[fetch] 3/169 /nix/store/cixjh1751d0avf3i2c3f281f66jdiygk-mdadm-4.4-man
[fetch] 4/169 /nix/store/q9jn463m1rnfx83jw0yyalf56a0cm8za-nixos-configuration-reference-manpage
[fetch] 5/169 /nix/store/bjwdqijrrj3dg40whqjfqzqbwcrhm1w9-nixos-manual-html
[fetch] 6/169 /nix/store/9888y3i1xp6bkwrs1gwddwqqg5h71hxg-screen-5.0.1-info
[fetch] 7/169 /nix/store/r8czayxjc2cxxr1dd0aijldck9gli90a-wget-1.25.0-info
[fetch] 8/169 /nix/store/0c530nxhvd1whqsjarmhjx3qidyi31hz-d3-flame-graph-templates-4.1.3
[build] 1/292 /nix/store/s8zkanph56ginzfyjy5nppqq62mbw0is-auto-rollback.rb.drv
[fetch] 9/169 /nix/store/54gpyfc1zi8q5f4qw2l9p27zppc0w4pg-desktop-file-utils-0.28
[fetch] 10/169 /nix/store/yhl9p3k90z7y0r03mz3bh9s867mkyscn-getconf-glibc-2.42-84
[fetch] 11/169 /nix/store/zav96ab282l5pdq3z2hbiv87b9dc4p9s-iftop-1.0pre4
[fetch] 12/169 /nix/store/4dib02jlfl8kgabhfzb1fja4jhz971lc-iptraf-ng-1.2.2
[fetch] 13/169 /nix/store/d0xcbg9gmqxl5vcak0323w57wlwpd1ky-systemd-generator-environment.json
[fetch] 14/169 /nix/store/iz3369jkvjnspvnwwsbylbhb49v5g191-tcpdump-4.99.6
[fetch] 15/169 /nix/store/y4pmiln24z2g1msrzpb420hl93h37r9x-texinfo-7.2
[fetch] 16/169 /nix/store/rpm4yh0grvlixq587325ck9aryq7vapr-find-xml-catalogs-hook
[build] 2/292 /nix/store/jj1833mp8mzqd767sld4vh6y116s1wfy-init-script-builder.sh.drv
[build] 3/292 /nix/store/gzd2x4nng6x31lhkynlkb1q5zs9gfhck-perl-5.42.0-env.drv
[build] 4/292 /nix/store/p91crcpa66afaf8q0bg0pyq4mzfpnj8v-etc-bashrc.drv
[build] 5/292 /nix/store/x6k7z72m75sr7fibfm0lvg6llxdvwq6p-etc-confctl-configuration-info.json.drv
[build] 6/292 /nix/store/9a9khi6mpippn442b5fcz5jxrm7zwryq-etc-confctl-inputs-info.json.drv
[build] 7/292 /nix/store/g6f756dcc5nl923imq4vy2na02lscjds-etc-fstab.drv
[build] 8/292 /nix/store/amr0rdgmx4hy35c11x5z36wyrjviavs8-etc-hostname.drv
[build] 9/292 /nix/store/y5hw0icjk8q84agbqvq8infjlii4dfra-etc-mdadm.conf.drv
[build] 10/292 /nix/store/38ky702dqyypvknz4lgbmbqvy9vi1z9l-etc-nix-registry.json.drv
[build] 11/292 /nix/store/39v8m916ap6bq520fhfhrsxxm4zi06g7-etc-os-release.drv
[build] 12/292 /nix/store/i2abjp2m10cbhprmx6b27z49a6n9gkr4-etc-pam-environment.drv
[build] 13/292 /nix/store/va2n7il8dczcim05d5sxqddq09yvxzkg-etc-sysctl.d-60-nixos.conf.drv
[build] 14/292 /nix/store/4fnr7bx49dbrn8p202js71ms0848ynxl-etc-systemd-system.conf.drv
[build] 15/292 /nix/store/87x18f2by660kmnbppmjg25rn9ixr534-etc-vpsadmin-build-info.json.drv
[build] 16/292 /nix/store/wshi4wj6qnpng2krwr17bgrrcm1davk2-issue.drv
[build] 17/292 /nix/store/fy3rmgkv9lbd895xdif3vi3gwivgm48j-mounts.sh.drv
[build] 18/292 /nix/store/m0ky4dnb879i26z7jyswfibflfv13rkv-nix.conf.drv
[build] 19/292 /nix/store/6wa8z1c3592zcb10jnabj0al4iwlrmqx-root-authorized_keys.drv
[build] 20/292 /nix/store/0via947wfvmm8wmx0g64hn2sx4irx8av-set-environment.drv
[build] 21/292 /nix/store/2ccsm0hynw654rc0z75jd429fjv6i2zb-sshd.pam.drv
[build] 22/292 /nix/store/s57hxlabzfm7p5p88a1hg1wk2wcwzs5f-system-generators.drv
[build] 23/292 /nix/store/kqssdvlkf8y7hjks52ph97pnvb53w8gs-system-shutdown.drv
[build] 24/292 /nix/store/ycmkhafvb6yx0wniylkw45ph15ir5k3x-user-generators.drv
[build] 25/292 /nix/store/vn1xmjds1fp7kppq9w7llpmsajd8yq5r-users-groups.json.drv
[build] 26/292 /nix/store/mph9vhy31mchg6gwzhjjhp56as08qf5x-vconsole.conf.drv
[build] 27/292 /nix/store/6f8a8cl3kdz0q1i3imyc24rjjsw3zz4g-extra-hosts.drv
[build] 28/292 /nix/store/p0liyhq8jm5ffmi9v53b4p9gswsq0qjg-localhost-hosts.drv
[build] 29/292 /nix/store/srdnl14djfnry0jxzsaj9szyssqr84gm-nixos-tmpfiles.d.drv
[build] 30/292 /nix/store/20l06kr0jp19303fbwmfijgkay1li463-sshd.conf-settings.drv
[build] 31/292 /nix/store/f8qdkm1lxi9s66dyql1sxld1jgmghba5-string-hosts.drv
[build] 32/292 /nix/store/m91rnn173q2v0xwpl73zpz4bx1nig6zl-unit-console-getty.service.drv
[fetch] 17/169 /nix/store/pi1h33jq236rysv9s5xx3kxb10qwk6fc-ShellCheck-0.11.0
[fetch] 18/169 /nix/store/q5ng9gqf05almm2r653ypz1cvng3ng7c-activemodel-8.1.3.1.gem
[fetch] 19/169 /nix/store/ck7xb79f017196fgxx3b6xfmrvcv00jp-activerecord-8.1.3.1.gem
[fetch] 20/169 /nix/store/dw685nzlf0g661hqndw1vn4747s18jly-activesupport-8.1.3.1.gem
[fetch] 21/169 /nix/store/1c72nqn7drm2gzjpjmswj33sgq0w8hiy-bigdecimal-4.1.3.gem
[fetch] 22/169 /nix/store/bifhqqq49vzj6x52vyj5nldg0177iri2-brotli-1.2.0
[fetch] 23/169 /nix/store/mwh7a7jv8qlpii3clhbi8872yvjyv6jh-c-ares-1.34.8
[fetch] 24/169 /nix/store/b50plxrdbxx8x872smz6fdimbcs255nj-concurrent-ruby-1.3.8.gem
[fetch] 25/169 /nix/store/7y3zx8jpy0xgvx53ysd741w5pjhxlvii-curl-8.22.0-man
[fetch] 26/169 /nix/store/jagni036zwccb16zxqy8x3la6256pnvv-cose-1.3.1.gem
[fetch] 27/169 /nix/store/wy5nvwr9pjrjidd334iyf88ashf8yf4w-faraday-2.14.4.gem
[fetch] 28/169 /nix/store/bycq6i87zb503a57nvk1yzkai4lqhbra-diff-lcs-1.6.2.gem
[fetch] 29/169 /nix/store/ipwfiygx8pypsqbmi2z5glibsi84rscj-dnsruby-1.74.0.gem
[fetch] 30/169 /nix/store/83vsm6qmca6syc04rjgjarqdvg9nlwjb-faraday-follow_redirects-0.5.0.gem
[fetch] 31/169 /nix/store/xvjdp9zk62qrn6a54my6axa6sbawfw2l-highline-3.1.2.gem
[fetch] 32/169 /nix/store/1fbgnf5ic4jcgl85w95020cmx6ipq1y4-http-cookie-1.1.6.gem
[build] 33/292 /nix/store/vs56vlrmcbxaw1falgh9mvz1kcfhlw5y-X-Restart-Triggers-reload-systemd-vconsole-setup.drv
[build] 34/292 /nix/store/4wqa3zc1fllzdarzwhwanpny3ajfk5jj-X-Restart-Triggers-systemd-sysctl.drv
[build] 35/292 /nix/store/s0znb49q34byh2lmp0nkvgligrjfl07j-dry-activate.drv
[build] 36/292 /nix/store/85w7j59f9jnss2r7zcr7zvy2vwinvn9l-etc-profile.drv
[build] 37/292 /nix/store/40kc718r264rga9yg7saych85h910h6g-hosts.drv
[build] 38/292 /nix/store/zxllqqqr6kcqjifp8lhlcvshy0r9i1pd-nixos-help.drv
[build] 39/292 /nix/store/4aaj43vpp3iyvlcw3h1mwspqkzj8b1ai-shutdown-ramfs-contents.json.drv
[build] 40/292 /nix/store/q9g5gk8vwdqyx2ipi6wcqvl650x71lp6-sshd.conf-final.drv
[build] 41/292 /nix/store/syqhk1ik1x7iqbzrdqy381fgbqpa9pf5-stage-2-init.sh.drv
[fetch] 33/169 /nix/store/vsl7ms9sdg7wsgz0myv6dv4v5zasx49n-httparty-0.24.2.gem
[fetch] 34/169 /nix/store/93a432iksyj8z9p938gwgjxnpysabvfc-i18n-1.15.2.gem
[fetch] 35/169 /nix/store/14hhk58p9vj5xrq25cyam16kzvlx0fa4-io-console-0.9.3.gem
[fetch] 36/169 /nix/store/x4s2ng0wrjlkndv5hx2fsp80d8b1p82v-install-shell-files
[fetch] 37/169 /nix/store/b44cjjrllhxma1hn888dnz3yz9fvyxib-judy-1.0.5
[fetch] 38/169 /nix/store/pqgf63a2p94wm6ykbycmb1amji27mx85-jwt-3.3.0.gem
[fetch] 39/169 /nix/store/yf7mkb4kzgii8i0nwqxwvbnqsgypnqvj-json-2.21.2.gem
[fetch] 40/169 /nix/store/7cizdq721d0gcj4cqgn50azb4w2nh6jx-krb5-1.22.2
[fetch] 41/169 /nix/store/pn4gxy2w2nhvr8wmgh0shj6ag0szjqdr-libidn2-2.3.8-bin
[fetch] 42/169 /nix/store/9y6r1w8crgjc7z0m3bdv1jmywjiq346c-language_server-protocol-3.17.0.6.gem
[fetch] 43/169 /nix/store/4j6g2jnxbf9c09bnvn5ls6v1drwb0g0x-libpsl-0.21.5-dev
[fetch] 44/169 /nix/store/5r88ycfdbyx9qriw59zy5ckah5ir0shq-libssh2-1.11.1-dev
[fetch] 45/169 /nix/store/mh5v5b2hf9zjfnjbhw6wrglijhv8ry7n-libxslt-1.1.45-bin
[fetch] 46/169 /nix/store/8pgs7aa1ddwlhnwid82l72h9x8abgkrb-libpfm-4.13.0
[fetch] 47/169 /nix/store/bnm5mkkpy4pj01xpsxllwljjyip4j7xw-libev-4.33
[fetch] 48/169 /nix/store/sdr7p9pwhhay3w21falkscph0syibc4a-libtraceevent-1.9
[build] 42/292 /nix/store/89dhn0bssmvwsgl65w7j0kwlnw1x3n08-X-Restart-Triggers-nix-daemon.drv
[build] 43/292 /nix/store/rfzlcbx4gfns9l876w6psn7wvj9ar0k3-nixos-help.drv
[build] 44/292 /nix/store/vsja4rj85abyglgpqnyf9imfbz720ywv-notification-template-check.drv
[build] 45/292 /nix/store/x8dis08nx1b7m2052vgwx9fnlqk0g0xh-ruby3.4-bigdecimal-4.1.3.drv
[build] 46/292 /nix/store/dyfnlkrdlzifj4vdswa78l6q9i8dnrpc-ruby3.4-concurrent-ruby-1.3.8.drv
[build] 47/292 /nix/store/90vm80j17ns8pzv4r3scgb82kq6gfgss-ruby3.4-diff-lcs-1.6.2.drv
[build] 48/292 /nix/store/2bvipcyxhzwnd9bgmp9kzzfmsvprpxlg-unit-generate-shutdown-ramfs.service.drv
[build] 49/292 /nix/store/zb49wkl4kbl6g7dxjh2wa85vvsdp45z8-unit-reload-systemd-vconsole-setup.service.drv
[build] 50/292 /nix/store/b0flqg6fxp66jg68xaqr3lvfvjw6d5lb-unit-systemd-sysctl.service.drv
[fetch] 49/169 /nix/store/bya8dgzvycz2jkr4b39g120xx40ghq5d-brotli-1.2.0-dev
[fetch] 50/169 /nix/store/xf9bmfm4gxvfzqrlkpasrdvjqdjnw9v7-mime-types-3.7.0.gem
[fetch] 51/169 /nix/store/98f31rcjpd6lhmpfzwwh3bdl2qrvr3ba-mail-2.9.1.gem
[fetch] 52/169 /nix/store/h58y8150adzflqi5ky6hrlzhwq4n9vfz-mime-types-data-3.2026.0701.gem
[fetch] 53/169 /nix/store/cmgnva42b8x1iy75d0qxb36pyqscbcm3-mirrors-list
[fetch] 54/169 /nix/store/1lxar5vgg88sp07l6ad010zibxgwy9fw-minitest-6.0.6.gem
[fetch] 55/169 /nix/store/kzkyl6ncy8jhkyh8ipliibpcbjxsnrzc-multi_xml-0.9.1.gem
[fetch] 56/169 /nix/store/yf1yd7av5shwwcgdgixdv4wsjchglv1d-net-imap-0.6.7.gem
[fetch] 57/169 /nix/store/d32qaqgbq9vgrr1k76gr31vh7wfjicwk-net-pop-0.1.2.gem
[fetch] 58/169 /nix/store/frnmn8y877yrws2yzy916h4n00ys8x1f-mysql2-0.5.7.gem
[fetch] 59/169 /nix/store/1x2n98yz987a3x7v8c7blk99brr3dz50-net-smtp-0.5.1.gem
[fetch] 60/169 /nix/store/fw1zqf017sgk7j14005yjybbpg165b0x-nghttp2-1.69.0
[fetch] 61/169 /nix/store/45w3fkr6v6ialv4b3xni1k7f5w4dbadm-nghttp3-1.15.0-dev
[fetch] 62/169 /nix/store/2bla9g51qhgaqyryrgdgnyd5q3nyjjdy-ngtcp2-1.22.1-dev
[fetch] 63/169 /nix/store/mgvx49y8s8rkd34m9y68qikr2c78p7w0-nghttp2-1.69.0-lib
[fetch] 64/169 /nix/store/kff006b7a8j331706qsz0xr3096biawf-openssl-3.6.4
[build] 51/292 /nix/store/9lpcbxlysr4kj3zlbq74v1v5c0dyzbk2-X-Restart-Triggers-sshd.drv
[build] 52/292 /nix/store/rh5yzc6l4dn7xmqzkhbssh471m4i1v3f-check-sshd-config.drv
[build] 53/292 /nix/store/m0nihaxa6dvw2gy21fkn7myn1yaqqgdj-nixos-version.drv
[build] 54/292 /nix/store/2n3409yaqvvrsgf248m0s9d12dazzlj8-ruby3.4-io-console-0.9.3.drv
[build] 55/292 /nix/store/1sdhk38yrllimbpdgzf1df5c0q0p1s0l-ruby3.4-json-2.21.2.drv
[build] 56/292 /nix/store/y2pnkgpyylcays3fpchpcz9325nbn9n9-ruby3.4-language_server-protocol-3.17.0.6.drv
[build] 57/292 /nix/store/mcyaq2rdmv9xq1hfkw3rsngrx9v6z7q5-unit-nix-daemon.service.drv
[build] 58/292 /nix/store/3gpgy4j6ly8sn51mbimjz1kypf5hqryx-vpsfree-notification-templates-1.drv
[fetch] 65/169 /nix/store/sway86i602av0sfrnpzvk41b9bf9kcla-krb5-1.22.2-dev
[fetch] 66/169 /nix/store/91zcyc87la0x1ix7x1qyzwcazs4rs8px-nghttp2-1.69.0
[fetch] 67/169 /nix/store/dmax99h4byd9lk0rahkga4n1yw0v3938-libidn2-2.3.8-dev
[fetch] 68/169 /nix/store/d08grd9541spc31rr2jamfgx37s50yd2-openssl-4.0.2.gem
[fetch] 69/169 /nix/store/q3lmqm1arj6j12x0cq65mswlx325c95z-openssl-signature_algorithm-1.3.0.gem
[fetch] 70/169 /nix/store/w43xjs52p4f00f8msp784rwc06qdi9v0-parallel-2.2.0.gem
[fetch] 71/169 /nix/store/hclzkbw4s6sb33ic28nydnqf8c21cw62-parser-3.3.12.0.gem
[fetch] 72/169 /nix/store/q54bhij2cvzj2q7g2dm0h8758qwd2dkx-pciutils-3.15.0
[fetch] 73/169 /nix/store/vdbhcwgpifjc4isv7pwp0sq370qmp41l-perl5.42.0-Capture-Tiny-0.48
[fetch] 74/169 /nix/store/w5pnbkabkp3dkwnvvcmawln4jsyh1d3c-perl5.42.0-Params-Util-1.102
[fetch] 75/169 /nix/store/z097ngxlxbcfhnqzmhj0bijsh24lsk56-perl5.42.0-DBI-1.648
[fetch] 76/169 /nix/store/daqg7i7jvp06g8ghy3x1m32zy9laywn1-perl5.42.0-Mock-Config-0.03
[fetch] 77/169 /nix/store/pgvqsl2d7wd2fg6096wki3qlbmhgj6x0-prism-1.9.0.gem
[fetch] 78/169 /nix/store/641599qnl4zk6fcs8y74v9j5hiy4qbq5-prometheus-client-4.2.5.gem
[fetch] 79/169 /nix/store/a9sp893gn7z3kdacgz8jcnh2r8rz7b89-perl5.42.0-Test-Pod-1.52
[fetch] 80/169 /nix/store/jh8jg23r8ijl6fy08x21f5jdnbd9kc7k-perl5.42.0-Test-Deep-1.204
[build] 59/292 /nix/store/w4s3zpsqp0qa5pr70hy5yivj65cjy8d7-ruby3.4-mime-types-data-3.2026.0701.drv
[build] 60/292 /nix/store/h91p0v6lhbv8ffcdz9xl3n1cww9bnpmc-unit-sshd.service.drv
[fetch] 81/169 /nix/store/jxh87wvdy8l9vzwbynr585hq5vx3yv2a-krb5-1.22.2-lib
[fetch] 82/169 /nix/store/hr6lc0mpcnxn2wflxbd6hjrazvhrmckz-libssh2-1.11.1
[fetch] 83/169 /nix/store/7r758zlzl4nlq7hz6hz6w7li18b73cwy-nghttp2-1.69.0-dev
[fetch] 84/169 /nix/store/4qkc44y77sqhaxlskjrvf2cpgfnnb1wv-openssl-3.6.4-bin
[fetch] 85/169 /nix/store/hbxwvr1xz2ixdgp4hpg09cdjs5lkx7y2-pry-0.16.0.gem
[fetch] 86/169 /nix/store/54bgfnig01idn3p1ncjyg9736hv229hp-puma-8.0.2.gem
[fetch] 87/169 /nix/store/6h39bm9hvskmfkbp6fni5y6sfi6iwzql-rack-3.2.7.gem
[fetch] 88/169 /nix/store/rl9g9xdhgqc39z1ahxj6qvi09il8gwz4-rack-oauth2-2.2.1.gem
[fetch] 89/169 /nix/store/blz2gzsd1rmkl63jq82c31bh09w2xw0p-rack-protection-4.2.1.gem
[fetch] 90/169 /nix/store/nxsi1hn4p7pnfk146hm7q70c9nal6vzl-rack-session-2.1.2.gem
[fetch] 91/169 /nix/store/8pfshm03fhrmvz2zf23lpa5h8piszr2k-rack-test-2.2.0.gem
[fetch] 92/169 /nix/store/vbynrk6cdjr5qp7zwrbxai3k0prfszds-rackup-2.3.1.gem
[fetch] 93/169 /nix/store/gnl153bjg74mz98wf3ih00rx96q5wlrg-reline-0.7.0.gem
[fetch] 94/169 /nix/store/x6lqwrr8x7fp4j4mxhv8h9vvc1w30ky1-regexp_parser-2.12.0.gem
[fetch] 95/169 /nix/store/h4jdv7cwqwjfy6izh55k0kfmf8a955a9-request_store-1.7.0.gem
[fetch] 96/169 /nix/store/9m7rh3jpnldr9fvwbzjyrddbz1d237ci-rest-client-2.1.0.gem
[build] 61/292 /nix/store/a15ispgyjqykyz1vbcd1yi41cigbxsnd-ruby3.4-openssl-4.0.2.drv
[build] 62/292 /nix/store/5b5wa5h12zp28q7dv4xjd9hp87jscil3-ruby3.4-parallel-2.2.0.drv
[build] 63/292 /nix/store/z3ynwn59rcjias4kl9ggqdlmdzi7xkds-ruby3.4-prism-1.9.0.drv
[fetch] 97/169 /nix/store/jc03d8kz1finpj8bsvv848hr2h8qylyj-cpupower-6.18.52
[fetch] 98/169 /nix/store/x1j0l9fmry71c3wn1j82z8imldnh9wpi-nghttp2-1.69.0-dev
[fetch] 99/169 /nix/store/zqqvwffnpr77s1w3lpbwbrnv4yxqbx36-perl5.42.0-Devel-CheckLib-1.16
[fetch] 100/169 /nix/store/fh0kg6c3ah9b2qghiy5hd2wyih5ms7gs-rspec-3.13.2.gem
[fetch] 101/169 /nix/store/2vm87r1kghp5lhzh3xnf35c5i0sfh8qz-rspec-core-3.13.6.gem
[fetch] 102/169 /nix/store/zarfjrqsfj8qk3ivg1900di7npmpx8hp-perl5.42.0-Module-Manifest-1.09
[fetch] 103/169 /nix/store/x318bqrxpdl63ljjgh61i8xqlqng2i22-rspec-expectations-3.13.5.gem
[fetch] 104/169 /nix/store/yhay8phamy3daiif5726z0l57ysrig2w-rspec-mocks-3.13.8.gem
[fetch] 105/169 /nix/store/cbb11h7a3a5yyqiaf9mfc5znnkyxb22r-rspec-support-3.13.7.gem
[fetch] 106/169 /nix/store/6cnqvhwrxhma6y4vsfnw8yj1jscjy4wn-rubocop-ast-1.50.0.gem
[fetch] 107/169 /nix/store/kwx20szs83gd3xscay2w78ch8prby4zw-rubocop-rake-0.7.1.gem
[fetch] 108/169 /nix/store/yv3y6cw9rsnnavrz41yhhb74q2mf2cgh-ruby3.4-aes_key_wrap-1.1.0
[fetch] 109/169 /nix/store/dvy6w3f7xksjk4aay92mb9dkrbnpmvc8-rubocop-rspec-3.10.2.gem
[fetch] 110/169 /nix/store/f90kkxiz5d3cwdh2phx9012idhbv319f-ruby3.4-android_key_attestation-0.3.0
[fetch] 111/169 /nix/store/sjx075sb94z61zpibbm9x640q7hk1l8c-ruby3.4-ast-2.4.3
[fetch] 112/169 /nix/store/a7fadxd08kwyvqba70qq9rhv9fnm8rbq-ruby3.4-attr_required-1.0.2
[build] 64/292 /nix/store/7v6li3bbwrzx18wgkqcjcz6fprr1y054-ruby3.4-i18n-1.15.2.drv
[build] 65/292 /nix/store/k8hxic3ndjnwzssqa1k8smlc1nmj6155-ruby3.4-rack-3.2.7.drv
[build] 66/292 /nix/store/9c735ym72qdjgpagl76rcq6sgzbnkjcf-ruby3.4-regexp_parser-2.12.0.drv
[build] 67/292 /nix/store/7k9mzjdqyh4h70cspn0mh99lgxpzjd6x-database.yml.drv
[build] 68/292 /nix/store/qmfh8wc2fiblv4gfmrsymryn0dvi4lnw-database.yml.drv
[build] 69/292 /nix/store/rv64dpyn0xqyybkajjsmyp968vhyjsba-database.yml.drv
[build] 70/292 /nix/store/85q1f8w804pa3bc2ybxisrjsvi1w7yb2-deployment.json.drv
[build] 71/292 /nix/store/23mn77q8n647l8ba5fbmawfb1h6dd0y1-firewall-start.drv
[build] 72/292 /nix/store/a08gxkq66hkhqy7gfg1p9176pv8qf3dn-gemfile-and-lockfile.drv
[build] 73/292 /nix/store/m692y4zc3wzafm4gsb6ikiwwi1zgnvw2-gemfile-and-lockfile.drv
[build] 74/292 /nix/store/wzvvdh5nh80h5cig4a37mrc2igay4jql-logrotate.conf.drv
[build] 75/292 /nix/store/7drgxfn8z6a3ba7jqj5596p6293vr46w-rabbitmq.yml.drv
[build] 76/292 /nix/store/hbybv8q1458d6r1zpj8b299bfwyhxh5l-rabbitmq.yml.drv
[build] 77/292 /nix/store/qaksfz1ivyhmyi0rriq407cvrknrzdsr-syslog.conf.drv
[build] 78/292 /nix/store/yg23dvsh4s8nl7ai9vkib229033qzl52-unit-networking-setup.service.drv
[build] 79/292 /nix/store/a9sx6jjmhdlp1cy5mck45lzw5iyyxnpb-unit-prometheus-node-exporter.service.drv
[build] 80/292 /nix/store/ixi6fq8rj1qnia9kddi7i1sk9swb12iw-unit-rpc-gssd.service-disabled.drv
[build] 81/292 /nix/store/8r33iiyy662xr3k44w20y6913lsr0cnp-unit-script-network-local-commands-start.drv
[build] 82/292 /nix/store/3qxjabk3a7i75zz84jg5sx08zcgc3yiw-unit-script-suid-sgid-wrappers-start.drv
[build] 83/292 /nix/store/inzhcyl0gry9wbl89wx4fqsvngj0lnr7-unit-sys-kernel-debug.mount-disabled.drv
[build] 84/292 /nix/store/9iv4wcm9gawyw5j8nwz0qa7w3hl6f62q-unit-systemd-journald-audit.socket-disabled.drv
[build] 85/292 /nix/store/z9vr3ljq38w221zl20800f0y8zjicsmn-unit-systemd-oomd.service-disabled.drv
[fetch] 113/169 /nix/store/hy75wqbgm38nzd28yx9mi2p1kgr6zis0-curl-8.22.0
[fetch] 114/169 /nix/store/7xqnbwhcdzp8pd2y5nzhi8m0pd9w3c15-krb5-1.22.2
[fetch] 115/169 /nix/store/0la6k2nj90y1716c1znhdm713ia1qgx8-openssl-3.6.4-dev
[fetch] 116/169 /nix/store/km4w8qa4dj4l05lpagidadhvbyjllgd5-ruby3.4-base64-0.3.0
[fetch] 117/169 /nix/store/vbvjdiw92nhlmpv0aw5h7kk03kardpzc-ruby3.4-bcrypt-3.1.22
[fetch] 118/169 /nix/store/rgqd896yw5lfc8sdrbr2jmfp8smhw2iy-ruby3.4-bindata-2.5.1
[fetch] 119/169 /nix/store/21jvs390i7lj5ypq7f3qzfry3q1933gg-ruby3.4-cbor-0.5.10.3
[fetch] 120/169 /nix/store/6h6jsm5k9gi5dds76wziz46a1j9pzlkq-ruby3.4-coderay-1.1.3
[fetch] 121/169 /nix/store/y07vym5lwrp56c9z6wcypx1r7kd4r1sg-ruby3.4-connection_pool-3.0.2
[fetch] 122/169 /nix/store/wwa57mpag6mm683kvw0spr2dg2gmmwxj-ruby3.4-csv-3.3.6
[fetch] 123/169 /nix/store/ps45bdlrn8m9w8cq5vpj3saqnjhql2kh-ruby3.4-date-3.5.1
[fetch] 124/169 /nix/store/limfy2hcsh3xlv52k7rqa7za5a0bzykc-ruby3.4-drb-2.2.3
[fetch] 125/169 /nix/store/5r8lqiy4z1im40xll6g5drq98z8xnkh3-ruby3.4-ipaddress-0.8.3
[fetch] 126/169 /nix/store/yixq6wc4h6zz5mda6g26y2mi9ij40z1d-ruby3.4-lint_roller-1.1.0
[fetch] 127/169 /nix/store/ahgd0i08z11cygb93q6klb6zwhbj9bdr-ruby3.4-logger-1.7.0
[fetch] 128/169 /nix/store/cjs0q30fz4xvnhkywwwjq4xhwg22g4vn-ruby3.4-method_source-1.1.0
[fetch] 129/169 /nix/store/i20y2d4bll7rsn1746j27zlfp3ki1pc1-perl5.42.0-Test-DistManifest-1.014
[fetch] 130/169 /nix/store/c7wgf7n7ik9layd72wdiazyg9n049z9y-ruby3.4-mini_mime-1.1.5
[fetch] 131/169 /nix/store/8mak8n1f589i16llgvmxf2ji8mjcn9ik-ruby3.4-mustermann-3.1.1
[fetch] 132/169 /nix/store/nf2d0cgja996sj32qbsj3y9hw5l2kgam-ruby3.4-nio4r-2.7.5
[fetch] 133/169 /nix/store/xjjwl27rwr237nvb5inyjsmdcggms6sd-ruby3.4-racc-1.8.1
[fetch] 134/169 /nix/store/5d4w6r42x695fai98lfwnv672k028554-ruby3.4-rainbow-3.1.1
[fetch] 135/169 /nix/store/43kwqc8f1mn5blqydp2546ilj5lq3ls3-ruby3.4-rake-13.4.2
[fetch] 136/169 /nix/store/vcxi4w8khi4yj3iq6yccn22kwgv1bg00-ruby3.4-redcarpet-3.6.1
[fetch] 137/169 /nix/store/zwpvvappc4frfbdz8hjsiklax6cfzdc4-ruby3.4-rotp-6.3.0
[build] 86/292 /nix/store/dmwqmi7vx82rxxaxfj27svgff4mk1s1w-firewall-reload.drv
[build] 87/292 /nix/store/gaw68bi6bgj3fy5va73cvhkc51xl8ps3-ruby3.4-jwt-3.3.0.drv
[build] 88/292 /nix/store/n4i7rnji50k01f59fglbnzg317icizny-ruby3.4-prometheus-client-4.2.5.drv
[build] 89/292 /nix/store/mb4cms45jmvbn2xnw5qqjf8jicqpcd8q-unit-logrotate-checkconf.service.drv
[build] 90/292 /nix/store/zmyg4qq2k8sv39ifb517ymbzw66anxx8-unit-logrotate.service.drv
[build] 91/292 /nix/store/g3i85q36diyh9ldfgxi1haq2d5pbwx56-unit-network-local-commands.service.drv
[build] 92/292 /nix/store/2hhn61asq6qc23ky1gixvjjjrr8szymf-unit-script-vpsadmin-console-router-pre-start.drv
[build] 93/292 /nix/store/vy799m80afhwmhy3sv5nzafka2q0phd1-unit-suid-sgid-wrappers.service.drv
[build] 94/292 /nix/store/n42vgw1aydiffw6x99digvvskbhayz06-unit-syslog.service.drv
[fetch] 138/169 /nix/store/r7hjl8dhc9g6qzg123mcgykxvjl1rrim-krb5-1.22.2-dev
[fetch] 139/169 /nix/store/3f0hpmdg9h2fzy8rlpfjn4dj65vidrds-curl-8.22.0-bin
[fetch] 140/169 /nix/store/xn4cs94vhlk4hrxc0ccr5krzl0idnk1g-ruby3.4-ruby-progressbar-1.13.0
[fetch] 141/169 /nix/store/z39nndvgnc47s22d40jp0nmrh01ypb5f-ruby3.4-rubyzip-3.2.2
[fetch] 142/169 /nix/store/2imgl2d948445zbl4ymklky6hvx01727-ruby3.4-securerandom-0.4.1
[fetch] 143/169 /nix/store/hp7jvbri9faj791yab0vf7zl3gnv6rki-ruby3.4-timeout-0.6.1
[fetch] 144/169 /nix/store/pwk028j2c07c26gfdmbvl1zyq0k33n0g-ruby3.4-simpleidn-0.2.3
[fetch] 145/169 /nix/store/h83vnq4gswk991z555v0gicay9lw9awm-ruby3.4-uri-1.1.1
[fetch] 146/169 /nix/store/nm16wkpjkkabbw6pzrgw2a64nz0as6w8-ruby3.4-unicode-emoji-4.2.0
[fetch] 147/169 /nix/store/wnq1acina192k7a4w3c73id2x20j9hd5-ruby3.4-yard-0.9.45
[fetch] 148/169 /nix/store/nffjfsy10g7vissvbvfwy6fgl2kmbfbj-safety_net_attestation-0.5.0.gem
[fetch] 149/169 /nix/store/9wjwzl3n9lgbl8k7v8sknalf2azcnph0-sinatra-4.2.1.gem
[fetch] 150/169 /nix/store/bi87wid3aair8y5lmnspx052kj4fjgp5-sinatra-contrib-4.2.1.gem
[fetch] 151/169 /nix/store/i61d8vxpxvk94gbpxh6ykfxl2gmpfd53-slang-2.3.3
[fetch] 152/169 /nix/store/afzbmkmw7rafk9vmzpikjrwaym8m4fcd-tilt-2.9.0.gem
[fetch] 153/169 /nix/store/n35dbzaigx3hmcpnvdpxmnsq8s316j8c-systemd-default-tmpfiles
[build] 95/292 /nix/store/ylh3zmpw9hc114bzs536101hyqdb6df7-ruby3.4-mime-types-3.7.0.drv
[build] 96/292 /nix/store/47akplcyaqvqbr7wfvchqhw4ylpmfkjp-ruby3.4-parser-3.3.12.0.drv
[build] 97/292 /nix/store/wp87p3flgyvz14snhspbdgqys6qgrpij-ruby3.4-puma-8.0.2.drv
[build] 98/292 /nix/store/6gr6wk9qgazf5rila912dmp8nin8l4fv-ruby3.4-rack-protection-4.2.1.drv
[build] 99/292 /nix/store/cx40dlklvjlgqzgkxlnj9fqyqy1877cx-ruby3.4-rack-session-2.1.2.drv
[build] 100/292 /nix/store/19aaxd6zxfx7yj169crbjkbn8dbaqp6v-ruby3.4-rack-test-2.2.0.drv
[build] 101/292 /nix/store/jq1rxfzklcirai49pjpf4m7qih6kv813-ruby3.4-rackup-2.3.1.drv
[build] 102/292 /nix/store/xwflkvjm8b3xwkc7wljfvz924i79af2s-ruby3.4-request_store-1.7.0.drv
[build] 103/292 /nix/store/zpf60mdh9h9scmdq9vzn1ywm7mbngy8j-unit-firewall.service.drv
[build] 104/292 /nix/store/d3448gxq8bl9ihxczy2b7vg80d1rj6qz-vpsadmin-effective-notification-templates-1.drv
[build] 105/292 /nix/store/q3rk9vbfv7s14i997qy3rqigj1608y1p-ruby3.4-rspec-support-3.13.7.drv
[build] 106/292 /nix/store/1ax94hv8lbfviqpzf1f9q75md910739b-unit-systemd-udev-trigger.service.drv
[build] 107/292 /nix/store/zgis566b4b6p6yx9r0zsh336azm1k1yz-unit-vpsadmin-api-auth-tokens.timer.drv
[build] 108/292 /nix/store/5mjk951gvm0l975h1nypdmav8avgfpms-unit-vpsadmin-api-daily-report.timer.drv
[build] 109/292 /nix/store/nz14lcg43d81csdd9m0wra19kbcghgc6-unit-vpsadmin-api-dataset-expansion-run.timer.drv
[build] 110/292 /nix/store/5l54p65bjk9183rvfb9crw7hcdp72g09-unit-vpsadmin-api-dataset-property-logs-prune.timer.drv
[build] 111/292 /nix/store/5fvyvjcnfnannxqwqc4kw0yrcfam1cjg-unit-vpsadmin-api-dns-transfer-logs-prune.timer.drv
[build] 112/292 /nix/store/r2vdg9yvvmjhp388jnv22m0322lk3zsv-unit-vpsadmin-api-incident-reports.timer.drv
[build] 113/292 /nix/store/l5f1bq2apjny2gyfymq5z9fgykn703sx-unit-vpsadmin-api-mail-process.timer.drv
[build] 114/292 /nix/store/0qz7rqylaw5vzlzg0nj53vnavpa7lwva-unit-vpsadmin-api-mail-user-expiration-forced.timer.drv
[build] 115/292 /nix/store/n3zj56g50pdr20xa8lv7d8kqiiifaz6h-unit-vpsadmin-api-mail-user-expiration-regular.timer.drv
[build] 116/292 /nix/store/ws3f9vd5pwslj1s0gxwfrd1i64c70892-unit-vpsadmin-api-mail-vps-expiration-forced.timer.drv
[build] 117/292 /nix/store/fs9xai01gcs2cimgx5snl39r26x2077g-unit-vpsadmin-api-mail-vps-expiration-regular.timer.drv
[build] 118/292 /nix/store/qvn2s20crhskin9jjc8rx615sdjgnnxz-unit-vpsadmin-api-migration-plans.timer.drv
[build] 119/292 /nix/store/ajhpyimcj2r2zpzkvzv6qw9cnl498czd-unit-vpsadmin-api-monitoring-check.timer.drv
[fetch] 154/169 /nix/store/2yjdwfiia4c3y4mn8mrs8wvj489l1lwp-libssh2-1.11.1-dev
[fetch] 155/169 /nix/store/lwka6fpc884zghdfflscf4a45v917k83-perl5.42.0-DBD-MariaDB-1.23
[fetch] 156/169 /nix/store/84hx460fmapn638iaymbsjgld840vflk-tzinfo-2.0.6.gem
[fetch] 157/169 /nix/store/b7i74bcki7a5g28a07c7ljy0d7c1mdpg-webauthn-3.4.3.gem
[fetch] 158/169 /nix/store/8dj88dxfwasf6h9g8zwvi79nak3gl8ix-webrick-1.9.2.gem
[fetch] 159/169 /nix/store/gcnz8knkrpjdnhhi8asmjanlabsw7ydm-zstd-1.5.7-dev
[fetch] 160/169 /nix/store/7wdmnbz0l30qi9pf24s4whgs1rj9v6xr-zlib-1.3.2-dev
[fetch] 161/169 /nix/store/i3mlgslpbqr4yvc6b32r6vya2p8azx0c-perf-linux-7.2.6
[fetch] 162/169 /nix/store/16bnlvipanvyr7wmfqd5h39va5z93jjm-ruby3.4-net-http-0.9.1
[fetch] 163/169 /nix/store/sb1iln634xkwi856wr1dpcrkrh3ymjn7-ruby3.4-unicode-display_width-3.2.0
[fetch] 164/169 /nix/store/7s6z85ncaqr1hfkzkgz7rd4f4ki30dc3-curl-8.22.0-dev
[fetch] 165/169 /nix/store/d7ms7dd4ixlqzgfkhp6nljzkmb84lmim-curl-8.22.0-dev
[fetch] 166/169 /nix/store/8w2g0rkkc9sjwr3c3ghg7kh7pa5lx32v-ruby3.4-faraday-net_http-3.4.4
[fetch] 167/169 /nix/store/qm41vx055xv5h0kf9la4qajh6984j53f-perl-5.42.0-env
[build] 120/292 /nix/store/9s7p0frn0m1sy9ddmppn44zckdz1xq9z-ruby3.4-safety_net_attestation-0.5.0.drv
[build] 121/292 /nix/store/fxw6b13g8k3y4x68ys4k059g5ax38zmi-ruby3.4-tzinfo-2.0.6.drv
[build] 122/292 /nix/store/qpjhcc160aqsvcqpnly49bllw85qmsv5-ruby3.4-webrick-1.9.2.drv
[fetch] 168/169 /nix/store/s03lflff3428y08qslmyx7bkikxigr1v-mariadb-server-11.4.12
[fetch] 169/169 /nix/store/wxbrwqv0a63b42m039wfca6lsw363r07-mariadb-connector-c-3.3.5-dev
[build] 123/292 /nix/store/nj5yn6pa6pimsbn21dd6mqa3d83x34f8-amq-protocol-2.9.0.gem.drv
[build] 124/292 /nix/store/psg0msmkk62md5k9j06rx8qai5lp8iqd-ancestry-4.3.3.gem.drv
[build] 125/292 /nix/store/kszsvq3i8ndzalyynld1kmqdldaqijy2-bunny-2.24.0.gem.drv
[build] 126/292 /nix/store/jq2f07dwmbvpcj0czwmbcns29daimiiq-domain_name-0.6.20260907.gem.drv
[build] 127/292 /nix/store/fqlv42rnaqdsq2zdzn5c9xmihqp8jgcj-fio_api-0.0.11.gem.drv
[build] 128/292 /nix/store/415dv5rmmsjnpif9dy8494b17k0470sm-haveapi-0.29.8.gem.drv
[build] 129/292 /nix/store/cppfnkzydr5xcsb19pnjmqmxnjyfxyc4-haveapi-client-0.29.8.gem.drv
[build] 130/292 /nix/store/98235bslriv20fqaai4yqskyyxr40aib-json-jwt-1.17.2.gem.drv
[build] 131/292 /nix/store/z34nqb8dbcyx38g8w9i51vyh49crv3cx-multi_json-1.21.2.gem.drv
[build] 132/292 /nix/store/y5vgvwig6pg2lcm8x90zkpzg8d8ap9dp-nesty-1.0.2.gem.drv
[build] 133/292 /nix/store/g23z60mr60d344qn4jg8678w5s15qkvr-net-protocol-0.4.0.gem.drv
[build] 134/292 /nix/store/llg0mc5d32avp3zzp8c7h6n64xvgnpa0-paper_trail-17.0.0.gem.drv
[build] 135/292 /nix/store/4xlnpr7ybx8r3xnpclacfynk3v7ablgm-rbtree-0.4.7.gem.drv
[build] 136/292 /nix/store/lj2bw14k9z2c5p2dr70vsjv7pldwy67a-rubocop-1.91.0.gem.drv
[build] 137/292 /nix/store/ncp33f8ggrrvn716kk9damc19hpdz321-ruby3.4-rspec-core-3.13.6.drv
[build] 138/292 /nix/store/f7a66gs29xzhksr2wjcydms7cs82plf2-ruby3.4-rspec-expectations-3.13.5.drv
[build] 139/292 /nix/store/2c7ig56jncdfdyvcayjda1kcj920rdwj-ruby3.4-rspec-mocks-3.13.8.drv
[build] 140/292 /nix/store/648wqiykvq4bhklkrlcx0aay7wr7gwfk-sinatra-activerecord-2.0.28.gem.drv
[build] 141/292 /nix/store/8bpzqk1wj2a84wfj246la166nkrwrd0m-sorted_set-1.1.0.gem.drv
[build] 142/292 /nix/store/lqbmc6pn3w0axv1ypcq2i8qn1j8gi8q9-tpm-key_attestation-0.14.2.gem.drv
[build] 143/292 /nix/store/hwqx322zmnzi5qanxljsvj0p85igal33-user_agent_parser-2.21.0.gem.drv
[build] 144/292 /nix/store/ib1nyazd2nh17gsyngn89mdd14w7a1hs-ruby3.4-dnsruby-1.74.0.drv
[build] 145/292 /nix/store/d7ddam0dc71m5h45lknn7q016ia523q6-ruby3.4-tilt-2.9.0.drv
[build] 146/292 /nix/store/159ygjl5bvrsz65a9c5iaj9s81qgqq8k-ruby3.4-amq-protocol-2.9.0.drv
[build] 147/292 /nix/store/2lwjcs5cvjxmxf75r50r8kp543p0qr7l-ruby3.4-domain_name-0.6.20260907.drv
[build] 148/292 /nix/store/l4s8a75gg2s63fj85l23lsmpzmvipywb-ruby3.4-multi_json-1.21.2.drv
[build] 149/292 /nix/store/4xz9j5575zqkx94yl74bcyybajcf0nwg-ruby3.4-nesty-1.0.2.drv
[build] 150/292 /nix/store/dyrng2x4kpc4nh1nwnswkh6281ixxdrz-ruby3.4-net-protocol-0.4.0.drv
[build] 151/292 /nix/store/7wvb93y0z8d0nfp5kfg3l3ng8lybnn0n-ruby3.4-rbtree-0.4.7.drv
[build] 152/292 /nix/store/v6pfdwpsb11y5brvp0a5g1nw48nvsxpm-ruby3.4-reline-0.7.0.drv
[build] 153/292 /nix/store/94kg8fpnlzh59rzldrlsdk6vx8xs896n-ruby3.4-user_agent_parser-2.21.0.drv
[build] 154/292 /nix/store/v9gddl0s8d8b3vlm0k9y0w1di0d0ix6j-ruby3.4-rspec-3.13.2.drv
[build] 155/292 /nix/store/5sh9qryizawbylqm1ghr4y0li33msz35-ruby3.4-sinatra-4.2.1.drv
[build] 156/292 /nix/store/4yk5g4fafvgcnhv409z25qp9wiadqpb9-ruby3.4-http-cookie-1.1.6.drv
[build] 157/292 /nix/store/r0nvm4q3879jxlphgw60ck7pvxc2l8q7-ruby3.4-net-imap-0.6.7.drv
[build] 158/292 /nix/store/g2sqlqcb8vbhk141s6awp5wkafl0sc0k-ruby3.4-net-pop-0.1.2.drv
[build] 159/292 /nix/store/0ankjy1crrkfv4x9vi17anmgn86g2lgl-ruby3.4-net-smtp-0.5.1.drv
[build] 160/292 /nix/store/h1ld56pdjzv12x8cp4cz5x2rm97qx4j4-ruby3.4-highline-3.1.2.drv
[build] 161/292 /nix/store/wc19vza7616qpldswj3wi52mr32j1q0g-ruby3.4-pry-0.16.0.drv
[build] 162/292 /nix/store/z4npxgza91xw845afv6x9g23jmcmdnrg-ruby3.4-sinatra-contrib-4.2.1.drv
[build] 163/292 /nix/store/28zlmlm7phvba05g13x4l4ljhplpdlf2-ruby3.4-rest-client-2.1.0.drv
[build] 164/292 /nix/store/5iirmsap8j71d0gfw05nwhfp3xlfpsz0-ruby3.4-mail-2.9.1.drv
[build] 165/292 /nix/store/prdfy0fxwvvvksqbn744xk8dwqbnzjrm-tmpfiles.d.drv
[build] 166/292 /nix/store/6rwpbmhzsb5mmaiw32jg758gr5bzz2nv-unit-vpsadmin-api-monitoring-close.timer.drv
[build] 167/292 /nix/store/26qyn6xsc68i8mh7mgn2y3h1707g5svn-unit-vpsadmin-api-monitoring-prune.timer.drv
[build] 168/292 /nix/store/hkbpksyqm1qkyh9rr033z2iq6bs6zads-unit-vpsadmin-api-oom-reports-prune.timer.drv
[build] 169/292 /nix/store/pfkair06gdkrgq5fadbsji96kddc4f8n-unit-vpsadmin-api-oom-reports-run.timer.drv
[build] 170/292 /nix/store/yaidyzwzb4sspz3qng8bfbpsg6w7z1y2-unit-vpsadmin-api-others-expire.timer.drv
[build] 171/292 /nix/store/whxwpn8362nlvgmmjnp8pd31gdnf8bf1-unit-vpsadmin-api-outage-reports-auto-resolve.timer.drv
[build] 172/292 /nix/store/mw4vbd7vl8csnmd9zf13gmadx92yb20h-unit-vpsadmin-api-payments-process.timer.drv
[build] 173/292 /nix/store/j36xp7wk613ny76y1fd91z0sqm5a5621-unit-vpsadmin-api-payments-report.timer.drv
[build] 174/292 /nix/store/7qnrfxq0shrcjmjaslxxbfwrlib6ircw-unit-vpsadmin-api-prometheus-export-base.timer.drv
[build] 175/292 /nix/store/2ic8gkfikafl77csb5k73rvx8nhs5c56-unit-vpsadmin-api-prometheus-export-dns-records.timer.drv
[build] 176/292 /nix/store/qfw45yrcs6ihcf320y1735lr2qrb85yd-unit-vpsadmin-api-purge-clones.timer.drv
[build] 177/292 /nix/store/6q02iajnqd7r498h1dmwpbl1kd6aaabi-unit-vpsadmin-api-report-failed-logins.timer.drv
[build] 178/292 /nix/store/38hzxb6s8k9jl2f6nxzp15rzir3nyqdi-unit-vpsadmin-api-requests-ipqs.timer.drv
[build] 179/292 /nix/store/xsnslibaamcizxqhi5w13r6kglndgv8c-unit-vpsadmin-api-user-sessions.timer.drv
[build] 180/292 /nix/store/yaciigiz33n59rr81j4svw86r8zg2r0l-unit-vpsadmin-api-users-soft-delete.timer.drv
[build] 181/292 /nix/store/v90n44frjvk8kjqcphg2xfblc3xi3iwa-unit-vpsadmin-api-users-suspend.timer.drv
[build] 182/292 /nix/store/ii9ifmc3350ps6p3824mynhimlwn7rm5-unit-vpsadmin-api-vps-status-logs-prune.timer.drv
[build] 183/292 /nix/store/dk1czffmnp5x2xnf5cjyr4zf76hknp2m-unit-vpsadmin-api-vpses-expire.timer.drv
[build] 184/292 /nix/store/spb6kr3j06hzxwns6dlb3bcxlm3pmfs4-vpsadmin-api-prometheus-export-deploy.drv
[build] 185/292 /nix/store/0n347f40f4056dgpw69a13gvkmmgyq8g-vpsadmin-source-a65a4dfeb92a59df4a80a737a20bcbf8558793ff.drv
[build] 186/292 /nix/store/kvk0pkhnd3a1a0abs2q8qjxa429kr2rh-X-Restart-Triggers-systemd-tmpfiles-resetup.drv
[build] 187/292 /nix/store/9h3sgxs2am8ajs7v5rbzga1ahi7na76h-unit-vpsadmin-api-prometheus-export-deploy.service.drv
[build] 188/292 /nix/store/d3ilphfb02hqw7a3wknd041kgbns2nf1-unit-systemd-tmpfiles-resetup.service.drv
[build] 189/292 /nix/store/acxj3p1cj9bszg8j0mwabjvcnxs7d9vs-ruby3.4-sorted_set-1.1.0.drv
[build] 190/292 /nix/store/f05w7pn33cd89lmkkvc8f32ay9mbxn9x-ruby3.4-bunny-2.24.0.drv
[build] 191/292 /nix/store/1gyg67zmvchv14hcrzkzpsm9wrl8s7yy-ruby3.4-multi_xml-0.9.1.drv
[build] 192/292 /nix/store/6n7wmkvyfnzi62ddnwni0571gjnba73i-ruby3.4-mysql2-0.5.7.drv
[build] 193/292 /nix/store/mhwhrb3mbqixl3z2g8j61pm2mws3vy6p-vpsadmin-console-router-env-a65a4dfeb92a59df4a80a737a20bcbf8558793ff.drv
[build] 194/292 /nix/store/dmdgx94b21pl7z78mk156inmdz6jjy8h-wrapped-ruby-vpsadmin-console-router-env-a65a4dfeb92a59df4a80a737a20bcbf8558793ff.drv
[build] 195/292 /nix/store/ygmii1ajckgrdxl26mv0g4155lbgpds8-ruby3.4-httparty-0.24.2.drv
[build] 196/292 /nix/store/ylmlhly31sdw53l8705gchfyrki9gsn8-ruby3.4-faraday-2.14.4.drv
[build] 197/292 /nix/store/9wgpcv38h62gndvvc3vlvpb8yajw7agg-ruby3.4-fio_api-0.0.11.drv
[build] 198/292 /nix/store/2z2xax3r6sakdwjipkzfly66c6zs4lf4-ruby3.4-faraday-follow_redirects-0.5.0.drv
[build] 199/292 /nix/store/v9f5ny6237hj6bbhvasjs1aqv5l7il5f-vpsadmin-console-router-a65a4dfeb92a59df4a80a737a20bcbf8558793ff.drv
[build] 200/292 /nix/store/mrpqbgsgfbq4qf36xvjg5anq336i5n4s-puma.rb.drv
[build] 201/292 /nix/store/hwrmp1hnsfrkda4nlgyx3x8331r6mq50-unit-vpsadmin-console-router.service.drv
[build] 202/292 /nix/store/hf15c7qnm6yjgz7lq0672f9p4hmxg68l-ruby3.4-openssl-signature_algorithm-1.3.0.drv
[build] 203/292 /nix/store/4z4ha2bc7m5mc1irmvlk02xvyb8f8bba-ruby3.4-cose-1.3.1.drv
[build] 204/292 /nix/store/1n1pn56a6dif06bxkmlbzl4zyp5aj82d-ruby3.4-tpm-key_attestation-0.14.2.drv
[build] 205/292 /nix/store/96fkmdzf5zmwmdyhhv1dajhg1qlmnvha-ruby3.4-webauthn-3.4.3.drv
[build] 206/292 /nix/store/r6n4v1752xsdr2xjyjmixjy5qhnrsf51-ruby3.4-minitest-6.0.6.drv
[build] 207/292 /nix/store/hhzvapf95iwnxbk5bwrfdhhl5dss9f0q-ruby3.4-rubocop-ast-1.50.0.drv
[build] 208/292 /nix/store/bshgjvivy87mc5b1073c4dz50nas8kn6-ruby3.4-activesupport-8.1.3.1.drv
[build] 209/292 /nix/store/50g59jdc1kjglv5s0q3a45fnzz5pw1xy-ruby3.4-rubocop-1.91.0.drv
[build] 210/292 /nix/store/jdm17w4qg1ibbyw2ih7j48qh3nwpgd2v-ruby3.4-activemodel-8.1.3.1.drv
[build] 211/292 /nix/store/jdpffj65dqmpapd6pjavr1k1s8rzgj8q-ruby3.4-haveapi-client-0.29.8.drv
[build] 212/292 /nix/store/lkcp2jpl05n9if6ik0f2r77aw0vxhi29-ruby3.4-json-jwt-1.17.2.drv
[build] 213/292 /nix/store/18ra1bbc7861vmps6g6bgdar6jjgcjhk-ruby3.4-rubocop-rake-0.7.1.drv
[build] 214/292 /nix/store/qqrnn35gcjv8j0cmcwglfnir6gm8n66s-ruby3.4-rubocop-rspec-3.10.2.drv
[build] 215/292 /nix/store/bq04cbdv5ffpjq1w0422lhm72s8wgfj1-ruby3.4-activerecord-8.1.3.1.drv
[build] 216/292 /nix/store/ql4pm1zq4mp0kzm7yb3794z8pyqdi0f6-ruby3.4-rack-oauth2-2.2.1.drv
[build] 217/292 /nix/store/xrbk2qfb3f6g5jifjkp7ydnxb0716sbn-ruby3.4-haveapi-0.29.8.drv
[build] 218/292 /nix/store/0q8xgsbaz2hpyd37lnqrwplsrc5d0412-ruby3.4-ancestry-4.3.3.drv
[build] 219/292 /nix/store/wwgjzwmqqzncmx1vsn53fmwvmvhns9qq-ruby3.4-paper_trail-17.0.0.drv
[build] 220/292 /nix/store/zxgdc10n6dpf9zbrxzv1rq6a6yffd6dc-ruby3.4-sinatra-activerecord-2.0.28.drv
[build] 221/292 /nix/store/5mazd7f6vx693gf01sp2m34jf5vvhisz-vpsadmin-api-env-a65a4dfeb92a59df4a80a737a20bcbf8558793ff.drv
[build] 222/292 /nix/store/f5cci42k7zi4xrm877bbbp2v4snrfqz3-vpsadmin-database-env-a65a4dfeb92a59df4a80a737a20bcbf8558793ff.drv
[build] 223/292 /nix/store/861a2yz5k6n11yfq182r0p32z6y6jss6-vpsadmin-supervisor-env-a65a4dfeb92a59df4a80a737a20bcbf8558793ff.drv
[build] 224/292 /nix/store/8l2bhyw45gmvva0iiljjyv04ndgy9bnh-wrapped-ruby-vpsadmin-api-env-a65a4dfeb92a59df4a80a737a20bcbf8558793ff.drv
[build] 225/292 /nix/store/mh02b3f3a29wxikhas080xlmha1v6b15-wrapped-ruby-vpsadmin-database-env-a65a4dfeb92a59df4a80a737a20bcbf8558793ff.drv
[build] 226/292 /nix/store/8rrbyydmr7jd4g0s0m7lcfvbp3akb9i2-wrapped-ruby-vpsadmin-supervisor-env-a65a4dfeb92a59df4a80a737a20bcbf8558793ff.drv
[build] 227/292 /nix/store/g8nxmfjnx64xddl4v2dxax0vywzfi1qd-vpsadmin-api-a65a4dfeb92a59df4a80a737a20bcbf8558793ff.drv
[build] 228/292 /nix/store/yqc9iha147vrvzmzz2bycvs34f7xz6jh-vpsadmin-database-a65a4dfeb92a59df4a80a737a20bcbf8558793ff.drv
[build] 229/292 /nix/store/h2g6fx6mkkviy9lbb7mqgp1k649w1zck-vpsadmin-supervisor-a65a4dfeb92a59df4a80a737a20bcbf8558793ff.drv
[build] 230/292 /nix/store/vijkjwl15g3yjzmyfkl6qw8fyjvn1k8r-puma.rb.drv
[build] 231/292 /nix/store/rshf4gn10m689fn417y98715vv5m2iy7-unit-script-vpsadmin-api-pre-start.drv
[build] 232/292 /nix/store/wj94vkkk6lm3cvp8m562l6nv1g32mn65-unit-script-vpsadmin-notification-templates-start.drv
[build] 233/292 /nix/store/s2smxx569wcgxf08dmawcdwszgh6k1q0-unit-vpsadmin-api-auth-tokens.service.drv
[build] 234/292 /nix/store/isq41q76hxklyrj11ynz41mkms0sxxx1-unit-vpsadmin-api-daily-report.service.drv
[build] 235/292 /nix/store/c3lzk3kwlmjn15519y2m3lni9b13y5fc-unit-vpsadmin-api-dataset-expansion-run.service.drv
[build] 236/292 /nix/store/3d13vc1ng6xydsln46nhq19g9d6vm2bi-unit-vpsadmin-api-dataset-property-logs-prune.service.drv
[build] 237/292 /nix/store/3r4z6g9vjlscyg08m88m3692z6lhimxg-unit-vpsadmin-api-dns-transfer-logs-prune.service.drv
[build] 238/292 /nix/store/971yph1yw1ki8r21av22fn8jb20mb0jh-unit-vpsadmin-api-incident-reports.service.drv
[build] 239/292 /nix/store/b4rvjmlap21rdipiz999p9cd28zw6zxd-unit-vpsadmin-api-mail-process.service.drv
[build] 240/292 /nix/store/a3n41pajdima3wc3xvw224x6km3d9nzz-unit-vpsadmin-api-mail-user-expiration-forced.service.drv
[build] 241/292 /nix/store/dgkxn1hx9gmbgfrhyh8f1z7j08ki9w93-unit-vpsadmin-api-mail-user-expiration-regular.service.drv
[build] 242/292 /nix/store/ci1maa9vci1v0pf4if5xw0z1va6ljmbz-unit-vpsadmin-api-mail-vps-expiration-forced.service.drv
[build] 243/292 /nix/store/0hc76b7vff6qshq68zbxn4bv6q7k4p7m-unit-vpsadmin-api-mail-vps-expiration-regular.service.drv
[build] 244/292 /nix/store/4cdv74fygb28zg9y59fdbh7g6jri5di3-unit-vpsadmin-api-migrate-db.service.drv
[build] 245/292 /nix/store/503r7q0r7q4pffhlb0zyh633azcn8j11-unit-vpsadmin-api-migrate-plugins.service.drv
[build] 246/292 /nix/store/mhk22wzh2cik6az7qgccfwpxy8fqnm79-unit-vpsadmin-api-migration-plans.service.drv
[build] 247/292 /nix/store/ssfyw0qfk81p1150dbwnjrrp4ccxf5c4-unit-vpsadmin-api-monitoring-check.service.drv
[build] 248/292 /nix/store/zjf89gi1b6y5nwwc666rsrsch7823wl4-unit-vpsadmin-api-monitoring-close.service.drv
[build] 249/292 /nix/store/1zlgfpsz3z9gbvricim5zsy3x51y6zx5-unit-vpsadmin-api-monitoring-prune.service.drv
[build] 250/292 /nix/store/xj900jb196naw5a6dd0frflknx382cvb-unit-vpsadmin-api-oom-reports-prune.service.drv
[build] 251/292 /nix/store/rl9ir6zf9zzdzxf8dz19k13vcwb5a9b3-unit-vpsadmin-api-oom-reports-run.service.drv
[build] 252/292 /nix/store/d4vczni0a9879x9j1v27d3vwb5v0y6n4-unit-vpsadmin-api-others-expire.service.drv
[build] 253/292 /nix/store/la55jpdhd46pkbfdhjl72siki5j8m6fw-unit-vpsadmin-api-outage-reports-auto-resolve.service.drv
[build] 254/292 /nix/store/czfg547azp0pwsnf7nmf7rwnp519h9rw-unit-vpsadmin-api-payments-process.service.drv
[build] 255/292 /nix/store/hcphqp60fmxbp1dwxsjq07h2j583mz78-unit-vpsadmin-api-payments-report.service.drv
[build] 256/292 /nix/store/wy58vfvpi30w1a625xq4zlgz6fknhpck-unit-vpsadmin-api-prometheus-export-base.service.drv
[build] 257/292 /nix/store/x9s947xd6varjdj34ml68n9j99syzmdz-unit-vpsadmin-api-prometheus-export-dns-records.service.drv
[build] 258/292 /nix/store/7578wdkd0zzlwnw8m2xz9kllwbzw1wf2-unit-vpsadmin-api-purge-clones.service.drv
[build] 259/292 /nix/store/rv6jdmw7iqsksf27jvy6jldwmnc5yanp-unit-vpsadmin-api-report-failed-logins.service.drv
[build] 260/292 /nix/store/w2q1rwg6zl66hylv3kvqvddngxljql14-unit-vpsadmin-api.service.drv
[build] 261/292 /nix/store/510yyhhpbbv1ysrhsxqx1f7xxypafka0-unit-vpsadmin-notification-templates.service.drv
[build] 262/292 /nix/store/9c60nqh0gwwz9bfr90h5zbnj5bgfgas7-unit-script-vpsadmin-database-setup-start.drv
[build] 263/292 /nix/store/8gc59v239yiv0v7m69gcsrwfwdfb0xji-unit-script-vpsadmin-supervisor-pre-start.drv
[build] 264/292 /nix/store/s6871f3ag89pvd4y64zgfcmmazqylljx-vpsadmin-supervisor-ruby-runner.drv
[build] 265/292 /nix/store/9r3klzm3mljmj9rjckj0p7xaz6j9spiv-vpsadmin-supervisor-shell.rc.drv
[build] 266/292 /nix/store/1q1yxxbyvn97a8hidz05bdhvw1sw6nzd-unit-vpsadmin-database-setup.service.drv
[build] 267/292 /nix/store/694zjg819z5n20kyjcbgqx7iqzwd7c3s-unit-vpsadmin-supervisor.service.drv
[build] 268/292 /nix/store/9dvrxmwj7519gz2kzxafv1aq6ds66pqb-vpsadmin-supervisor-ruby.drv
[build] 269/292 /nix/store/5igd4lh7q3m7a2l7czhkcrc071hcgy01-vpsadmin-supervisor-shell.drv
[build] 270/292 /nix/store/p2ll9fbcajx2l500jf87r92llc46z890-unit-vpsadmin-api-requests-ipqs.service.drv
[build] 271/292 /nix/store/iqxczghi5mzr4fjq08z2a41iylz4jgv9-unit-vpsadmin-api-user-sessions.service.drv
[build] 272/292 /nix/store/0vfpqgwxbafv85k5lmfspkncg9lhriiv-unit-vpsadmin-api-users-hard-delete.service.drv
[build] 273/292 /nix/store/cgqhmx8xsflxzpqx4a4cxrlq6h6xmdg1-unit-vpsadmin-api-users-soft-delete.service.drv
[build] 274/292 /nix/store/na0012bx117if3k5hw57ri3lk4l99akx-unit-vpsadmin-api-users-suspend.service.drv
[build] 275/292 /nix/store/adgqlryrjmlsrnnakksddlg1qgzv5qbp-unit-vpsadmin-api-vps-status-logs-prune.service.drv
[build] 276/292 /nix/store/adblcm7q1j4ljpbw56vy17pmvb4v76sk-unit-vpsadmin-api-vpses-expire.service.drv
[build] 277/292 /nix/store/kln8fhx0ya4p6bz5y9j63gp3d52r4ypf-unit-vpsadmin-password-recovery.service.drv
[build] 278/292 /nix/store/rpcamv6f102ihqjyr9vzksl4n9zlba30-unit-vpsadmin-scheduler.service.drv
[build] 279/292 /nix/store/fdhb7ps4v689389j1yky9gmichdx1pd2-vpsadmin-api-ruby-runner.drv
[build] 280/292 /nix/store/25as3xl232fy9nm049vjx7pyg8d6ziq9-vpsadmin-api-shell.rc.drv
[build] 281/292 /nix/store/iljmqzw9fi4rbd313fwwz013201g7k8b-vpsadmin-api-ruby.drv
[build] 282/292 /nix/store/0i79bfkgvvw659q0h5rrp23a5vp4xp2l-vpsadmin-api-shell.drv
[build] 283/292 /nix/store/hg99y7lh5nc7dzyyzgm0kbs7b27ywizd-system-path.drv
[build] 284/292 /nix/store/zsvf5zgha4g11aap0b4ssj8v5fdpp283-dbus-1.drv
[build] 285/292 /nix/store/88qjry4xk7jl1cl9bfzzpnnfj62jljyn-X-Restart-Triggers-dbus-broker.drv
[build] 286/292 /nix/store/1gj71jp4ay22jizmf1nlzn197gqjkb1a-unit-dbus-broker.service.drv
[build] 287/292 /nix/store/l23sqs1qh55lk7bw2mfrdxyr8c79rwhf-unit-dbus-broker.service.drv
[build] 288/292 /nix/store/zc15ia9k4q0jklrj0v3fkigf6afj2zwf-system-units.drv
[build] 289/292 /nix/store/ia10j43fgdj4w24zsbw9cbyp5w34qwzc-user-units.drv
[build] 290/292 /nix/store/zr5h036sh2ph68sfbszxvqaqqqci0aab-etc.drv
[build] 291/292 /nix/store/zy1hy3fxapwdsk9bbaibp3ilmx2hmrfw-activate.drv
[build] 292/292 /nix/store/kqvsdkinx3dwi8pzadddiaj2a32rivr1-nixos-system-api1-26.05.20260921.1e8bc65.drv

Built generations:
2026-09-23--23-27-44
  cz.vpsfree/vpsadmin/int.api1
