commit e047d285231395a250b2cc606306e7673574cb9c
Author:     Jakub Skokan <jakub.skokan@havefun.cz>
AuthorDate: Wed Oct 7 02:18:28 2026 +0200
Commit:     Jakub Skokan <jakub.skokan@havefun.cz>
CommitDate: Wed Oct 7 02:18:28 2026 +0200

    inputs: set vpsadminServices to 5d5527a6
    
    vpsadminServices: b4ef8535 -> 5d5527a6
    git log for b4ef8535a629ee8c9cd753afecdb05e0895d0eea..5d5527a67315c18b595345aa6996d7724c1ed071
    > 5d5527a67 api: restrict non-admin network and IP lists
    > 70314e816 webui: expose network availability and enabled address selectors
    > fc4f01a02 api: add network availability admission controls
    > c4d9b50f4 webui: update dependencies

commit 072cee195d826baf78351bfc283786eb63d6dfae
Author:     Jakub Skokan <jakub.skokan@havefun.cz>
AuthorDate: Wed Oct 7 02:18:39 2026 +0200
Commit:     Jakub Skokan <jakub.skokan@havefun.cz>
CommitDate: Wed Oct 7 02:18:39 2026 +0200

    inputs: set vpsadminWebui to e4c49bcd
    
    vpsadminWebui: 78a723f7 -> e4c49bcd
    git log for 78a723f7d8c609e05f9de7189ff35416747bafdc..e4c49bcdc91b33b7f644a2f125231cb413cf4bf4
    > e4c49bcd networking: manage network availability
