commit b217e0f0a74b45fe2a95fcc79c2eb646f21248ce
Author:     Jakub Skokan <jakub.skokan@havefun.cz>
AuthorDate: Wed Oct 7 00:35:47 2026 +0200
Commit:     Jakub Skokan <jakub.skokan@havefun.cz>
CommitDate: Wed Oct 7 00:35:47 2026 +0200

    inputs: set vpsadminWebui to e4c49bcd
    
    vpsadminWebui: 78a723f7 -> e4c49bcd
    git log for 78a723f7d8c609e05f9de7189ff35416747bafdc..e4c49bcdc91b33b7f644a2f125231cb413cf4bf4
    > e4c49bcd networking: manage network availability

commit c6c5b0b3e138b735fb65729db98262cf71966136
Author:     Jakub Skokan <jakub.skokan@havefun.cz>
AuthorDate: Wed Oct 7 00:35:36 2026 +0200
Commit:     Jakub Skokan <jakub.skokan@havefun.cz>
CommitDate: Wed Oct 7 00:35:36 2026 +0200

    inputs: set vpsadminServices to cc3337d0
    
    vpsadminServices: b4ef8535 -> cc3337d0
    git log for b4ef8535a629ee8c9cd753afecdb05e0895d0eea..cc3337d0a2699a8b28a0327bbee5ef62f3fbe166
    > cc3337d0a api: restrict non-admin network and IP lists
    > be136b6c0 webui: expose network availability and enabled address selectors
    > fc4f01a02 api: add network availability admission controls
    > c4d9b50f4 webui: update dependencies
