
confctl config dev shell ready (tools)
Skipping swpins auto updates for flake config
Skipping swpins checks for flake config
Evaluating inputs for 1 machines...

Machines will be built in 1 groups

Build log: /home/aither/workspace/ai/vpsfree.cz/worktrees/2026-10-02-abuse-emails/vpsfree-cz-configuration/.confctl/logs/2026-10-02--19-06-38-confctl-build.log

Building machines
  cz.vpsfree/vpsadmin/int.api1
with inputs
Command: confctl build --yes cz.vpsfree/vpsadmin/int.api1
Build group: 1/1 (1 machines)
Full log:    .confctl/logs/2026-10-02--19-06-38-confctl-build.log

[fetch] 1/6 /nix/store/32cxbdw2ma93hifl0mjwp59s524b8mz0-ensure-all-wrappers-paths-exist
[fetch] 2/6 /nix/store/54gpyfc1zi8q5f4qw2l9p27zppc0w4pg-desktop-file-utils-0.28
[fetch] 3/6 /nix/store/y4pmiln24z2g1msrzpb420hl93h37r9x-texinfo-7.2
[build] 1/110 /nix/store/rh5yzc6l4dn7xmqzkhbssh471m4i1v3f-check-sshd-config.drv
[build] 2/110 /nix/store/gzd2x4nng6x31lhkynlkb1q5zs9gfhck-perl-5.42.0-env.drv
[build] 3/110 /nix/store/syqhk1ik1x7iqbzrdqy381fgbqpa9pf5-stage-2-init.sh.drv
[fetch] 4/6 /nix/store/w0dpps4ghbfsrc74l61j4zgh6ddj3nc3-lndir-1.0.5
[fetch] 5/6 /nix/store/n35dbzaigx3hmcpnvdpxmnsq8s316j8c-systemd-default-tmpfiles
[build] 4/110 /nix/store/p91crcpa66afaf8q0bg0pyq4mzfpnj8v-etc-bashrc.drv
[build] 5/110 /nix/store/3k7kpxi3xr2wig2saxa8p1b40dgyhvv9-etc-confctl-configuration-info.json.drv
[build] 6/110 /nix/store/fhk45xrkfmbdxxbnpw1hav1zjkgpihk3-etc-confctl-inputs-info.json.drv
[build] 7/110 /nix/store/amr0rdgmx4hy35c11x5z36wyrjviavs8-etc-hostname.drv
[build] 8/110 /nix/store/87x18f2by660kmnbppmjg25rn9ixr534-etc-vpsadmin-build-info.json.drv
[build] 9/110 /nix/store/vn1xmjds1fp7kppq9w7llpmsajd8yq5r-users-groups.json.drv
[build] 10/110 /nix/store/6f8a8cl3kdz0q1i3imyc24rjjsw3zz4g-extra-hosts.drv
[build] 11/110 /nix/store/p0liyhq8jm5ffmi9v53b4p9gswsq0qjg-localhost-hosts.drv
[build] 12/110 /nix/store/srdnl14djfnry0jxzsaj9szyssqr84gm-nixos-tmpfiles.d.drv
[build] 13/110 /nix/store/f8qdkm1lxi9s66dyql1sxld1jgmghba5-string-hosts.drv
[build] 14/110 /nix/store/inzhcyl0gry9wbl89wx4fqsvngj0lnr7-unit-sys-kernel-debug.mount-disabled.drv
[build] 15/110 /nix/store/9iv4wcm9gawyw5j8nwz0qa7w3hl6f62q-unit-systemd-journald-audit.socket-disabled.drv
[build] 16/110 /nix/store/z9vr3ljq38w221zl20800f0y8zjicsmn-unit-systemd-oomd.service-disabled.drv
[build] 17/110 /nix/store/s2smxx569wcgxf08dmawcdwszgh6k1q0-unit-vpsadmin-api-auth-tokens.service.drv
[build] 18/110 /nix/store/isq41q76hxklyrj11ynz41mkms0sxxx1-unit-vpsadmin-api-daily-report.service.drv
[build] 19/110 /nix/store/c3lzk3kwlmjn15519y2m3lni9b13y5fc-unit-vpsadmin-api-dataset-expansion-run.service.drv
[build] 20/110 /nix/store/3d13vc1ng6xydsln46nhq19g9d6vm2bi-unit-vpsadmin-api-dataset-property-logs-prune.service.drv
[build] 21/110 /nix/store/3r4z6g9vjlscyg08m88m3692z6lhimxg-unit-vpsadmin-api-dns-transfer-logs-prune.service.drv
[build] 22/110 /nix/store/971yph1yw1ki8r21av22fn8jb20mb0jh-unit-vpsadmin-api-incident-reports.service.drv
[build] 23/110 /nix/store/b4rvjmlap21rdipiz999p9cd28zw6zxd-unit-vpsadmin-api-mail-process.service.drv
[build] 24/110 /nix/store/a3n41pajdima3wc3xvw224x6km3d9nzz-unit-vpsadmin-api-mail-user-expiration-forced.service.drv
[build] 25/110 /nix/store/dgkxn1hx9gmbgfrhyh8f1z7j08ki9w93-unit-vpsadmin-api-mail-user-expiration-regular.service.drv
[build] 26/110 /nix/store/ci1maa9vci1v0pf4if5xw0z1va6ljmbz-unit-vpsadmin-api-mail-vps-expiration-forced.service.drv
[build] 27/110 /nix/store/0hc76b7vff6qshq68zbxn4bv6q7k4p7m-unit-vpsadmin-api-mail-vps-expiration-regular.service.drv
[build] 28/110 /nix/store/4cdv74fygb28zg9y59fdbh7g6jri5di3-unit-vpsadmin-api-migrate-db.service.drv
[build] 29/110 /nix/store/503r7q0r7q4pffhlb0zyh633azcn8j11-unit-vpsadmin-api-migrate-plugins.service.drv
[build] 30/110 /nix/store/mhk22wzh2cik6az7qgccfwpxy8fqnm79-unit-vpsadmin-api-migration-plans.service.drv
[build] 31/110 /nix/store/ssfyw0qfk81p1150dbwnjrrp4ccxf5c4-unit-vpsadmin-api-monitoring-check.service.drv
[build] 32/110 /nix/store/zjf89gi1b6y5nwwc666rsrsch7823wl4-unit-vpsadmin-api-monitoring-close.service.drv
[fetch] 6/6 /nix/store/pi1h33jq236rysv9s5xx3kxb10qwk6fc-ShellCheck-0.11.0
[build] 33/110 /nix/store/s0znb49q34byh2lmp0nkvgligrjfl07j-dry-activate.drv
[build] 34/110 /nix/store/40kc718r264rga9yg7saych85h910h6g-hosts.drv
[build] 35/110 /nix/store/prdfy0fxwvvvksqbn744xk8dwqbnzjrm-tmpfiles.d.drv
[build] 36/110 /nix/store/vsja4rj85abyglgpqnyf9imfbz720ywv-notification-template-check.drv
[build] 37/110 /nix/store/kvk0pkhnd3a1a0abs2q8qjxa429kr2rh-X-Restart-Triggers-systemd-tmpfiles-resetup.drv
[build] 38/110 /nix/store/3gpgy4j6ly8sn51mbimjz1kypf5hqryx-vpsfree-notification-templates-1.drv
[build] 39/110 /nix/store/d3ilphfb02hqw7a3wknd041kgbns2nf1-unit-systemd-tmpfiles-resetup.service.drv
[build] 40/110 /nix/store/d3448gxq8bl9ihxczy2b7vg80d1rj6qz-vpsadmin-effective-notification-templates-1.drv
[build] 41/110 /nix/store/7k9mzjdqyh4h70cspn0mh99lgxpzjd6x-database.yml.drv
[build] 42/110 /nix/store/qmfh8wc2fiblv4gfmrsymryn0dvi4lnw-database.yml.drv
[build] 43/110 /nix/store/rv64dpyn0xqyybkajjsmyp968vhyjsba-database.yml.drv
[build] 44/110 /nix/store/85q1f8w804pa3bc2ybxisrjsvi1w7yb2-deployment.json.drv
[build] 45/110 /nix/store/23mn77q8n647l8ba5fbmawfb1h6dd0y1-firewall-start.drv
[build] 46/110 /nix/store/vijkjwl15g3yjzmyfkl6qw8fyjvn1k8r-puma.rb.drv
[build] 47/110 /nix/store/7drgxfn8z6a3ba7jqj5596p6293vr46w-rabbitmq.yml.drv
[build] 48/110 /nix/store/hbybv8q1458d6r1zpj8b299bfwyhxh5l-rabbitmq.yml.drv
[build] 49/110 /nix/store/qaksfz1ivyhmyi0rriq407cvrknrzdsr-syslog.conf.drv
[build] 50/110 /nix/store/1zlgfpsz3z9gbvricim5zsy3x51y6zx5-unit-vpsadmin-api-monitoring-prune.service.drv
[build] 51/110 /nix/store/xj900jb196naw5a6dd0frflknx382cvb-unit-vpsadmin-api-oom-reports-prune.service.drv
[build] 52/110 /nix/store/rl9ir6zf9zzdzxf8dz19k13vcwb5a9b3-unit-vpsadmin-api-oom-reports-run.service.drv
[build] 53/110 /nix/store/d4vczni0a9879x9j1v27d3vwb5v0y6n4-unit-vpsadmin-api-others-expire.service.drv
[build] 54/110 /nix/store/la55jpdhd46pkbfdhjl72siki5j8m6fw-unit-vpsadmin-api-outage-reports-auto-resolve.service.drv
[build] 55/110 /nix/store/czfg547azp0pwsnf7nmf7rwnp519h9rw-unit-vpsadmin-api-payments-process.service.drv
[build] 56/110 /nix/store/hcphqp60fmxbp1dwxsjq07h2j583mz78-unit-vpsadmin-api-payments-report.service.drv
[build] 57/110 /nix/store/wy58vfvpi30w1a625xq4zlgz6fknhpck-unit-vpsadmin-api-prometheus-export-base.service.drv
[build] 58/110 /nix/store/x9s947xd6varjdj34ml68n9j99syzmdz-unit-vpsadmin-api-prometheus-export-dns-records.service.drv
[build] 59/110 /nix/store/7578wdkd0zzlwnw8m2xz9kllwbzw1wf2-unit-vpsadmin-api-purge-clones.service.drv
[build] 60/110 /nix/store/rv6jdmw7iqsksf27jvy6jldwmnc5yanp-unit-vpsadmin-api-report-failed-logins.service.drv
[build] 61/110 /nix/store/p2ll9fbcajx2l500jf87r92llc46z890-unit-vpsadmin-api-requests-ipqs.service.drv
[build] 62/110 /nix/store/iqxczghi5mzr4fjq08z2a41iylz4jgv9-unit-vpsadmin-api-user-sessions.service.drv
[build] 63/110 /nix/store/0vfpqgwxbafv85k5lmfspkncg9lhriiv-unit-vpsadmin-api-users-hard-delete.service.drv
[build] 64/110 /nix/store/cgqhmx8xsflxzpqx4a4cxrlq6h6xmdg1-unit-vpsadmin-api-users-soft-delete.service.drv
[build] 65/110 /nix/store/na0012bx117if3k5hw57ri3lk4l99akx-unit-vpsadmin-api-users-suspend.service.drv
[build] 66/110 /nix/store/adgqlryrjmlsrnnakksddlg1qgzv5qbp-unit-vpsadmin-api-vps-status-logs-prune.service.drv
[build] 67/110 /nix/store/adblcm7q1j4ljpbw56vy17pmvb4v76sk-unit-vpsadmin-api-vpses-expire.service.drv
[build] 68/110 /nix/store/kln8fhx0ya4p6bz5y9j63gp3d52r4ypf-unit-vpsadmin-password-recovery.service.drv
[build] 69/110 /nix/store/rpcamv6f102ihqjyr9vzksl4n9zlba30-unit-vpsadmin-scheduler.service.drv
[build] 70/110 /nix/store/fdhb7ps4v689389j1yky9gmichdx1pd2-vpsadmin-api-ruby-runner.drv
[build] 71/110 /nix/store/25as3xl232fy9nm049vjx7pyg8d6ziq9-vpsadmin-api-shell.rc.drv
[build] 72/110 /nix/store/dmwqmi7vx82rxxaxfj27svgff4mk1s1w-firewall-reload.drv
[build] 73/110 /nix/store/5xmdrpg3xmi6macch7crm65xwb1ngn4x-unit-script-vpsadmin-api-pre-start.drv
[build] 74/110 /nix/store/2hhn61asq6qc23ky1gixvjjjrr8szymf-unit-script-vpsadmin-console-router-pre-start.drv
[build] 75/110 /nix/store/i81yzg0w80lix3l0bc8mnymr6kr0wh93-unit-script-vpsadmin-notification-templates-start.drv
[build] 76/110 /nix/store/n42vgw1aydiffw6x99digvvskbhayz06-unit-syslog.service.drv
[build] 77/110 /nix/store/iljmqzw9fi4rbd313fwwz013201g7k8b-vpsadmin-api-ruby.drv
[build] 78/110 /nix/store/zpf60mdh9h9scmdq9vzn1ywm7mbngy8j-unit-firewall.service.drv
[build] 79/110 /nix/store/2iizv2djcag7k9xd17ax0dlm5aj00jc7-unit-vpsadmin-api.service.drv
[build] 80/110 /nix/store/6yiv2ynq5h6x647q40b8h4nsij5pa45s-unit-vpsadmin-notification-templates.service.drv
[build] 81/110 /nix/store/0i79bfkgvvw659q0h5rrp23a5vp4xp2l-vpsadmin-api-shell.drv
[build] 82/110 /nix/store/mhwhrb3mbqixl3z2g8j61pm2mws3vy6p-vpsadmin-console-router-env-a65a4dfeb92a59df4a80a737a20bcbf8558793ff.drv
[build] 83/110 /nix/store/f5cci42k7zi4xrm877bbbp2v4snrfqz3-vpsadmin-database-env-a65a4dfeb92a59df4a80a737a20bcbf8558793ff.drv
[build] 84/110 /nix/store/861a2yz5k6n11yfq182r0p32z6y6jss6-vpsadmin-supervisor-env-a65a4dfeb92a59df4a80a737a20bcbf8558793ff.drv
[build] 85/110 /nix/store/dmdgx94b21pl7z78mk156inmdz6jjy8h-wrapped-ruby-vpsadmin-console-router-env-a65a4dfeb92a59df4a80a737a20bcbf8558793ff.drv
[build] 86/110 /nix/store/mh02b3f3a29wxikhas080xlmha1v6b15-wrapped-ruby-vpsadmin-database-env-a65a4dfeb92a59df4a80a737a20bcbf8558793ff.drv
[build] 87/110 /nix/store/8rrbyydmr7jd4g0s0m7lcfvbp3akb9i2-wrapped-ruby-vpsadmin-supervisor-env-a65a4dfeb92a59df4a80a737a20bcbf8558793ff.drv
[build] 88/110 /nix/store/v9f5ny6237hj6bbhvasjs1aqv5l7il5f-vpsadmin-console-router-a65a4dfeb92a59df4a80a737a20bcbf8558793ff.drv
[build] 89/110 /nix/store/yqc9iha147vrvzmzz2bycvs34f7xz6jh-vpsadmin-database-a65a4dfeb92a59df4a80a737a20bcbf8558793ff.drv
[build] 90/110 /nix/store/h2g6fx6mkkviy9lbb7mqgp1k649w1zck-vpsadmin-supervisor-a65a4dfeb92a59df4a80a737a20bcbf8558793ff.drv
[build] 91/110 /nix/store/mrpqbgsgfbq4qf36xvjg5anq336i5n4s-puma.rb.drv
[build] 92/110 /nix/store/hwrmp1hnsfrkda4nlgyx3x8331r6mq50-unit-vpsadmin-console-router.service.drv
[build] 93/110 /nix/store/9c60nqh0gwwz9bfr90h5zbnj5bgfgas7-unit-script-vpsadmin-database-setup-start.drv
[build] 94/110 /nix/store/yhzzs3ggd8djwz4j2pb7vn634vragcvy-unit-script-vpsadmin-supervisor-pre-start.drv
[build] 95/110 /nix/store/s6871f3ag89pvd4y64zgfcmmazqylljx-vpsadmin-supervisor-ruby-runner.drv
[build] 96/110 /nix/store/9r3klzm3mljmj9rjckj0p7xaz6j9spiv-vpsadmin-supervisor-shell.rc.drv
[build] 97/110 /nix/store/1q1yxxbyvn97a8hidz05bdhvw1sw6nzd-unit-vpsadmin-database-setup.service.drv
[build] 98/110 /nix/store/apa17r7bcb5pvn60ybxd61y0nidg0dan-unit-vpsadmin-supervisor.service.drv
[build] 99/110 /nix/store/9dvrxmwj7519gz2kzxafv1aq6ds66pqb-vpsadmin-supervisor-ruby.drv
[build] 100/110 /nix/store/5igd4lh7q3m7a2l7czhkcrc071hcgy01-vpsadmin-supervisor-shell.drv
[build] 101/110 /nix/store/sk19h99rihjwg0ygfahb9rwdm9xf3k8m-system-path.drv
[build] 102/110 /nix/store/sn79h0rqp0hjpm3l9rqn85z6s1j7k9hg-dbus-1.drv
[build] 103/110 /nix/store/vwms0vrh2bk5p5d6cyd296xpv2y68zf3-X-Restart-Triggers-dbus-broker.drv
[build] 104/110 /nix/store/86s69wfl7nxjvwalyry52dxbrddw42i5-unit-dbus-broker.service.drv
[build] 105/110 /nix/store/gqqb7lqqc16m07i5gk6szq84vsb74byl-unit-dbus-broker.service.drv
[build] 106/110 /nix/store/n41d299ir0l7q83ci144rhd6hl92r8zy-system-units.drv
[build] 107/110 /nix/store/xdhb5hv1m9dqbdw7bjg4qc091vm1iijq-user-units.drv
[build] 108/110 /nix/store/xmcyskawmni5vavarfa83h3qgj1lqq8x-etc.drv
[build] 109/110 /nix/store/71kaglmb1sknmsjg4lra3qrkxydl5bp0-activate.drv
[build] 110/110 /nix/store/1d027lkc671554pwmggdcllj49cz387a-nixos-system-api1-26.05.20261001.4feb8eb.drv

Built generations:
2026-10-02--19-07-01
  cz.vpsfree/vpsadmin/int.api1
