Tested revision: 7cce4271be0bcd81a42c6784e12dff326e5d041f
these 39 derivations will be built:
  /nix/store/0ankjy1crrkfv4x9vi17anmgn86g2lgl-ruby3.4-net-smtp-0.5.1.drv
  /nix/store/0n347f40f4056dgpw69a13gvkmmgyq8g-vpsadmin-source-a65a4dfeb92a59df4a80a737a20bcbf8558793ff.drv
  /nix/store/bshgjvivy87mc5b1073c4dz50nas8kn6-ruby3.4-activesupport-8.1.3.1.drv
  /nix/store/jdm17w4qg1ibbyw2ih7j48qh3nwpgd2v-ruby3.4-activemodel-8.1.3.1.drv
  /nix/store/bq04cbdv5ffpjq1w0422lhm72s8wgfj1-ruby3.4-activerecord-8.1.3.1.drv
  /nix/store/psg0msmkk62md5k9j06rx8qai5lp8iqd-ancestry-4.3.3.gem.drv
  /nix/store/0q8xgsbaz2hpyd37lnqrwplsrc5d0412-ruby3.4-ancestry-4.3.3.drv
  /nix/store/50g59jdc1kjglv5s0q3a45fnzz5pw1xy-ruby3.4-rubocop-1.91.0.drv
  /nix/store/18ra1bbc7861vmps6g6bgdar6jjgcjhk-ruby3.4-rubocop-rake-0.7.1.drv
  /nix/store/jq2f07dwmbvpcj0czwmbcns29daimiiq-domain_name-0.6.20260907.gem.drv
  /nix/store/2lwjcs5cvjxmxf75r50r8kp543p0qr7l-ruby3.4-domain_name-0.6.20260907.drv
  /nix/store/4yk5g4fafvgcnhv409z25qp9wiadqpb9-ruby3.4-http-cookie-1.1.6.drv
  /nix/store/w4s3zpsqp0qa5pr70hy5yivj65cjy8d7-ruby3.4-mime-types-data-3.2026.0701.drv
  /nix/store/ylh3zmpw9hc114bzs536101hyqdb6df7-ruby3.4-mime-types-3.7.0.drv
  /nix/store/28zlmlm7phvba05g13x4l4ljhplpdlf2-ruby3.4-rest-client-2.1.0.drv
  /nix/store/2n3409yaqvvrsgf248m0s9d12dazzlj8-ruby3.4-io-console-0.9.3.drv
  /nix/store/415dv5rmmsjnpif9dy8494b17k0470sm-haveapi-0.29.8.gem.drv
  /nix/store/5iirmsap8j71d0gfw05nwhfp3xlfpsz0-ruby3.4-mail-2.9.1.drv
  /nix/store/fqlv42rnaqdsq2zdzn5c9xmihqp8jgcj-fio_api-0.0.11.gem.drv
  /nix/store/ygmii1ajckgrdxl26mv0g4155lbgpds8-ruby3.4-httparty-0.24.2.drv
  /nix/store/9wgpcv38h62gndvvc3vlvpb8yajw7agg-ruby3.4-fio_api-0.0.11.drv
  /nix/store/v6pfdwpsb11y5brvp0a5g1nw48nvsxpm-ruby3.4-reline-0.7.0.drv
  /nix/store/h1ld56pdjzv12x8cp4cz5x2rm97qx4j4-ruby3.4-highline-3.1.2.drv
  /nix/store/h2lmfvhgv57d8cgkijig35j7vqva8jn1-builder.pl.drv
  /nix/store/cppfnkzydr5xcsb19pnjmqmxnjyfxyc4-haveapi-client-0.29.8.gem.drv
  /nix/store/jdpffj65dqmpapd6pjavr1k1s8rzgj8q-ruby3.4-haveapi-client-0.29.8.drv
  /nix/store/lkcp2jpl05n9if6ik0f2r77aw0vxhi29-ruby3.4-json-jwt-1.17.2.drv
  /nix/store/m692y4zc3wzafm4gsb6ikiwwi1zgnvw2-gemfile-and-lockfile.drv
  /nix/store/ql4pm1zq4mp0kzm7yb3794z8pyqdi0f6-ruby3.4-rack-oauth2-2.2.1.drv
  /nix/store/qqrnn35gcjv8j0cmcwglfnir6gm8n66s-ruby3.4-rubocop-rspec-3.10.2.drv
  /nix/store/wc19vza7616qpldswj3wi52mr32j1q0g-ruby3.4-pry-0.16.0.drv
  /nix/store/llg0mc5d32avp3zzp8c7h6n64xvgnpa0-paper_trail-17.0.0.gem.drv
  /nix/store/wwgjzwmqqzncmx1vsn53fmwvmvhns9qq-ruby3.4-paper_trail-17.0.0.drv
  /nix/store/xrbk2qfb3f6g5jifjkp7ydnxb0716sbn-ruby3.4-haveapi-0.29.8.drv
  /nix/store/648wqiykvq4bhklkrlcx0aay7wr7gwfk-sinatra-activerecord-2.0.28.gem.drv
  /nix/store/zxgdc10n6dpf9zbrxzv1rq6a6yffd6dc-ruby3.4-sinatra-activerecord-2.0.28.drv
  /nix/store/5mazd7f6vx693gf01sp2m34jf5vvhisz-vpsadmin-api-env-a65a4dfeb92a59df4a80a737a20bcbf8558793ff.drv
  /nix/store/8l2bhyw45gmvva0iiljjyv04ndgy9bnh-wrapped-ruby-vpsadmin-api-env-a65a4dfeb92a59df4a80a737a20bcbf8558793ff.drv
  /nix/store/g8nxmfjnx64xddl4v2dxax0vywzfi1qd-vpsadmin-api-a65a4dfeb92a59df4a80a737a20bcbf8558793ff.drv
these 40 paths will be fetched (9.8 MiB download, 22.8 MiB unpacked):
  /nix/store/q5ng9gqf05almm2r653ypz1cvng3ng7c-activemodel-8.1.3.1.gem
  /nix/store/ck7xb79f017196fgxx3b6xfmrvcv00jp-activerecord-8.1.3.1.gem
  /nix/store/dw685nzlf0g661hqndw1vn4747s18jly-activesupport-8.1.3.1.gem
  /nix/store/hy75wqbgm38nzd28yx9mi2p1kgr6zis0-curl-8.22.0
  /nix/store/3f0hpmdg9h2fzy8rlpfjn4dj65vidrds-curl-8.22.0-bin
  /nix/store/d7ms7dd4ixlqzgfkhp6nljzkmb84lmim-curl-8.22.0-dev
  /nix/store/7y3zx8jpy0xgvx53ysd741w5pjhxlvii-curl-8.22.0-man
  /nix/store/swqwbxnsw1b5c0895l6lc35pafxrgds1-die-hook
  /nix/store/1lyqhbw8yavcq0a25nzivbwl6blq06s7-gen-bin-stubs
  /nix/store/xvjdp9zk62qrn6a54my6axa6sbawfw2l-highline-3.1.2.gem
  /nix/store/1fbgnf5ic4jcgl85w95020cmx6ipq1y4-http-cookie-1.1.6.gem
  /nix/store/vsl7ms9sdg7wsgz0myv6dv4v5zasx49n-httparty-0.24.2.gem
  /nix/store/14hhk58p9vj5xrq25cyam16kzvlx0fa4-io-console-0.9.3.gem
  /nix/store/cvx3kdxz6ln1q1aim8as1zy58nl6s2p2-json-jwt-1.17.2.gem
  /nix/store/7xqnbwhcdzp8pd2y5nzhi8m0pd9w3c15-krb5-1.22.2
  /nix/store/r7hjl8dhc9g6qzg123mcgykxvjl1rrim-krb5-1.22.2-dev
  /nix/store/jxh87wvdy8l9vzwbynr585hq5vx3yv2a-krb5-1.22.2-lib
  /nix/store/hr6lc0mpcnxn2wflxbd6hjrazvhrmckz-libssh2-1.11.1
  /nix/store/2yjdwfiia4c3y4mn8mrs8wvj489l1lwp-libssh2-1.11.1-dev
  /nix/store/98f31rcjpd6lhmpfzwwh3bdl2qrvr3ba-mail-2.9.1.gem
  /nix/store/vpvsmlaylsqbp33lv4ia0a1z3yxd0w98-make-binary-wrapper-hook
  /nix/store/cdpxqm4cvcr26yjd2qrvq9p3gwpbavvg-make-shell-wrapper-hook
  /nix/store/xf9bmfm4gxvfzqrlkpasrdvjqdjnw9v7-mime-types-3.7.0.gem
  /nix/store/h58y8150adzflqi5ky6hrlzhwq4n9vfz-mime-types-data-3.2026.0701.gem
  /nix/store/cmgnva42b8x1iy75d0qxb36pyqscbcm3-mirrors-list
  /nix/store/1x2n98yz987a3x7v8c7blk99brr3dz50-net-smtp-0.5.1.gem
  /nix/store/fw1zqf017sgk7j14005yjybbpg165b0x-nghttp2-1.69.0
  /nix/store/7r758zlzl4nlq7hz6hz6w7li18b73cwy-nghttp2-1.69.0-dev
  /nix/store/mgvx49y8s8rkd34m9y68qikr2c78p7w0-nghttp2-1.69.0-lib
  /nix/store/kff006b7a8j331706qsz0xr3096biawf-openssl-3.6.4
  /nix/store/4qkc44y77sqhaxlskjrvf2cpgfnnb1wv-openssl-3.6.4-bin
  /nix/store/0la6k2nj90y1716c1znhdm713ia1qgx8-openssl-3.6.4-dev
  /nix/store/hbxwvr1xz2ixdgp4hpg09cdjs5lkx7y2-pry-0.16.0.gem
  /nix/store/rl9g9xdhgqc39z1ahxj6qvi09il8gwz4-rack-oauth2-2.2.1.gem
  /nix/store/gnl153bjg74mz98wf3ih00rx96q5wlrg-reline-0.7.0.gem
  /nix/store/9m7rh3jpnldr9fvwbzjyrddbz1d237ci-rest-client-2.1.0.gem
  /nix/store/1chvx2nx4jywvqf6v97xfrqy627s15w4-rubocop-1.91.0.gem
  /nix/store/kwx20szs83gd3xscay2w78ch8prby4zw-rubocop-rake-0.7.1.gem
  /nix/store/dvy6w3f7xksjk4aay92mb9dkrbnpmvc8-rubocop-rspec-3.10.2.gem
  /nix/store/zdijmgsknag5h2vzmsrmkz9vcbwlww01-stdenv-linux
copying path '/nix/store/1lyqhbw8yavcq0a25nzivbwl6blq06s7-gen-bin-stubs' from 'https://cache.nixos.org'...
copying path '/nix/store/zdijmgsknag5h2vzmsrmkz9vcbwlww01-stdenv-linux' from 'https://cache.numtide.com'...
copying path '/nix/store/swqwbxnsw1b5c0895l6lc35pafxrgds1-die-hook' from 'https://cache.numtide.com'...
copying path '/nix/store/q5ng9gqf05almm2r653ypz1cvng3ng7c-activemodel-8.1.3.1.gem' from 'https://cache.nixos.org'...
copying path '/nix/store/dw685nzlf0g661hqndw1vn4747s18jly-activesupport-8.1.3.1.gem' from 'https://cache.nixos.org'...
copying path '/nix/store/ck7xb79f017196fgxx3b6xfmrvcv00jp-activerecord-8.1.3.1.gem' from 'https://cache.nixos.org'...
copying path '/nix/store/xvjdp9zk62qrn6a54my6axa6sbawfw2l-highline-3.1.2.gem' from 'https://cache.nixos.org'...
copying path '/nix/store/vsl7ms9sdg7wsgz0myv6dv4v5zasx49n-httparty-0.24.2.gem' from 'https://cache.nixos.org'...
copying path '/nix/store/14hhk58p9vj5xrq25cyam16kzvlx0fa4-io-console-0.9.3.gem' from 'https://cache.nixos.org'...
copying path '/nix/store/cvx3kdxz6ln1q1aim8as1zy58nl6s2p2-json-jwt-1.17.2.gem' from 'https://cache.nixos.org'...
copying path '/nix/store/xf9bmfm4gxvfzqrlkpasrdvjqdjnw9v7-mime-types-3.7.0.gem' from 'https://cache.nixos.org'...
copying path '/nix/store/h58y8150adzflqi5ky6hrlzhwq4n9vfz-mime-types-data-3.2026.0701.gem' from 'https://cache.nixos.org'...
copying path '/nix/store/98f31rcjpd6lhmpfzwwh3bdl2qrvr3ba-mail-2.9.1.gem' from 'https://cache.nixos.org'...
copying path '/nix/store/1x2n98yz987a3x7v8c7blk99brr3dz50-net-smtp-0.5.1.gem' from 'https://cache.nixos.org'...
copying path '/nix/store/1fbgnf5ic4jcgl85w95020cmx6ipq1y4-http-cookie-1.1.6.gem' from 'https://cache.nixos.org'...
copying path '/nix/store/hbxwvr1xz2ixdgp4hpg09cdjs5lkx7y2-pry-0.16.0.gem' from 'https://cache.nixos.org'...
building '/nix/store/0n347f40f4056dgpw69a13gvkmmgyq8g-vpsadmin-source-a65a4dfeb92a59df4a80a737a20bcbf8558793ff.drv'...
copying path '/nix/store/7y3zx8jpy0xgvx53ysd741w5pjhxlvii-curl-8.22.0-man' from 'https://cache.nixos.org'...
copying path '/nix/store/cmgnva42b8x1iy75d0qxb36pyqscbcm3-mirrors-list' from 'https://cache.nixos.org'...
copying path '/nix/store/fw1zqf017sgk7j14005yjybbpg165b0x-nghttp2-1.69.0' from 'https://cache.nixos.org'...
copying path '/nix/store/mgvx49y8s8rkd34m9y68qikr2c78p7w0-nghttp2-1.69.0-lib' from 'https://cache.nixos.org'...
copying path '/nix/store/kff006b7a8j331706qsz0xr3096biawf-openssl-3.6.4' from 'https://cache.nixos.org'...
copying path '/nix/store/gnl153bjg74mz98wf3ih00rx96q5wlrg-reline-0.7.0.gem' from 'https://cache.nixos.org'...
copying path '/nix/store/rl9g9xdhgqc39z1ahxj6qvi09il8gwz4-rack-oauth2-2.2.1.gem' from 'https://cache.nixos.org'...
copying path '/nix/store/9m7rh3jpnldr9fvwbzjyrddbz1d237ci-rest-client-2.1.0.gem' from 'https://cache.nixos.org'...
copying path '/nix/store/1chvx2nx4jywvqf6v97xfrqy627s15w4-rubocop-1.91.0.gem' from 'https://cache.nixos.org'...
copying path '/nix/store/kwx20szs83gd3xscay2w78ch8prby4zw-rubocop-rake-0.7.1.gem' from 'https://cache.nixos.org'...
copying path '/nix/store/dvy6w3f7xksjk4aay92mb9dkrbnpmvc8-rubocop-rspec-3.10.2.gem' from 'https://cache.nixos.org'...
copying path '/nix/store/vpvsmlaylsqbp33lv4ia0a1z3yxd0w98-make-binary-wrapper-hook' from 'https://cache.numtide.com'...
copying path '/nix/store/cdpxqm4cvcr26yjd2qrvq9p3gwpbavvg-make-shell-wrapper-hook' from 'https://cache.numtide.com'...
building '/nix/store/h2lmfvhgv57d8cgkijig35j7vqva8jn1-builder.pl.drv'...
building '/nix/store/m692y4zc3wzafm4gsb6ikiwwi1zgnvw2-gemfile-and-lockfile.drv'...
copying path '/nix/store/jxh87wvdy8l9vzwbynr585hq5vx3yv2a-krb5-1.22.2-lib' from 'https://cache.nixos.org'...
copying path '/nix/store/hr6lc0mpcnxn2wflxbd6hjrazvhrmckz-libssh2-1.11.1' from 'https://cache.nixos.org'...
copying path '/nix/store/7r758zlzl4nlq7hz6hz6w7li18b73cwy-nghttp2-1.69.0-dev' from 'https://cache.nixos.org'...
copying path '/nix/store/4qkc44y77sqhaxlskjrvf2cpgfnnb1wv-openssl-3.6.4-bin' from 'https://cache.nixos.org'...
building '/nix/store/bshgjvivy87mc5b1073c4dz50nas8kn6-ruby3.4-activesupport-8.1.3.1.drv'...
building '/nix/store/ygmii1ajckgrdxl26mv0g4155lbgpds8-ruby3.4-httparty-0.24.2.drv'...
building '/nix/store/2n3409yaqvvrsgf248m0s9d12dazzlj8-ruby3.4-io-console-0.9.3.drv'...
building '/nix/store/w4s3zpsqp0qa5pr70hy5yivj65cjy8d7-ruby3.4-mime-types-data-3.2026.0701.drv'...
building '/nix/store/0ankjy1crrkfv4x9vi17anmgn86g2lgl-ruby3.4-net-smtp-0.5.1.drv'...
building '/nix/store/50g59jdc1kjglv5s0q3a45fnzz5pw1xy-ruby3.4-rubocop-1.91.0.drv'...
copying path '/nix/store/hy75wqbgm38nzd28yx9mi2p1kgr6zis0-curl-8.22.0' from 'https://cache.nixos.org'...
copying path '/nix/store/7xqnbwhcdzp8pd2y5nzhi8m0pd9w3c15-krb5-1.22.2' from 'https://cache.nixos.org'...
copying path '/nix/store/0la6k2nj90y1716c1znhdm713ia1qgx8-openssl-3.6.4-dev' from 'https://cache.nixos.org'...
copying path '/nix/store/3f0hpmdg9h2fzy8rlpfjn4dj65vidrds-curl-8.22.0-bin' from 'https://cache.nixos.org'...
copying path '/nix/store/r7hjl8dhc9g6qzg123mcgykxvjl1rrim-krb5-1.22.2-dev' from 'https://cache.nixos.org'...
copying path '/nix/store/2yjdwfiia4c3y4mn8mrs8wvj489l1lwp-libssh2-1.11.1-dev' from 'https://cache.nixos.org'...
copying path '/nix/store/d7ms7dd4ixlqzgfkhp6nljzkmb84lmim-curl-8.22.0-dev' from 'https://cache.nixos.org'...
building '/nix/store/psg0msmkk62md5k9j06rx8qai5lp8iqd-ancestry-4.3.3.gem.drv'...
building '/nix/store/jq2f07dwmbvpcj0czwmbcns29daimiiq-domain_name-0.6.20260907.gem.drv'...
building '/nix/store/fqlv42rnaqdsq2zdzn5c9xmihqp8jgcj-fio_api-0.0.11.gem.drv'...
building '/nix/store/415dv5rmmsjnpif9dy8494b17k0470sm-haveapi-0.29.8.gem.drv'...
building '/nix/store/cppfnkzydr5xcsb19pnjmqmxnjyfxyc4-haveapi-client-0.29.8.gem.drv'...
building '/nix/store/llg0mc5d32avp3zzp8c7h6n64xvgnpa0-paper_trail-17.0.0.gem.drv'...
building '/nix/store/648wqiykvq4bhklkrlcx0aay7wr7gwfk-sinatra-activerecord-2.0.28.gem.drv'...
building '/nix/store/2lwjcs5cvjxmxf75r50r8kp543p0qr7l-ruby3.4-domain_name-0.6.20260907.drv'...
building '/nix/store/5iirmsap8j71d0gfw05nwhfp3xlfpsz0-ruby3.4-mail-2.9.1.drv'...
building '/nix/store/ylh3zmpw9hc114bzs536101hyqdb6df7-ruby3.4-mime-types-3.7.0.drv'...
building '/nix/store/9wgpcv38h62gndvvc3vlvpb8yajw7agg-ruby3.4-fio_api-0.0.11.drv'...
building '/nix/store/jdm17w4qg1ibbyw2ih7j48qh3nwpgd2v-ruby3.4-activemodel-8.1.3.1.drv'...
building '/nix/store/lkcp2jpl05n9if6ik0f2r77aw0vxhi29-ruby3.4-json-jwt-1.17.2.drv'...
building '/nix/store/4yk5g4fafvgcnhv409z25qp9wiadqpb9-ruby3.4-http-cookie-1.1.6.drv'...
building '/nix/store/28zlmlm7phvba05g13x4l4ljhplpdlf2-ruby3.4-rest-client-2.1.0.drv'...
building '/nix/store/bq04cbdv5ffpjq1w0422lhm72s8wgfj1-ruby3.4-activerecord-8.1.3.1.drv'...
building '/nix/store/ql4pm1zq4mp0kzm7yb3794z8pyqdi0f6-ruby3.4-rack-oauth2-2.2.1.drv'...
building '/nix/store/18ra1bbc7861vmps6g6bgdar6jjgcjhk-ruby3.4-rubocop-rake-0.7.1.drv'...
building '/nix/store/qqrnn35gcjv8j0cmcwglfnir6gm8n66s-ruby3.4-rubocop-rspec-3.10.2.drv'...
building '/nix/store/0q8xgsbaz2hpyd37lnqrwplsrc5d0412-ruby3.4-ancestry-4.3.3.drv'...
building '/nix/store/wwgjzwmqqzncmx1vsn53fmwvmvhns9qq-ruby3.4-paper_trail-17.0.0.drv'...
building '/nix/store/zxgdc10n6dpf9zbrxzv1rq6a6yffd6dc-ruby3.4-sinatra-activerecord-2.0.28.drv'...
building '/nix/store/v6pfdwpsb11y5brvp0a5g1nw48nvsxpm-ruby3.4-reline-0.7.0.drv'...
building '/nix/store/h1ld56pdjzv12x8cp4cz5x2rm97qx4j4-ruby3.4-highline-3.1.2.drv'...
building '/nix/store/wc19vza7616qpldswj3wi52mr32j1q0g-ruby3.4-pry-0.16.0.drv'...
building '/nix/store/jdpffj65dqmpapd6pjavr1k1s8rzgj8q-ruby3.4-haveapi-client-0.29.8.drv'...
building '/nix/store/xrbk2qfb3f6g5jifjkp7ydnxb0716sbn-ruby3.4-haveapi-0.29.8.drv'...
building '/nix/store/5mazd7f6vx693gf01sp2m34jf5vvhisz-vpsadmin-api-env-a65a4dfeb92a59df4a80a737a20bcbf8558793ff.drv'...
building '/nix/store/8l2bhyw45gmvva0iiljjyv04ndgy9bnh-wrapped-ruby-vpsadmin-api-env-a65a4dfeb92a59df4a80a737a20bcbf8558793ff.drv'...
building '/nix/store/g8nxmfjnx64xddl4v2dxax0vywzfi1qd-vpsadmin-api-a65a4dfeb92a59df4a80a737a20bcbf8558793ff.drv'...
Installing MariaDB/MySQL system tables in '/tmp/abuse-email-db.53x8Sk/data' ...
OK

To start mariadbd at boot time you have to copy
support-files/mariadb.service to the right place for your system


PLEASE REMEMBER TO SET A PASSWORD FOR THE MariaDB root USER !
To do so, start the server, then issue the following command:

'/nix/store/s03lflff3428y08qslmyx7bkikxigr1v-mariadb-server-11.4.12/bin/mariadb-secure-installation'

which will also give you the option of removing the test
databases and anonymous user created by default.  This is
strongly recommended for production servers.

See the MariaDB Knowledgebase at https://mariadb.com/kb

You can start the MariaDB daemon with:
cd '/nix/store/s03lflff3428y08qslmyx7bkikxigr1v-mariadb-server-11.4.12' ; /nix/store/s03lflff3428y08qslmyx7bkikxigr1v-mariadb-server-11.4.12/bin/mariadbd-safe --datadir='/tmp/abuse-email-db.53x8Sk/data'

You can test the MariaDB daemon with mariadb-test-run.pl
cd '/nix/store/s03lflff3428y08qslmyx7bkikxigr1v-mariadb-server-11.4.12/OFF' ; perl mariadb-test-run.pl

Please report any problems at https://mariadb.org/jira

The latest information about MariaDB is available at https://mariadb.org/.

Consider joining MariaDB's strong and vibrant community:
https://mariadb.org/get-involved/

Fail2Ban: [rt.vpsfree.cz #95350]: omitted 12 historical records outside selected assignment
Cisilino: [rt.vpsfree.cz #95356]: reported range crosses or cannot establish a continuous assignment
disposable verification: unidentified message subject="[rt.vpsfree.cz #95356] Abuse report - IP 37.205.9.65 / Segnalazione abuso - IP 37.205.9.65", originator="notifiche@cisilino.com"
Cisilino: [rt.vpsfree.cz #95356]: reported range crosses or cannot establish a continuous assignment
disposable verification: unidentified message subject="[rt.vpsfree.cz #95356] Abuse report - IP 37.205.9.65 / Segnalazione abuso - IP 37.205.9.65", originator="notifiche@cisilino.com"
ticket=95347 candidate_and_database_time=2026-09-28T08:41:50.000000Z passed
ticket=95348 candidate_and_database_time=2026-09-28T08:44:40.114000Z passed
ticket=95350 candidate_and_database_time=2026-09-28T09:23:02.000000Z passed
ticket=95351 candidate_and_database_time=2026-09-28T09:29:00.000000Z passed
ticket=95353 candidate_and_database_time=2026-09-28T09:36:08.000000Z passed
ticket=95355 candidate_and_database_time=2026-09-28T10:32:52.000000Z passed
ticket=95356 candidate_and_database_time=2026-09-28T10:38:19.000000Z passed
ticket=95360 candidate_and_database_time=2026-09-28T11:46:46.000000Z passed
ticket=95361 candidate_and_database_time=2026-09-28T11:57:11.439254Z passed
detected_at_database_precision=6
inclusive_boundary_and_prior_owner_filter passed
aggregate_crossing_assignment rejected_as_expected
A_B_A_ownership_and_no_save passed
Pinned API: /nix/store/xfxg63hl4h3h609y29c8rimc1z4iz7lz-vpsadmin-api-a65a4dfeb92a59df4a80a737a20bcbf8558793ff
Disposable database artifacts retained privately: /tmp/abuse-email-db.53x8Sk
/tmp/abuse-emails-dev-env.sh: line 2260: PS1: unbound variable
