Refreshing run status every 3 seconds. Press Ctrl+C to quit.

* master Check · 35871492426
Triggered via push about 4 minutes ago

JOBS
* flake (ID 107216433019)
  ✓ Set up job
  ✓ Run actions/checkout@v7.0.1
  ✓ Run cachix/install-nix-action@v31.11.1
  ✓ Run nix flake check --print-build-logs
  * Run nix run .#devcluster-check
  * Post Run actions/checkout@v7.0.1
Refreshing run status every 3 seconds. Press Ctrl+C to quit.

* master Check · 35871492426
Triggered via push about 4 minutes ago

JOBS
* flake (ID 107216433019)
  ✓ Set up job
  ✓ Run actions/checkout@v7.0.1
  ✓ Run cachix/install-nix-action@v31.11.1
  ✓ Run nix flake check --print-build-logs
  * Run nix run .#devcluster-check
  * Post Run actions/checkout@v7.0.1
Refreshing run status every 3 seconds. Press Ctrl+C to quit.

* master Check · 35871492426
Triggered via push about 4 minutes ago

JOBS
* flake (ID 107216433019)
  ✓ Set up job
  ✓ Run actions/checkout@v7.0.1
  ✓ Run cachix/install-nix-action@v31.11.1
  ✓ Run nix flake check --print-build-logs
  * Run nix run .#devcluster-check
  * Post Run actions/checkout@v7.0.1
Refreshing run status every 3 seconds. Press Ctrl+C to quit.

* master Check · 35871492426
Triggered via push about 4 minutes ago

JOBS
* flake (ID 107216433019)
  ✓ Set up job
  ✓ Run actions/checkout@v7.0.1
  ✓ Run cachix/install-nix-action@v31.11.1
  ✓ Run nix flake check --print-build-logs
  * Run nix run .#devcluster-check
  * Post Run actions/checkout@v7.0.1
Refreshing run status every 3 seconds. Press Ctrl+C to quit.

* master Check · 35871492426
Triggered via push about 4 minutes ago

JOBS
* flake (ID 107216433019)
  ✓ Set up job
  ✓ Run actions/checkout@v7.0.1
  ✓ Run cachix/install-nix-action@v31.11.1
  ✓ Run nix flake check --print-build-logs
  * Run nix run .#devcluster-check
  * Post Run actions/checkout@v7.0.1
Refreshing run status every 3 seconds. Press Ctrl+C to quit.

* master Check · 35871492426
Triggered via push about 4 minutes ago

JOBS
* flake (ID 107216433019)
  ✓ Set up job
  ✓ Run actions/checkout@v7.0.1
  ✓ Run cachix/install-nix-action@v31.11.1
  ✓ Run nix flake check --print-build-logs
  * Run nix run .#devcluster-check
  * Post Run actions/checkout@v7.0.1
Refreshing run status every 3 seconds. Press Ctrl+C to quit.

* master Check · 35871492426
Triggered via push about 4 minutes ago

JOBS
* flake (ID 107216433019)
  ✓ Set up job
  ✓ Run actions/checkout@v7.0.1
  ✓ Run cachix/install-nix-action@v31.11.1
  ✓ Run nix flake check --print-build-logs
  * Run nix run .#devcluster-check
  * Post Run actions/checkout@v7.0.1
Refreshing run status every 3 seconds. Press Ctrl+C to quit.

* master Check · 35871492426
Triggered via push about 4 minutes ago

JOBS
* flake (ID 107216433019)
  ✓ Set up job
  ✓ Run actions/checkout@v7.0.1
  ✓ Run cachix/install-nix-action@v31.11.1
  ✓ Run nix flake check --print-build-logs
  * Run nix run .#devcluster-check
  * Post Run actions/checkout@v7.0.1
Refreshing run status every 3 seconds. Press Ctrl+C to quit.

* master Check · 35871492426
Triggered via push about 4 minutes ago

JOBS
* flake (ID 107216433019)
  ✓ Set up job
  ✓ Run actions/checkout@v7.0.1
  ✓ Run cachix/install-nix-action@v31.11.1
  ✓ Run nix flake check --print-build-logs
  * Run nix run .#devcluster-check
  * Post Run actions/checkout@v7.0.1
Refreshing run status every 3 seconds. Press Ctrl+C to quit.

* master Check · 35871492426
Triggered via push about 5 minutes ago

JOBS
* flake (ID 107216433019)
  ✓ Set up job
  ✓ Run actions/checkout@v7.0.1
  ✓ Run cachix/install-nix-action@v31.11.1
  ✓ Run nix flake check --print-build-logs
  * Run nix run .#devcluster-check
  * Post Run actions/checkout@v7.0.1
Refreshing run status every 3 seconds. Press Ctrl+C to quit.

* master Check · 35871492426
Triggered via push about 5 minutes ago

JOBS
* flake (ID 107216433019)
  ✓ Set up job
  ✓ Run actions/checkout@v7.0.1
  ✓ Run cachix/install-nix-action@v31.11.1
  ✓ Run nix flake check --print-build-logs
  * Run nix run .#devcluster-check
  * Post Run actions/checkout@v7.0.1
Refreshing run status every 3 seconds. Press Ctrl+C to quit.

* master Check · 35871492426
Triggered via push about 5 minutes ago

JOBS
* flake (ID 107216433019)
  ✓ Set up job
  ✓ Run actions/checkout@v7.0.1
  ✓ Run cachix/install-nix-action@v31.11.1
  ✓ Run nix flake check --print-build-logs
  * Run nix run .#devcluster-check
  * Post Run actions/checkout@v7.0.1
Refreshing run status every 3 seconds. Press Ctrl+C to quit.

* master Check · 35871492426
Triggered via push about 5 minutes ago

JOBS
* flake (ID 107216433019)
  ✓ Set up job
  ✓ Run actions/checkout@v7.0.1
  ✓ Run cachix/install-nix-action@v31.11.1
  ✓ Run nix flake check --print-build-logs
  * Run nix run .#devcluster-check
  * Post Run actions/checkout@v7.0.1
Refreshing run status every 3 seconds. Press Ctrl+C to quit.

* master Check · 35871492426
Triggered via push about 5 minutes ago

JOBS
* flake (ID 107216433019)
  ✓ Set up job
  ✓ Run actions/checkout@v7.0.1
  ✓ Run cachix/install-nix-action@v31.11.1
  ✓ Run nix flake check --print-build-logs
  * Run nix run .#devcluster-check
  * Post Run actions/checkout@v7.0.1
Refreshing run status every 3 seconds. Press Ctrl+C to quit.

* master Check · 35871492426
Triggered via push about 5 minutes ago

JOBS
* flake (ID 107216433019)
  ✓ Set up job
  ✓ Run actions/checkout@v7.0.1
  ✓ Run cachix/install-nix-action@v31.11.1
  ✓ Run nix flake check --print-build-logs
  * Run nix run .#devcluster-check
  * Post Run actions/checkout@v7.0.1
Refreshing run status every 3 seconds. Press Ctrl+C to quit.

* master Check · 35871492426
Triggered via push about 5 minutes ago

JOBS
* flake (ID 107216433019)
  ✓ Set up job
  ✓ Run actions/checkout@v7.0.1
  ✓ Run cachix/install-nix-action@v31.11.1
  ✓ Run nix flake check --print-build-logs
  * Run nix run .#devcluster-check
  * Post Run actions/checkout@v7.0.1
Refreshing run status every 3 seconds. Press Ctrl+C to quit.

* master Check · 35871492426
Triggered via push about 5 minutes ago

JOBS
* flake (ID 107216433019)
  ✓ Set up job
  ✓ Run actions/checkout@v7.0.1
  ✓ Run cachix/install-nix-action@v31.11.1
  ✓ Run nix flake check --print-build-logs
  * Run nix run .#devcluster-check
  * Post Run actions/checkout@v7.0.1
Refreshing run status every 3 seconds. Press Ctrl+C to quit.

* master Check · 35871492426
Triggered via push about 5 minutes ago

JOBS
* flake (ID 107216433019)
  ✓ Set up job
  ✓ Run actions/checkout@v7.0.1
  ✓ Run cachix/install-nix-action@v31.11.1
  ✓ Run nix flake check --print-build-logs
  * Run nix run .#devcluster-check
  * Post Run actions/checkout@v7.0.1
Refreshing run status every 3 seconds. Press Ctrl+C to quit.

* master Check · 35871492426
Triggered via push about 5 minutes ago

JOBS
* flake (ID 107216433019)
  ✓ Set up job
  ✓ Run actions/checkout@v7.0.1
  ✓ Run cachix/install-nix-action@v31.11.1
  ✓ Run nix flake check --print-build-logs
  * Run nix run .#devcluster-check
  * Post Run actions/checkout@v7.0.1
Refreshing run status every 3 seconds. Press Ctrl+C to quit.

* master Check · 35871492426
Triggered via push about 5 minutes ago

JOBS
* flake (ID 107216433019)
  ✓ Set up job
  ✓ Run actions/checkout@v7.0.1
  ✓ Run cachix/install-nix-action@v31.11.1
  ✓ Run nix flake check --print-build-logs
  * Run nix run .#devcluster-check
  * Post Run actions/checkout@v7.0.1
Refreshing run status every 3 seconds. Press Ctrl+C to quit.

* master Check · 35871492426
Triggered via push about 5 minutes ago

JOBS
* flake (ID 107216433019)
  ✓ Set up job
  ✓ Run actions/checkout@v7.0.1
  ✓ Run cachix/install-nix-action@v31.11.1
  ✓ Run nix flake check --print-build-logs
  * Run nix run .#devcluster-check
  * Post Run actions/checkout@v7.0.1
Refreshing run status every 3 seconds. Press Ctrl+C to quit.

* master Check · 35871492426
Triggered via push about 5 minutes ago

JOBS
* flake (ID 107216433019)
  ✓ Set up job
  ✓ Run actions/checkout@v7.0.1
  ✓ Run cachix/install-nix-action@v31.11.1
  ✓ Run nix flake check --print-build-logs
  * Run nix run .#devcluster-check
  * Post Run actions/checkout@v7.0.1
Refreshing run status every 3 seconds. Press Ctrl+C to quit.

* master Check · 35871492426
Triggered via push about 5 minutes ago

JOBS
* flake (ID 107216433019)
  ✓ Set up job
  ✓ Run actions/checkout@v7.0.1
  ✓ Run cachix/install-nix-action@v31.11.1
  ✓ Run nix flake check --print-build-logs
  * Run nix run .#devcluster-check
  * Post Run actions/checkout@v7.0.1
Refreshing run status every 3 seconds. Press Ctrl+C to quit.

* master Check · 35871492426
Triggered via push about 6 minutes ago

JOBS
* flake (ID 107216433019)
  ✓ Set up job
  ✓ Run actions/checkout@v7.0.1
  ✓ Run cachix/install-nix-action@v31.11.1
  ✓ Run nix flake check --print-build-logs
  * Run nix run .#devcluster-check
  * Post Run actions/checkout@v7.0.1
Refreshing run status every 3 seconds. Press Ctrl+C to quit.

* master Check · 35871492426
Triggered via push about 6 minutes ago

JOBS
* flake (ID 107216433019)
  ✓ Set up job
  ✓ Run actions/checkout@v7.0.1
  ✓ Run cachix/install-nix-action@v31.11.1
  ✓ Run nix flake check --print-build-logs
  * Run nix run .#devcluster-check
  * Post Run actions/checkout@v7.0.1
Refreshing run status every 3 seconds. Press Ctrl+C to quit.

* master Check · 35871492426
Triggered via push about 6 minutes ago

JOBS
* flake (ID 107216433019)
  ✓ Set up job
  ✓ Run actions/checkout@v7.0.1
  ✓ Run cachix/install-nix-action@v31.11.1
  ✓ Run nix flake check --print-build-logs
  * Run nix run .#devcluster-check
  * Post Run actions/checkout@v7.0.1
Refreshing run status every 3 seconds. Press Ctrl+C to quit.

* master Check · 35871492426
Triggered via push about 6 minutes ago

JOBS
* flake (ID 107216433019)
  ✓ Set up job
  ✓ Run actions/checkout@v7.0.1
  ✓ Run cachix/install-nix-action@v31.11.1
  ✓ Run nix flake check --print-build-logs
  * Run nix run .#devcluster-check
  * Post Run actions/checkout@v7.0.1
Refreshing run status every 3 seconds. Press Ctrl+C to quit.

* master Check · 35871492426
Triggered via push about 6 minutes ago

JOBS
* flake (ID 107216433019)
  ✓ Set up job
  ✓ Run actions/checkout@v7.0.1
  ✓ Run cachix/install-nix-action@v31.11.1
  ✓ Run nix flake check --print-build-logs
  * Run nix run .#devcluster-check
  * Post Run actions/checkout@v7.0.1
Refreshing run status every 3 seconds. Press Ctrl+C to quit.

* master Check · 35871492426
Triggered via push about 6 minutes ago

JOBS
* flake (ID 107216433019)
  ✓ Set up job
  ✓ Run actions/checkout@v7.0.1
  ✓ Run cachix/install-nix-action@v31.11.1
  ✓ Run nix flake check --print-build-logs
  * Run nix run .#devcluster-check
  * Post Run actions/checkout@v7.0.1
Refreshing run status every 3 seconds. Press Ctrl+C to quit.

* master Check · 35871492426
Triggered via push about 6 minutes ago

JOBS
* flake (ID 107216433019)
  ✓ Set up job
  ✓ Run actions/checkout@v7.0.1
  ✓ Run cachix/install-nix-action@v31.11.1
  ✓ Run nix flake check --print-build-logs
  * Run nix run .#devcluster-check
  * Post Run actions/checkout@v7.0.1
Refreshing run status every 3 seconds. Press Ctrl+C to quit.

* master Check · 35871492426
Triggered via push about 6 minutes ago

JOBS
* flake (ID 107216433019)
  ✓ Set up job
  ✓ Run actions/checkout@v7.0.1
  ✓ Run cachix/install-nix-action@v31.11.1
  ✓ Run nix flake check --print-build-logs
  * Run nix run .#devcluster-check
  * Post Run actions/checkout@v7.0.1
Refreshing run status every 3 seconds. Press Ctrl+C to quit.

* master Check · 35871492426
Triggered via push about 6 minutes ago

JOBS
* flake (ID 107216433019)
  ✓ Set up job
  ✓ Run actions/checkout@v7.0.1
  ✓ Run cachix/install-nix-action@v31.11.1
  ✓ Run nix flake check --print-build-logs
  * Run nix run .#devcluster-check
  * Post Run actions/checkout@v7.0.1
Refreshing run status every 3 seconds. Press Ctrl+C to quit.

* master Check · 35871492426
Triggered via push about 6 minutes ago

JOBS
* flake (ID 107216433019)
  ✓ Set up job
  ✓ Run actions/checkout@v7.0.1
  ✓ Run cachix/install-nix-action@v31.11.1
  ✓ Run nix flake check --print-build-logs
  * Run nix run .#devcluster-check
  * Post Run actions/checkout@v7.0.1
Refreshing run status every 3 seconds. Press Ctrl+C to quit.

* master Check · 35871492426
Triggered via push about 6 minutes ago

JOBS
* flake (ID 107216433019)
  ✓ Set up job
  ✓ Run actions/checkout@v7.0.1
  ✓ Run cachix/install-nix-action@v31.11.1
  ✓ Run nix flake check --print-build-logs
  * Run nix run .#devcluster-check
  * Post Run actions/checkout@v7.0.1
Refreshing run status every 3 seconds. Press Ctrl+C to quit.

* master Check · 35871492426
Triggered via push about 6 minutes ago

JOBS
* flake (ID 107216433019)
  ✓ Set up job
  ✓ Run actions/checkout@v7.0.1
  ✓ Run cachix/install-nix-action@v31.11.1
  ✓ Run nix flake check --print-build-logs
  * Run nix run .#devcluster-check
  * Post Run actions/checkout@v7.0.1
Refreshing run status every 3 seconds. Press Ctrl+C to quit.

* master Check · 35871492426
Triggered via push about 6 minutes ago

JOBS
* flake (ID 107216433019)
  ✓ Set up job
  ✓ Run actions/checkout@v7.0.1
  ✓ Run cachix/install-nix-action@v31.11.1
  ✓ Run nix flake check --print-build-logs
  * Run nix run .#devcluster-check
  * Post Run actions/checkout@v7.0.1
Refreshing run status every 3 seconds. Press Ctrl+C to quit.

* master Check · 35871492426
Triggered via push about 6 minutes ago

JOBS
* flake (ID 107216433019)
  ✓ Set up job
  ✓ Run actions/checkout@v7.0.1
  ✓ Run cachix/install-nix-action@v31.11.1
  ✓ Run nix flake check --print-build-logs
  * Run nix run .#devcluster-check
  * Post Run actions/checkout@v7.0.1
Refreshing run status every 3 seconds. Press Ctrl+C to quit.

* master Check · 35871492426
Triggered via push about 6 minutes ago

JOBS
* flake (ID 107216433019)
  ✓ Set up job
  ✓ Run actions/checkout@v7.0.1
  ✓ Run cachix/install-nix-action@v31.11.1
  ✓ Run nix flake check --print-build-logs
  * Run nix run .#devcluster-check
  * Post Run actions/checkout@v7.0.1
Refreshing run status every 3 seconds. Press Ctrl+C to quit.

* master Check · 35871492426
Triggered via push about 7 minutes ago

JOBS
* flake (ID 107216433019)
  ✓ Set up job
  ✓ Run actions/checkout@v7.0.1
  ✓ Run cachix/install-nix-action@v31.11.1
  ✓ Run nix flake check --print-build-logs
  * Run nix run .#devcluster-check
  * Post Run actions/checkout@v7.0.1
Refreshing run status every 3 seconds. Press Ctrl+C to quit.

* master Check · 35871492426
Triggered via push about 7 minutes ago

JOBS
* flake (ID 107216433019)
  ✓ Set up job
  ✓ Run actions/checkout@v7.0.1
  ✓ Run cachix/install-nix-action@v31.11.1
  ✓ Run nix flake check --print-build-logs
  * Run nix run .#devcluster-check
  * Post Run actions/checkout@v7.0.1
Refreshing run status every 3 seconds. Press Ctrl+C to quit.

* master Check · 35871492426
Triggered via push about 7 minutes ago

JOBS
* flake (ID 107216433019)
  ✓ Set up job
  ✓ Run actions/checkout@v7.0.1
  ✓ Run cachix/install-nix-action@v31.11.1
  ✓ Run nix flake check --print-build-logs
  * Run nix run .#devcluster-check
  * Post Run actions/checkout@v7.0.1
Refreshing run status every 3 seconds. Press Ctrl+C to quit.

* master Check · 35871492426
Triggered via push about 7 minutes ago

JOBS
* flake (ID 107216433019)
  ✓ Set up job
  ✓ Run actions/checkout@v7.0.1
  ✓ Run cachix/install-nix-action@v31.11.1
  ✓ Run nix flake check --print-build-logs
  * Run nix run .#devcluster-check
  * Post Run actions/checkout@v7.0.1
Refreshing run status every 3 seconds. Press Ctrl+C to quit.

* master Check · 35871492426
Triggered via push about 7 minutes ago

JOBS
* flake (ID 107216433019)
  ✓ Set up job
  ✓ Run actions/checkout@v7.0.1
  ✓ Run cachix/install-nix-action@v31.11.1
  ✓ Run nix flake check --print-build-logs
  * Run nix run .#devcluster-check
  * Post Run actions/checkout@v7.0.1
Refreshing run status every 3 seconds. Press Ctrl+C to quit.

* master Check · 35871492426
Triggered via push about 7 minutes ago

JOBS
* flake (ID 107216433019)
  ✓ Set up job
  ✓ Run actions/checkout@v7.0.1
  ✓ Run cachix/install-nix-action@v31.11.1
  ✓ Run nix flake check --print-build-logs
  * Run nix run .#devcluster-check
  * Post Run actions/checkout@v7.0.1
Refreshing run status every 3 seconds. Press Ctrl+C to quit.

* master Check · 35871492426
Triggered via push about 7 minutes ago

JOBS
* flake (ID 107216433019)
  ✓ Set up job
  ✓ Run actions/checkout@v7.0.1
  ✓ Run cachix/install-nix-action@v31.11.1
  ✓ Run nix flake check --print-build-logs
  * Run nix run .#devcluster-check
  * Post Run actions/checkout@v7.0.1
Refreshing run status every 3 seconds. Press Ctrl+C to quit.

* master Check · 35871492426
Triggered via push about 7 minutes ago

JOBS
* flake (ID 107216433019)
  ✓ Set up job
  ✓ Run actions/checkout@v7.0.1
  ✓ Run cachix/install-nix-action@v31.11.1
  ✓ Run nix flake check --print-build-logs
  * Run nix run .#devcluster-check
  * Post Run actions/checkout@v7.0.1
Refreshing run status every 3 seconds. Press Ctrl+C to quit.

* master Check · 35871492426
Triggered via push about 7 minutes ago

JOBS
* flake (ID 107216433019)
  ✓ Set up job
  ✓ Run actions/checkout@v7.0.1
  ✓ Run cachix/install-nix-action@v31.11.1
  ✓ Run nix flake check --print-build-logs
  * Run nix run .#devcluster-check
  * Post Run actions/checkout@v7.0.1
Refreshing run status every 3 seconds. Press Ctrl+C to quit.

* master Check · 35871492426
Triggered via push about 7 minutes ago

JOBS
* flake (ID 107216433019)
  ✓ Set up job
  ✓ Run actions/checkout@v7.0.1
  ✓ Run cachix/install-nix-action@v31.11.1
  ✓ Run nix flake check --print-build-logs
  * Run nix run .#devcluster-check
  * Post Run actions/checkout@v7.0.1
Refreshing run status every 3 seconds. Press Ctrl+C to quit.

* master Check · 35871492426
Triggered via push about 7 minutes ago

JOBS
* flake (ID 107216433019)
  ✓ Set up job
  ✓ Run actions/checkout@v7.0.1
  ✓ Run cachix/install-nix-action@v31.11.1
  ✓ Run nix flake check --print-build-logs
  * Run nix run .#devcluster-check
  * Post Run actions/checkout@v7.0.1
Refreshing run status every 3 seconds. Press Ctrl+C to quit.

* master Check · 35871492426
Triggered via push about 7 minutes ago

JOBS
* flake (ID 107216433019)
  ✓ Set up job
  ✓ Run actions/checkout@v7.0.1
  ✓ Run cachix/install-nix-action@v31.11.1
  ✓ Run nix flake check --print-build-logs
  * Run nix run .#devcluster-check
  * Post Run actions/checkout@v7.0.1
Refreshing run status every 3 seconds. Press Ctrl+C to quit.

* master Check · 35871492426
Triggered via push about 7 minutes ago

JOBS
* flake (ID 107216433019)
  ✓ Set up job
  ✓ Run actions/checkout@v7.0.1
  ✓ Run cachix/install-nix-action@v31.11.1
  ✓ Run nix flake check --print-build-logs
  * Run nix run .#devcluster-check
  * Post Run actions/checkout@v7.0.1
Refreshing run status every 3 seconds. Press Ctrl+C to quit.

* master Check · 35871492426
Triggered via push about 7 minutes ago

JOBS
* flake (ID 107216433019)
  ✓ Set up job
  ✓ Run actions/checkout@v7.0.1
  ✓ Run cachix/install-nix-action@v31.11.1
  ✓ Run nix flake check --print-build-logs
  * Run nix run .#devcluster-check
  * Post Run actions/checkout@v7.0.1
Refreshing run status every 3 seconds. Press Ctrl+C to quit.

* master Check · 35871492426
Triggered via push about 8 minutes ago

JOBS
* flake (ID 107216433019)
  ✓ Set up job
  ✓ Run actions/checkout@v7.0.1
  ✓ Run cachix/install-nix-action@v31.11.1
  ✓ Run nix flake check --print-build-logs
  * Run nix run .#devcluster-check
  * Post Run actions/checkout@v7.0.1
Refreshing run status every 3 seconds. Press Ctrl+C to quit.

* master Check · 35871492426
Triggered via push about 8 minutes ago

JOBS
* flake (ID 107216433019)
  ✓ Set up job
  ✓ Run actions/checkout@v7.0.1
  ✓ Run cachix/install-nix-action@v31.11.1
  ✓ Run nix flake check --print-build-logs
  * Run nix run .#devcluster-check
  * Post Run actions/checkout@v7.0.1
Refreshing run status every 3 seconds. Press Ctrl+C to quit.

* master Check · 35871492426
Triggered via push about 8 minutes ago

JOBS
* flake (ID 107216433019)
  ✓ Set up job
  ✓ Run actions/checkout@v7.0.1
  ✓ Run cachix/install-nix-action@v31.11.1
  ✓ Run nix flake check --print-build-logs
  * Run nix run .#devcluster-check
  * Post Run actions/checkout@v7.0.1
Refreshing run status every 3 seconds. Press Ctrl+C to quit.

* master Check · 35871492426
Triggered via push about 8 minutes ago

JOBS
* flake (ID 107216433019)
  ✓ Set up job
  ✓ Run actions/checkout@v7.0.1
  ✓ Run cachix/install-nix-action@v31.11.1
  ✓ Run nix flake check --print-build-logs
  * Run nix run .#devcluster-check
  * Post Run actions/checkout@v7.0.1
Refreshing run status every 3 seconds. Press Ctrl+C to quit.

* master Check · 35871492426
Triggered via push about 8 minutes ago

JOBS
* flake (ID 107216433019)
  ✓ Set up job
  ✓ Run actions/checkout@v7.0.1
  ✓ Run cachix/install-nix-action@v31.11.1
  ✓ Run nix flake check --print-build-logs
  * Run nix run .#devcluster-check
  * Post Run actions/checkout@v7.0.1
Refreshing run status every 3 seconds. Press Ctrl+C to quit.

* master Check · 35871492426
Triggered via push about 8 minutes ago

JOBS
* flake (ID 107216433019)
  ✓ Set up job
  ✓ Run actions/checkout@v7.0.1
  ✓ Run cachix/install-nix-action@v31.11.1
  ✓ Run nix flake check --print-build-logs
  * Run nix run .#devcluster-check
  * Post Run actions/checkout@v7.0.1
Refreshing run status every 3 seconds. Press Ctrl+C to quit.

* master Check · 35871492426
Triggered via push about 8 minutes ago

JOBS
* flake (ID 107216433019)
  ✓ Set up job
  ✓ Run actions/checkout@v7.0.1
  ✓ Run cachix/install-nix-action@v31.11.1
  ✓ Run nix flake check --print-build-logs
  * Run nix run .#devcluster-check
  * Post Run actions/checkout@v7.0.1
Refreshing run status every 3 seconds. Press Ctrl+C to quit.

* master Check · 35871492426
Triggered via push about 8 minutes ago

JOBS
* flake (ID 107216433019)
  ✓ Set up job
  ✓ Run actions/checkout@v7.0.1
  ✓ Run cachix/install-nix-action@v31.11.1
  ✓ Run nix flake check --print-build-logs
  * Run nix run .#devcluster-check
  * Post Run actions/checkout@v7.0.1
Refreshing run status every 3 seconds. Press Ctrl+C to quit.

* master Check · 35871492426
Triggered via push about 8 minutes ago

JOBS
* flake (ID 107216433019)
  ✓ Set up job
  ✓ Run actions/checkout@v7.0.1
  ✓ Run cachix/install-nix-action@v31.11.1
  ✓ Run nix flake check --print-build-logs
  * Run nix run .#devcluster-check
  * Post Run actions/checkout@v7.0.1
Refreshing run status every 3 seconds. Press Ctrl+C to quit.

* master Check · 35871492426
Triggered via push about 8 minutes ago

JOBS
* flake (ID 107216433019)
  ✓ Set up job
  ✓ Run actions/checkout@v7.0.1
  ✓ Run cachix/install-nix-action@v31.11.1
  ✓ Run nix flake check --print-build-logs
  * Run nix run .#devcluster-check
  * Post Run actions/checkout@v7.0.1
Refreshing run status every 3 seconds. Press Ctrl+C to quit.

* master Check · 35871492426
Triggered via push about 8 minutes ago

JOBS
* flake (ID 107216433019)
  ✓ Set up job
  ✓ Run actions/checkout@v7.0.1
  ✓ Run cachix/install-nix-action@v31.11.1
  ✓ Run nix flake check --print-build-logs
  * Run nix run .#devcluster-check
  * Post Run actions/checkout@v7.0.1
Refreshing run status every 3 seconds. Press Ctrl+C to quit.

* master Check · 35871492426
Triggered via push about 8 minutes ago

JOBS
* flake (ID 107216433019)
  ✓ Set up job
  ✓ Run actions/checkout@v7.0.1
  ✓ Run cachix/install-nix-action@v31.11.1
  ✓ Run nix flake check --print-build-logs
  * Run nix run .#devcluster-check
  * Post Run actions/checkout@v7.0.1
Refreshing run status every 3 seconds. Press Ctrl+C to quit.

* master Check · 35871492426
Triggered via push about 8 minutes ago

JOBS
* flake (ID 107216433019)
  ✓ Set up job
  ✓ Run actions/checkout@v7.0.1
  ✓ Run cachix/install-nix-action@v31.11.1
  ✓ Run nix flake check --print-build-logs
  * Run nix run .#devcluster-check
  * Post Run actions/checkout@v7.0.1
Refreshing run status every 3 seconds. Press Ctrl+C to quit.

* master Check · 35871492426
Triggered via push about 8 minutes ago

JOBS
* flake (ID 107216433019)
  ✓ Set up job
  ✓ Run actions/checkout@v7.0.1
  ✓ Run cachix/install-nix-action@v31.11.1
  ✓ Run nix flake check --print-build-logs
  * Run nix run .#devcluster-check
  * Post Run actions/checkout@v7.0.1
Refreshing run status every 3 seconds. Press Ctrl+C to quit.

* master Check · 35871492426
Triggered via push about 9 minutes ago

JOBS
* flake (ID 107216433019)
  ✓ Set up job
  ✓ Run actions/checkout@v7.0.1
  ✓ Run cachix/install-nix-action@v31.11.1
  ✓ Run nix flake check --print-build-logs
  * Run nix run .#devcluster-check
  * Post Run actions/checkout@v7.0.1
Refreshing run status every 3 seconds. Press Ctrl+C to quit.

* master Check · 35871492426
Triggered via push about 9 minutes ago

JOBS
* flake (ID 107216433019)
  ✓ Set up job
  ✓ Run actions/checkout@v7.0.1
  ✓ Run cachix/install-nix-action@v31.11.1
  ✓ Run nix flake check --print-build-logs
  * Run nix run .#devcluster-check
  * Post Run actions/checkout@v7.0.1
Refreshing run status every 3 seconds. Press Ctrl+C to quit.

* master Check · 35871492426
Triggered via push about 9 minutes ago

JOBS
* flake (ID 107216433019)
  ✓ Set up job
  ✓ Run actions/checkout@v7.0.1
  ✓ Run cachix/install-nix-action@v31.11.1
  ✓ Run nix flake check --print-build-logs
  * Run nix run .#devcluster-check
  * Post Run actions/checkout@v7.0.1
Refreshing run status every 3 seconds. Press Ctrl+C to quit.

* master Check · 35871492426
Triggered via push about 9 minutes ago

JOBS
* flake (ID 107216433019)
  ✓ Set up job
  ✓ Run actions/checkout@v7.0.1
  ✓ Run cachix/install-nix-action@v31.11.1
  ✓ Run nix flake check --print-build-logs
  * Run nix run .#devcluster-check
  * Post Run actions/checkout@v7.0.1
Refreshing run status every 3 seconds. Press Ctrl+C to quit.

* master Check · 35871492426
Triggered via push about 9 minutes ago

JOBS
* flake (ID 107216433019)
  ✓ Set up job
  ✓ Run actions/checkout@v7.0.1
  ✓ Run cachix/install-nix-action@v31.11.1
  ✓ Run nix flake check --print-build-logs
  * Run nix run .#devcluster-check
  * Post Run actions/checkout@v7.0.1
✓ master Check · 35871492426
Triggered via push about 9 minutes ago

JOBS
✓ flake in 9m18s (ID 107216433019)
  ✓ Set up job
  ✓ Run actions/checkout@v7.0.1
  ✓ Run cachix/install-nix-action@v31.11.1
  ✓ Run nix flake check --print-build-logs
  ✓ Run nix run .#devcluster-check
  ✓ Post Run actions/checkout@v7.0.1
  ✓ Complete job

ANNOTATIONS
- "The ubuntu-latest label will migrate to Ubuntu 26 beginning October 19, 2026. For more information, see https://github.com/actions/runner-images/issues/14748"
flake: .github#1


watch_exit_status=0
