evaluating flake...
checking flake output 'packages'...
checking derivation packages.x86_64-linux.vpsfree-dev-workspace...
evaluation warning: 'system' has been renamed to/replaced by 'stdenv.hostPlatform.system'
derivation evaluated to /nix/store/vsakyfjjghwyf8fxnzh6zdg77fsaq7hi-dev-workspace-0.2.0.drv
checking derivation packages.x86_64-linux.default...
derivation evaluated to /nix/store/vsakyfjjghwyf8fxnzh6zdg77fsaq7hi-dev-workspace-0.2.0.drv
checking flake output 'apps'...
checking app 'apps.x86_64-linux.workspace-host'...
warning: app 'apps.x86_64-linux.workspace-host' lacks attribute 'meta'
checking flake output 'checks'...
checking derivation checks.x86_64-linux.deployment-contract...
derivation evaluated to /nix/store/ddymycpv4msszx8i01yklhm145dfq6af-dev-workspace-deployment-contract-tests.drv
checking derivation checks.x86_64-linux.agent-instructions...
derivation evaluated to /nix/store/6qpxsh75l8p1ggsyy180i0dqbjnk0a2y-workspace-agent-instructions-tests.drv
checking derivation checks.x86_64-linux.agent-team-policy...
derivation evaluated to /nix/store/ksgsgjig62d2jz7ppxz0w3bp73d2nlim-workspace-agent-team-policy-tests.drv
checking derivation checks.x86_64-linux.cluster-provider-composition...
derivation evaluated to /nix/store/gsvhdvq5zrljhrf166dydlggfkpb2skb-workspace-cluster-provider-composition-tests.drv
running 7 flake checks...
building '/nix/store/ddymycpv4msszx8i01yklhm145dfq6af-dev-workspace-deployment-contract-tests.drv'...
building '/nix/store/nqpxdirkx6f0phx438clky3is1njl10x-vpsfree-dev-workspace-tools-0.1.0.drv'...
building '/nix/store/6qpxsh75l8p1ggsyy180i0dqbjnk0a2y-workspace-agent-instructions-tests.drv'...
vpsfree-dev-workspace-tools> Running phase: unpackPhase
vpsfree-dev-workspace-tools> unpacking source archive /nix/store/2mpqa3bgrgkzcxnmqyxzsg7rh16jlcn2-source
vpsfree-dev-workspace-tools> source root is source
vpsfree-dev-workspace-tools> Running phase: patchPhase
vpsfree-dev-workspace-tools> Running phase: updateAutotoolsGnuConfigScriptsPhase
vpsfree-dev-workspace-tools> Running phase: configurePhase
vpsfree-dev-workspace-tools> no configure script, doing nothing
vpsfree-dev-workspace-tools> Running phase: buildPhase
vpsfree-dev-workspace-tools> no Makefile or custom buildPhase, doing nothing
vpsfree-dev-workspace-tools> Running phase: installPhase
workspace-agent-instructions-tests> Run options: --seed 42068
workspace-agent-instructions-tests> 
workspace-agent-instructions-tests> # Running:
workspace-agent-instructions-tests> 
workspace-agent-instructions-tests> ....
workspace-agent-instructions-tests> 
workspace-agent-instructions-tests> Finished in 0.020444s, 195.6536 runs/s, 2298.9293 assertions/s.
workspace-agent-instructions-tests> 
workspace-agent-instructions-tests> 4 runs, 47 assertions, 0 failures, 0 errors, 0 skips
dev-workspace-deployment-contract-tests> patching script interpreter paths in source/bin
dev-workspace-deployment-contract-tests> source/bin/check-dev-workspace-deployment: interpreter directive changed from "#!/usr/bin/env ruby" to "/nix/store/5shv7ihqxa98r1psfz995q3j2cwk22sa-ruby-3.4.9/bin/ruby"
vpsfree-dev-workspace-tools> Running phase: fixupPhase
vpsfree-dev-workspace-tools> shrinking RPATHs of ELF executables and libraries in /nix/store/wdb9ap2jrc89qd42a0ws3sx98mhldbkx-vpsfree-dev-workspace-tools-0.1.0
vpsfree-dev-workspace-tools> checking for references to /build/ in /nix/store/wdb9ap2jrc89qd42a0ws3sx98mhldbkx-vpsfree-dev-workspace-tools-0.1.0...
vpsfree-dev-workspace-tools> patching script interpreter paths in /nix/store/wdb9ap2jrc89qd42a0ws3sx98mhldbkx-vpsfree-dev-workspace-tools-0.1.0
dev-workspace-deployment-contract-tests> Run options: --seed 23868
dev-workspace-deployment-contract-tests> 
dev-workspace-deployment-contract-tests> # Running:
dev-workspace-deployment-contract-tests> 
vpsfree-dev-workspace-tools> Running phase: installCheckPhase
dev-workspace-deployment-contract-tests> ...
dev-workspace-deployment-contract-tests> 
dev-workspace-deployment-contract-tests> Finished in 1.342598s, 2.2345 runs/s, 10.4275 assertions/s.
dev-workspace-deployment-contract-tests> 
dev-workspace-deployment-contract-tests> 3 runs, 14 assertions, 0 failures, 0 errors, 0 skips
building '/nix/store/v7xl6i2myhxk76plr7kq2nnzh3v89lb2-dev-workspace-extensions.json.drv'...
building '/nix/store/vsakyfjjghwyf8fxnzh6zdg77fsaq7hi-dev-workspace-0.2.0.drv'...
dev-workspace> Running phase: unpackPhase
dev-workspace> unpacking source archive /nix/store/srp9w5h0wfb34cc390khnb9i8l5mjj0f-source
dev-workspace> source root is source
dev-workspace> Running phase: patchPhase
dev-workspace> Running phase: updateAutotoolsGnuConfigScriptsPhase
dev-workspace> Running phase: configurePhase
dev-workspace> Running phase: buildPhase
dev-workspace> Building subPackage ./cmd/workspace-portal
dev-workspace> Running phase: checkPhase
dev-workspace> ok       github.com/aither64/dev-workspace/portal/cmd/workspace-portal   0.229s
dev-workspace> ok       github.com/aither64/dev-workspace/portal/internal/agentteams    0.105s
dev-workspace> ok       github.com/aither64/dev-workspace/portal/internal/cluster       0.246s
dev-workspace> ok       github.com/aither64/dev-workspace/portal/internal/processgroup  1.092s
dev-workspace> ok       github.com/aither64/dev-workspace/portal/internal/repository    15.034s
dev-workspace> ok       github.com/aither64/dev-workspace/portal/internal/session       1.490s
dev-workspace> ok       github.com/aither64/dev-workspace/portal/internal/teamruntime   2.402s
dev-workspace> ok       github.com/aither64/dev-workspace/portal/internal/uploads       2.518s
dev-workspace> ?        github.com/aither64/dev-workspace/portal/internal/userstate     [no test files]
dev-workspace> ok       github.com/aither64/dev-workspace/portal/internal/web   37.103s
dev-workspace> ok       github.com/aither64/dev-workspace/portal/internal/workspacecodex        5.155s
dev-workspace> Run options: --seed 28342
dev-workspace> 
dev-workspace> # Running:
dev-workspace> 
dev-workspace> ..............Enumerating objects: 4, done.
dev-workspace> Counting objects: 100% (4/4), done.
dev-workspace> Delta compression using up to 64 threads
dev-workspace> Compressing objects: 100% (2/2), done.
dev-workspace> Writing objects: 100% (3/3), 287 bytes | 287.00 KiB/s, done.
dev-workspace> Total 3 (delta 0), reused 0 (delta 0), pack-reused 0 (from 0)
dev-workspace> To /build/dev-session-test20260923-15962-m6e8db/.git/test-origin.git
dev-workspace>    403c68c..46b9ad3  master -> master
dev-workspace> ..................................................................S..........S........................................S....S...............S...............................S......[2026-06-06-worktree-removal-race 975cb3d] raced change
dev-workspace>  1 file changed, 1 insertion(+)
dev-workspace>  create mode 100644 raced
dev-workspace> ...........S...........S..........S.S.........................................S.......................................................S...
dev-workspace> 
dev-workspace> Finished in 134.686414s, 2.4501 runs/s, 25.6745 assertions/s.
dev-workspace> 
dev-workspace> 330 runs, 3458 assertions, 0 failures, 0 errors, 12 skips
dev-workspace> 
dev-workspace> You have skipped tests. Run with --verbose for details.
dev-workspace> Run options: --seed 2129
dev-workspace> 
dev-workspace> # Running:
dev-workspace> 
dev-workspace> ........
dev-workspace> 
dev-workspace> Finished in 0.046333s, 172.6648 runs/s, 712.2424 assertions/s.
dev-workspace> 
dev-workspace> 8 runs, 33 assertions, 0 failures, 0 errors, 0 skips
dev-workspace> Run options: --seed 35059
dev-workspace> 
dev-workspace> # Running:
dev-workspace> 
dev-workspace> ................S....S.........................S.............................................
dev-workspace> 
dev-workspace> Finished in 2.343580s, 39.6829 runs/s, 219.3226 assertions/s.
dev-workspace> 
dev-workspace> 93 runs, 514 assertions, 0 failures, 0 errors, 3 skips
dev-workspace> 
dev-workspace> You have skipped tests. Run with --verbose for details.
dev-workspace> checkPhase completed in 3 minutes 3 seconds
dev-workspace> Running phase: installPhase
dev-workspace> Running phase: fixupPhase
dev-workspace> shrinking RPATHs of ELF executables and libraries in /nix/store/jxhdykqrvlxh9pyzip3b19n27jpcq35h-dev-workspace-0.2.0
dev-workspace> shrinking /nix/store/jxhdykqrvlxh9pyzip3b19n27jpcq35h-dev-workspace-0.2.0/bin/workspace-portal
dev-workspace> checking for references to /build/ in /nix/store/jxhdykqrvlxh9pyzip3b19n27jpcq35h-dev-workspace-0.2.0...
dev-workspace> patching script interpreter paths in /nix/store/jxhdykqrvlxh9pyzip3b19n27jpcq35h-dev-workspace-0.2.0
dev-workspace> stripping (with command strip and flags -S -p) in  /nix/store/jxhdykqrvlxh9pyzip3b19n27jpcq35h-dev-workspace-0.2.0/libexec /nix/store/jxhdykqrvlxh9pyzip3b19n27jpcq35h-dev-workspace-0.2.0/bin
building '/nix/store/ksgsgjig62d2jz7ppxz0w3bp73d2nlim-workspace-agent-team-policy-tests.drv'...
building '/nix/store/gsvhdvq5zrljhrf166dydlggfkpb2skb-workspace-cluster-provider-composition-tests.drv'...
all checks passed!
