
confctl config dev shell ready (tools)
Skipping swpins auto updates for flake config
Skipping swpins checks for flake config
Evaluating inputs for 11 machines...

Machines will be built in 1 groups

Build log: /home/aither/workspace/ai/vpsfree.cz/worktrees/2026-09-14-kernel-history-fix/vpsfree-cz-configuration/.confctl/logs/2026-09-14--11-24-13-confctl-build.log

Building machines
  cz.vpsfree/vpsadmin/int.api1
  cz.vpsfree/vpsadmin/int.api2
  cz.vpsfree/vpsadmin/int.db
  cz.vpsfree/vpsadmin/int.rabbitmq1
  cz.vpsfree/vpsadmin/int.rabbitmq2
  cz.vpsfree/vpsadmin/int.rabbitmq3
  cz.vpsfree/vpsadmin/int.redis1
  cz.vpsfree/vpsadmin/int.vpsadmin1
  cz.vpsfree/vpsadmin/int.webui-dev
  cz.vpsfree/vpsadmin/int.webui1
  cz.vpsfree/vpsadmin/int.webui2
with inputs
Command: confctl build --yes cz.vpsfree/vpsadmin/*
Build group: 1/1 (11 machines)
Full log:    .confctl/logs/2026-09-14--11-24-13-confctl-build.log

[build] 1/0 /nix/store/p101xyml6xjxjmiryrkg2f2n7dzs5gvz-vpsadmin-source-2a312616b0bf10465c33bbca97c79b31b22e8ec8.drv
[fetch] 1/238 /nix/store/g8h4wza6gclh6jcfi8xf3bmiqiqy5rps-ensure-all-wrappers-paths-exist
[fetch] 2/238 /nix/store/wzx8dd89lbqjz5qx3agrxqcbw83hfpxn-ensure-all-wrappers-paths-exist
[fetch] 3/238 /nix/store/b2r8izswd0d885vahykx0pz009czkacw-mariadb-server-11.4.12-man
[fetch] 4/238 /nix/store/lx6cfz9xxc9brx3j8g4carsd6yi2h7dw-mdadm-4.4-man
[fetch] 5/238 /nix/store/hdfhinjim08k10il633zwd5x2zcgf2h1-rabbitmq-server-4.2.9-doc
[fetch] 6/238 /nix/store/7xmw6k18p8llm2x1mfpmf7wshlfn8m81-rabbitmq-server-4.2.9-man
[fetch] 7/238 /nix/store/pgaplz3r1g6rkapqcn69n7rhvsspsv5b-screen-5.0.1-info
[fetch] 8/238 /nix/store/i45nvm4kmbhlszphcqws4w1fgg51mrwy-system-generators
[fetch] 9/238 /nix/store/am294258dr51n5x66g4k9z7jnadb93ym-user-generators
[fetch] 10/238 /nix/store/73g97m91gspflzhrsji509nrh2rgy7a3-wget-1.25.0-info
[fetch] 11/238 /nix/store/vx5lr39h512bhh0s9kvddfk7mlgdzj33-d3-flame-graph-templates-4.1.3
[fetch] 12/238 /nix/store/vag8cn6156z8qakivzhgn9pnn79g7r7n-7zz-26.02
[fetch] 13/238 /nix/store/mskmc2sz3v5qx7i3rd5kzav4zkrrahnh-cpupower-6.18.50
[fetch] 14/238 /nix/store/71x5r55xp1xmli88xipg8j3gmr8l37v4-desktop-file-utils-0.28
[fetch] 15/238 /nix/store/81zpbkhcssq2nn0rfg50vkm81rmvsfam-getconf-glibc-2.42-84
[fetch] 16/238 /nix/store/6zxixmszg0vbhpaa8rxwfr05by9axj68-glibc-2.42.tar.xz
[build] 2/614 /nix/store/l0hxyp6jclkc0sq6snpjxdjjp6xrmq36-init-script-builder.sh.drv
[build] 3/614 /nix/store/pf2c4zhfbayczrsihwc3s7hk2zkzgn1b-builder.pl.drv
[build] 4/614 /nix/store/2spxla6m2pcqqjb68by5prm6ks4m027a-etc-bashrc.drv
[build] 5/614 /nix/store/36khrrqx79j1dhiphskgxx8fkmsfihx2-etc-bashrc.drv
[build] 6/614 /nix/store/54f2ynmlawy0bsd9zdvia6nnjgkidcgq-etc-bashrc.drv
[build] 7/614 /nix/store/9g8k4sapr8inanpvpxk9nya031y99i2j-etc-bashrc.drv
[build] 8/614 /nix/store/9xllfgdwpn20618wq28snkdqxsax4kig-etc-bashrc.drv
[build] 9/614 /nix/store/bws24jljkk8aq28fwl9xcx04vwdkliim-etc-bashrc.drv
[build] 10/614 /nix/store/cfj3czj1dslj1dgqzc8ca3l6p0mfbqcg-etc-bashrc.drv
[build] 11/614 /nix/store/dqxsishvhxf44205wpfjan1ykk0mvjdf-etc-bashrc.drv
[build] 12/614 /nix/store/lwr86wh67n3rw88rck10ym0j61p5qkcf-etc-bashrc.drv
[build] 13/614 /nix/store/m3947lwr0ph99f6a5dxhwkswjq8l1jl1-etc-bashrc.drv
[build] 14/614 /nix/store/rqf576h0xlfxfxkbsjpspa0nhi6dznrj-etc-bashrc.drv
[build] 15/614 /nix/store/nlcds7xxx8qh4j59shi83dvshqrvkxma-etc-confctl-configuration-info.json.drv
[build] 16/614 /nix/store/3fx16mc2s2yrpymmz4dr0gkpkcknwdwb-etc-confctl-inputs-info.json.drv
[build] 17/614 /nix/store/fhdkk4pgn8vdfr51idlksczdkmzw7m4l-etc-confctl-inputs-info.json.drv
[build] 18/614 /nix/store/047hq8x1rnypsjbxwg782j19z7j7d7fp-etc-hostname.drv
[build] 19/614 /nix/store/2857gl44lwcwlpkwdiqzlcr84znd05wa-etc-hostname.drv
[build] 20/614 /nix/store/2canfvivyi0ydw9hm77v27w1c9yyhpx1-etc-hostname.drv
[build] 21/614 /nix/store/2p5686xz0y7k3yx0syiizslpihp3qp1m-etc-hostname.drv
[build] 22/614 /nix/store/7balvqhmy9yymacz68qyl7n10fldy5vf-etc-hostname.drv
[build] 23/614 /nix/store/7cid9ls0w06m7mpxy2w8vdih099124qy-etc-hostname.drv
[build] 24/614 /nix/store/dii0z6kbynv3vqpis4bkl8nvqm2b2qfr-etc-hostname.drv
[build] 25/614 /nix/store/gk6jxlsqcw5vfn7xiszissdikky39lq8-etc-hostname.drv
[build] 26/614 /nix/store/s7n3lmy7cknj7lrinwqmm27vrx4avs6j-etc-hostname.drv
[build] 27/614 /nix/store/w5k4vrivhd5a5w22lmi68sd12slvi5h9-etc-hostname.drv
[build] 28/614 /nix/store/zxnpjr2dj72rrc3hkyn4c7jf9xj9dmpz-etc-hostname.drv
[build] 29/614 /nix/store/qm9q4dzdb6bjpw6vcrpj3f32hg53m47n-etc-mdadm.conf.drv
[fetch] 17/238 /nix/store/6xg4mdjv4111nvg6mq32l3cg44i3ghyd-120b605dfeb996808c31b6477290a714d356e822
[fetch] 18/238 /nix/store/yh774lyglw1c0nxvn03dkflr92lqiba6-160d6274b03562ebeb55ed18399281d8118b76c8
[fetch] 19/238 /nix/store/4i803rf3f3471zlvvx30wa50kbxd4bh4-2b4765fddfe3b508ac62f829e852b1501d3f6e8a
[fetch] 20/238 /nix/store/441j7295bcn4rgmhdpm6znmcm6vkbfvv-8674e51bb65af933a5ffaf1c308a660387c35c22
[fetch] 21/238 /nix/store/27ggarl8m9ys051bm4jkrnmwa6ajj430-402d35bcb92c70c026d1a6a9883f06b2ead23d71
[fetch] 22/238 /nix/store/ysx7b08g7hij256bgfpx61mwpd4pdjfk-996434e5492cb4c3edcb9168db6fbb1359ef965a
[fetch] 23/238 /nix/store/881ran1s0zf42ih9askny5lkkrgksxd7-aa5030cfa5405eccfdcb1083ce040c2cb8d253bf
[fetch] 24/238 /nix/store/vmh6scmslmz37p8xi9gv1ngxk3sjk6dr-aspell-0.60.8.2
[fetch] 25/238 /nix/store/cp747s3fjqi379pgpcrmmxjci7yd0nbb-ShellCheck-0.11.0
[fetch] 26/238 /nix/store/q5ng9gqf05almm2r653ypz1cvng3ng7c-activemodel-8.1.3.1.gem
[fetch] 27/238 /nix/store/w237jyxv7qamppr9w6l7d45k5n9rnzf7-bb5906edc1c324c9a05aa0873d40117941e5fa90
[fetch] 28/238 /nix/store/mw7i7nliwfkn5vhgridjz0y5ayrhxljn-bison-3.8.2
[fetch] 29/238 /nix/store/dw685nzlf0g661hqndw1vn4747s18jly-activesupport-8.1.3.1.gem
[fetch] 30/238 /nix/store/b50plxrdbxx8x872smz6fdimbcs255nj-concurrent-ruby-1.3.8.gem
[fetch] 31/238 /nix/store/ck7xb79f017196fgxx3b6xfmrvcv00jp-activerecord-8.1.3.1.gem
[fetch] 32/238 /nix/store/cawa2jabmg0kb9py8jn61js2za0g2hvp-bubblewrap-0.11.2
[fetch] 33/238 /nix/store/jagni036zwccb16zxqy8x3la6256pnvv-cose-1.3.1.gem
[fetch] 34/238 /nix/store/78g5kpjif5pw283r7dlnfzsy9agdsn08-curl-8.21.0
[fetch] 35/238 /nix/store/c9bx64valknzrh68dbymz27b6ly45r72-curl-8.21.0-man
[fetch] 36/238 /nix/store/bycq6i87zb503a57nvk1yzkai4lqhbra-diff-lcs-1.6.2.gem
[fetch] 37/238 /nix/store/irhf7skj87isgq3z5spfc6hl9mshriph-date-3.5.1.gem
[fetch] 38/238 /nix/store/ipwfiygx8pypsqbmi2z5glibsi84rscj-dnsruby-1.74.0.gem
[fetch] 39/238 /nix/store/9agxyxrjiwzwb035rg9rig3v9znhqn7c-drb-2.2.3.gem
[build] 30/614 /nix/store/bzsqgv3dizz6aj837sk7c17rl2fmj0nv-bacon-bacon-qr-code-8674e51bb65af933a5ffaf1c308a660387c35c22.drv
[build] 31/614 /nix/store/g01ni1jh83kjb1i1dsdl975l5fifh53m-league-oauth2-client-160d6274b03562ebeb55ed18399281d8118b76c8.drv
[build] 32/614 /nix/store/10mzmc9076n331a4igvqg4nwrwywprj8-paragonie-random_compat-996434e5492cb4c3edcb9168db6fbb1359ef965a.drv
[build] 33/614 /nix/store/f2yfadvycy7yirz7ipnbq8c0jv4rwf70-psr-cache-aa5030cfa5405eccfdcb1083ce040c2cb8d253bf.drv
[build] 34/614 /nix/store/0ldv1n7kj3qsji31cv0m2mvp9cbmvmm6-psr-http-factory-2b4765fddfe3b508ac62f829e852b1501d3f6e8a.drv
[build] 35/614 /nix/store/bpygmk6vp41r10kir7vmlhyciqxfanfj-psr-http-message-402d35bcb92c70c026d1a6a9883f06b2ead23d71.drv
[build] 36/614 /nix/store/w1xj2kwc2f621sw3mvaq4s46fjw4i6cj-ralouphie-getallheaders-120b605dfeb996808c31b6477290a714d356e822.drv
[fetch] 40/238 /nix/store/bk57ah4s3a4bad97hvzb4g225xcl2pgi-faraday-2.14.3.gem
[fetch] 41/238 /nix/store/83vsm6qmca6syc04rjgjarqdvg9nlwjb-faraday-follow_redirects-0.5.0.gem
[fetch] 42/238 /nix/store/1cv23lq6wrnq248cwjn4g21w7qvk8y0y-find-xml-catalogs-hook
[fetch] 43/238 /nix/store/yxdp19qrak9hfh3i4b4scywjmjbdh927-gen-bin-stubs
[fetch] 44/238 /nix/store/c27ahk18r9gd3znhhpgxvxggzcrw6l2x-git-minimal-2.54.0
[fetch] 45/238 /nix/store/450mrbh6bp5m0f9g4llc7h8z5pcr0wkz-glu-9.0.3
[fetch] 46/238 /nix/store/p1qg08rl7kd4rx49yk3lv9sd6s1rvlpd-glibc-iconv-2.42
[fetch] 47/238 /nix/store/nplciy9l6k2m9p7fdysrnd8rg2d1igdg-gperftools-2.17.2
[fetch] 48/238 /nix/store/s2b7mw0vv76jpn045yxsklkc54pgp0r0-hfst-ospell-0.5.4
[fetch] 49/238 /nix/store/7x18x3xpm6xlh0ajk88gg2q3h5jn003q-harfbuzz-icu-13.2.1
[fetch] 50/238 /nix/store/xvjdp9zk62qrn6a54my6axa6sbawfw2l-highline-3.1.2.gem
[fetch] 51/238 /nix/store/7vln60avl882vmrc69fis5cnr43shmcl-hspell-1.4
[fetch] 52/238 /nix/store/9ang5jhq99x5j7jdqpvfz13bcdc7kjwy-hidapi-0.15.0
[fetch] 53/238 /nix/store/1fbgnf5ic4jcgl85w95020cmx6ipq1y4-http-cookie-1.1.6.gem
[fetch] 54/238 /nix/store/vsl7ms9sdg7wsgz0myv6dv4v5zasx49n-httparty-0.24.2.gem
[fetch] 55/238 /nix/store/pxys7jyypjlj4wdskab0z90x8nmrii42-hunspell-1.7.2
[build] 37/614 /nix/store/889wy9dyfdgkylcwmd7i0inpx0wqmnpq-notification-template-check.drv
[build] 38/614 /nix/store/6plqq1yp8wnb7vzmpamjqcipcl57kam7-psr-http-client-bb5906edc1c324c9a05aa0873d40117941e5fa90.drv
[build] 39/614 /nix/store/ps6rx9j60phdadyx4n1m8lc2pvyza73q-ruby3.4-concurrent-ruby-1.3.8.drv
[build] 40/614 /nix/store/wcpk0p12ncq03hhbsdlwimfj2ajw12zk-ruby3.4-date-3.5.1.drv
[build] 41/614 /nix/store/451yagzc3ka7xxha3vpf8dx1xra34b7x-ruby3.4-diff-lcs-1.6.2.drv
[build] 42/614 /nix/store/rzg5ffafpf8bk0xbp1c9bzqv6mc46rz1-ruby3.4-drb-2.2.3.drv
[fetch] 56/238 /nix/store/68fpl6ybmwpj3l12lxnxks4g63cpr8i2-hyphen-2.8.8
[fetch] 57/238 /nix/store/93a432iksyj8z9p938gwgjxnpysabvfc-i18n-1.15.2.gem
[fetch] 58/238 /nix/store/2bpsbs6v16122mbgwpmmm9wsazr5y4d2-iftop-1.0pre4
[fetch] 59/238 /nix/store/91rp4i22bxk3n8g5f2ngvfiksyv4wjxd-iptraf-ng-1.2.2
[fetch] 60/238 /nix/store/6p45s1s6qwawy24y6653j95xg06w2w6r-io-console-0.9.2.gem
[fetch] 61/238 /nix/store/yf7mkb4kzgii8i0nwqxwvbnqsgypnqvj-json-2.21.2.gem
[fetch] 62/238 /nix/store/cv6biwyxgbymkvq5fl9jirrnqcc1k3bf-krb5-1.22.2
[fetch] 63/238 /nix/store/xlgiwx84ilqjga2lqf1fjhvs1cgqppvi-libbacktrace-0-unstable-2024-03-02
[fetch] 64/238 /nix/store/y3ck6raig8jcgdqr4mskgf6lxf8krcgh-judy-1.0.5
[fetch] 65/238 /nix/store/r4jcrrx7dsp7xzxbk3ra693d83zbkhik-libidn2-2.3.8-bin
[fetch] 66/238 /nix/store/i26gxxjkkgmgbcvd3w40rjm76qhcc9fj-libnotify-0.8.8
[fetch] 67/238 /nix/store/9y6r1w8crgjc7z0m3bdv1jmywjiq346c-language_server-protocol-3.17.0.6.gem
[fetch] 68/238 /nix/store/4mag14jbia44vwqdhlcz04i8xa7qk4w1-libpfm-4.13.0
[fetch] 69/238 /nix/store/5g5j1qpwr4i93xy8vx6b1h4i0bqhpyg0-libevdev-1.13.6
[fetch] 70/238 /nix/store/cnxymjgxypiyw12ia61rip2zhdbdw8h9-libpsl-0.21.5-dev
[build] 43/614 /nix/store/7m2vg6kx4ldzqlhaypz26z932107p16j-vpsfree-notification-templates-1.drv
[fetch] 71/238 /nix/store/q18vs7mdi8gscf0s6yy5ms45v192aj2s-libjxl-0.11.2
[fetch] 72/238 /nix/store/87a0pwb7dzaiabw8gwqkcinkl8wnr6hr-libsecret-0.21.7
[fetch] 73/238 /nix/store/p6ggc0wvgclaf4gdi5m41spr761q6cik-libssh2-1.11.1-dev
[fetch] 74/238 /nix/store/myaj33zy07y53z3g36warrdhyd98gigr-libtraceevent-1.9
[fetch] 75/238 /nix/store/h8f4zh7ypg892di4nri3fb7mfmsc26iy-libvoikko-4.3.3
[fetch] 76/238 /nix/store/98f31rcjpd6lhmpfzwwh3bdl2qrvr3ba-mail-2.9.1.gem
[fetch] 77/238 /nix/store/zgi7n65namq775ixng2m8q5ivnb91qfi-make-binary-wrapper-hook
[fetch] 78/238 /nix/store/glyk6m67m3ayxjsbjssza725bnzy0bw7-libxslt-1.1.45-bin
[fetch] 79/238 /nix/store/jzvlcqj86fi37631pcs12zjfz0nfw0d7-libxxf86vm-1.1.7
[fetch] 80/238 /nix/store/xf9bmfm4gxvfzqrlkpasrdvjqdjnw9v7-mime-types-3.7.0.gem
[fetch] 81/238 /nix/store/cijinz4hl3lkcw6jydz74gkpz9921wss-linux-headers-6.18.7
[fetch] 82/238 /nix/store/h58y8150adzflqi5ky6hrlzhwq4n9vfz-mime-types-data-3.2026.0701.gem
[fetch] 83/238 /nix/store/1lxar5vgg88sp07l6ad010zibxgwy9fw-minitest-6.0.6.gem
[fetch] 84/238 /nix/store/7qyqayjnkwrr6h3rnwrv46nqs4m93axw-mini_mime-1.1.5.gem
[fetch] 85/238 /nix/store/kzkyl6ncy8jhkyh8ipliibpcbjxsnrzc-multi_xml-0.9.1.gem
[fetch] 86/238 /nix/store/wbjphpgc65c6hhm2c0pk92ri9fl2mdr9-mirrors-list
[build] 44/614 /nix/store/qm029xga1p5jf0pzizp8i9nrm3dvfpmx-ruby3.4-io-console-0.9.2.drv
[build] 45/614 /nix/store/y3k5l6gr7g2hwrismsnjzpa2rac6az31-ruby3.4-json-2.21.2.drv
[build] 46/614 /nix/store/acas37lcrzvfj3n9mxq68h39d1vpas3m-ruby3.4-language_server-protocol-3.17.0.6.drv
[fetch] 87/238 /nix/store/kg7a8v3c5hw05f6iqam5v0fnnp8lnzw7-composer-2.10.3
[fetch] 88/238 /nix/store/rdnprif98igmcwq1140wx9hcc79ycif6-krb5-1.22.2-dev
[fetch] 89/238 /nix/store/5yb147192nbsd29312i30fsjhfkprrqb-libidn2-2.3.8-dev
[fetch] 90/238 /nix/store/8pz54rbj29kiddb7hjax95gpnilsb7s6-libmanette-0.2.13
[fetch] 91/238 /nix/store/wkqzfia6jwkviiyvijfv9d0qabqdl04j-mysql2-0.5.6.gem
[fetch] 92/238 /nix/store/frnmn8y877yrws2yzy916h4n00ys8x1f-mysql2-0.5.7.gem
[fetch] 93/238 /nix/store/d32qaqgbq9vgrr1k76gr31vh7wfjicwk-net-pop-0.1.2.gem
[fetch] 94/238 /nix/store/v524as495fb4gkd9npsvdn7qa2d29aq2-net-protocol-0.3.0.gem
[fetch] 95/238 /nix/store/1x2n98yz987a3x7v8c7blk99brr3dz50-net-smtp-0.5.1.gem
[fetch] 96/238 /nix/store/55fgrlxhk0wbb0mdzgvhjs0fbzrjyaa0-nghttp2-1.69.0
[fetch] 97/238 /nix/store/s3ijrzyv7fyhivwpvppa08bwpw2hsrlf-nuspell-5.1.7-lib
[fetch] 98/238 /nix/store/3piyr62m153md58fy9vdc149qyyf1qbg-nghttp2-1.69.0-lib
[fetch] 99/238 /nix/store/4s57rpbdcg6b6l4wh8xfqv206gg6hd68-openssl-3.6.3
[fetch] 100/238 /nix/store/d08grd9541spc31rr2jamfgx37s50yd2-openssl-4.0.2.gem
[fetch] 101/238 /nix/store/q3lmqm1arj6j12x0cq65mswlx325c95z-openssl-signature_algorithm-1.3.0.gem
[build] 47/614 /nix/store/ly0ps4x1qagr4af9gb9qggqdkxkzrzgi-perl-5.42.0-env.drv
[build] 48/614 /nix/store/51r6yjz8xg41mnjzyaf4237gs8ry8cpg-ruby3.4-mime-types-data-3.2026.0701.drv
[build] 49/614 /nix/store/mjznp2yk4ra3xdp0jipxhayp1d2bcgs7-ruby3.4-mini_mime-1.1.5.drv
[fetch] 102/238 /nix/store/hclzkbw4s6sb33ic28nydnqf8c21cw62-parser-3.3.12.0.gem
[fetch] 103/238 /nix/store/mynid51vn13z4y6zwdfsilpy6a7si6mb-perl5.42.0-Capture-Tiny-0.48
[fetch] 104/238 /nix/store/j4pb6469kg9f8gb36rx0ryl0y25cwl2d-perl5.42.0-DBI-1.648
[fetch] 105/238 /nix/store/0zvqxzahcgkqp38m99957q4cvwn6wn2d-perl5.42.0-Mock-Config-0.03
[fetch] 106/238 /nix/store/q4fj7ika59c84hxkkb6wc5b808iwjsn9-perl5.42.0-Params-Util-1.102
[fetch] 107/238 /nix/store/fv0cgf04a7sysfrrad7c90w7nbbjqffb-perl5.42.0-Test-Deep-1.204
[fetch] 108/238 /nix/store/7vb7fqwvsrbx6dn36a29drs1r0wq3v7j-php-redis-6.3.0
[fetch] 109/238 /nix/store/pgvqsl2d7wd2fg6096wki3qlbmhgj6x0-prism-1.9.0.gem
[fetch] 110/238 /nix/store/641599qnl4zk6fcs8y74v9j5hiy4qbq5-prometheus-client-4.2.5.gem
[fetch] 111/238 /nix/store/cwaybimbdbs2d522prdw4qh23pm2aafx-pry-0.14.2.gem
[fetch] 112/238 /nix/store/x2sjwnckv40gk91wnq3yvn53dg91kfgf-perl5.42.0-Test-Pod-1.52
[fetch] 113/238 /nix/store/hbxwvr1xz2ixdgp4hpg09cdjs5lkx7y2-pry-0.16.0.gem
[fetch] 114/238 /nix/store/54bgfnig01idn3p1ncjyg9736hv229hp-puma-8.0.2.gem
[fetch] 115/238 /nix/store/y01752l2xf2c6fc21visbrz7kkhg90qb-python3.13-cached-property-2.0.1
[fetch] 116/238 /nix/store/xngv6wazi4il9fp1cggyyb68h4zxcmf3-pry-remote-0.1.8.gem
[fetch] 117/238 /nix/store/4bw94i8lqrg3sym45v3dnjq3lx7rpipg-python3.13-cbor2-5.8.0
[build] 50/614 /nix/store/n7shbs9wd6i0mgyrjfg1w3ww6ndbr6mb-ruby3.4-openssl-4.0.2.drv
[fetch] 118/238 /nix/store/aplsadsq8s4wf1d9s85jkjkh80x03yjq-enchant-2.6.9
[fetch] 119/238 /nix/store/8r1gp0v1n006bv3q8275w8pz27yx0n43-krb5-1.22.2-lib
[fetch] 120/238 /nix/store/kz8q9l70674axc88z7a0xbh17b6p4k8m-libssh2-1.11.1
[fetch] 121/238 /nix/store/jr39mjjrlr496b7kwqnccfxibk4r70hh-curl-8.21.0-dev
[fetch] 122/238 /nix/store/m0x4rhkakbz0mprkmpbb7i6j2kqb5kd3-openssl-3.6.3-bin
[fetch] 123/238 /nix/store/5akijc9hrdm7hpj3y6nkywsyi49j3bgc-nghttp2-1.69.0-dev
[fetch] 124/238 /nix/store/j3isk8dsklk1prbm6nld4gd97rwxqaf7-python3.13-configargparse-1.7.1
[fetch] 125/238 /nix/store/cqjmpkx40ncvcj74s9lvnb8ggbspcqra-python3.13-colorama-0.4.6
[fetch] 126/238 /nix/store/2sp5r1rw2zyk8fvfsln9p8x3jy7b88dq-python3.13-pyparsing-2.4.7
[fetch] 127/238 /nix/store/901yihdvcgna2rnl6ii7b4mfd11l5lqi-python3.13-ruamel-yaml-clib-0.2.15
[fetch] 128/238 /nix/store/1hivvxvsayy40mjss5fg7fa5qp9amfa4-python3.13-pygments-2.20.0
[fetch] 129/238 /nix/store/yvsxd2lk1nyj9cvwlrqw533kf3jdmq8q-python3.13-ruamel-base-1.0.0
[fetch] 130/238 /nix/store/4a1s9lwj4657xjnm6hkw1yry7y69cn8c-python3.13-mdurl-0.1.2
[build] 51/614 /nix/store/graf9ignlflg5rhmzy2b5y8fswxzj0z8-php.ini.drv
[build] 52/614 /nix/store/sllwyyil8icyp8cpmq2bjdd5xl10w4ks-php.ini.drv
[build] 53/614 /nix/store/sc7q920lx1zrhzlzyba0i3kj8n54rhqr-ruby3.4-prometheus-client-4.2.5.drv
[fetch] 131/238 /nix/store/2d7mjwkay0589gwwcrfqqf16ss64lsmq-perl5.42.0-Devel-CheckLib-1.16
[fetch] 132/238 /nix/store/2ychh2gisrjgwvcvwh7wqx8f39xmq4a0-perl5.42.0-Module-Manifest-1.09
[fetch] 133/238 /nix/store/wqg6a0qjyas48rnc2ly3ik7a7w8a547i-python3.13-tomlkit-0.12.5
[fetch] 134/238 /nix/store/nawrsridzyin3835wxpkfsfhqr8n2zvm-python3.13-u-msgpack-python-2.8.0
[fetch] 135/238 /nix/store/rl9g9xdhgqc39z1ahxj6qvi09il8gwz4-rack-oauth2-2.2.1.gem
[fetch] 136/238 /nix/store/6h39bm9hvskmfkbp6fni5y6sfi6iwzql-rack-3.2.7.gem
[fetch] 137/238 /nix/store/blz2gzsd1rmkl63jq82c31bh09w2xw0p-rack-protection-4.2.1.gem
[fetch] 138/238 /nix/store/nxsi1hn4p7pnfk146hm7q70c9nal6vzl-rack-session-2.1.2.gem
[fetch] 139/238 /nix/store/8pfshm03fhrmvz2zf23lpa5h8piszr2k-rack-test-2.2.0.gem
[fetch] 140/238 /nix/store/vbynrk6cdjr5qp7zwrbxai3k0prfszds-rackup-2.3.1.gem
[fetch] 141/238 /nix/store/k7ajahhr0mqwrfqr5wslzjmr97nxw66h-redis-8.8.2
[fetch] 142/238 /nix/store/x6lqwrr8x7fp4j4mxhv8h9vvc1w30ky1-regexp_parser-2.12.0.gem
[fetch] 143/238 /nix/store/gnl153bjg74mz98wf3ih00rx96q5wlrg-reline-0.7.0.gem
[fetch] 144/238 /nix/store/h4jdv7cwqwjfy6izh55k0kfmf8a955a9-request_store-1.7.0.gem
[fetch] 145/238 /nix/store/9m7rh3jpnldr9fvwbzjyrddbz1d237ci-rest-client-2.1.0.gem
[fetch] 146/238 /nix/store/q1vjv3k0i5dhvd4drfwjzib10f5s3kap-rexml-3.4.4.gem
[build] 54/614 /nix/store/hx68gd09fbas2qynv42w7rzxi10i0n9z-ruby3.4-prism-1.9.0.drv
[build] 55/614 /nix/store/mmschmqn6r51wgxgwx44icrs5yilb877-ruby3.4-pry-0.14.2.drv
[fetch] 147/238 /nix/store/4mvzgslba6ldflif6ygdpi9vpg51ah9j-curl-8.21.0
[fetch] 148/238 /nix/store/v3d3qprpfdxj3kh1fzvxrgvfbpzmv5cd-gspell-1.14.4
[fetch] 149/238 /nix/store/ln9m1jcsdib4yvhqdfc23rdqhj0n4irj-gixy-0.1.21
[fetch] 150/238 /nix/store/kf2nd9yiw59bsdfhwp39p6j3cwlljjah-krb5-1.22.2
[fetch] 151/238 /nix/store/f1m3ylz909yxs1018jwyx8wa5swdlpqm-mariadb-connector-c-3.3.5-dev
[fetch] 152/238 /nix/store/gbr7n3kgh90222lwknqr1b1087z62sw8-openssl-3.6.3-dev
[fetch] 153/238 /nix/store/rwzkc1ds50pab6hwf48p7dvid9xw3h74-python3.13-markdown-it-py-4.0.0
[fetch] 154/238 /nix/store/fm21dajblwfdba0pml7mqm225sfhpxhp-python3.13-ruamel-yaml-0.19.1
[fetch] 155/238 /nix/store/snhlidhaiphig6z841mh7yz4713jgq9w-rhash-1.4.6
[fetch] 156/238 /nix/store/fh0kg6c3ah9b2qghiy5hd2wyih5ms7gs-rspec-3.13.2.gem
[fetch] 157/238 /nix/store/yhay8phamy3daiif5726z0l57ysrig2w-rspec-mocks-3.13.8.gem
[fetch] 158/238 /nix/store/2vm87r1kghp5lhzh3xnf35c5i0sfh8qz-rspec-core-3.13.6.gem
[fetch] 159/238 /nix/store/x318bqrxpdl63ljjgh61i8xqlqng2i22-rspec-expectations-3.13.5.gem
[fetch] 160/238 /nix/store/cbb11h7a3a5yyqiaf9mfc5znnkyxb22r-rspec-support-3.13.7.gem
[fetch] 161/238 /nix/store/6cnqvhwrxhma6y4vsfnw8yj1jscjy4wn-rubocop-ast-1.50.0.gem
[fetch] 162/238 /nix/store/kwx20szs83gd3xscay2w78ch8prby4zw-rubocop-rake-0.7.1.gem
[build] 56/614 /nix/store/mzjqn1m3jzm32h4wx5rjjcvpa4zk6v6l-ruby3.4-i18n-1.15.2.drv
[build] 57/614 /nix/store/rs2msf2vw8n712cbz4d7lsnzcm5zrb48-ruby3.4-rack-3.2.7.drv
[build] 58/614 /nix/store/kfnbj4zvg3czvhh8dv1kk88aazdlzbs7-ruby3.4-regexp_parser-2.12.0.drv
[build] 59/614 /nix/store/3clcnnkf28m6qwpbianac581cmr055cf-ruby3.4-rexml-3.4.4.drv
[build] 60/614 /nix/store/kirzk3aghyl9msnlfkbra0r0zy64w4dm-database.yml.drv
[build] 61/614 /nix/store/s2z6casnpxr6ah47lv38wcrkhl10ys5h-database.yml.drv
[build] 62/614 /nix/store/wg5lv8b1jx63z6mknsjc5pad6sxdx6cb-database.yml.drv
[build] 63/614 /nix/store/c3zrnv9kpn6zrp3rbwp7jfdlivrixy4s-deployment.json.drv
[build] 64/614 /nix/store/bbg5pmnl4p7qc7xphh6k26s2mlg68xic-enabled_plugins.drv
[build] 65/614 /nix/store/d3x2gpw7vpndxaimx4hdg44mqnnv200f-etc-pam-environment.drv
[build] 66/614 /nix/store/qnp4fx6fpjrp7zbcs3rgy9zaxpf2szkl-etc-sysctl.d-60-nixos.conf.drv
[build] 67/614 /nix/store/r3x0k18kcqgrfnkxmsnmbh931l6bkij0-etc-sysctl.d-60-nixos.conf.drv
[build] 68/614 /nix/store/84c6rsxw5b6zj4bza8vxas8m2c1a152y-etc-systemd-system.conf.drv
[build] 69/614 /nix/store/0gbi71r6wzrsxkx986xmk3ns0v549dnh-etc-vpsadmin-build-info.json.drv
[build] 70/614 /nix/store/i6rifnsz379ml72gqm78labj2jfpn6dd-etc-vpsadmin-config.php.drv
[build] 71/614 /nix/store/m0nbcxgm74abp09zwcjs30ca1ld36gqz-extra-hosts.drv
[fetch] 163/238 /nix/store/220h3gdgds2qb02rsjy1m0fhlwii4zlm-perl5.42.0-Test-DistManifest-1.014
[fetch] 164/238 /nix/store/dvy6w3f7xksjk4aay92mb9dkrbnpmvc8-rubocop-rspec-3.10.2.gem
[fetch] 165/238 /nix/store/pxxfmc6lv8lywn16q46qirvagpnkzpvs-ruby3.4-aes_key_wrap-1.1.0
[fetch] 166/238 /nix/store/242j7hq0rlc938k0krckbv47skwygm3d-ruby3.4-android_key_attestation-0.3.0
[fetch] 167/238 /nix/store/5p2wmvixwqgcgs35h22gh3xzcw7s9xp6-ruby3.4-ast-2.4.3
[fetch] 168/238 /nix/store/8lfc5jhsgrnilam1ciz6mzfaq08fsh4k-ruby3.4-base64-0.3.0
[fetch] 169/238 /nix/store/yr7j2x2kzwkwqacm85fryma1l1xdlfz5-ruby3.4-attr_required-1.0.2
[fetch] 170/238 /nix/store/gf46a3fb2qgdmcklwn2spkp4nnaz03a7-ruby3.4-bcrypt-3.1.22
[fetch] 171/238 /nix/store/ys8a7g6sdp7alafcndsfsp4lvx2h8h5p-ruby3.4-connection_pool-3.0.2
[fetch] 172/238 /nix/store/10wxjvhg9xs7djp1aignsgwabdmh1i2q-ruby3.4-cbor-0.5.10.3
[fetch] 173/238 /nix/store/m7ybs4prkwxmj59jn8jnjlhcsz8ka63j-ruby3.4-csv-3.3.6
[fetch] 174/238 /nix/store/9hgdnwc6hqagn0j7x7ly5ny36l4xpfgi-ruby3.4-coderay-1.1.3
[fetch] 175/238 /nix/store/j963l9vix23c5j0xcimjl125kj1vl88s-ruby3.4-ipaddress-0.8.3
[fetch] 176/238 /nix/store/3ky91snh5f3zj00i5kz3k6p0nn0jxamw-ruby3.4-bindata-2.5.1
[fetch] 177/238 /nix/store/s4d6yycskvay2li85hyd3dddwh5azbcf-ruby3.4-date-3.5.1
[fetch] 178/238 /nix/store/2p0yrmrkbb81xzmxlipbp09mgr5q16x3-ruby3.4-drb-2.2.3
[build] 72/614 /nix/store/cz7rr6f17zsnfhhr9jp2p1x1kxsivwmc-nginx.conf.drv
[fetch] 179/238 /nix/store/35brxn95hb55ss1h9vj2kjxwsrsakylk-cmake-4.1.6
[fetch] 180/238 /nix/store/mng9dfhg9hbdij7vvv0bccm1ym2lcd38-krb5-1.22.2-dev
[fetch] 181/238 /nix/store/i0plga5v0nllvc2k16wqjm7a8ph8s0wn-curl-8.21.0-bin
[fetch] 182/238 /nix/store/9wmzx08jswfnb8qggv9wvhkiyj2q75w1-libssh2-1.11.1-dev
[fetch] 183/238 /nix/store/azhlwr2psz5q7xsxvd53q818lq0ymfni-python3.13-rich-14.3.3
[fetch] 184/238 /nix/store/7x3v8lk30wzn0bq9676ycb13dn34j6ay-ruby3.4-logger-1.7.0
[fetch] 185/238 /nix/store/r0vicsfq4kkp7idy4140cahdq6yk8bqh-ruby3.4-lint_roller-1.1.0
[fetch] 186/238 /nix/store/xyz3mqhwghsc9lcyx5bdbprxn52qa2jp-ruby3.4-method_source-1.1.0
[fetch] 187/238 /nix/store/ywz1iyf5scmnsygnpi1ygjia3c1s8fh5-ruby3.4-mini_mime-1.1.5
[fetch] 188/238 /nix/store/w5glax89371rv1ikjg8b7788vq5xzr7y-ruby3.4-mustermann-3.1.1
[fetch] 189/238 /nix/store/801wxznpdyx9yr8n22jmh55gm76ih31v-ruby3.4-nio4r-2.7.5
[fetch] 190/238 /nix/store/sk60qz9k0mbndv12r1y0qnq3r7p7b283-ruby3.4-racc-1.8.1
[fetch] 191/238 /nix/store/q1dy4sgixmdkwfy216w15whf0l3xxwz6-ruby3.4-rainbow-3.1.1
[fetch] 192/238 /nix/store/vfj9g8vgs0r55d19dwlbycnbfr8a7rz3-ruby3.4-rake-13.4.2
[fetch] 193/238 /nix/store/spgkkwqji927d6nmbyrnxxz8gml1i99c-ruby3.4-redcarpet-3.6.1
[fetch] 194/238 /nix/store/mc7mflb8vkmdbvflnswzwzl0him5w1y3-ruby3.4-rotp-6.3.0
[build] 73/614 /nix/store/hbm8dcipjzxw25mcp61hnbciyxy2nzgh-X-Restart-Triggers-systemd-sysctl.drv
[build] 74/614 /nix/store/vykj2gvjbh8pj1ifwg2jjwqg56nc8sh1-X-Restart-Triggers-systemd-sysctl.drv
[build] 75/614 /nix/store/06p9grkrwp33f9klvmm0693k65bg1942-ruby3.4-prometheus-client-4.2.5.drv
[fetch] 195/238 /nix/store/82qgd256a6bkjyjfj240fn4r7qp72zxh-perl5.42.0-DBD-MariaDB-1.23
[fetch] 196/238 /nix/store/h6hr1xs6x1nbv3myx1s9kf8c4cjq9glm-ruby3.4-ruby-progressbar-1.13.0
[fetch] 197/238 /nix/store/hk7kbvmky7wwxx6qbx693absqh8f9bv7-ruby3.4-rubyzip-3.2.2
[fetch] 198/238 /nix/store/wlykwf65krsvsggpa30dqm73j8d52lb1-ruby3.4-simpleidn-0.2.3
[fetch] 199/238 /nix/store/q6cc1f0bdmk88i87qvxmhzw2cx1iryhy-ruby3.4-securerandom-0.4.1
[fetch] 200/238 /nix/store/4h61sk3x8mrcmzbg642qppb2s4prlbsx-ruby3.4-timeout-0.6.1
[fetch] 201/238 /nix/store/wfl09i7ivf8pxw98nam8khd9d5w4pdwf-ruby3.4-uri-1.1.1
[fetch] 202/238 /nix/store/nffjfsy10g7vissvbvfwy6fgl2kmbfbj-safety_net_attestation-0.5.0.gem
[fetch] 203/238 /nix/store/i48rfa2w3naq6939cmzia5r7zrn5c2p3-ruby3.4-unicode-emoji-4.2.0
[fetch] 204/238 /nix/store/x65pwjan6b5rn58gg524yldw4frgpzzh-slang-2.3.3
[fetch] 205/238 /nix/store/vdfmx9gj2dvc8cb265yp0k09x5bs64kk-slop-3.6.0.gem
[fetch] 206/238 /nix/store/56pl20rd02cq0sr4jss7jynm87a2zgr9-ruby3.4-yard-0.9.45
[fetch] 207/238 /nix/store/9wjwzl3n9lgbl8k7v8sknalf2azcnph0-sinatra-4.2.1.gem
[fetch] 208/238 /nix/store/bi87wid3aair8y5lmnspx052kj4fjgp5-sinatra-contrib-4.2.1.gem
[fetch] 209/238 /nix/store/p2k79yam5dw1mhac4h9ixw4mxkh0gvjw-socat-1.8.1.3
[build] 76/614 /nix/store/n6kdk5mjqwccf25x4rrnggvxd90grydh-ruby3.4-mime-types-3.7.0.drv
[build] 77/614 /nix/store/5f0x9bfrk91ym3cv9pxa3a9zy5lgrdki-ruby3.4-parser-3.3.12.0.drv
[build] 78/614 /nix/store/hhl0xsvd28nfgb9zlpm2nxkllk09ipqd-ruby3.4-puma-8.0.2.drv
[build] 79/614 /nix/store/5xp9qmak3032x0r070agg05dyfzxknj5-ruby3.4-rack-protection-4.2.1.drv
[build] 80/614 /nix/store/dvb9x0fpbrw6a8ngynj90l1dlqqg8r8k-ruby3.4-rack-session-2.1.2.drv
[build] 81/614 /nix/store/43xymb9rq8vyzhyf1b61p45ijdrcyd2j-ruby3.4-rack-test-2.2.0.drv
[build] 82/614 /nix/store/qfnknbf71wpyvlbw1li9lpfhnvmmpjy1-ruby3.4-rackup-2.3.1.drv
[build] 83/614 /nix/store/p23jr69ykk713qn852rxrxvvyrj9ivb9-ruby3.4-request_store-1.7.0.drv
[build] 84/614 /nix/store/jvfbdr8j7lnz7pq9wiqrv8qy0p459whk-unit-systemd-sysctl.service.drv
[build] 85/614 /nix/store/04fh9nlxx6q2ba6hrr60d859dpmzd074-firewall-start.drv
[build] 86/614 /nix/store/6a7axbvgqlda5zz68368l91jlaq3gzj4-firewall-start.drv
[build] 87/614 /nix/store/aj867c2fi01aqlsj3vcs5w32a0wqml5i-firewall-start.drv
[build] 88/614 /nix/store/cmr4y0hkd0f38ncx837q894d2qajdzrp-firewall-start.drv
[build] 89/614 /nix/store/hbcj838izmxqxx5vjskil60r4vmfmd1c-firewall-start.drv
[build] 90/614 /nix/store/xygqhiy7kc1qk08261l1gv31rxilvpi4-firewall-start.drv
[build] 91/614 /nix/store/0kn95qfa6vjpzig8xksiky46b7xa30w0-gemfile-and-lockfile.drv
[build] 92/614 /nix/store/2nr6jxvhdnn1xn5ascz5y5c2j0j0hqc1-gemfile-and-lockfile.drv
[build] 93/614 /nix/store/94psdxfci1vk5nr5i29lpw0wyxn2w15p-gemfile-and-lockfile.drv
[build] 94/614 /nix/store/b4lgk544larkkg25swib6ipcxgs62sm7-gemfile-and-lockfile.drv
[build] 95/614 /nix/store/il93yd0x4z1vwznpggq3frddskmm982s-gen-bin-stubs.drv
[fetch] 210/238 /nix/store/waz7cfdqv08rigfmm0zka72f2zj18k91-curl-8.21.0-dev
[fetch] 211/238 /nix/store/ll8bvg9llqd7rcldyiv8cm7bi695b19j-python3.13-rich-argparse-1.7.2
[fetch] 212/238 /nix/store/vl9fr5i3c978g8q6hxvdvi36rxpdyph1-system-shutdown
[fetch] 213/238 /nix/store/09kha2wy0q1hz4xyry0zs4bl8s9lfn6f-systemd-default-tmpfiles
[fetch] 214/238 /nix/store/ddf6dbh95c9p629n2vmy2747jp5bb6z8-systemd-generator-environment.json
[fetch] 215/238 /nix/store/ibn3laln1cxs7qxgc1p0qyfb7g3dcia2-tcpdump-4.99.6
[fetch] 216/238 /nix/store/xdm9kkbv3nv4wr8cl7b3dh00ivbicg27-texinfo-7.2
[fetch] 217/238 /nix/store/afzbmkmw7rafk9vmzpikjrwaym8m4fcd-tilt-2.9.0.gem
[fetch] 218/238 /nix/store/imxwjzmmn5vncfdib8vj8vfnhbcnhjhh-timeout-0.6.1.gem
[fetch] 219/238 /nix/store/84hx460fmapn638iaymbsjgld840vflk-tzinfo-2.0.6.gem
[fetch] 220/238 /nix/store/8dj88dxfwasf6h9g8zwvi79nak3gl8ix-webrick-1.9.2.gem
[fetch] 221/238 /nix/store/b7i74bcki7a5g28a07c7ljy0d7c1mdpg-webauthn-3.4.3.gem
[fetch] 222/238 /nix/store/13vkic2v8zac4m6p38asdhasb3xylv07-zlib-1.3.2.tar.gz
[fetch] 223/238 /nix/store/bnxsxb3ypbzqaalrv75qxb63dy5qnsxk-xdg-dbus-proxy-0.1.7
[fetch] 224/238 /nix/store/wzlbp3cr5xv1w5gspxw3s835wn7vsqqz-perf-linux-7.2.4
[fetch] 225/238 /nix/store/02x7bbgwk49i6m2171qd16k2wf6icvz6-perl-5.42.0-env
[fetch] 226/238 /nix/store/hyvz6sp64rsgihybmvcwpxknkmxs56m5-ruby3.4-net-http-0.9.1
[fetch] 227/238 /nix/store/x2xjwqb0z61spkarygybimyrazbwnh3b-ruby3.4-unicode-display_width-3.2.0
[fetch] 228/238 /nix/store/b70pppj8rsjmxjvpppi3nkdsfd6l1xjb-ruby3.4-net-protocol-0.3.0
[fetch] 229/238 /nix/store/w61wwqb342p53bb62hyllmf4vdh6829x-mariadb-server-11.4.12
[fetch] 230/238 /nix/store/0kai0wnrxhglrfdsmxib8czfy29lm3m8-webkitgtk-2.52.6+abi=4.1
[fetch] 231/238 /nix/store/sr18hggpsc73kx0l7wvmqicljvlyi16r-remarshal-0.17.1
[build] 96/614 /nix/store/6hcjvyx7wws1j3kd1zlsg6l9dyik6x8v-27da6934f0497501187f77d14b566469dd4a7e14.drv
[build] 97/614 /nix/store/9k8mhsqaa507p04mlbl4ib8aas66k4g8-581d614d686bfbec3529ad60562a5213ac5d8d72.drv
[build] 98/614 /nix/store/9hyi4n2vmzsnnpzddnikpilsqp5cyb4i-770a0e173e304ebbabf8424ab86a0917bd61622f.drv
[build] 99/614 /nix/store/qx0r9pyzrzm54115mp7yy2k00h1rscgx-95e7828100de18b4e269fb1703be530082d5166d.drv
[build] 100/614 /nix/store/25ymsp7g0kc49h34yymiqs30vggwx715-aec7fb1f008ed515f0580d7871dffa19428efb82.drv
[build] 101/614 /nix/store/5g2xsphadkq9skzzzhc7krzzfdslmisd-amq-protocol-2.9.0.gem.drv
[build] 102/614 /nix/store/wzs41fmq6paz3zvbd3iyd5xdl8wvb203-ancestry-4.3.3.gem.drv
[build] 103/614 /nix/store/9d3viw0swdxhj8140q8ppc9n966wqv4a-b5874fa9ed0043116c72162ec7f4fb50e02e7cce.drv
[build] 104/614 /nix/store/pks0qnhs7jlz0wn7fa6vldkwydxypr6k-bigdecimal-4.1.3.gem.drv
[build] 105/614 /nix/store/8zkmggw60ch4kn8c2qgrk05kl78h7x1s-bunny-2.24.0.gem.drv
[build] 106/614 /nix/store/lsbp7q7ms13cr3ciqc2j885aahk066b4-cde49999552d185d64715fe9c1f77a2aadd2f9f1.drv
[build] 107/614 /nix/store/ribmkvpdz31ys1i8p66xrdmj0ya3fa1k-dfb55726c3a76ea3b6459fcfda1ec2d80a682411.drv
[build] 108/614 /nix/store/6kgqpid6f5zbj4rwhhrgpdmpwdylwrr4-domain_name-0.6.20260907.gem.drv
[build] 109/614 /nix/store/jgpqf63spdasd163l9p61zqz4lqrpalv-haveapi-0.29.8.gem.drv
[build] 110/614 /nix/store/7gzfzk1isxi5pjxxiv3dy54gh4n29pxm-rabbitmq.conf.drv
[build] 111/614 /nix/store/j2fd4dayn95m2gsnvis5jpjpcgldmvv8-ruby3.4-rspec-support-3.13.7.drv
[build] 112/614 /nix/store/q5pqlzmqsq27wsa7c4lwm5gyyxsma108-ruby3.4-slop-3.6.0.drv
[build] 113/614 /nix/store/bxdf8m2xaqbkl75xxn7qf219gdjmji7a-ruby3.4-tilt-2.9.0.drv
[build] 114/614 /nix/store/srhvqprmg36bvqrkpwzqhrg4lg74jhc4-ruby3.4-timeout-0.6.1.drv
[build] 115/614 /nix/store/iscnpnqc1lavhv2qhv81kzall3df7k53-ruby3.4-tzinfo-2.0.6.drv
[build] 116/614 /nix/store/4l6nqmxj5c4llqns89q923dh7c5c1slj-ruby3.4-webrick-1.9.2.drv
[build] 117/614 /nix/store/bqsiajw1ic0yp3nlrxdjbggl6j1gl3z2-set-environment.drv
[fetch] 232/238 /nix/store/vixlyl60zgiyz80qpksrb33aj6dfkcz4-ruby3.4-faraday-net_http-3.4.4
[fetch] 233/238 /nix/store/r7c302fjy1jq4sz9zg5k7m62dpx1m6kg-ruby3.4-net-pop-0.1.2
[fetch] 234/238 /nix/store/m5d4r3c1wi7849pzip0d2mx8s8s9fvrd-ruby3.4-net-smtp-0.5.1
[fetch] 235/238 /nix/store/axvxmka1bnq3wcfx75fpzazcg2pfnz40-wxwidgets-3.2.11
[build] 118/614 /nix/store/v1p4j31wrlrgr9sx4fi90q9xjqysiriq-dasprid-enum-b5874fa9ed0043116c72162ec7f4fb50e02e7cce.drv
[build] 119/614 /nix/store/r19sc8qsz416ydzdav4zfgssiyiaqdgm-endroid-qr-code-aec7fb1f008ed515f0580d7871dffa19428efb82.drv
[build] 120/614 /nix/store/0dvjr3d8f0ccg9b8hxm3rm1lzbffgqw8-etc-profile.drv
[build] 121/614 /nix/store/373z9zp8shsj0k118n6qb0n8vc6pcrwh-guzzlehttp-promises-cde49999552d185d64715fe9c1f77a2aadd2f9f1.drv
[build] 122/614 /nix/store/7cf0qbsj36i8j42i63psk7x4n031kn32-guzzlehttp-psr7-95e7828100de18b4e269fb1703be530082d5166d.drv
[build] 123/614 /nix/store/7nm7kndw73g91cvp5kq9q3fgg9bp3b32-haveapi-client-27da6934f0497501187f77d14b566469dd4a7e14.drv
[build] 124/614 /nix/store/q03rc4ym2i6gvpl7snzjyvpv4g5hs54l-ruby3.4-amq-protocol-2.9.0.drv
[build] 125/614 /nix/store/yzky7f1s6ih4k95q0x40mawpfkbzpqdl-ruby3.4-amq-protocol-2.9.0.drv
[build] 126/614 /nix/store/081harzgylkzizgfh3mlxp4ynw9wpf7n-ruby3.4-bigdecimal-4.1.3.drv
[build] 127/614 /nix/store/900qz2am6q336jmblym9nsagfdxzixhp-ruby3.4-bigdecimal-4.1.3.drv
[build] 128/614 /nix/store/z0rqi77idvnd2g2r1lngsa9i55lxw0nm-ruby3.4-domain_name-0.6.20260907.drv
[build] 129/614 /nix/store/w6ywqfk22jbxcwxpa7fqdyf4bp1av3hi-ruby3.4-reline-0.7.0.drv
[build] 130/614 /nix/store/q7zfk205c6hvnaiqvcwn1lkwpdg71vvk-symfony-polyfill-php80-dfb55726c3a76ea3b6459fcfda1ec2d80a682411.drv
[build] 131/614 /nix/store/nrp62mm66ssbssr420pn1n61aim9ycwk-system-path.drv
[build] 132/614 /nix/store/43bw8rkpwkbispjydi1fzsz4jmnmkczf-unit-script-mysql-post-start.drv
[build] 133/614 /nix/store/j6xgv25p1cbpxklq3b041mij2pjwsgqi-unit-script-mysql-pre-start.drv
[build] 134/614 /nix/store/gdk498k2lq7n8lzpa3zxb2fyhf619f4b-f3202fa1b5097b0af062dc978b32ecf63404e31d.drv
[build] 135/614 /nix/store/ycfzhda2lvva931xp36kh3vb14hmi0gp-haveapi-client-0.29.8.gem.drv
[build] 136/614 /nix/store/7pcan2cz1zagyn1693rv2mz3j242511q-sinatra-activerecord-2.0.28.gem.drv
[build] 137/614 /nix/store/36hl8rk6gzp5w2pcx55py3i70bs1ljj8-sorted_set-1.1.0.gem.drv
[build] 138/614 /nix/store/206b0mawnsyqj9d5hyrxxfkkr2b58g08-source.drv
[build] 139/614 /nix/store/7cmck0l3si9zzja8x3ziv8lx3w09cc04-sshd.conf-settings.drv
[build] 140/614 /nix/store/09szbcmg8kbk5w11h7rlb5i3fz66bmcc-sshd.pam.drv
[build] 141/614 /nix/store/70q9fwxv5s2p47ncrsapw62fbvdk3ljd-unit-script-mysql-start.drv
[fetch] 236/238 /nix/store/95ab0n9836sz4ac78g85sckcmd3sbl3b-erlang-27.3.4.17
[fetch] 237/238 /nix/store/28kxi7ahdrd7dxgsjfpfgv4sm4xjxlfv-erlang-28.5.0.6
[build] 142/614 /nix/store/250mrlld3vmbq43i62q0n2pydb725p8d-sshd.conf-final.drv
[build] 143/614 /nix/store/jqkkcb363zs0d42ymq7biymvqrvy6iy6-dbus-1.drv
[build] 144/614 /nix/store/aa0igz7b17qqwnbnxy3lqinfvjwln16m-mariadb-connector-c-3.4.9.drv
[build] 145/614 /nix/store/c3ifpz76zcadiwcwa6159y6cl02k40b2-ruby3.4-highline-3.1.2.drv
[build] 146/614 /nix/store/0iyqf9qm2sra6j4fkay51njj93vda3ng-ruby3.4-http-cookie-1.1.6.drv
[build] 147/614 /nix/store/asfw63rac3y2xcd6iyvwfphywv5wizm8-ruby3.4-pry-0.16.0.drv
[build] 148/614 /nix/store/qn4j4c06b9bzyk8sndh98981l3cbayh6-symfony-deprecation-contracts-f3202fa1b5097b0af062dc978b32ecf63404e31d.drv
[build] 149/614 /nix/store/sks9q3x9slvkjip6pfw7kxljws7vpffq-ee80339fd9177ba44c49cdb653ff02a4d1106b9a.drv
[build] 150/614 /nix/store/rmv8xvqpq3iwkxr42b5ir51h3ivxfwym-fio_api-0.0.11.gem.drv
[build] 151/614 /nix/store/64grjh57zbgdg7q97v4qpz2mz3a7lhaj-firewall-reload.drv
[build] 152/614 /nix/store/as0668s1y3am1bzpv429i35xwcb6rf97-firewall-reload.drv
[build] 153/614 /nix/store/ijgqgxj5iilnpksvlk4z35md46447i2a-firewall-reload.drv
[build] 154/614 /nix/store/vmqinrmavvh8lgj0vlkrv9ywd4221c21-firewall-reload.drv
[build] 155/614 /nix/store/wbz4gblcam3hc9b5j5r4y902bz3n64vi-firewall-reload.drv
[build] 156/614 /nix/store/xvk1xw5g56xd6z1410q9xfa82gh4jbcv-firewall-reload.drv
[build] 157/614 /nix/store/229cfhk35vv9y659j7axnlr4ljmw7f3s-json-jwt-1.17.2.gem.drv
[build] 158/614 /nix/store/k9i3j27qazacbs05vwv66jspsl5zbgkl-jwt-3.3.0.gem.drv
[build] 159/614 /nix/store/jhhmm44qx8phhig8fa7h0zq7xccm3lgi-locales-setup-hook.sh.drv
[build] 160/614 /nix/store/1cqcjw2ppklm5znbgp534fi39g540crp-localhost-hosts.drv
[build] 161/614 /nix/store/rgps2ns7257cgs497ljsc3y2l3m7xqkh-mounts.sh.drv
[build] 162/614 /nix/store/xs20nql9xzkr8007plzg9jcndqrj1cj9-multi_json-1.21.2.gem.drv
[build] 163/614 /nix/store/ryws3pf61sbhj0zi2bz60h5vg2g2r02s-my.cnf.drv
[build] 164/614 /nix/store/90l3yvals6jshwj1jdssdsk4qgrdqxlb-nesty-1.0.2.gem.drv
[build] 165/614 /nix/store/zyl6fmh39wfnjg17j40p18q6ryjywirf-net-imap-0.6.7.gem.drv
[build] 166/614 /nix/store/5gq7973ni3kmgx2fyfnbpyc86rvfiwzx-string-hosts.drv
[fetch] 238/238 /nix/store/i5vxjsjzglzc97wq03cpbwjdgywfyprh-rabbitmq-server-4.2.9
[build] 167/614 /nix/store/p00z04vzbx35w7vn2aq29mqcdl4byih9-X-Restart-Triggers-mysql.drv
[build] 168/614 /nix/store/z48ssdxprbjxcnbprj9jikc0sa7jwvby-glibc-locales-2.42-84.drv
[build] 169/614 /nix/store/nq52a72c9h5cpb5fqscg5blpafkbl29k-hosts.drv
[build] 170/614 /nix/store/lq6666xy9lyhb0rpaks17kszwp00fdjc-stage-2-init.sh.drv
[build] 171/614 /nix/store/afmypicmkzw4da0s49skr145w0ygcz1p-unit-firewall.service.drv
[build] 172/614 /nix/store/dlp46a4dbmds3xp9fss85afnz19brsgk-unit-firewall.service.drv
[build] 173/614 /nix/store/k8vg5q3ak12d1xny8jvgkpdk1f2y5pj9-unit-firewall.service.drv
[build] 174/614 /nix/store/qyc7l74rhyllpv1gkqk0jqs4niv1rw0x-unit-firewall.service.drv
[build] 175/614 /nix/store/z8qh2iahgkiwhps7jdk4pscx6nzylnbx-unit-firewall.service.drv
[build] 176/614 /nix/store/99g2i78wjn3h234pmw6x6kb19prpj0gi-X-Restart-Triggers-dbus-broker.drv
[build] 177/614 /nix/store/kll895jsjbx139ic4q73j433f1vgzakv-X-Restart-Triggers-sshd.drv
[build] 178/614 /nix/store/w2xm38d2lvfbic9fh83ixm79qxkigh9i-check-sshd-config.drv
[build] 179/614 /nix/store/zq78mp7gfl500f9q5l4mn31077811098-nix.conf.drv
[build] 180/614 /nix/store/4q235iilhqj7wbqg95r0fqx75mr13fb9-nixos-tmpfiles.d.drv
[build] 181/614 /nix/store/9bmr7lxzbsv96j2phm3075z95kiswnyh-nixos-tmpfiles.d.drv
[build] 182/614 /nix/store/di2snf411anisg3jhmr34w0p32wp5a0i-nixos-tmpfiles.d.drv
[build] 183/614 /nix/store/ywl327cv5kx490fkpdyw6mc33js12sp5-nixos-tmpfiles.d.drv
[build] 184/614 /nix/store/jhbp7yiykf3iv7wi5nr16q79llj5zrp5-paper_trail-17.0.0.gem.drv
[build] 185/614 /nix/store/bhhj4q40n04rlsxpm6vfsjw08m4mrzr3-parallel-2.2.0.gem.drv
[build] 186/614 /nix/store/bgwagbc65yp41nspzf2klfbw4g482y8d-rabbitmq.yml.drv
[build] 187/614 /nix/store/p2lgcvlaid5db3lmjrankcnaifd5zm20-ruby3.4-libosctl-26.05.0.drv
[build] 188/614 /nix/store/j5l8hjziadlf0d6a9p7ayh74bzk0pgj4-ruby3.4-net-protocol-0.3.0.drv
[build] 189/614 /nix/store/rf69n9ag0phl3ibhbakszvadp22978w5-ruby3.4-pry-remote-0.1.8.drv
[build] 190/614 /nix/store/fm6c45ai7k3v5w1wagqjfscs6j7wwyvm-ruby3.4-rspec-core-3.13.6.drv
[build] 191/614 /nix/store/021m1dnjsbzp1xdm8920jpw2ahl3zh4i-syslog.conf.drv
[build] 192/614 /nix/store/iy09pzganjrf8mp39fxj0lfzhx136hh0-unit-networking-setup.service.drv
[build] 193/614 /nix/store/4fvqibymjm4375zbq2frsvb84vh2419g-unit-prometheus-node-exporter.service.drv
[build] 194/614 /nix/store/5g133hbfvspvfa4ykq0n559vh5qwdg6c-unit-rpc-gssd.service-disabled.drv
[build] 195/614 /nix/store/cy98z4aw2fc86h7rych5hx2s3lh8r34a-zlib-1.3.2.drv
[build] 196/614 /nix/store/g336pih23y35h82aig4xll7zp0pd22fw-guzzlehttp-guzzle-ee80339fd9177ba44c49cdb653ff02a4d1106b9a.drv
[build] 197/614 /nix/store/ws85c37zmvsfw0xy7j40scv0hgx6v2j9-rabbitmq.yml.drv
[build] 198/614 /nix/store/f7ddcxw82g4flsmkmnnhxsy45xd426jr-rbtree-0.4.7.gem.drv
[build] 199/614 /nix/store/fl0572a22ykqcizqin4cp8q0c0ikchlg-reconstructinstalled.php.drv
[build] 200/614 /nix/store/2fj72fkg9dx5qgv31bw08v0xd95vw980-redis.conf.drv
[build] 201/614 /nix/store/kndb6jysv7xs6582d1im5i8s44f6r54r-rndc.drv
[build] 202/614 /nix/store/pkdp546g0f40kfqpyk4w7izn08y5zqqv-root-authorized_keys.drv
[build] 203/614 /nix/store/4psxmzj182jlvkhl40930w8kjgqprpmz-rubocop-1.91.0.gem.drv
[build] 204/614 /nix/store/6xbqxn5pbyyblx6mp7p8yz9yp6s5shvg-string-hosts.drv
[build] 205/614 /nix/store/0x9scngj97lq243sd8hv042admxm2xy6-syslog.conf.drv
[build] 206/614 /nix/store/7m0s909kp0ial0wvsj7pkrzpnq9s84vr-unit-mysql.service.drv
[build] 207/614 /nix/store/pagvdy2znanpcs40cxy5yxz346ps0qd3-unit-script-network-local-commands-start.drv
[build] 208/614 /nix/store/3bq5ngslrapcpwyx7xhs0n3ayichdiji-unit-script-nginx-pre-start.drv
[build] 209/614 /nix/store/636574clav72w4qg9fid3cj5j7njaga1-unit-script-rabbitmq-pre-start.drv
[build] 210/614 /nix/store/2m7hk07nm9i59rpf2ycczc8sczm28s9q-unit-script-suid-sgid-wrappers-start.drv
[build] 211/614 /nix/store/0pcbai8mm2s1p2b7bc00k0j0xhvvj1wx-X-Restart-Triggers-nix-daemon.drv
[build] 212/614 /nix/store/wq0l1f2qmbq72rdkqb0v7zz5l2hll5yy-hosts.drv
[build] 213/614 /nix/store/gqnbfq0q1kz0xw44yxkq5v1q5201ig4w-redis-vpsadmin-prep-conf.drv
[build] 214/614 /nix/store/zr11davj2gwz8q6y3lrqbw762wjm6f6f-ruby3.4-net-imap-0.6.7.drv
[build] 215/614 /nix/store/1amk0jh5n965px38vijjib0zgydydav7-ruby3.4-net-pop-0.1.2.drv
[build] 216/614 /nix/store/zpz4ahga2wrxvk2lk0ymcb2i69hqxf7d-ruby3.4-net-smtp-0.5.1.drv
[build] 217/614 /nix/store/0ylx2fmamj810wbs1k68vl069rhf92sb-ruby3.4-parallel-2.2.0.drv
[build] 218/614 /nix/store/yryndz84imlg4cxvq3kqy6dlqspmw1w4-unit-network-local-commands.service.drv
[build] 219/614 /nix/store/75cjb2yb1d0ibixyfg4zksnd5fwyn0qq-unit-rabbitmq.service.drv
[build] 220/614 /nix/store/m8xlfygy6d077zj4rc7nwsb92xvpyxzk-unit-suid-sgid-wrappers.service.drv
[build] 221/614 /nix/store/s0n8320v7xdlnrbn9izshm76m6pdqmvx-ruby3.4-dnsruby-1.74.0.drv
[build] 222/614 /nix/store/ngslzdl20k4gikbfm7grhx3l72waxhya-ruby3.4-faraday-2.14.3.drv
[build] 223/614 /nix/store/b8w7j62j1wgh40gqws7a0fachranp6g0-ruby3.4-jwt-3.3.0.drv
[build] 224/614 /nix/store/xcdcjry7mp7kbhsanpx4qqzr1w88p4lq-ruby3.4-multi_json-1.21.2.drv
[build] 225/614 /nix/store/52h9i26ijm7qklqzv36v4xp2nrkna2jh-ruby3.4-nesty-1.0.2.drv
[build] 226/614 /nix/store/nkfvc2f6zc0g9kggynjrwc4krfj8ywsa-ruby3.4-net-imap-0.6.7.drv
[build] 227/614 /nix/store/3n7l284w53sx9742aynsmg7lylak5045-ruby3.4-rest-client-2.1.0.drv
[build] 228/614 /nix/store/spi8ndhigp0nsw2rcnab0h6bfnikcgxw-ruby3.4-rspec-expectations-3.13.5.drv
[build] 229/614 /nix/store/b40gx3p2bsp4cxndn0zkgyv2idaxgp47-ruby3.4-rspec-mocks-3.13.8.drv
[build] 230/614 /nix/store/jks778rdggaf4ps0j85qd81l09pflb7g-ruby3.4-sinatra-4.2.1.drv
[build] 231/614 /nix/store/ih72f75s89shv9ic7yqx1gbxlp1gjbfl-string-hosts.drv
[build] 232/614 /nix/store/j22bh5dbpnj56r2x4f07i6dd1ppxmyr0-string-hosts.drv
[build] 233/614 /nix/store/nrd5parila5yzh2v01mq5xw11731plim-string-hosts.drv
[build] 234/614 /nix/store/nvxfzp1wll68g46nhdc3idm93l58fmgi-string-hosts.drv
[build] 235/614 /nix/store/q5rqd30zjiiz1a3rlkmliy81dg8pljxl-string-hosts.drv
[build] 236/614 /nix/store/h72ik9x696p9gzid5v35h0snhpgpjcf7-unit-script-vpsadmin-console-router-pre-start.drv
[build] 237/614 /nix/store/niw0g27yz575dhjhgvr914pknw4nlaad-unit-script-vpsadmin-nodectld-pre-start.drv
[build] 238/614 /nix/store/20zc8mqcc1vc92nqwdn6fja794avbvh4-hosts.drv
[build] 239/614 /nix/store/67xs9y8yips7d8ljv82xa4hikivk2xv9-hosts.drv
[build] 240/614 /nix/store/awb73n72dgyx4nif34i0f473s5mr4qfv-hosts.drv
[build] 241/614 /nix/store/gzk1klj1l90h6fig4jirld09k6qwn90f-hosts.drv
[build] 242/614 /nix/store/mf8h98qb0h4q3832mxqb19867vzlwynh-hosts.drv
[build] 243/614 /nix/store/4ah4x0shpr24vfry6dq0fx3rrhhnmfyp-ruby3.4-faraday-follow_redirects-0.5.0.drv
[build] 244/614 /nix/store/0yrg2s8d025drssn7kg7j46af1grmhzg-ruby3.4-mail-2.9.1.drv
[build] 245/614 /nix/store/d1hcsnpgg5v8sfy9r8fbggsmwd9p5qqx-ruby3.4-mail-2.9.1.drv
[build] 246/614 /nix/store/7yhr9v9i2v6cnviqwhlwnabmcg9r7n2s-ruby3.4-multi_xml-0.9.1.drv
[build] 247/614 /nix/store/bxfasvc4sqnjygcln3d2m34vr5q1fd3r-ruby3.4-mysql2-0.5.7.drv
[build] 248/614 /nix/store/83afcw1klkgl11giqrb1y7w8yckd0s1x-ruby3.4-rspec-3.13.2.drv
[build] 249/614 /nix/store/gkjdanfy9lha9pv4kilxp95ndhlq6hhm-ruby3.4-safety_net_attestation-0.5.0.drv
[build] 250/614 /nix/store/sqnyr7596jgj58ylpibwc98c3ah6j4aq-ruby3.4-sinatra-contrib-4.2.1.drv
[build] 251/614 /nix/store/jglddp6mcqkjv4a7x7gcaf46mlcy091b-ruby3.4-osctl-26.05.0.drv
[build] 252/614 /nix/store/ych8c947avjyd5x81dgni6nng0r6bsgb-ruby3.4-osctl-exportfs-26.05.0.drv
[build] 253/614 /nix/store/b4h9dcs7ib69dkha6bs52kcxmy4lmkjg-ruby3.4-rbtree-0.4.7.drv
[build] 254/614 /nix/store/qvicfzinlwi5w9prp9xavvf9xkqz5ak6-ruby3.4-rbtree-0.4.7.drv
[build] 255/614 /nix/store/sh8iq6kqjzv41q8b2r1v6gxlvn48150p-string-hosts.drv
[build] 256/614 /nix/store/v2gpzn28s9chgbdiipsag7yh7dq62hi2-string-hosts.drv
[build] 257/614 /nix/store/w9ndc6hz27pv68dm6nxb4j6khzkgr7g6-string-hosts.drv
[build] 258/614 /nix/store/yxlmkvag84mb6rxwgv76jx9sh2n5frw8-string-hosts.drv
[build] 259/614 /nix/store/1b64ak6l4ylidrnbj1kw75i1xcaa7q9h-syslog.conf.drv
[build] 260/614 /nix/store/5czybc65qnax7xy9j04sgrvr42xrbzyg-syslog.conf.drv
[build] 261/614 /nix/store/789y11xlc7q01yz71fl5rs0gsq2x0ms8-syslog.conf.drv
[build] 262/614 /nix/store/8gqp2iqx9wy7q4xl16gbrljff2k8w40y-syslog.conf.drv
[build] 263/614 /nix/store/fxw8dg07zzirlq570xpyig7r2g0ly50d-syslog.conf.drv
[build] 264/614 /nix/store/isbvwy4968m1w4xa1jgjwqyhgk6m9k4n-syslog.conf.drv
[build] 265/614 /nix/store/pskj29qd0kzjxlyfgdzyi7p5jm6w23nr-syslog.conf.drv
[build] 266/614 /nix/store/qldgrzffsxl1kczmffkx2bzsawnh3yky-syslog.conf.drv
[build] 267/614 /nix/store/x3ai3h3xlqfvq6jbw51fdvqixfznpx2d-syslog.conf.drv
[build] 268/614 /nix/store/0vqiqzf0y33bl3cv49a9iad1xzpkn1n8-hosts.drv
[build] 269/614 /nix/store/2xj9rdyfdi2f56jlqcxa3in9zvm5jg21-hosts.drv
[build] 270/614 /nix/store/q9cb222nambyqzxhryrjw28vfggmlpzl-hosts.drv
[build] 271/614 /nix/store/r1ca5liyc3va7871kfw89g55vkwn4fq1-hosts.drv
[build] 272/614 /nix/store/06qs9wljfmvsq8vhzkny9rawklbn5qlr-unit-syslog.service.drv
[build] 273/614 /nix/store/113lwvh04dc70bzskpb1i72vb1xfcrr2-unit-syslog.service.drv
[build] 274/614 /nix/store/d32fihlygdwgj4nfm2a9djd7s76dg5ih-unit-syslog.service.drv
[build] 275/614 /nix/store/d50n6av9bnh7wrqnn0vf56jsmslvj9sl-unit-syslog.service.drv
[build] 276/614 /nix/store/g7wdp60sqgal4ysrnpz08rzgwmz2cga2-unit-syslog.service.drv
[build] 277/614 /nix/store/q1z55yrqhxfy50apf3hd45h6bswfx5mb-unit-syslog.service.drv
[build] 278/614 /nix/store/wqa36z23nmvqja9mlrk5gyk62mm5lbm1-unit-syslog.service.drv
[build] 279/614 /nix/store/3hbisiz11bj7blhbimzcgn44cacgvhay-system-path.drv
[build] 280/614 /nix/store/lfl1di83jy2b9akwi2a04mr5hxybkjpp-system-path.drv
[build] 281/614 /nix/store/0x9lk2y7m23yga16jlkfvcajpb9sc93x-tmpfiles.d.drv
[build] 282/614 /nix/store/5kjckmbxx79g0k5w03xi6pd9df1c35yv-tmpfiles.d.drv
[build] 283/614 /nix/store/8h975x80412ldicdisdbscjs03znljh1-tmpfiles.d.drv
[build] 284/614 /nix/store/l078mnw9xzcq4kv2dg4lg5wks6qwwfdx-tmpfiles.d.drv
[build] 285/614 /nix/store/wfk7frvz8sj47491hk1f2xfw8q1bvgbm-tmpfiles.d.drv
[build] 286/614 /nix/store/gv1gipfxbqf26nqyb4lvzhqrgy22lgaw-tpm-key_attestation-0.14.2.gem.drv
[build] 287/614 /nix/store/0a690incl81g41s4iv0s2v9ahzjck64v-transaction.key.drv
[build] 288/614 /nix/store/8q6vgzvhwd0gyq30zycdv751419xp37y-unit-console-getty.service.drv
[build] 289/614 /nix/store/044i2hzm9nj0hpcy2rxh4jxrc7prcphh-unit-dbus-broker.service.drv
[build] 290/614 /nix/store/cr51ma1dxncmf1sdzzzfx4fmgpzvx4rw-unit-dbus-broker.service.drv
[build] 291/614 /nix/store/g5q7lrhrwz6nw2rj74l4gsxdjklypqwy-unit-epmd.service.drv
[build] 292/614 /nix/store/pwxlyawyisgi3jj8pjca2wa45s0wwnkm-unit-epmd.socket.drv
[build] 293/614 /nix/store/3mnwq9qpkdghjqqvmsg2xbnf4yhwv11h-unit-syslog.service.drv
[build] 294/614 /nix/store/b35g4dlvpzyq5p9qi2nsiflq104ydjjk-unit-systemd-journald-audit.socket-disabled.drv
[build] 295/614 /nix/store/ixiqdmnfdkpgj4gzlvhrpkqggjdxx8zx-unit-systemd-oomd.service-disabled.drv
[build] 296/614 /nix/store/ckljn3vn8qj4k92l5w25hba2k84s2lrv-unit-systemd-sysctl.service.drv
[build] 297/614 /nix/store/dq8znyfbyiw47rz2fs42xdalrjalvj4d-unit-systemd-udev-trigger.service.drv
[build] 298/614 /nix/store/wh4mjjay7cflcm8s1yxiz9rbx2hdlywm-unit-vpsadmin-api-users-soft-delete.timer.drv
[build] 299/614 /nix/store/86msi1ass97z1gxxw6hrwycszray57k5-X-Restart-Triggers-systemd-tmpfiles-resetup.drv
[build] 300/614 /nix/store/9562l8ik61681fva42x4ar8jrvgcxcdx-X-Restart-Triggers-systemd-tmpfiles-resetup.drv
[build] 301/614 /nix/store/hp5db7p3b1njjan988nqi297n6albrrl-X-Restart-Triggers-systemd-tmpfiles-resetup.drv
[build] 302/614 /nix/store/iw0r8wbansak4l1i4j5xsbml5i2qlixi-X-Restart-Triggers-systemd-tmpfiles-resetup.drv
[build] 303/614 /nix/store/y3gjrmahvix3axdwahxdw9b8hbpmni28-X-Restart-Triggers-systemd-tmpfiles-resetup.drv
[build] 304/614 /nix/store/l01mx246fagabh16w0i5fzn64v8782za-nodectld.yml.drv
[build] 305/614 /nix/store/y9f6i1xwwrk7pnc7rlqpxgqh3w8a4wzn-user-units.drv
[build] 306/614 /nix/store/w6k04vq67npa903pdmqz3y0yykv41nfz-ruby3.4-httparty-0.24.2.drv
[build] 307/614 /nix/store/mp5b7j0rzhsf9zq9g40xvi5586mgwjmw-unit-nix-daemon.service.drv
[build] 308/614 /nix/store/hinf62607xysv4i5lnq9s86rbjl345yj-unit-redis-vpsadmin.service.drv
[build] 309/614 /nix/store/46y1dbvc7q90vrk0sqxcnlyry844wwl7-unit-sshd.service.drv
[build] 310/614 /nix/store/3nqqcg26a1iy53w2w81n0z1gz54zq0ys-unit-sys-kernel-debug.mount-disabled.drv
[build] 311/614 /nix/store/amlmryd1fyqq1a81gqid8d4997fdxnsw-unit-vpsadmin-api-auth-tokens.timer.drv
[build] 312/614 /nix/store/sclspd2515baami3mzcgvavxhhyf9f80-unit-vpsadmin-api-daily-report.timer.drv
[build] 313/614 /nix/store/k1n5dml66r4pv4vwfi9di61ymp6s787p-unit-vpsadmin-api-dataset-expansion-run.timer.drv
[build] 314/614 /nix/store/sk8l904di2b1107s91n69xmbmbng6a6z-unit-vpsadmin-api-dataset-property-logs-prune.timer.drv
[build] 315/614 /nix/store/5yb7g6iv387rdsfvnbl5m4h2jw7jrjyv-unit-vpsadmin-api-dns-transfer-logs-prune.timer.drv
[build] 316/614 /nix/store/xz0lf1f8jr2kfr676lyffmf17afkdxs0-unit-vpsadmin-api-incident-reports.timer.drv
[build] 317/614 /nix/store/ca596n1krlmyrs4r7fk0cnx2afqjf8il-unit-vpsadmin-api-mail-process.timer.drv
[build] 318/614 /nix/store/ix5zk3wksqvzr00i67rpmrafisdqysjq-unit-vpsadmin-api-mail-user-expiration-forced.timer.drv
[build] 319/614 /nix/store/w7vmgsvc89ns7pdcwmk5xkv7nagv28q0-unit-vpsadmin-api-mail-user-expiration-regular.timer.drv
[build] 320/614 /nix/store/ag8zwfi9zx5nbkyw9c8zm6m0z2nl4k2l-unit-vpsadmin-api-mail-vps-expiration-forced.timer.drv
[build] 321/614 /nix/store/mxgkwrwyrim1vqlhpd21vzvcs45y97w8-unit-vpsadmin-api-mail-vps-expiration-regular.timer.drv
[build] 322/614 /nix/store/4x664j8cdxvdmifsiypp36486dqr5mvz-unit-vpsadmin-api-migration-plans.timer.drv
[build] 323/614 /nix/store/v1pa25as78banwx5n7x14fphhz2hsv95-unit-vpsadmin-api-monitoring-check.timer.drv
[build] 324/614 /nix/store/6czsi305g1dy02bqjvbiilf6lr9ib1bl-unit-vpsadmin-api-monitoring-close.timer.drv
[build] 325/614 /nix/store/yhsqgjkizkasi3xl941q1jclvng56hw5-unit-vpsadmin-api-monitoring-prune.timer.drv
[build] 326/614 /nix/store/vyh9gd4l03yni004qc4lgrhsykagxbmc-unit-vpsadmin-api-oom-reports-prune.timer.drv
[build] 327/614 /nix/store/d99vbwh6a87zgkn7dvi1wkdhmx0p5zyh-unit-vpsadmin-api-oom-reports-run.timer.drv
[build] 328/614 /nix/store/0ijsy2yzarg0d1f45yillsra1zrz2a94-unit-vpsadmin-api-others-expire.timer.drv
[build] 329/614 /nix/store/9bc3s8pnbn16mjanl17yw1v1cgfhibs7-unit-vpsadmin-api-outage-reports-auto-resolve.timer.drv
[build] 330/614 /nix/store/kcm3g0vp6jfw3g3q57bpjl6kiyfvn7f7-unit-vpsadmin-api-payments-process.timer.drv
[build] 331/614 /nix/store/994di6i5z1xblya3lbhy54mhc2jlq71v-unit-vpsadmin-api-payments-report.timer.drv
[build] 332/614 /nix/store/ynb9hcpyvk9y4qj0wlh80y38r8aa59ih-ruby3.4-openssl-signature_algorithm-1.3.0.drv
[build] 333/614 /nix/store/7hmacy5ysd04s4jvgixp2k6mqg1llb59-unit-systemd-tmpfiles-resetup.service.drv
[build] 334/614 /nix/store/allc4l4g243jvhi5kkwwa0rr2m8rl71x-unit-systemd-tmpfiles-resetup.service.drv
[build] 335/614 /nix/store/mcn33asf7b1fy4lz0wrd4k5cbar1s1xv-unit-systemd-tmpfiles-resetup.service.drv
[build] 336/614 /nix/store/my0v3ixz0n63bk2d07sm7yk2jsyckcmb-unit-systemd-tmpfiles-resetup.service.drv
[build] 337/614 /nix/store/q99avxm2cdbn5rg4b4l27606vx5yhwc6-unit-vpsadmin-api-prometheus-export-base.timer.drv
[build] 338/614 /nix/store/a1mxnfkgc4lfhydk8jjg659bdcf7283p-unit-vpsadmin-api-prometheus-export-dns-records.timer.drv
[build] 339/614 /nix/store/l0hf4ka1b86cind0l3nkmn9pjqkx6cyw-unit-vpsadmin-api-purge-clones.timer.drv
[build] 340/614 /nix/store/xm37mi3n8lyy9m0isi510af88nap6axg-unit-vpsadmin-api-report-failed-logins.timer.drv
[build] 341/614 /nix/store/cwj4757gyqn1dpamj8l6pbksd52sjakx-unit-vpsadmin-api-requests-ipqs.timer.drv
[build] 342/614 /nix/store/gs13ascv1jgwszvmq6yg71325rm8ddc2-unit-vpsadmin-api-user-sessions.timer.drv
[build] 343/614 /nix/store/v1935jr3wikpw1cjzx82xlkzar9fcq2w-unit-vpsadmin-api-users-suspend.timer.drv
[build] 344/614 /nix/store/6vg4qc8bnri5ip5k8p91ql4hm09fpy5v-unit-vpsadmin-api-vps-status-logs-prune.timer.drv
[build] 345/614 /nix/store/yq0ipzl6y05xsmj9fslisbq8hxya1lnw-unit-vpsadmin-api-vpses-expire.timer.drv
[build] 346/614 /nix/store/42x9ncb7l64yagihj1s330mzm52gn4mk-user_agent_parser-2.21.0.gem.drv
[build] 347/614 /nix/store/aj3migwn7gr1gg5djkpmzwjv2md6bm7g-users-groups.json.drv
[build] 348/614 /nix/store/b5v5lmh90a5z44j1fk3api2iqgsjhx3l-users-groups.json.drv
[build] 349/614 /nix/store/l94qs3jlm352fq1pyy2h3isr2v4mf0mq-users-groups.json.drv
[build] 350/614 /nix/store/pmk8pdfpvj5hdagq5kwrq4warxkklx8l-users-groups.json.drv
[build] 351/614 /nix/store/q40453yf3lj4nszxy1k64gyf76arpkg9-users-groups.json.drv
[build] 352/614 /nix/store/vrp56ahqy6svh3ww0izqwisjkqaqhycc-users-groups.json.drv
[build] 353/614 /nix/store/ynbjr26xf931k9nbxmdixpxqz808a34b-users-groups.json.drv
[build] 354/614 /nix/store/12x0m7qjw0pz8n68g7xr7cwklk6hix13-vpsadmin-api-prometheus-export-deploy.drv
[build] 355/614 /nix/store/kqhikdrr86pbfph93132qv19987235mn-vpsadmin-dev-authorized_keys.drv
[build] 356/614 /nix/store/sygqkj0fx2c2fyvp66ycpwyaqd47fwvm-vpsadmin-effective-notification-templates-1.drv
[build] 357/614 /nix/store/4xi5spnsdg2axf8i3n22l82myi5bcdwc-vpsfreecz-httpful-770a0e173e304ebbabf8424ab86a0917bd61622f.drv
[build] 358/614 /nix/store/yzv4nr5c0kzbflnlrrf1m1gkwmizywyd-whichbrowser-parser-581d614d686bfbec3529ad60562a5213ac5d8d72.drv
[build] 359/614 /nix/store/7sizxsj6s9bzbapff6wssvmnzj7qzkg6-dry-activate.drv
[build] 360/614 /nix/store/gqyck1nfzag8ip359rb2ygix0p3ll3j4-dry-activate.drv
[build] 361/614 /nix/store/jnfadra8qkzxwh2d8xg5s9z37vildrvh-dry-activate.drv
[build] 362/614 /nix/store/jp53q9a6w3d02n67g3cg5ksadv1h65p9-dry-activate.drv
[build] 363/614 /nix/store/jv1kpp5zh0axggph7kg1lsdlmqda33ag-dry-activate.drv
[build] 364/614 /nix/store/p20xc3hkgfn1mlxilgl2vkq5xvmfvd07-dry-activate.drv
[build] 365/614 /nix/store/rga4z445j37qqqspd711c2a40vc4zh7j-dry-activate.drv
[build] 366/614 /nix/store/dcyixa6wa2rzcx97qrqyyxvap3qmw44n-ruby3.4-fio_api-0.0.11.drv
[build] 367/614 /nix/store/ymiqgd5yivzn36xvhj58ag44nz1k3mwa-ruby3.4-minitest-6.0.6.drv
[build] 368/614 /nix/store/c5g0xv5wlx6smy0ikm3jgqsi6c7jlcrv-ruby3.4-rubocop-ast-1.50.0.drv
[build] 369/614 /nix/store/0vdn96mgxnlg67nmyqwhcp2fk6l1a7h9-system-units.drv
[build] 370/614 /nix/store/iizgg6fa2bkjw0jgm367cf5cgzrdighk-unit-vpsadmin-api-prometheus-export-deploy.service.drv
[build] 371/614 /nix/store/fxdvq65gsrra26d15qa0bk0py697chv6-dbus-1.drv
[build] 372/614 /nix/store/kfm5ys7gdx3nqxmz3fnd43n8mnbk0mgm-dbus-1.drv
[build] 373/614 /nix/store/4228n77rlbzsksz1zvrars5ds6ikk7z8-ruby3.4-sorted_set-1.1.0.drv
[build] 374/614 /nix/store/5x44r8kbl9vjfhp1a8cg3lxmvr5csvr7-ruby3.4-sorted_set-1.1.0.drv
[build] 375/614 /nix/store/k2pqg7hcaffia1yhhpfjkfh3kswi3n10-ruby3.4-cose-1.3.1.drv
[build] 376/614 /nix/store/9iazscmyixhyv9aqk8lqkxik925khgfj-ruby3.4-tpm-key_attestation-0.14.2.drv
[build] 377/614 /nix/store/1bbzbx2zrfckps6n9rv4ssvz73g6avaa-ruby3.4-user_agent_parser-2.21.0.drv
[build] 378/614 /nix/store/6fbig6k70rbvd72dxj54k31srxhlcr6s-X-Restart-Triggers-dbus-broker.drv
[build] 379/614 /nix/store/h06rwxppm94dvca5plzd4yi3xsnykvvy-X-Restart-Triggers-dbus-broker.drv
[build] 380/614 /nix/store/vj5grraxp4za1s39cq4n19mw47fbwk5j-phpfpm-vpsadmin-webui.conf.drv
[build] 381/614 /nix/store/rws4kq5rbg8ahkir6v4l3apz3myzw02h-system-path.drv
[build] 382/614 /nix/store/w03bkwjqa5mqmizrx7i871v7d2ym4gz6-system-path.drv
[build] 383/614 /nix/store/lasbrc5cabhxqlajxgl6gnd807iswq6x-unit-console-getty.service.drv
[build] 384/614 /nix/store/i5z5694874j2xg4braj1dsz7yxry3akl-unit-container-.service.drv
[build] 385/614 /nix/store/mza6j3jkd57ap4f44ji8nx6xl2xlz5ja-unit-container-getty-.service.drv
[build] 386/614 /nix/store/2kbds9aaw28djkp55s51n5626vp03djp-unit-dbus.service.drv
[build] 387/614 /nix/store/wzsw6n7k9iv5c61fcxcch12jsha3mlby-unit-firewall.service.drv
[build] 388/614 /nix/store/7pdl4d6s4aawpmhcgdlzn5b3m2n6204b-unit-generate-shutdown-ramfs.service.drv
[build] 389/614 /nix/store/0xq4h2fn3iar6f7v313n7vvm3alhvh6p-unit-getty-.service.drv
[build] 390/614 /nix/store/hwd92kd5ip3l7jydha48vaadzbjfgfcg-unit-kmod-static-nodes.service.drv
[build] 391/614 /nix/store/hma5m5h6bm6zmvwj9qlpzpz3f6hhsj25-unit-lastlog2-import.service.drv
[build] 392/614 /nix/store/5czz7izybwjs0zm9ad7mrr2magn0lcij-unit-linger-users.service.drv
[build] 393/614 /nix/store/mccak0y3jgp3dz2csgb0a31nzljf1dgm-unit-logrotate-checkconf.service.drv
[build] 394/614 /nix/store/blpfpdjjy1gvdl4rgr3g9al34r0d97dw-unit-logrotate.service.drv
[build] 395/614 /nix/store/1c069r11p2jx20c42iln9x5bmhv1pnqm-unit-modprobe-.service.drv
[build] 396/614 /nix/store/szfn0msjjyqyimz28g0dv2haf8a7xhkz-unit-network-local-commands.service.drv
[build] 397/614 /nix/store/39z6hxxj1ln6zk4ai8xzwqw1ljs0nbn0-unit-networking-setup.service.drv
[build] 398/614 /nix/store/dr977w61yfw7af51z66nj3p9q7imfk9k-etc.drv
[build] 399/614 /nix/store/93a67mq2xv4l6d7h8ciabg2v17cbirqb-ruby3.4-activesupport-8.1.3.1.drv
[build] 400/614 /nix/store/7qir2py4rhkddcy5l52ydljj9gk4c01b-ruby3.4-rubocop-1.91.0.drv
[build] 401/614 /nix/store/1ddiba8rmpx23v7cbp2yzwvsp3n33x2f-unit-dbus-broker.service.drv
[build] 402/614 /nix/store/1qysq813f7mn3py246w1l712gkxffr86-unit-dbus-broker.service.drv
[build] 403/614 /nix/store/dmr4qkyj06mnhshisq3c7x2s1q99aghj-unit-dbus-broker.service.drv
[build] 404/614 /nix/store/xri37z88gpgi0v3ygsmv86wlgwdhm7kw-unit-dbus-broker.service.drv
[build] 405/614 /nix/store/apwkpf11bh41xxajj0wycak2hacj3r3w-unit-phpfpm-vpsadmin-webui.service.drv
[build] 406/614 /nix/store/r8x9xba8gcdm8bsqnihbvpj33w4pnhbx-unit-phpfpm-vpsadmin-webui.service.drv
[build] 407/614 /nix/store/qvdrj04na24s02yzhrddmzcpzryjkwbz-dbus-1.drv
[build] 408/614 /nix/store/zhi4bs71a7xhvyhqq52s8h7dqaslqmay-dbus-1.drv
[build] 409/614 /nix/store/gylwqvy6fa0l91dkscdvi8vq2y9lqilx-ruby3.4-bunny-2.24.0.drv
[build] 410/614 /nix/store/k6nrs0m9fxfhb372mbw5q93lh35968h5-ruby3.4-bunny-2.24.0.drv
[build] 411/614 /nix/store/2bpmmkq8w7k7sjvxf0y9z71rkvdzrrk3-ruby3.4-webauthn-3.4.3.drv
[build] 412/614 /nix/store/6lb7iw480sbivk4hbbz1llfqf58qbcij-system-units.drv
[build] 413/614 /nix/store/a31anc8mcjc6jlwpqzmqj965v4sw966f-system-units.drv
[build] 414/614 /nix/store/kzwp2hs2rmj0r68whxsqs288l4sprrkk-system-units.drv
[build] 415/614 /nix/store/nqfyrwnvbrvhva8i3vq3b9f1312fxrk6-system-units.drv
[build] 416/614 /nix/store/93wjjasf0kbkrl3qq3isvmpdh9p16g5d-user-units.drv
[build] 417/614 /nix/store/c9nffdjn56b2xljhd8h3q55cqx143ixl-user-units.drv
[build] 418/614 /nix/store/zp416ri2a80yr8z2pzh8k4ficx08zy0n-vpsadmin-webui.drv
[build] 419/614 /nix/store/qd6lcgazy6dn3df71wfim3i37h3i6bi1-unit-nginx.service.drv
[build] 420/614 /nix/store/635pknbyi9gb47831q6z0xr19dadkqzr-unit-nix-daemon.service.drv
[build] 421/614 /nix/store/l4wdxrvyha5kcj9wx7l97yr9yy9kd3f8-unit-nix-gc.service.drv
[build] 422/614 /nix/store/6q64ar9ah9ckxjg3d8bl5k726ndzxj0z-unit-nix-optimise.service.drv
[build] 423/614 /nix/store/1xh0264q3pg075vk0sdhg6wdz064kjg1-unit-nixos-activation.service.drv
[build] 424/614 /nix/store/k1vwxsbmcwq0f8ma99g5scpmz1qgj5m7-unit-nscd.service.drv
[build] 425/614 /nix/store/9b6d22gkmgd7lj840929a8157clx4wjl-unit-prepare-kexec.service.drv
[build] 426/614 /nix/store/8hvy433dmnfgfsl607ccqx5ggb47rrc4-unit-prometheus-node-exporter.service.drv
[build] 427/614 /nix/store/5ip7anv8w82aiwg8szx1h29xkvjh3mzv-unit-reload-systemd-vconsole-setup.service.drv
[build] 428/614 /nix/store/l9vj6d40xcicqdda7szsrnd8g1xic5y1-unit-resolvconf.service.drv
[build] 429/614 /nix/store/yfbx99ha8rl9jkf95g3hbmwf16y49rs1-unit-serial-getty-.service.drv
[build] 430/614 /nix/store/05gxvsnc1ymrk7by5ggd3mmrs0ybhic3-unit-sshd-.service.drv
[build] 431/614 /nix/store/jwbk4h02da3g80rqxpnd0kz5r6aczbr0-unit-sshd-keygen.service.drv
[build] 432/614 /nix/store/76hi4wf6acbv14hgl1g83nq0izdnwghv-unit-sshd-vsock-.service.drv
[build] 433/614 /nix/store/ypsgyhs6v4lfj1wrzymaxpqpdqmn9i4s-unit-sshd.service.drv
[build] 434/614 /nix/store/08bssp2z4a38nnxpm40p3vrfkq8s1z0h-unit-suid-sgid-wrappers.service.drv
[build] 435/614 /nix/store/59wry2zbi5nd62bh33w776sbpypzw01c-unit-syslog.service.drv
[build] 436/614 /nix/store/cpf4hv2z0ls2knkj0yg7xg1hcvm65c2q-unit-syslog.service.drv
[build] 437/614 /nix/store/k15z57rwvlkfcadqp77w6ibjmyr6k3zz-unit-syslog.service.drv
[build] 438/614 /nix/store/4h201xq8kgxi8w4haj15jpnmqryygfxm-etc.drv
[build] 439/614 /nix/store/akm2qf17340z85izkdrzgj91h80mnk3j-etc.drv
[build] 440/614 /nix/store/mxv3k3dz9wkw74316574qq7dpzg1lcwn-etc.drv
[build] 441/614 /nix/store/xc719c2a6cxb02x4q5v0dv8g10915lnl-etc.drv
[build] 442/614 /nix/store/7a70k5p9kv5flbwg67jyg503yhin4asr-ruby3.4-activemodel-8.1.3.1.drv
[build] 443/614 /nix/store/acn8l8j9pabam8prkhj33zsjm1ppjzw2-ruby3.4-haveapi-client-0.29.8.drv
[build] 444/614 /nix/store/l9xpbq9b3322yz09fblsxm48jkk83axq-ruby3.4-json-jwt-1.17.2.drv
[build] 445/614 /nix/store/1z572sqf97ara8q71z89m2yhjl04yfrm-ruby3.4-rubocop-rake-0.7.1.drv
[build] 446/614 /nix/store/i90ax8w7mk0xf1fzpk0zalkkidhmqhjc-ruby3.4-rubocop-rspec-3.10.2.drv
[build] 447/614 /nix/store/6llh6pflrxs7yrjp1907whkbv2z7nc0n-X-Restart-Triggers-dbus-broker.drv
[build] 448/614 /nix/store/x920blbvmqn12yamb0v6f4rr4b26z3ii-X-Restart-Triggers-dbus-broker.drv
[build] 449/614 /nix/store/g0ds3gr8fgp4yc5scd99kyr5fdni2i67-activate.drv
[build] 450/614 /nix/store/xxibm33293wy5lag3410kbslwkch6vc7-unit-systemd-backlight-.service.drv
[build] 451/614 /nix/store/vj34k2lpggx9hrfq8y8ryg1d09xb7jxh-unit-systemd-fsck-.service.drv
[build] 452/614 /nix/store/3kf6ipsixbacnz2r6agb9zpnm7q9gyxq-unit-systemd-hostnamed.service.drv
[build] 453/614 /nix/store/gh1ydqkdvg8s7s352mmrhmrczvhn6wwx-unit-systemd-importd.service.drv
[build] 454/614 /nix/store/niy7201ah6py9w2z74xafk6qfqcy82bf-unit-systemd-journal-flush.service.drv
[build] 455/614 /nix/store/ac7bhwxrna3gvcz1q62pg1xwq4f882jj-unit-systemd-journald-.service.drv
[build] 456/614 /nix/store/6wjwdrvyywy9z8009hqbgs9qx1hiqw8z-unit-systemd-journald.service.drv
[build] 457/614 /nix/store/rg3xqb9rscmpg9x4db4002wg5g1jjccc-unit-systemd-localed.service.drv
[build] 458/614 /nix/store/c9p2ziffppjb117c7m4ifndvi2hc9689-unit-systemd-logind.service.drv
[build] 459/614 /nix/store/9x76pj8nxaa6kjvz437sm0i832nsp8xs-unit-systemd-makefs-.service.drv
[build] 460/614 /nix/store/vgdzq0fn2w85kdpyg95sbvljm2h0q3ya-unit-systemd-mkswap-.service.drv
[build] 461/614 /nix/store/9id92mnzkizb3azpgcazywixazxzjpzh-unit-systemd-nspawn-.service.drv
[build] 462/614 /nix/store/5v9l30qsipic1s4jiz6nmbslj164kqqa-unit-systemd-pstore.service.drv
[build] 463/614 /nix/store/qgiwrakh5qlzmxmwj3ppwr2bhm3h0293-unit-systemd-random-seed.service.drv
[build] 464/614 /nix/store/xip299q3z93l4z5r6izhfz6h5y4jmsih-unit-systemd-remount-fs.service.drv
[build] 465/614 /nix/store/29lsay38k7w56y8rjnp7gcyzkxc2dfy4-unit-systemd-sysctl.service.drv
[build] 466/614 /nix/store/yq4isskn6df559nx0mvrkxmc5x0hqi6a-unit-systemd-timedated.service.drv
[build] 467/614 /nix/store/ys4jrhlxgchxc19qyfgchj9am5vlv1l4-unit-systemd-tmpfiles-resetup.service.drv
[build] 468/614 /nix/store/2s9hw16490jfvm0mgac920v5mh1f4gij-activate.drv
[build] 469/614 /nix/store/kh1flskfhddk1cwdvz1r3rhadhh2n7d8-activate.drv
[build] 470/614 /nix/store/p02lzmpabi79gsjn8f06nz6sv83v87wd-activate.drv
[build] 471/614 /nix/store/xags51bdxkxhx5pmm68pjfmg47nzvmn9-activate.drv
[build] 472/614 /nix/store/hkzcqrj8vzx20qg37l497l00n7ja7pd0-nixos-system-db-26.05.20260911.21a67dc.drv
[build] 473/614 /nix/store/0zssw8kni56y2lyiwpi49lbvxzv2s3c3-unit-dbus-broker.service.drv
[build] 474/614 /nix/store/f1mvssbppii0l4i5j7mn4i1iz0x9w8bb-unit-dbus-broker.service.drv
[build] 475/614 /nix/store/gv7hnl61166zdsdwcbvshmvyv713pf9q-unit-dbus-broker.service.drv
[build] 476/614 /nix/store/ydz4k446j5zxif14gklkmn8hyp3rjci7-unit-dbus-broker.service.drv
[build] 477/614 /nix/store/c3vw5ziyb8kmxiy9r20x0x7ap4cx46vr-unit-systemd-tmpfiles-setup.service.drv
[build] 478/614 /nix/store/cvxmpx00jn455biwc4n5dxccdhc9iimh-unit-systemd-udev-trigger.service.drv
[build] 479/614 /nix/store/7mq9abj0fzz8yq1my2sagb4734322dyx-unit-systemd-update-utmp.service.drv
[build] 480/614 /nix/store/3k6zd2i55m23r045hdr9y9zqzkmhs7hi-unit-systemd-user-sessions.service.drv
[build] 481/614 /nix/store/kgnkx0psgkvahkh2lx7n6x7yja97ardp-unit-user-.service.drv
[build] 482/614 /nix/store/shqdfnwzaxywk0qlaxgadc18zy860bns-unit-user-runtime-dir-.service.drv
[build] 483/614 /nix/store/w9wn2dbi5nk4vzmaqnxj838gz6q4gifr-vpsadmin-console-router-env-2a312616b0bf10465c33bbca97c79b31b22e8ec8.drv
[build] 484/614 /nix/store/252nwxw0lj7g62gmbk722g7xdlz1rgaq-nixos-system-rabbitmq1-26.05.20260911.21a67dc.drv
[build] 485/614 /nix/store/fgbgnndvhv4j9ah720vqinhgzqyr37q3-nixos-system-rabbitmq2-26.05.20260911.21a67dc.drv
[build] 486/614 /nix/store/xnnkqqdbcj3gy0wydf1d2ks0pf52dc10-nixos-system-rabbitmq3-26.05.20260911.21a67dc.drv
[build] 487/614 /nix/store/2y3afhvnkjr7i4za3p6kl1z2gignphxw-nixos-system-redis1-26.05.20260911.21a67dc.drv
[build] 488/614 /nix/store/ig3m36c4203w8d51rzx64xif6qwxlz64-ruby3.4-activerecord-8.1.3.1.drv
[build] 489/614 /nix/store/n3v497yppwfnkgbdgfn5gwi2pwi1a9fz-ruby3.4-mysql2-0.5.6.drv
[build] 490/614 /nix/store/8x2b9r6l52390nr6a9g8ckbjhm5f4k21-ruby3.4-rack-oauth2-2.2.1.drv
[build] 491/614 /nix/store/lfpklyl68vbkpba1m4lfwasvw6zwnkrn-system-units.drv
[build] 492/614 /nix/store/389ycx94nqj5xzcq069f79ziap4armfq-user-units.drv
[build] 493/614 /nix/store/k4wq1815fnrqkq1g59qiriv004pacs2y-user-units.drv
[build] 494/614 /nix/store/8bfrf2kqh1krn7mpi1xcs5fb0hhqiar4-wrapped-ruby-vpsadmin-console-router-env-2a312616b0bf10465c33bbca97c79b31b22e8ec8.drv
[build] 495/614 /nix/store/fss2a19r1fb5kvn4aizhp15h6g5yqnp2-ruby3.4-haveapi-0.29.8.drv
[build] 496/614 /nix/store/k8rnffngl573m1bnwyz98fhmgxw2rz30-ruby3.4-ancestry-4.3.3.drv
[build] 497/614 /nix/store/4xqj6vdjywp8s31lvx9bva4hpv6c2sgd-ruby3.4-paper_trail-17.0.0.drv
[build] 498/614 /nix/store/0p4d2b45xrg8nfc1h60ypcnsx621bwkk-ruby3.4-sinatra-activerecord-2.0.28.drv
[build] 499/614 /nix/store/g5qhpkxk55yn544rzbp1rp2vpaa7kbb1-etc.drv
[build] 500/614 /nix/store/d5k64r3azfh9vbpfh828sl5y3ilhhm3y-vpsadmin-api-env-2a312616b0bf10465c33bbca97c79b31b22e8ec8.drv
[build] 501/614 /nix/store/akcps3aw0si239imvrd6ray3fx5g5jy7-vpsadmin-database-env-2a312616b0bf10465c33bbca97c79b31b22e8ec8.drv
[build] 502/614 /nix/store/mq33lga8x5pzpf3sxamh11j0gy3r83nj-vpsadmin-supervisor-env-2a312616b0bf10465c33bbca97c79b31b22e8ec8.drv
[build] 503/614 /nix/store/s93kprl7fvadp54vbvna930mqsfg61y3-wrapped-ruby-vpsadmin-api-env-2a312616b0bf10465c33bbca97c79b31b22e8ec8.drv
[build] 504/614 /nix/store/k81bzyh6ds04dbvq2mvb1i0agw6k0a1d-etc-vpsadmin-config.php.drv
[build] 505/614 /nix/store/y0c94awmibllrf4yzi72s3w90ad2bvn3-nginx.conf.drv
[build] 506/614 /nix/store/nkqfri0cyk9ijjxgkma9d5frjbcl52q5-wrapped-ruby-vpsadmin-database-env-2a312616b0bf10465c33bbca97c79b31b22e8ec8.drv
[build] 507/614 /nix/store/hykdfc75dwlzc1gall33jylrbcv4ypwk-activate.drv
[build] 508/614 /nix/store/7azaqzq8nchggz9649v8qv7nhw88rzrw-wrapped-ruby-vpsadmin-supervisor-env-2a312616b0bf10465c33bbca97c79b31b22e8ec8.drv
[build] 509/614 /nix/store/xcw9c54niipdhiv8gjpri6wsci175dyp-vpsadmin-console-router-2a312616b0bf10465c33bbca97c79b31b22e8ec8.drv
[build] 510/614 /nix/store/i43mdvp96l7ir91vxv338qyrbj8jnz0i-nixos-system-webui-dev-26.05.20260911.21a67dc.drv
[build] 511/614 /nix/store/rj3zfgnjx93rjcklllqmv1qlzbdalxs7-unit-script-nginx-pre-start.drv
[build] 512/614 /nix/store/kv0dzixgxn1x7vhri44vysv9hxc21skh-unit-nginx.service.drv
[build] 513/614 /nix/store/5v6krykij5zfh6x92ypz91qh2w3145gy-system-units.drv
[build] 514/614 /nix/store/jawdg13l3wwy2s2fsnl83wwyf6pr0bhf-system-units.drv
[build] 515/614 /nix/store/42bb6l3lnwh51ym3ndc9k10xnpq1zakg-puma.rb.drv
[build] 516/614 /nix/store/s3kad31609cmi7zwnvdy8wfbwivzv1h5-puma.rb.drv
[build] 517/614 /nix/store/fwx7cxpzpnalgzski7p6amphvzidp0bz-unit-vpsadmin-console-router.service.drv
[build] 518/614 /nix/store/4kq937sx0jvhq2ndm3l6lbk1wmjq2s7g-unit-vpsadmin-console-router.service.drv
[build] 519/614 /nix/store/bg3h3q0y2h7m98na7xfhlpjlk42g73ry-vpsadmin-api-2a312616b0bf10465c33bbca97c79b31b22e8ec8.drv
[build] 520/614 /nix/store/sk8kgcvwfv5zsmjwp5yq2hvl013vc0dv-vpsadmin-database-2a312616b0bf10465c33bbca97c79b31b22e8ec8.drv
[build] 521/614 /nix/store/7xygwjfcnlyrxvj8frc2p4jiq59gq59r-vpsadmin-supervisor-2a312616b0bf10465c33bbca97c79b31b22e8ec8.drv
[build] 522/614 /nix/store/8zd63sphsrkmqkffgzc2y41z9r5285j4-etc.drv
[build] 523/614 /nix/store/rrmrnaa3znsjl34plj07lq7j9438jzks-etc.drv
[build] 524/614 /nix/store/7cpr6lnd69hrmq6sr5iyb7nv4rxkbr0v-puma.rb.drv
[build] 525/614 /nix/store/nrl04girvd549d0d4p41y5rd6s6zqzql-puma.rb.drv
[build] 526/614 /nix/store/ji28pla8lllryzl2jq2drdxgpq4gm0dk-unit-script-vpsadmin-api-pre-start.drv
[build] 527/614 /nix/store/jhlmyl6v8l4prwlcaynvfq4594vrb25f-unit-script-vpsadmin-notification-templates-start.drv
[build] 528/614 /nix/store/fl9bc4sdsd2a6jwz9sfysfwhabxgdz04-unit-vpsadmin-api-auth-tokens.service.drv
[build] 529/614 /nix/store/6xm1kbd443d1a501hq7cv294yds73d81-unit-vpsadmin-api-daily-report.service.drv
[build] 530/614 /nix/store/jnwkn6dkmqs9719w4ymgj14bl7cyjsz1-unit-vpsadmin-api-dataset-expansion-run.service.drv
[build] 531/614 /nix/store/16ibv3f4myzl6ywfq9kxbjvdsl0ildzd-unit-vpsadmin-api-dataset-property-logs-prune.service.drv
[build] 532/614 /nix/store/2qyg3fv20kilshbr97cpdmc6gixbgy4z-unit-vpsadmin-api-dns-transfer-logs-prune.service.drv
[build] 533/614 /nix/store/j6281sm87qq2v3k80nzn800xzh45alld-unit-vpsadmin-api-incident-reports.service.drv
[build] 534/614 /nix/store/qwdkrv80lrqryg58vd829mlxnfcgnhf6-unit-vpsadmin-api-mail-process.service.drv
[build] 535/614 /nix/store/s002m3g5z6vcgadkwdxa4z42d7pgrcv9-unit-vpsadmin-api-mail-user-expiration-forced.service.drv
[build] 536/614 /nix/store/h6xpzqq12nxxc7ymxf266s3cv4xrgf6s-unit-vpsadmin-api-mail-user-expiration-regular.service.drv
[build] 537/614 /nix/store/ykdi0i4sjci44l730jxqrqlg2zkb8k8v-unit-vpsadmin-api-mail-vps-expiration-forced.service.drv
[build] 538/614 /nix/store/8a0qpcafxc7xy7f1vrzhg4pgbnl17zvw-unit-vpsadmin-api-mail-vps-expiration-regular.service.drv
[build] 539/614 /nix/store/jsvdx1vhf6h3h00xpcjimqsq230pf4a0-unit-vpsadmin-api-migrate-db.service.drv
[build] 540/614 /nix/store/vh052qlsgz17ckzp2rhdwil91a2pk99h-unit-vpsadmin-api-migrate-plugins.service.drv
[build] 541/614 /nix/store/lqv42s157111hqa6iwrs0z00ga800cbc-unit-vpsadmin-api-migration-plans.service.drv
[build] 542/614 /nix/store/b8s0skznzqcyvzw3q3h1gpqw72f78d2f-unit-vpsadmin-api-monitoring-check.service.drv
[build] 543/614 /nix/store/vink0qpvan8xjfqvj33y7dczyiqm9hvz-unit-vpsadmin-api-monitoring-close.service.drv
[build] 544/614 /nix/store/xhb4f4bbfz8gbkbkrah5hxb33v451shi-unit-vpsadmin-api-monitoring-prune.service.drv
[build] 545/614 /nix/store/j96y7zcj47ranwnqihhskgfqcallx2pi-unit-vpsadmin-api-oom-reports-prune.service.drv
[build] 546/614 /nix/store/450a70f1r77g1kz9q3qpvcal3xqjj9fq-unit-vpsadmin-api-oom-reports-run.service.drv
[build] 547/614 /nix/store/v8a55870ybarx7rqamqqj1p6hdzwb22a-unit-vpsadmin-api-others-expire.service.drv
[build] 548/614 /nix/store/dx2fm6xisry7jhh4wgy17hvgyvwgp7qa-unit-vpsadmin-api-outage-reports-auto-resolve.service.drv
[build] 549/614 /nix/store/07ab6wl24g7j4wky2pg7bhf6bgjhkm08-unit-vpsadmin-api-payments-process.service.drv
[build] 550/614 /nix/store/ff0fr0813w2pqxl1yj5lg9wgs3yiqnni-unit-vpsadmin-api-payments-report.service.drv
[build] 551/614 /nix/store/4zd24jsy0m2sb5ghss3ixa0k5gzbbpfy-activate.drv
[build] 552/614 /nix/store/wfwq8sdsydl9xdsdq1mxkxpg79y6czsy-activate.drv
[build] 553/614 /nix/store/p0jn9a10yksc3ma2bx2ncad11qsh0kwb-unit-vpsadmin-api.service.drv
[build] 554/614 /nix/store/s20xvfi39ka4v559c25k1ybg5y5pk4pr-unit-vpsadmin-api.service.drv
[build] 555/614 /nix/store/gqb4mp2lp1x76f9yyrzd4zip45fzbh32-unit-vpsadmin-notification-templates.service.drv
[build] 556/614 /nix/store/nkvzj81zgipi1bfww8q8ji2pwml0mqrw-nixos-system-webui1-26.05.20260911.21a67dc.drv
[build] 557/614 /nix/store/x0yrgprcfsrx3gfarz1w7982lyy6g6nx-nixos-system-webui2-26.05.20260911.21a67dc.drv
[build] 558/614 /nix/store/cr0jddm9zzrl2nmbv6kwi5ysvyqrnmd6-unit-script-vpsadmin-database-setup-start.drv
[build] 559/614 /nix/store/4b2vj4p3nghjsh1ql1ivhn0ivl56vlg1-unit-script-vpsadmin-supervisor-pre-start.drv
[build] 560/614 /nix/store/jy4j38g4jhq4l2ksfhs44sp09za5ijb4-vpsadmin-supervisor-ruby-runner.drv
[build] 561/614 /nix/store/chg59s4wqvj1ywhmpjwigzingzjg0fz5-vpsadmin-supervisor-shell.rc.drv
[build] 562/614 /nix/store/bmin310p1bb0lwkp11sbq9z3syz58aby-unit-vpsadmin-database-setup.service.drv
[build] 563/614 /nix/store/hsl5rrgvvbbi0pwjrpxjr2v2hpc1imyb-unit-vpsadmin-supervisor.service.drv
[build] 564/614 /nix/store/lw8dsk169naw2imnjmc91l5f086zanma-unit-vpsadmin-supervisor.service.drv
[build] 565/614 /nix/store/yf8ipdpa1jckqp811qrd315z44033kw3-unit-vpsadmin-api-prometheus-export-base.service.drv
[build] 566/614 /nix/store/3cs1g10w4ikcwf47mggnjfdp2d5nb048-unit-vpsadmin-api-prometheus-export-dns-records.service.drv
[build] 567/614 /nix/store/xbjigdyxxyk57axfdal28ivv7gj9zv08-unit-vpsadmin-api-purge-clones.service.drv
[build] 568/614 /nix/store/xp92vfpfsxyr3ghqg2my6miyizff3x4n-unit-vpsadmin-api-report-failed-logins.service.drv
[build] 569/614 /nix/store/gs8wd47vl0nrg2ipapq121x19dp3wr8m-unit-vpsadmin-api-requests-ipqs.service.drv
[build] 570/614 /nix/store/mqra3hvhmd07gz9v781z26f6xiznsghk-unit-vpsadmin-api-user-sessions.service.drv
[build] 571/614 /nix/store/dw9vgmdnqs5miic0951xfb12nczkv4f2-unit-vpsadmin-api-users-hard-delete.service.drv
[build] 572/614 /nix/store/9ph6dgsj4zgllaqfflda5xlxg1yjfcc7-unit-vpsadmin-api-users-soft-delete.service.drv
[build] 573/614 /nix/store/5skgsx5rmfnzmmp38bns9c799chi1hhl-unit-vpsadmin-api-users-suspend.service.drv
[build] 574/614 /nix/store/zwr5yi9fsl93l4ry939cl1vqkxgpx5bw-unit-vpsadmin-api-vps-status-logs-prune.service.drv
[build] 575/614 /nix/store/g88l6r078biqwxq6d5fzyvgjk989qm9g-unit-vpsadmin-api-vpses-expire.service.drv
[build] 576/614 /nix/store/c8igbpklxa2yjr9ry12hw69f76f4yfw5-unit-vpsadmin-password-recovery.service.drv
[build] 577/614 /nix/store/03hh470blwzbcnpp78nksbx0d6lj8bx9-unit-vpsadmin-scheduler.service.drv
[build] 578/614 /nix/store/lw241k60jd7szajh94qgj9jyr2a2x7h6-vpsadmin-api-ruby-runner.drv
[build] 579/614 /nix/store/adxxag3dq0lp8353zy41y9zbmzbkq2wa-vpsadmin-api-shell.rc.drv
[build] 580/614 /nix/store/jmlcwm1hgns371sqg6svymxpiizn5b9f-vpsadmin-supervisor-ruby.drv
[build] 581/614 /nix/store/r6v3qqmgaj7w0c9brxsc8rm14sc2nrc8-vpsadmin-supervisor-shell.drv
[build] 582/614 /nix/store/j9ri0lvhwzyx3fkm2yfydz1ghgrnx0vy-vpsadmin-api-ruby.drv
[build] 583/614 /nix/store/982ws92cwm5p9ai7d777ymclyyl7adb6-vpsadmin-api-shell.drv
[build] 584/614 /nix/store/pk5g4d6vh6nr63khhly6cvzxgifvch71-system-path.drv
[build] 585/614 /nix/store/5cpif03rw9nm90cvfaalrzd7x7wsl0p2-dbus-1.drv
[build] 586/614 /nix/store/cbl6djx1mynnn47rlwqxhjbq239hc4jy-ruby3.4-libnodectld-4.2.1.drv
[build] 587/614 /nix/store/a5kmqmgx526rms9gk1rnwpp506dqnn73-X-Restart-Triggers-dbus-broker.drv
[build] 588/614 /nix/store/hypj7xaijff7yf8n0a90ih4gl6bzgxri-unit-dbus-broker.service.drv
[build] 589/614 /nix/store/j4hnsi2msa88nfzlp38nf44k6grgmkzq-unit-dbus-broker.service.drv
[build] 590/614 /nix/store/ijxhxbya2xcxsv43axahd9wjx4h83bvd-user-units.drv
[build] 591/614 /nix/store/lzqn5qbwadfdmnnd3ydbc5k4gnyqr6pg-system-units.drv
[build] 592/614 /nix/store/v58hak8j5cb1v6qr6ibiwinlfcbfry8r-system-units.drv
[build] 593/614 /nix/store/h5kamdzsk8v98yxz5sxj91r8699n95vb-ruby3.4-nodectl-4.2.1.drv
[build] 594/614 /nix/store/qd4jv8imv9sm09sa1kxd0n0qwmw6i9qx-ruby3.4-nodectld-4.2.1.drv
[build] 595/614 /nix/store/0ay3zjivcasdvqpdrz4llcl88cysb7bx-etc.drv
[build] 596/614 /nix/store/xc0fnsam0wdzk0d2rc83s4x64lpiapc0-etc.drv
[build] 597/614 /nix/store/gifmr73dc67rqhia08d3w7qkr9bc09z5-nodectl-4.2.1.drv
[build] 598/614 /nix/store/8d7zbyn7xqvnny5485rr5gswmza60lpq-nodectld-4.2.1.drv
[build] 599/614 /nix/store/m8pv0ylra19gw0y8ali8nfjn927ivlnb-activate.drv
[build] 600/614 /nix/store/n8w675rv7601i0wyhqqw279qxxc924na-nodectl-4.2.1.drv
[build] 601/614 /nix/store/jmqxir0ihlv50bw1xlrdqblm6w857rs4-nixos-system-api2-26.05.20260911.21a67dc.drv
[build] 602/614 /nix/store/pm9xk1qv9kyb59fyqy3rv8skwf18avyi-nodectld-4.2.1.drv
[build] 603/614 /nix/store/f0ggkh6bskxibdzhz5p06v6v6rypvil9-activate.drv
[build] 604/614 /nix/store/37vc55j586h55hlv7z9lhgkymjsqwjsc-system-path.drv
[build] 605/614 /nix/store/7izlklshihcqcqak5xcmdx12kgrar37b-nixos-system-api1-26.05.20260911.21a67dc.drv
[build] 606/614 /nix/store/j43lzmh1nqls3vg50pq27xmlnz256x0p-unit-vpsadmin-nodectld.service.drv
[build] 607/614 /nix/store/wih92gv2ail26f7j3lxn9zd76s848ak5-dbus-1.drv
[build] 608/614 /nix/store/396bhjz8g6f82cb3zblrw38n04lpp2lx-X-Restart-Triggers-dbus-broker.drv
[build] 609/614 /nix/store/ay9fxv3k48ihzhamhr0mycfid35gw18i-unit-dbus-broker.service.drv
[build] 610/614 /nix/store/kmsfpz0mwwqp962w1wjhjc9k73wv5x1f-unit-dbus-broker.service.drv
[build] 611/614 /nix/store/ccc5sk1xz39wdn395kxc6kznj2wvhn59-user-units.drv
[build] 612/614 /nix/store/sq85624f4576kxmb4lvf0h41hj064q40-system-units.drv
[build] 613/614 /nix/store/m7x6dawn369l0yp81q8ij8d9kz4yb9kg-etc.drv
[build] 614/614 /nix/store/sg75har6wpi14cvln315hpjdsv0sjw55-activate.drv
[build] 615/614 /nix/store/1zzfl560fs502ypr66bwl9b11jnzhns3-nixos-system-vpsadmin1-26.05.20260911.21a67dc.drv

Built generations:
2026-09-14--11-24-29
  cz.vpsfree/vpsadmin/int.api1
  cz.vpsfree/vpsadmin/int.api2
  cz.vpsfree/vpsadmin/int.db
  cz.vpsfree/vpsadmin/int.rabbitmq1
  cz.vpsfree/vpsadmin/int.rabbitmq2
  cz.vpsfree/vpsadmin/int.rabbitmq3
  cz.vpsfree/vpsadmin/int.redis1
  cz.vpsfree/vpsadmin/int.vpsadmin1
  cz.vpsfree/vpsadmin/int.webui-dev
  cz.vpsfree/vpsadmin/int.webui1
  cz.vpsfree/vpsadmin/int.webui2
