warning: Git tree '/home/aither/workspace/ai/vpsfree.cz/worktrees/2026-09-14-kernel-history-fix/vpsadmin' is dirty
Successfully installed bundler-4.0.20
1 gem installed
Bundle complete! 7 Gemfile dependencies, 46 gems now installed.
Use `bundle info [gemname]` to see where a bundled gem is installed.
Running pre-commit hooks
Run Nixfmt...................................................[Nixfmt] OK
Run MigrationSpecs...................................[MigrationSpecs] OK
Run VpsadminWebuiI18n.............................[VpsadminWebuiI18n] OK
Analyze with RuboCop........................................[RuboCop] OK
Run VpsadminApiI18n.................................[VpsadminApiI18n] OK

✓ All pre-commit hooks passed

Running commit-msg hooks
Check subject line................................[SingleLineSubject] OK
Check for trailing periods in subject................[TrailingPeriod] OK
Check text width..........................................[TextWidth] OK

✓ All commit-msg hooks passed

[2026-09-14-kernel-history-fix ed86df8ae] api: keep historical repair in the maintenance repository
 10 files changed, 3 insertions(+), 649 deletions(-)
 rename api/db/migrate/{20260914120000_add_node_kernel_event_last_confirmed_at.rb => 20260914180000_add_node_kernel_event_last_confirmed_at.rb} (100%)
 delete mode 100644 api/lib/vpsadmin/api/operations/node/repair_kernel_history_bounds.rb
 delete mode 100644 api/lib/vpsadmin/api/tasks/node_kernel_history_bounds_repair.rb
 rename api/spec/migrations/{20260914120000_add_node_kernel_event_last_confirmed_at_spec.rb => 20260914180000_add_node_kernel_event_last_confirmed_at_spec.rb} (94%)
 delete mode 100644 api/spec/models/operations/node/repair_kernel_history_bounds_spec.rb
 delete mode 100644 doc/kernel-history-bounds.md
