warning: Git tree '/home/aither/workspace/ai/vpsfree.cz/worktrees/2026-09-14-kernel-history-fix/vpsadmin' is dirty
Successfully installed bundler-4.0.20
1 gem installed
Bundle complete! 7 Gemfile dependencies, 46 gems now installed.
Use `bundle info [gemname]` to see where a bundled gem is installed.
Updating signature for configuration file...
Running pre-commit hooks
Run Nixfmt...................................................[Nixfmt] OK
Run MigrationSpecs...................................[MigrationSpecs] OK
Run VpsadminWebuiI18n.............................[VpsadminWebuiI18n] OK
Analyze with RuboCop........................................[RuboCop] OK
Run VpsadminApiI18n.................................[VpsadminApiI18n] OK

✓ All pre-commit hooks passed

Running commit-msg hooks
Check subject line................................[SingleLineSubject] OK
Check for trailing periods in subject................[TrailingPeriod] OK
Check text width..........................................[TextWidth] WARNING
Line 3 of commit message has > 72 characters
Line 4 of commit message has > 72 characters
Line 5 of commit message has > 72 characters
Line 6 of commit message has > 72 characters
Line 9 of commit message has > 72 characters
Line 10 of commit message has > 72 characters

⚠ All commit-msg hooks passed, but with warnings

[2026-09-14-kernel-history-fix 22fa7adc3] api: retain stable kernel state confirmation times
 7 files changed, 471 insertions(+), 186 deletions(-)
 create mode 100644 api/db/migrate/20260914120000_add_node_kernel_event_last_confirmed_at.rb
 create mode 100644 api/lib/vpsadmin/api/kernel_evidence/stable_state.rb
 create mode 100644 api/spec/migrations/20260914120000_add_node_kernel_event_last_confirmed_at_spec.rb
