warning: Git tree '/home/aither/workspace/ai/vpsfree.cz/worktrees/2026-09-14-kernel-history-fix/vpsadmin' is dirty
Successfully installed bundler-4.0.20
1 gem installed
Bundle complete! 7 Gemfile dependencies, 46 gems now installed.
Use `bundle info [gemname]` to see where a bundled gem is installed.
Running pre-commit hooks
Run Nixfmt...................................................[Nixfmt] OK
Run MigrationSpecs...................................[MigrationSpecs] OK
Run VpsadminWebuiI18n.............................[VpsadminWebuiI18n] OK
Analyze with RuboCop........................................[RuboCop] OK
Run VpsadminApiI18n.................................[VpsadminApiI18n] OK

✓ All pre-commit hooks passed

Running commit-msg hooks
Check subject line................................[SingleLineSubject] OK
Check for trailing periods in subject................[TrailingPeriod] OK
Check text width..........................................[TextWidth] WARNING
Line 3 of commit message has > 72 characters

⚠ All commit-msg hooks passed, but with warnings

[2026-09-14-kernel-history-fix 7c3404e02] fixup! api: retain stable kernel state confirmation times
 1 file changed, 95 insertions(+)
 create mode 100644 api/spec/lib/vpsadmin/api/kernel_evidence/stable_state_spec.rb
