building '/nix/store/hj2zzq3izjw99yjswdz9ql6cqlparca4-nix-shell-env.drv'...

confctl config dev shell ready (tools)
Skipping swpins auto updates for flake config
Skipping swpins checks for flake config
Evaluating inputs for 11 machines...

Machines will be built in 1 groups

Build log: /home/aither/workspace/ai/vpsfree.cz/worktrees/2026-09-14-kernel-history-fix/vpsfree-cz-configuration/.confctl/logs/2026-09-14--12-32-52-confctl-build.log

Building machines
  cz.vpsfree/vpsadmin/int.api1
  cz.vpsfree/vpsadmin/int.api2
  cz.vpsfree/vpsadmin/int.db
  cz.vpsfree/vpsadmin/int.rabbitmq1
  cz.vpsfree/vpsadmin/int.rabbitmq2
  cz.vpsfree/vpsadmin/int.rabbitmq3
  cz.vpsfree/vpsadmin/int.redis1
  cz.vpsfree/vpsadmin/int.vpsadmin1
  cz.vpsfree/vpsadmin/int.webui-dev
  cz.vpsfree/vpsadmin/int.webui1
  cz.vpsfree/vpsadmin/int.webui2
with inputs
Command: confctl build --yes cz.vpsfree/vpsadmin/*
Build group: 1/1 (11 machines)
Full log:    .confctl/logs/2026-09-14--12-32-52-confctl-build.log

[build] 1/0 /nix/store/nhm9bpijig88z938c4mxk08k1p63vkcm-vpsadmin-source-feaa152436cf66e980c4e53f86a541bb10daae16.drv
[fetch] 1/40 /nix/store/g8h4wza6gclh6jcfi8xf3bmiqiqy5rps-ensure-all-wrappers-paths-exist
[fetch] 2/40 /nix/store/wzx8dd89lbqjz5qx3agrxqcbw83hfpxn-ensure-all-wrappers-paths-exist
[fetch] 3/40 /nix/store/qqlrkblzhy8mkrrgz5d1vaxn14v98d0r-die-hook
[fetch] 4/40 /nix/store/71x5r55xp1xmli88xipg8j3gmr8l37v4-desktop-file-utils-0.28
[fetch] 5/40 /nix/store/xdm9kkbv3nv4wr8cl7b3dh00ivbicg27-texinfo-7.2
[fetch] 6/40 /nix/store/1cv23lq6wrnq248cwjn4g21w7qvk8y0y-find-xml-catalogs-hook
[build] 2/186 /nix/store/w2xm38d2lvfbic9fh83ixm79qxkigh9i-check-sshd-config.drv
[build] 3/186 /nix/store/lq6666xy9lyhb0rpaks17kszwp00fdjc-stage-2-init.sh.drv
[fetch] 7/40 /nix/store/glyk6m67m3ayxjsbjssza725bnzy0bw7-libxslt-1.1.45-bin
[fetch] 8/40 /nix/store/2nlcvqyhi3lpb28zwpbilp7sa76fq2wr-lndir-1.0.5
[build] 4/186 /nix/store/7sizxsj6s9bzbapff6wssvmnzj7qzkg6-dry-activate.drv
[build] 5/186 /nix/store/gqyck1nfzag8ip359rb2ygix0p3ll3j4-dry-activate.drv
[build] 6/186 /nix/store/jnfadra8qkzxwh2d8xg5s9z37vildrvh-dry-activate.drv
[build] 7/186 /nix/store/jp53q9a6w3d02n67g3cg5ksadv1h65p9-dry-activate.drv
[build] 8/186 /nix/store/jv1kpp5zh0axggph7kg1lsdlmqda33ag-dry-activate.drv
[build] 9/186 /nix/store/p20xc3hkgfn1mlxilgl2vkq5xvmfvd07-dry-activate.drv
[build] 10/186 /nix/store/rga4z445j37qqqspd711c2a40vc4zh7j-dry-activate.drv
[build] 11/186 /nix/store/pf2c4zhfbayczrsihwc3s7hk2zkzgn1b-builder.pl.drv
[build] 12/186 /nix/store/6gr2y4v1ly7kbgd697li3llhiip1ibs3-etc-confctl-configuration-info.json.drv
[build] 13/186 /nix/store/7c8rfvb6zcnkrhw0ml6gpw8jb0jwh2xj-etc-confctl-inputs-info.json.drv
[build] 14/186 /nix/store/a1lh7b10g8p5y186baczcbqgrb6jba24-etc-confctl-inputs-info.json.drv
[build] 15/186 /nix/store/7738g7jlyrvq2xwn48qb27k2zmpaa42l-etc-vpsadmin-build-info.json.drv
[build] 16/186 /nix/store/3nqqcg26a1iy53w2w81n0z1gz54zq0ys-unit-sys-kernel-debug.mount-disabled.drv
[build] 17/186 /nix/store/b35g4dlvpzyq5p9qi2nsiflq104ydjjk-unit-systemd-journald-audit.socket-disabled.drv
[build] 18/186 /nix/store/ixiqdmnfdkpgj4gzlvhrpkqggjdxx8zx-unit-systemd-oomd.service-disabled.drv
[fetch] 9/40 /nix/store/y01752l2xf2c6fc21visbrz7kkhg90qb-python3.13-cached-property-2.0.1
[fetch] 10/40 /nix/store/j3isk8dsklk1prbm6nld4gd97rwxqaf7-python3.13-configargparse-1.7.1
[fetch] 11/40 /nix/store/2sp5r1rw2zyk8fvfsln9p8x3jy7b88dq-python3.13-pyparsing-2.4.7
[fetch] 12/40 /nix/store/6xg4mdjv4111nvg6mq32l3cg44i3ghyd-120b605dfeb996808c31b6477290a714d356e822
[fetch] 13/40 /nix/store/yh774lyglw1c0nxvn03dkflr92lqiba6-160d6274b03562ebeb55ed18399281d8118b76c8
[fetch] 14/40 /nix/store/27ggarl8m9ys051bm4jkrnmwa6ajj430-402d35bcb92c70c026d1a6a9883f06b2ead23d71
[fetch] 15/40 /nix/store/4i803rf3f3471zlvvx30wa50kbxd4bh4-2b4765fddfe3b508ac62f829e852b1501d3f6e8a
[fetch] 16/40 /nix/store/441j7295bcn4rgmhdpm6znmcm6vkbfvv-8674e51bb65af933a5ffaf1c308a660387c35c22
[build] 19/186 /nix/store/il93yd0x4z1vwznpggq3frddskmm982s-gen-bin-stubs.drv
[build] 20/186 /nix/store/fl0572a22ykqcizqin4cp8q0c0ikchlg-reconstructinstalled.php.drv
[fetch] 17/40 /nix/store/ysx7b08g7hij256bgfpx61mwpd4pdjfk-996434e5492cb4c3edcb9168db6fbb1359ef965a
[fetch] 18/40 /nix/store/cp747s3fjqi379pgpcrmmxjci7yd0nbb-ShellCheck-0.11.0
[fetch] 19/40 /nix/store/881ran1s0zf42ih9askny5lkkrgksxd7-aa5030cfa5405eccfdcb1083ce040c2cb8d253bf
[fetch] 20/40 /nix/store/w237jyxv7qamppr9w6l7d45k5n9rnzf7-bb5906edc1c324c9a05aa0873d40117941e5fa90
[fetch] 21/40 /nix/store/yxdp19qrak9hfh3i4b4scywjmjbdh927-gen-bin-stubs
[fetch] 22/40 /nix/store/wbjphpgc65c6hhm2c0pk92ri9fl2mdr9-mirrors-list
[fetch] 23/40 /nix/store/3piyr62m153md58fy9vdc149qyyf1qbg-nghttp2-1.69.0-lib
[fetch] 24/40 /nix/store/c9bx64valknzrh68dbymz27b6ly45r72-curl-8.21.0-man
[fetch] 25/40 /nix/store/4s57rpbdcg6b6l4wh8xfqv206gg6hd68-openssl-3.6.3
[fetch] 26/40 /nix/store/55fgrlxhk0wbb0mdzgvhjs0fbzrjyaa0-nghttp2-1.69.0
[fetch] 27/40 /nix/store/ln9m1jcsdib4yvhqdfc23rdqhj0n4irj-gixy-0.1.21
[fetch] 28/40 /nix/store/zgi7n65namq775ixng2m8q5ivnb91qfi-make-binary-wrapper-hook
[fetch] 29/40 /nix/store/bpjwzx5qrfcpfnnl18nj6xxx6mpm5bqm-make-shell-wrapper-hook
[build] 21/186 /nix/store/bzsqgv3dizz6aj837sk7c17rl2fmj0nv-bacon-bacon-qr-code-8674e51bb65af933a5ffaf1c308a660387c35c22.drv
[build] 22/186 /nix/store/6g041lj5569v10l303dv3isll2gf57sp-etc.drv
[build] 23/186 /nix/store/ckh1fq40xypylinkc6jr6abzvarwphfx-etc.drv
[build] 24/186 /nix/store/fs4hrnmqf0b9b2slqiy65crnjflkayp7-etc.drv
[build] 25/186 /nix/store/gz6lf224dy5m1vj7qjhmvj2chq25vizl-etc.drv
[build] 26/186 /nix/store/jfy296jc1bj856ah5rj9srd6r8b39b8k-etc.drv
[build] 27/186 /nix/store/q7d01w2cl18qh5yjiadaaqdajjvgpc3f-etc.drv
[build] 28/186 /nix/store/g01ni1jh83kjb1i1dsdl975l5fifh53m-league-oauth2-client-160d6274b03562ebeb55ed18399281d8118b76c8.drv
[build] 29/186 /nix/store/0ldv1n7kj3qsji31cv0m2mvp9cbmvmm6-psr-http-factory-2b4765fddfe3b508ac62f829e852b1501d3f6e8a.drv
[build] 30/186 /nix/store/bpygmk6vp41r10kir7vmlhyciqxfanfj-psr-http-message-402d35bcb92c70c026d1a6a9883f06b2ead23d71.drv
[build] 31/186 /nix/store/w1xj2kwc2f621sw3mvaq4s46fjw4i6cj-ralouphie-getallheaders-120b605dfeb996808c31b6477290a714d356e822.drv
[fetch] 30/40 /nix/store/8r1gp0v1n006bv3q8275w8pz27yx0n43-krb5-1.22.2-lib
[fetch] 31/40 /nix/store/5akijc9hrdm7hpj3y6nkywsyi49j3bgc-nghttp2-1.69.0-dev
[fetch] 32/40 /nix/store/kz8q9l70674axc88z7a0xbh17b6p4k8m-libssh2-1.11.1
[fetch] 33/40 /nix/store/m0x4rhkakbz0mprkmpbb7i6j2kqb5kd3-openssl-3.6.3-bin
[build] 32/186 /nix/store/5scjzscsw15ligfvbxzd8vjk9amjj7w0-notification-template-check.drv
[build] 33/186 /nix/store/10mzmc9076n331a4igvqg4nwrwywprj8-paragonie-random_compat-996434e5492cb4c3edcb9168db6fbb1359ef965a.drv
[build] 34/186 /nix/store/ly0ps4x1qagr4af9gb9qggqdkxkzrzgi-perl-5.42.0-env.drv
[build] 35/186 /nix/store/f2yfadvycy7yirz7ipnbq8c0jv4rwf70-psr-cache-aa5030cfa5405eccfdcb1083ce040c2cb8d253bf.drv
[build] 36/186 /nix/store/6plqq1yp8wnb7vzmpamjqcipcl57kam7-psr-http-client-bb5906edc1c324c9a05aa0873d40117941e5fa90.drv
[build] 37/186 /nix/store/z5c2qrkfkf0krbjkd5p36kaffszn7icg-ruby3.4-libnodectld-4.2.1.drv
[build] 38/186 /nix/store/4vp8k84la95gp5b5y1361jfhxpr5c8g3-vpsadmin-api-env-feaa152436cf66e980c4e53f86a541bb10daae16.drv
[build] 39/186 /nix/store/vr4qd6v8shyw3748x1bbhswm8j06j0rx-vpsadmin-console-router-env-feaa152436cf66e980c4e53f86a541bb10daae16.drv
[build] 40/186 /nix/store/lnxh4kk8clg2p72xy11jf7gkpw0pbi5b-vpsadmin-database-env-feaa152436cf66e980c4e53f86a541bb10daae16.drv
[build] 41/186 /nix/store/71ypxw58sjspicr9daa2lhcxnahik479-vpsadmin-supervisor-env-feaa152436cf66e980c4e53f86a541bb10daae16.drv
[fetch] 34/40 /nix/store/4mvzgslba6ldflif6ygdpi9vpg51ah9j-curl-8.21.0
[fetch] 35/40 /nix/store/kf2nd9yiw59bsdfhwp39p6j3cwlljjah-krb5-1.22.2
[fetch] 36/40 /nix/store/gbr7n3kgh90222lwknqr1b1087z62sw8-openssl-3.6.3-dev
[build] 42/186 /nix/store/7wi8gcr125ph3iarz94i7b5yh1s1j25h-activate.drv
[build] 43/186 /nix/store/kgd0bw2mivcw1ydpc89iq8dqvp3q4byw-activate.drv
[build] 44/186 /nix/store/nfrfpbmpqir3j976hqcyjx128mmmqbpr-activate.drv
[build] 45/186 /nix/store/r5jj1a59rrzlz36l4xpw8swc8h8rnwvh-activate.drv
[build] 46/186 /nix/store/v53120r8a6q8haa6mns64jmzymnzs6l5-vpsfree-notification-templates-1.drv
[fetch] 37/40 /nix/store/i0plga5v0nllvc2k16wqjm7a8ph8s0wn-curl-8.21.0-bin
[fetch] 38/40 /nix/store/mng9dfhg9hbdij7vvv0bccm1ym2lcd38-krb5-1.22.2-dev
[fetch] 39/40 /nix/store/9wmzx08jswfnb8qggv9wvhkiyj2q75w1-libssh2-1.11.1-dev
[build] 47/186 /nix/store/vawnmjjz93v2gbgjdwgbhqlsxg2x181h-activate.drv
[build] 48/186 /nix/store/zrz8c4g3vs8cy5yivmhi3kc5m4ykbzj0-activate.drv
[fetch] 40/40 /nix/store/waz7cfdqv08rigfmm0zka72f2zj18k91-curl-8.21.0-dev
[build] 49/186 /nix/store/135mlfj5wnx3xzgi2252dc4gpq4hgs53-wrapped-ruby-vpsadmin-api-env-feaa152436cf66e980c4e53f86a541bb10daae16.drv
[build] 50/186 /nix/store/as432jq505j01rhkk054d1n341kbmnmw-wrapped-ruby-vpsadmin-console-router-env-feaa152436cf66e980c4e53f86a541bb10daae16.drv
[build] 51/186 /nix/store/ixjjpk71bq41qy88hgz37vxx8fpiyvfq-wrapped-ruby-vpsadmin-database-env-feaa152436cf66e980c4e53f86a541bb10daae16.drv
[build] 52/186 /nix/store/3bmmwa3xyz5qi48vb32yj4356405xlyi-wrapped-ruby-vpsadmin-supervisor-env-feaa152436cf66e980c4e53f86a541bb10daae16.drv
[build] 53/186 /nix/store/6hcjvyx7wws1j3kd1zlsg6l9dyik6x8v-27da6934f0497501187f77d14b566469dd4a7e14.drv
[build] 54/186 /nix/store/9k8mhsqaa507p04mlbl4ib8aas66k4g8-581d614d686bfbec3529ad60562a5213ac5d8d72.drv
[build] 55/186 /nix/store/9hyi4n2vmzsnnpzddnikpilsqp5cyb4i-770a0e173e304ebbabf8424ab86a0917bd61622f.drv
[build] 56/186 /nix/store/qx0r9pyzrzm54115mp7yy2k00h1rscgx-95e7828100de18b4e269fb1703be530082d5166d.drv
[build] 57/186 /nix/store/25ymsp7g0kc49h34yymiqs30vggwx715-aec7fb1f008ed515f0580d7871dffa19428efb82.drv
[build] 58/186 /nix/store/9d3viw0swdxhj8140q8ppc9n966wqv4a-b5874fa9ed0043116c72162ec7f4fb50e02e7cce.drv
[build] 59/186 /nix/store/lsbp7q7ms13cr3ciqc2j885aahk066b4-cde49999552d185d64715fe9c1f77a2aadd2f9f1.drv
[build] 60/186 /nix/store/ribmkvpdz31ys1i8p66xrdmj0ya3fa1k-dfb55726c3a76ea3b6459fcfda1ec2d80a682411.drv
[build] 61/186 /nix/store/sks9q3x9slvkjip6pfw7kxljws7vpffq-ee80339fd9177ba44c49cdb653ff02a4d1106b9a.drv
[build] 62/186 /nix/store/gdk498k2lq7n8lzpa3zxb2fyhf619f4b-f3202fa1b5097b0af062dc978b32ecf63404e31d.drv
[build] 63/186 /nix/store/75pfjrsfr1bkd3kvmmdcwf2b8kj0kzaf-ruby3.4-nodectl-4.2.1.drv
[build] 64/186 /nix/store/p4swk1avrsw1q7m99jvjxm5390mhvksg-ruby3.4-nodectld-4.2.1.drv
[build] 65/186 /nix/store/1l8nd1bmr192f6k6xf6v2a54j2hw1igf-vpsadmin-effective-notification-templates-1.drv
[build] 66/186 /nix/store/7cf0qbsj36i8j42i63psk7x4n031kn32-guzzlehttp-psr7-95e7828100de18b4e269fb1703be530082d5166d.drv
[build] 67/186 /nix/store/7nm7kndw73g91cvp5kq9q3fgg9bp3b32-haveapi-client-27da6934f0497501187f77d14b566469dd4a7e14.drv
[build] 68/186 /nix/store/yzv4nr5c0kzbflnlrrf1m1gkwmizywyd-whichbrowser-parser-581d614d686bfbec3529ad60562a5213ac5d8d72.drv
[build] 69/186 /nix/store/v1p4j31wrlrgr9sx4fi90q9xjqysiriq-dasprid-enum-b5874fa9ed0043116c72162ec7f4fb50e02e7cce.drv
[build] 70/186 /nix/store/g336pih23y35h82aig4xll7zp0pd22fw-guzzlehttp-guzzle-ee80339fd9177ba44c49cdb653ff02a4d1106b9a.drv
[build] 71/186 /nix/store/373z9zp8shsj0k118n6qb0n8vc6pcrwh-guzzlehttp-promises-cde49999552d185d64715fe9c1f77a2aadd2f9f1.drv
[build] 72/186 /nix/store/qn4j4c06b9bzyk8sndh98981l3cbayh6-symfony-deprecation-contracts-f3202fa1b5097b0af062dc978b32ecf63404e31d.drv
[build] 73/186 /nix/store/q7zfk205c6hvnaiqvcwn1lkwpdg71vvk-symfony-polyfill-php80-dfb55726c3a76ea3b6459fcfda1ec2d80a682411.drv
[build] 74/186 /nix/store/4xi5spnsdg2axf8i3n22l82myi5bcdwc-vpsfreecz-httpful-770a0e173e304ebbabf8424ab86a0917bd61622f.drv
[build] 75/186 /nix/store/r19sc8qsz416ydzdav4zfgssiyiaqdgm-endroid-qr-code-aec7fb1f008ed515f0580d7871dffa19428efb82.drv
[build] 76/186 /nix/store/1m4ahw2binx82kcarh7a0pdrhqywr7x2-vpsadmin-webui.drv
[build] 77/186 /nix/store/53jdwnk7a2ljvknw8mj3vhizhkx9c5h4-nodectld-4.2.1.drv
[build] 78/186 /nix/store/wxf4zvyvj8bx1dsvj0cs3zvjbnb7hnwy-nodectl-4.2.1.drv
[build] 79/186 /nix/store/3xj5nyqg9fhbbraimh737qgdsrk9bc5w-vpsadmin-api-feaa152436cf66e980c4e53f86a541bb10daae16.drv
[build] 80/186 /nix/store/0gzxwfmgshsfwq2vmv57rq1k7331knnh-nodectld-4.2.1.drv
[build] 81/186 /nix/store/4pvl13775nf8qrrs7wf6z5drxkpg6nq9-vpsadmin-console-router-feaa152436cf66e980c4e53f86a541bb10daae16.drv
[build] 82/186 /nix/store/7y2qsn6kzyrg2wk00930kawlsv772jvp-vpsadmin-database-feaa152436cf66e980c4e53f86a541bb10daae16.drv
[build] 83/186 /nix/store/c5p1z0cp0lgdbv413jl1h0yc1n5j1kyk-vpsadmin-supervisor-feaa152436cf66e980c4e53f86a541bb10daae16.drv
[build] 84/186 /nix/store/pjd0ljin1l1r355mpk96ax4yibcmqpl5-nodectl-4.2.1.drv
[build] 85/186 /nix/store/wv4y6hynbj3bhmw96vm9vxn84xxgm10a-unit-vpsadmin-nodectld.service.drv
[build] 86/186 /nix/store/fqp332sarpwyc5x5pav3lwr1yrasp21x-system-path.drv
[build] 87/186 /nix/store/7xzialx2wpx81z7kdp8sbiybsfhmppjc-puma.rb.drv
[build] 88/186 /nix/store/c1w58zqmrw6gs4zjjggclvzn7hqbsvzv-puma.rb.drv
[build] 89/186 /nix/store/4lazmrjfk0svlqzhcrmm362bks23kk4s-nixos-system-db-26.05.20260911.21a67dc.drv
[build] 90/186 /nix/store/w5vpbxii4cgwss38qyg166bx94aff2rm-nixos-system-rabbitmq1-26.05.20260911.21a67dc.drv
[build] 91/186 /nix/store/d4ll9xnl3bhz7yfhgs6bkhigdc2wf99k-nixos-system-rabbitmq2-26.05.20260911.21a67dc.drv
[build] 92/186 /nix/store/01jq4w4wfcr3h7ppn314p2z8nbasjdpf-nixos-system-rabbitmq3-26.05.20260911.21a67dc.drv
[build] 93/186 /nix/store/0mkncf6xw9wfpyh95kcl6zgvkblp8k0y-nixos-system-redis1-26.05.20260911.21a67dc.drv
[build] 94/186 /nix/store/imx6fbrj2id32kakgk84vdqvcgdm075v-nixos-system-webui-dev-26.05.20260911.21a67dc.drv
[build] 95/186 /nix/store/96snr8r5vyzzf9vl4sp8lvraic1kca5n-unit-vpsadmin-console-router.service.drv
[build] 96/186 /nix/store/jwc0yn215i46fk2ji285519ainyzjdbp-unit-vpsadmin-console-router.service.drv
[build] 97/186 /nix/store/xsvl49qsbrbqx2bzx4pa2zllrvc0hxlc-dbus-1.drv
[build] 98/186 /nix/store/bj7dgbh5nv2xa00g11br9pmqy674zg11-puma.rb.drv
[build] 99/186 /nix/store/wa64vnw7x4wx0blw2p0jvw1m043i9sw0-puma.rb.drv
[build] 100/186 /nix/store/cxvspmwph44rq2gphx86dpdsv0r3bxbf-unit-script-vpsadmin-api-pre-start.drv
[build] 101/186 /nix/store/rc7vi18wyn11wp3w2sjxwjjhvdk2dfyh-unit-script-vpsadmin-notification-templates-start.drv
[build] 102/186 /nix/store/g6irwgai44y25ddpbj91p9qh8wlixncb-unit-vpsadmin-api-auth-tokens.service.drv
[build] 103/186 /nix/store/5b8lzb0v02wf8v2kwr2r4873myc3x3s2-unit-vpsadmin-api-daily-report.service.drv
[build] 104/186 /nix/store/f3k4j6h80r105i0nx64bs632f7ziymaj-unit-vpsadmin-api-dataset-expansion-run.service.drv
[build] 105/186 /nix/store/d6szjvz4c6d5v2bz24l18yzj8kyb0brn-unit-vpsadmin-api-dataset-property-logs-prune.service.drv
[build] 106/186 /nix/store/xmncibs5yrq83sw12yrhhipb35cyqrzm-unit-vpsadmin-api-dns-transfer-logs-prune.service.drv
[build] 107/186 /nix/store/brfmzmidg72rnxxwnp06md63q95pskbs-unit-vpsadmin-api-incident-reports.service.drv
[build] 108/186 /nix/store/cj8124nkba0l56vqnz4ci9fm6pskmk5a-unit-vpsadmin-api-mail-process.service.drv
[build] 109/186 /nix/store/6gw63qcj1w7v48xypfkydqzyjbas30x5-unit-vpsadmin-api-mail-user-expiration-forced.service.drv
[build] 110/186 /nix/store/3k4j8x5dwcih2plnl4036fb7c278rvww-unit-vpsadmin-api-mail-user-expiration-regular.service.drv
[build] 111/186 /nix/store/nj90s48x6bgi3lhsikfv2xfvsyqzsxf4-unit-vpsadmin-api-mail-vps-expiration-forced.service.drv
[build] 112/186 /nix/store/qc5k5n6mcbjwjhcfx0nrjinisb6zc6mi-unit-vpsadmin-api-mail-vps-expiration-regular.service.drv
[build] 113/186 /nix/store/9vr7yf71kg2lp8wgry0yy1za2d7smaha-unit-vpsadmin-api-migrate-db.service.drv
[build] 114/186 /nix/store/7x2q834lwlnidzjqndsbylg89v06b4yx-unit-vpsadmin-api-migrate-plugins.service.drv
[build] 115/186 /nix/store/khj4cdaxr6bwkl8pyp5wb64mm3cm8ipl-unit-vpsadmin-api-migration-plans.service.drv
[build] 116/186 /nix/store/19x51l00vp98wvs9q6zkpybyvy6hicl8-unit-vpsadmin-api-monitoring-check.service.drv
[build] 117/186 /nix/store/vwvq14iapbqg9fxl9yibwhs20kxq7kxz-unit-vpsadmin-api-monitoring-close.service.drv
[build] 118/186 /nix/store/b5qqzjbrisgdfagnfz0ad2xkwpiz8212-unit-vpsadmin-api-monitoring-prune.service.drv
[build] 119/186 /nix/store/n7sib4w3xmkbnqbymc49sjxsaz6jkn6j-unit-vpsadmin-api-oom-reports-prune.service.drv
[build] 120/186 /nix/store/c7fabzxlbqa1qpxgpyr1a38fw6b0zlj0-unit-vpsadmin-api-oom-reports-run.service.drv
[build] 121/186 /nix/store/9wjw47qyzpg4agqjglncq5ibckji2cfj-unit-vpsadmin-api-others-expire.service.drv
[build] 122/186 /nix/store/w5qahxl8bcsgkzjxjwjmijn9j8bsrj66-unit-vpsadmin-api-outage-reports-auto-resolve.service.drv
[build] 123/186 /nix/store/d1vdf88i7c8miirznd4i1lq6wq71iblc-X-Restart-Triggers-dbus-broker.drv
[build] 124/186 /nix/store/x66y0cxayc9fwriigmd9nz2viba7p789-unit-script-vpsadmin-database-setup-start.drv
[build] 125/186 /nix/store/4h9h76wzcl4aam1b0f615rq63a811h0v-unit-vpsadmin-api.service.drv
[build] 126/186 /nix/store/v07v7pvdvibcskq1wdhwsirx10z00033-unit-vpsadmin-api.service.drv
[build] 127/186 /nix/store/22awip6jwrns5bjj5g79169hq9sfh8x4-unit-vpsadmin-notification-templates.service.drv
[build] 128/186 /nix/store/5viibk864yja66lbkag9angx7cb703gv-unit-dbus-broker.service.drv
[build] 129/186 /nix/store/8crh58nhqqc8y6w33azaxm9m7md791v1-unit-dbus-broker.service.drv
[build] 130/186 /nix/store/19194zyhl71fy1asqqdv3zf7jx3ai8bl-unit-script-vpsadmin-supervisor-pre-start.drv
[build] 131/186 /nix/store/bsa3sb6b0y9bxdrfr99rfxi8p2g40ll2-unit-vpsadmin-database-setup.service.drv
[build] 132/186 /nix/store/8dr6j44j49zg64w5zbl5y3749mcxzci5-vpsadmin-supervisor-ruby-runner.drv
[build] 133/186 /nix/store/50pd3jb3xff3kq362hzhv25irchlx520-vpsadmin-supervisor-shell.rc.drv
[build] 134/186 /nix/store/wxmc8x3g63phymqj0x0qpf2a4v2d5cay-system-units.drv
[build] 135/186 /nix/store/594hf249l9qw8w0pg000h1x8in13pyqh-unit-vpsadmin-supervisor.service.drv
[build] 136/186 /nix/store/xb1w5vzl6yz17d2iymdfh4kqhv0xzb9l-unit-vpsadmin-supervisor.service.drv
[build] 137/186 /nix/store/i9ynqcsq0496ml715zkaapxcy5bi8zh3-user-units.drv
[build] 138/186 /nix/store/0j3a5mnjbkciw33mrgk7xr24a7021cfr-unit-vpsadmin-api-payments-process.service.drv
[build] 139/186 /nix/store/ghyc2ly0fxl41cx4nafdd00m91hzykc2-unit-vpsadmin-api-payments-report.service.drv
[build] 140/186 /nix/store/j4lh7cj6djjr0cnks1cqs7kl3j5kv3sc-unit-vpsadmin-api-prometheus-export-base.service.drv
[build] 141/186 /nix/store/vl9q5gifq4c7ccvg513189qsh8w8i7yc-unit-vpsadmin-api-prometheus-export-dns-records.service.drv
[build] 142/186 /nix/store/jhzpccjr4dxa8yp48f3frmap31qgp7m2-unit-vpsadmin-api-purge-clones.service.drv
[build] 143/186 /nix/store/2idai8gx94665wibfmapp9qyidsbbxyx-unit-vpsadmin-api-report-failed-logins.service.drv
[build] 144/186 /nix/store/zh152ndp0fr8kv0sgrxp8395crnl2jwc-unit-vpsadmin-api-requests-ipqs.service.drv
[build] 145/186 /nix/store/z2bja3k45a5w1c8hnr242rv6p7fx9a14-unit-vpsadmin-api-user-sessions.service.drv
[build] 146/186 /nix/store/5g4nwkpzhx1zmjgzxz2l9jbpjh7dbgww-unit-vpsadmin-api-users-hard-delete.service.drv
[build] 147/186 /nix/store/hd601d214nxxxy6fwgahl75b0f13s39n-unit-vpsadmin-api-users-soft-delete.service.drv
[build] 148/186 /nix/store/7pbmdzg8whw1vywbw1zxh8w63m857g6c-unit-vpsadmin-api-users-suspend.service.drv
[build] 149/186 /nix/store/01scf1hwmibw104mj85asn5n9h4jc47i-unit-vpsadmin-api-vps-status-logs-prune.service.drv
[build] 150/186 /nix/store/6w69w24drk83w2qbkpxn1v61cbr48bbb-unit-vpsadmin-api-vpses-expire.service.drv
[build] 151/186 /nix/store/1j0j2pnn25z9a45s5csnsc5m08z8bw5n-unit-vpsadmin-password-recovery.service.drv
[build] 152/186 /nix/store/pkkigi56j2ksy7sangmv7pzdzxv3rhcf-unit-vpsadmin-scheduler.service.drv
[build] 153/186 /nix/store/739ijcyn27605lgr8fqybfivzhr5dskn-vpsadmin-api-ruby-runner.drv
[build] 154/186 /nix/store/j4v06an3lyl9kji0qvwr0c5n9q9brmrq-vpsadmin-api-shell.rc.drv
[build] 155/186 /nix/store/xx7fz5ad6aki4i159bwgbdjb1c5igwsq-vpsadmin-supervisor-ruby.drv
[build] 156/186 /nix/store/4n7b02mmlgg2qx3g645bpj2pfmcdvnh0-vpsadmin-supervisor-shell.drv
[build] 157/186 /nix/store/gzc7y2cs457kdp5j92rir1mwhp3b8yv3-vpsadmin-api-ruby.drv
[build] 158/186 /nix/store/ik4ib1bc060l6md2isvrmv7mbsb6q9d5-vpsadmin-api-shell.drv
[build] 159/186 /nix/store/46zxwy1d10q8sbv1by7vhn9fmyl9xkkd-etc.drv
[build] 160/186 /nix/store/3kfwm36g7pyqdpvygkjbnbx7dcw29s9p-system-path.drv
[build] 161/186 /nix/store/zvv62yyfwmlv5zr0f2f9nv04jszj8lpk-etc-vpsadmin-config.php.drv
[build] 162/186 /nix/store/4ah0p6civdnzh16fj7yl89m7xf677d7q-nginx.conf.drv
[build] 163/186 /nix/store/aqyb4ln955xwhk2l9sjjmhn0yig7aipm-activate.drv
[build] 164/186 /nix/store/vql4x3ql0jqdp1c4g122vvqn0b1nq4gy-dbus-1.drv
[build] 165/186 /nix/store/50nsvz4fwgxk4rsrwrql5b5a231q3ax9-nixos-system-vpsadmin1-26.05.20260911.21a67dc.drv
[build] 166/186 /nix/store/q4hg40avy7jj6qxgxwyz1xh0lc7c31i7-X-Restart-Triggers-dbus-broker.drv
[build] 167/186 /nix/store/nz6hf6433dwgmky2alsfrz3mmfsi2ang-unit-script-nginx-pre-start.drv
[build] 168/186 /nix/store/0cxwavs8xmz26f3kyf6mv3s7k8y4izj9-unit-dbus-broker.service.drv
[build] 169/186 /nix/store/ica4vg7iqwxrxdjlag98y8zkr50zfzrb-unit-dbus-broker.service.drv
[build] 170/186 /nix/store/iy6jyvdjh94lwgd54rv0z0p6k5kjdk3r-unit-nginx.service.drv
[build] 171/186 /nix/store/zbk3y28d0nnq6q9qpg1gqvimkff0hs73-user-units.drv
[build] 172/186 /nix/store/1iif8m76iclfjbnm0l2s46svkmw57d79-system-units.drv
[build] 173/186 /nix/store/cbgnj4glk13dqqqri3rhhw98lpgq4xkf-system-units.drv
[build] 174/186 /nix/store/n8r3rrcf4k1g9w3js7w9zbakyww30yb4-system-units.drv
[build] 175/186 /nix/store/zq0r312vaq2nv6di34j7ds3afs5kvq5b-system-units.drv
[build] 176/186 /nix/store/iny9yv3q97sc4lc17qwj5v6lx2gncasr-etc.drv
[build] 177/186 /nix/store/3xh3n8fiw9im7qmm2w240mn0bfi4spf7-etc.drv
[build] 178/186 /nix/store/hi4z35ra2k95pb6j90kpvbn9w8msnypv-etc.drv
[build] 179/186 /nix/store/62xcakfh5fx9hzzfzn4hbzi7z8rfggfy-etc.drv
[build] 180/186 /nix/store/aq9vgkp9wcywlj3y24yrjbrx5h5my817-activate.drv
[build] 181/186 /nix/store/a2m5b13zp62xmix4rdfflryy481ww8xi-activate.drv
[build] 182/186 /nix/store/q5941w6ka9pp8hwzmbknymwp7s5dqa6m-nixos-system-webui1-26.05.20260911.21a67dc.drv
[build] 183/186 /nix/store/qhb38mxaibw9fdimppzngfavkqnx5iyx-activate.drv
[build] 184/186 /nix/store/kwfj1bysc3wmnbnrbfkdzrxx9gjwrdkb-nixos-system-webui2-26.05.20260911.21a67dc.drv
[build] 185/186 /nix/store/w0yzn39s9hy0rfqw2rrzrl78fphxl5ll-activate.drv
[build] 186/186 /nix/store/9dy5cx9ywg64bp9k9blg87jp2mcd9rs4-nixos-system-api2-26.05.20260911.21a67dc.drv
[build] 187/186 /nix/store/dp2w1ga0nn5m6qhgddrhb6gipx8021jy-nixos-system-api1-26.05.20260911.21a67dc.drv

Built generations:
2026-09-14--12-33-18
  cz.vpsfree/vpsadmin/int.api1
  cz.vpsfree/vpsadmin/int.api2
  cz.vpsfree/vpsadmin/int.db
  cz.vpsfree/vpsadmin/int.rabbitmq1
  cz.vpsfree/vpsadmin/int.rabbitmq2
  cz.vpsfree/vpsadmin/int.rabbitmq3
  cz.vpsfree/vpsadmin/int.redis1
  cz.vpsfree/vpsadmin/int.vpsadmin1
  cz.vpsfree/vpsadmin/int.webui-dev
  cz.vpsfree/vpsadmin/int.webui1
  cz.vpsfree/vpsadmin/int.webui2
