Bundle complete! 30 Gemfile dependencies, 117 gems now installed.
Bundled gems are installed into `./.gems`
Started local MariaDB test database at mysql2://root:root@127.0.0.1:37273/vpsadmin_test?encoding=utf8mb3&collation=utf8mb3_unicode_ci
-- create_table("auth_tokens", {id: {type: :integer, unsigned: true}, charset: "utf8mb3", collation: "utf8mb3_czech_ci", force: :cascade})
   -> 0.0447s
-- create_table("branches", {id: {type: :integer, unsigned: true}, charset: "utf8mb3", collation: "utf8mb3_czech_ci", force: :cascade})
   -> 0.0259s
-- create_table("cluster_resource_package_items", {id: {type: :integer, unsigned: true}, charset: "utf8mb3", collation: "utf8mb3_czech_ci", force: :cascade})
   -> 0.0241s
-- create_table("cluster_resource_packages", {id: {type: :integer, unsigned: true}, charset: "utf8mb3", collation: "utf8mb3_czech_ci", force: :cascade})
   -> 0.0296s
-- create_table("cluster_resource_uses", {id: {type: :integer, unsigned: true}, charset: "utf8mb3", collation: "utf8mb3_czech_ci", force: :cascade})
   -> 0.0308s
-- create_table("cluster_resources", {id: {type: :integer, unsigned: true}, charset: "utf8mb3", collation: "utf8mb3_czech_ci", force: :cascade})
   -> 0.0519s
-- create_table("components", {charset: "utf8mb3", collation: "utf8mb3_czech_ci", force: :cascade})
   -> 0.0266s
-- create_table("dataset_actions", {id: {type: :integer, unsigned: true}, charset: "utf8mb3", collation: "utf8mb3_czech_ci", force: :cascade})
   -> 0.0285s
-- create_table("dataset_expansion_events", {charset: "utf8mb3", collation: "utf8mb3_czech_ci", force: :cascade})
   -> 0.0405s
-- create_table("dataset_expansion_histories", {charset: "utf8mb3", collation: "utf8mb3_czech_ci", force: :cascade})
   -> 0.0436s
-- create_table("dataset_expansions", {charset: "utf8mb3", collation: "utf8mb3_czech_ci", force: :cascade})
   -> 0.0419s
-- create_table("dataset_in_pool_plans", {id: {type: :integer, unsigned: true}, charset: "utf8mb3", collation: "utf8mb3_czech_ci", force: :cascade})
   -> 0.0224s
-- create_table("dataset_in_pools", {id: {type: :integer, unsigned: true}, charset: "utf8mb3", collation: "utf8mb3_czech_ci", force: :cascade})
   -> 0.0301s
-- create_table("dataset_plans", {id: {type: :integer, unsigned: true}, charset: "utf8mb3", collation: "utf8mb3_czech_ci", force: :cascade})
   -> 0.0201s
-- create_table("dataset_properties", {id: {type: :integer, unsigned: true}, charset: "utf8mb3", collation: "utf8mb3_czech_ci", force: :cascade})
   -> 0.0388s
-- create_table("dataset_property_histories", {id: {type: :integer, unsigned: true}, charset: "utf8mb3", collation: "utf8mb3_czech_ci", force: :cascade})
   -> 0.0264s
-- create_table("dataset_trees", {id: {type: :integer, unsigned: true}, charset: "utf8mb3", collation: "utf8mb3_czech_ci", force: :cascade})
   -> 0.0246s
-- create_table("datasets", {id: {type: :integer, unsigned: true}, charset: "utf8mb3", collation: "utf8mb3_czech_ci", force: :cascade})
   -> 0.0435s
-- create_table("default_lifetime_values", {id: {type: :integer, unsigned: true}, charset: "utf8mb3", collation: "utf8mb3_czech_ci", force: :cascade})
   -> 0.0163s
-- create_table("default_object_cluster_resources", {id: {type: :integer, unsigned: true}, charset: "utf8mb3", collation: "utf8mb3_czech_ci", force: :cascade})
   -> 0.0211s
-- create_table("default_user_cluster_resource_packages", {id: {type: :integer, unsigned: true}, charset: "utf8mb3", collation: "utf8mb3_czech_ci", force: :cascade})
   -> 0.0257s
-- create_table("dns_record_logs", {charset: "utf8mb3", collation: "utf8mb3_czech_ci", force: :cascade})
   -> 0.0242s
-- create_table("dns_records", {charset: "utf8mb3", collation: "utf8mb3_czech_ci", force: :cascade})
   -> 0.0393s
-- create_table("dns_resolvers", {id: {type: :integer, unsigned: true}, charset: "utf8mb3", collation: "utf8mb3_czech_ci", force: :cascade})
   -> 0.0237s
-- create_table("dns_server_zone_transfer_logs", {charset: "utf8mb3", collation: "utf8mb3_czech_ci", force: :cascade})
   -> 0.0365s
-- create_table("dns_server_zones", {charset: "utf8mb3", collation: "utf8mb3_czech_ci", force: :cascade})
   -> 0.0412s
-- create_table("dns_servers", {charset: "utf8mb3", collation: "utf8mb3_czech_ci", force: :cascade})
   -> 0.0323s
-- create_table("dns_tsig_keys", {charset: "utf8mb3", collation: "utf8mb3_czech_ci", force: :cascade})
   -> 0.0294s
-- create_table("dns_zone_transfers", {charset: "utf8mb3", collation: "utf8mb3_czech_ci", force: :cascade})
   -> 0.0377s
-- create_table("dns_zones", {charset: "utf8mb3", collation: "utf8mb3_czech_ci", force: :cascade})
   -> 0.0293s
-- create_table("dnssec_records", {charset: "utf8mb3", collation: "utf8mb3_czech_ci", force: :cascade})
   -> 0.0292s
-- create_table("environment_dataset_plans", {id: {type: :integer, unsigned: true}, charset: "utf8mb3", collation: "utf8mb3_czech_ci", force: :cascade})
   -> 0.0186s
-- create_table("environment_user_configs", {id: {type: :integer, unsigned: true}, charset: "utf8mb3", collation: "utf8mb3_czech_ci", force: :cascade})
   -> 0.0261s
-- create_table("environments", {id: {type: :integer, unsigned: true}, charset: "utf8mb3", collation: "utf8mb3_czech_ci", force: :cascade})
   -> 0.0243s
-- create_table("export_hosts", {id: {type: :integer, unsigned: true}, charset: "utf8mb3", collation: "utf8mb3_czech_ci", force: :cascade})
   -> 0.0221s
-- create_table("export_mounts", {charset: "utf8mb3", collation: "utf8mb3_czech_ci", force: :cascade})
   -> 0.0321s
-- create_table("exports", {id: {type: :integer, unsigned: true}, charset: "utf8mb3", collation: "utf8mb3_czech_ci", force: :cascade})
   -> 0.0328s
-- create_table("group_snapshots", {id: {type: :integer, unsigned: true}, charset: "utf8mb3", collation: "utf8mb3_czech_ci", force: :cascade})
   -> 0.0352s
-- create_table("host_ip_addresses", {id: {type: :integer, unsigned: true}, charset: "utf8mb3", collation: "utf8mb3_czech_ci", force: :cascade})
   -> 0.0336s
-- create_table("incident_reports", {charset: "utf8mb3", collation: "utf8mb3_czech_ci", force: :cascade})
   -> 0.0481s
-- create_table("ip_address_assignments", {charset: "utf8mb3", collation: "utf8mb3_czech_ci", force: :cascade})
   -> 0.0429s
-- create_table("ip_addresses", {id: {type: :integer, unsigned: true}, charset: "utf8mb3", collation: "utf8mb3_czech_ci", force: :cascade})
   -> 0.0483s
-- create_table("ip_traffic_monthly_summaries", {id: {type: :integer, unsigned: true}, charset: "utf8mb3", collation: "utf8mb3_czech_ci", force: :cascade})
   -> 0.0553s
-- create_table("languages", {id: {type: :integer, unsigned: true}, charset: "utf8mb3", collation: "utf8mb3_czech_ci", force: :cascade})
   -> 0.0316s
-- create_table("location_networks", {id: {type: :integer, unsigned: true}, charset: "utf8mb3", collation: "utf8mb3_czech_ci", force: :cascade})
   -> 0.0268s
-- create_table("locations", {id: {type: :integer, unsigned: true}, charset: "utf8mb3", collation: "utf8mb3_czech_ci", force: :cascade})
   -> 0.0258s
-- create_table("mail_logs", {id: {type: :integer, unsigned: true}, charset: "utf8mb3", collation: "utf8mb3_czech_ci", force: :cascade})
   -> 0.0265s
-- create_table("mail_recipients", {id: {type: :integer, unsigned: true}, charset: "utf8mb3", collation: "utf8mb3_czech_ci", force: :cascade})
   -> 0.0196s
-- create_table("mail_template_recipients", {id: {type: :integer, unsigned: true}, charset: "utf8mb3", collation: "utf8mb3_czech_ci", force: :cascade})
   -> 0.0299s
-- create_table("mail_template_translations", {id: {type: :integer, unsigned: true}, charset: "utf8mb3", collation: "utf8mb3_czech_ci", force: :cascade})
   -> 0.0267s
-- create_table("mail_templates", {id: {type: :integer, unsigned: true}, charset: "utf8mb3", collation: "utf8mb3_czech_ci", force: :cascade})
   -> 0.0353s
-- create_table("mailbox_handlers", {charset: "utf8mb3", collation: "utf8mb3_czech_ci", force: :cascade})
   -> 0.0362s
-- create_table("mailboxes", {charset: "utf8mb3", collation: "utf8mb3_czech_ci", force: :cascade})
   -> 0.0218s
-- create_table("maintenance_locks", {id: {type: :integer, unsigned: true}, charset: "utf8mb3", collation: "utf8mb3_czech_ci", force: :cascade})
   -> 0.0259s
-- create_table("metrics_access_tokens", {charset: "utf8mb3", collation: "utf8mb3_czech_ci", force: :cascade})
   -> 0.0319s
-- create_table("migration_plans", {id: {type: :integer, unsigned: true}, charset: "utf8mb3", collation: "utf8mb3_czech_ci", force: :cascade})
   -> 0.0267s
-- create_table("mirrors", {id: {type: :integer, unsigned: true}, charset: "utf8mb3", collation: "utf8mb3_czech_ci", force: :cascade})
   -> 0.0189s
-- create_table("mounts", {id: {type: :integer, unsigned: true}, charset: "utf8mb3", collation: "utf8mb3_czech_ci", force: :cascade})
   -> 0.0349s
-- create_table("network_interface_daily_accountings", {primary_key: ["network_interface_id", "user_id", "year", "month", "day"], charset: "utf8mb3", collation: "utf8mb3_czech_ci", force: :cascade})
   -> 0.0352s
-- create_table("network_interface_monitors", {primary_key: "network_interface_id", id: :bigint, default: nil, charset: "utf8mb3", collation: "utf8mb3_czech_ci", force: :cascade})
   -> 0.0172s
-- create_table("network_interface_monthly_accountings", {primary_key: ["network_interface_id", "user_id", "year", "month"], charset: "utf8mb3", collation: "utf8mb3_czech_ci", force: :cascade})
   -> 0.0297s
-- create_table("network_interface_yearly_accountings", {primary_key: ["network_interface_id", "user_id", "year"], charset: "utf8mb3", collation: "utf8mb3_czech_ci", force: :cascade})
   -> 0.0330s
-- create_table("network_interfaces", {id: {type: :integer, unsigned: true}, charset: "utf8mb3", collation: "utf8mb3_czech_ci", force: :cascade})
   -> 0.0268s
-- create_table("networks", {id: {type: :integer, unsigned: true}, charset: "utf8mb3", collation: "utf8mb3_czech_ci", force: :cascade})
   -> 0.0206s
-- create_table("node_current_statuses", {id: {type: :integer, unsigned: true}, charset: "utf8mb3", collation: "utf8mb3_czech_ci", force: :cascade})
   -> 0.0272s
-- create_table("node_ebpf_program_links", {charset: "utf8mb3", collation: "utf8mb3_bin", force: :cascade})
   -> 0.0308s
-- create_table("node_ebpf_program_objects", {charset: "utf8mb3", collation: "utf8mb3_bin", force: :cascade})
   -> 0.0405s
-- create_table("node_ebpf_programs", {charset: "utf8mb3", collation: "utf8mb3_bin", force: :cascade})
   -> 0.0307s
-- create_table("node_kernel_configuration_options", {charset: "utf8mb3", collation: "utf8mb3_bin", force: :cascade})
   -> 0.0277s
-- create_table("node_kernel_configurations", {charset: "utf8mb3", collation: "utf8mb3_bin", force: :cascade})
   -> 0.0397s
-- create_table("node_kernel_events", {charset: "utf8mb3", collation: "utf8mb3_czech_ci", force: :cascade})
   -> 0.0416s
-- create_table("node_kernel_evidence_errors", {charset: "utf8mb3", collation: "utf8mb3_bin", force: :cascade})
   -> 0.0324s
-- create_table("node_kernel_evidences", {charset: "utf8mb3", collation: "utf8mb3_bin", force: :cascade})
   -> 0.0446s
-- create_table("node_kernel_history_gaps", {charset: "utf8mb3", collation: "utf8mb3_czech_ci", force: :cascade})
   -> 0.0310s
-- create_table("node_kernel_history_states", {charset: "utf8mb3", collation: "utf8mb3_czech_ci", force: :cascade})
   -> 0.0283s
-- create_table("node_kernel_livepatch_patches", {charset: "utf8mb3", collation: "utf8mb3_bin", force: :cascade})
   -> 0.0292s
-- create_table("node_kernel_livepatches", {charset: "utf8mb3", collation: "utf8mb3_bin", force: :cascade})
   -> 0.0326s
-- create_table("node_kernel_modules", {charset: "utf8mb3", collation: "utf8mb3_bin", force: :cascade})
   -> 0.0357s
-- create_table("node_kernel_parameters", {charset: "utf8mb3", collation: "utf8mb3_bin", force: :cascade})
   -> 0.0320s
-- create_table("node_software_changes", {charset: "utf8mb3", collation: "utf8mb3_bin", force: :cascade})
   -> 0.0303s
-- create_table("node_software_versions", {charset: "utf8mb3", collation: "utf8mb3_bin", force: :cascade})
   -> 0.0338s
-- create_table("node_statuses", {id: {type: :integer, unsigned: true}, charset: "utf8mb3", collation: "utf8mb3_czech_ci", force: :cascade})
   -> 0.0238s
-- create_table("node_sysctl_changes", {charset: "utf8mb3", collation: "utf8mb3_bin", force: :cascade})
   -> 0.0355s
-- create_table("node_sysctls", {charset: "utf8mb3", collation: "utf8mb3_bin", force: :cascade})
   -> 0.0360s
-- create_table("node_system_history_states", {charset: "utf8mb3", collation: "utf8mb3_czech_ci", force: :cascade})
   -> 0.0239s
-- create_table("node_system_states", {charset: "utf8mb3", collation: "utf8mb3_czech_ci", force: :cascade})
   -> 0.0259s
-- create_table("node_transfer_connections", {charset: "utf8mb3", collation: "utf8mb3_czech_ci", force: :cascade})
   -> 0.0273s
-- create_table("nodes", {id: {type: :integer, unsigned: true}, charset: "utf8mb3", collation: "utf8mb3_czech_ci", force: :cascade})
   -> 0.0324s
-- create_table("oauth2_authorizations", {charset: "utf8mb3", collation: "utf8mb3_czech_ci", force: :cascade})
   -> 0.0473s
-- create_table("oauth2_clients", {charset: "utf8mb3", collation: "utf8mb3_czech_ci", force: :cascade})
   -> 0.0218s
-- create_table("object_histories", {id: {type: :integer, unsigned: true}, charset: "utf8mb3", collation: "utf8mb3_czech_ci", force: :cascade})
   -> 0.0305s
-- create_table("object_states", {id: {type: :integer, unsigned: true}, charset: "utf8mb3", collation: "utf8mb3_czech_ci", force: :cascade})
   -> 0.0238s
-- create_table("oom_preventions", {charset: "utf8mb3", collation: "utf8mb3_czech_ci", force: :cascade})
   -> 0.0239s
-- create_table("oom_report_counters", {charset: "utf8mb3", collation: "utf8mb3_czech_ci", force: :cascade})
   -> 0.0242s
-- create_table("oom_report_rules", {charset: "utf8mb3", collation: "utf8mb3_czech_ci", force: :cascade})
   -> 0.0212s
-- create_table("oom_report_stats", {id: {type: :integer, unsigned: true}, charset: "utf8mb3", collation: "utf8mb3_czech_ci", force: :cascade})
   -> 0.0208s
-- create_table("oom_report_tasks", {id: {type: :integer, unsigned: true}, charset: "utf8mb3", collation: "utf8mb3_czech_ci", force: :cascade})
   -> 0.0202s
-- create_table("oom_report_usages", {id: {type: :integer, unsigned: true}, charset: "utf8mb3", collation: "utf8mb3_czech_ci", force: :cascade})
   -> 0.0222s
-- create_table("oom_reports", {id: {type: :integer, unsigned: true}, charset: "utf8mb3", collation: "utf8mb3_czech_ci", force: :cascade})
   -> 0.0290s
-- create_table("os_families", {charset: "utf8mb3", collation: "utf8mb3_czech_ci", force: :cascade})
   -> 0.0210s
-- create_table("os_templates", {id: {type: :integer, unsigned: true}, charset: "utf8mb3", collation: "utf8mb3_czech_ci", force: :cascade})
   -> 0.0407s
-- create_table("password_change_logs", {charset: "utf8mb3", collation: "utf8mb3_czech_ci", force: :cascade})
   -> 0.0346s
-- create_table("password_event_counters", {charset: "utf8mb3", collation: "utf8mb3_czech_ci", force: :cascade})
   -> 0.0311s
-- create_table("password_recoveries", {charset: "utf8mb3", collation: "utf8mb3_czech_ci", force: :cascade})
   -> 0.0410s
-- create_table("password_recovery_requests", {charset: "utf8mb3", collation: "utf8mb3_czech_ci", force: :cascade})
   -> 0.0407s
-- create_table("password_recovery_submissions", {charset: "utf8mb3", collation: "utf8mb3_czech_ci", force: :cascade})
   -> 0.0421s
-- create_table("pools", {id: {type: :integer, unsigned: true}, charset: "utf8mb3", collation: "utf8mb3_czech_ci", force: :cascade})
   -> 0.0194s
-- create_table("port_reservations", {id: {type: :integer, unsigned: true}, charset: "utf8mb3", collation: "utf8mb3_czech_ci", force: :cascade})
   -> 0.0209s
-- create_table("repeatable_tasks", {id: {type: :integer, unsigned: true}, charset: "utf8mb3", collation: "utf8mb3_czech_ci", force: :cascade})
   -> 0.0245s
-- create_table("resource_locks", {id: {type: :integer, unsigned: true}, charset: "utf8mb3", collation: "utf8mb3_czech_ci", force: :cascade})
   -> 0.0215s
-- create_table("security_advisories", {charset: "utf8mb3", collation: "utf8mb3_czech_ci", force: :cascade})
   -> 0.0424s
-- create_table("security_advisory_cves", {charset: "utf8mb3", collation: "utf8mb3_czech_ci", force: :cascade})
   -> 0.0278s
-- create_table("security_advisory_node_status_translations", {charset: "utf8mb3", collation: "utf8mb3_czech_ci", force: :cascade})
   -> 0.0266s
-- create_table("security_advisory_node_statuses", {charset: "utf8mb3", collation: "utf8mb3_czech_ci", force: :cascade})
   -> 0.0281s
-- create_table("security_advisory_translations", {charset: "utf8mb3", collation: "utf8mb3_czech_ci", force: :cascade})
   -> 0.0224s
-- create_table("security_advisory_updates", {charset: "utf8mb3", collation: "utf8mb3_czech_ci", force: :cascade})
   -> 0.0238s
-- create_table("security_advisory_users", {charset: "utf8mb3", collation: "utf8mb3_czech_ci", force: :cascade})
   -> 0.0241s
-- create_table("security_advisory_vpses", {charset: "utf8mb3", collation: "utf8mb3_czech_ci", force: :cascade})
   -> 0.0383s
-- create_table("single_sign_ons", {charset: "utf8mb3", collation: "utf8mb3_czech_ci", force: :cascade})
   -> 0.0303s
-- create_table("snapshot_downloads", {id: {type: :integer, unsigned: true}, charset: "utf8mb3", collation: "utf8mb3_czech_ci", force: :cascade})
   -> 0.0273s
-- create_table("snapshot_in_pool_clones", {id: {type: :integer, unsigned: true}, charset: "utf8mb3", collation: "utf8mb3_czech_ci", force: :cascade})
   -> 0.0401s
-- create_table("snapshot_in_pool_in_branches", {id: {type: :integer, unsigned: true}, charset: "utf8mb3", collation: "utf8mb3_czech_ci", force: :cascade})
   -> 0.0307s
-- create_table("snapshot_in_pools", {id: {type: :integer, unsigned: true}, charset: "utf8mb3", collation: "utf8mb3_czech_ci", force: :cascade})
   -> 0.0315s
-- create_table("snapshots", {id: {type: :integer, unsigned: true}, charset: "utf8mb3", collation: "utf8mb3_czech_ci", force: :cascade})
   -> 0.0308s
-- create_table("sysconfig", {id: {type: :integer, unsigned: true}, charset: "utf8mb3", collation: "utf8mb3_czech_ci", force: :cascade})
   -> 0.0341s
-- create_table("tokens", {id: {type: :integer, unsigned: true}, charset: "utf8mb3", collation: "utf8mb3_czech_ci", force: :cascade})
   -> 0.0418s
-- create_table("transaction_chain_concerns", {id: {type: :integer, unsigned: true}, charset: "utf8mb3", collation: "utf8mb3_czech_ci", force: :cascade})
   -> 0.0390s
-- create_table("transaction_chains", {id: {type: :integer, unsigned: true}, charset: "utf8mb3", collation: "utf8mb3_czech_ci", force: :cascade})
   -> 0.0372s
-- create_table("transaction_confirmations", {id: {type: :integer, unsigned: true}, charset: "utf8mb3", collation: "utf8mb3_czech_ci", force: :cascade})
   -> 0.0366s
-- create_table("transactions", {id: {type: :integer, unsigned: true}, charset: "utf8mb3", collation: "utf8mb3_czech_ci", force: :cascade})
   -> 0.0441s
-- create_table("user_agents", {id: {type: :integer, unsigned: true}, charset: "utf8mb3", collation: "utf8mb3_czech_ci", force: :cascade})
   -> 0.0276s
-- create_table("user_cluster_resource_packages", {id: {type: :integer, unsigned: true}, charset: "utf8mb3", collation: "utf8mb3_czech_ci", force: :cascade})
   -> 0.0355s
-- create_table("user_cluster_resources", {id: {type: :integer, unsigned: true}, charset: "utf8mb3", collation: "utf8mb3_czech_ci", force: :cascade})
   -> 0.0351s
-- create_table("user_devices", {charset: "utf8mb3", collation: "utf8mb3_czech_ci", force: :cascade})
   -> 0.0339s
-- create_table("user_failed_logins", {id: {type: :integer, unsigned: true}, charset: "utf8mb3", collation: "utf8mb3_czech_ci", force: :cascade})
   -> 0.0300s
-- create_table("user_mail_role_recipients", {id: {type: :integer, unsigned: true}, charset: "utf8mb3", collation: "utf8mb3_czech_ci", force: :cascade})
   -> 0.0291s
-- create_table("user_mail_template_recipients", {id: {type: :integer, unsigned: true}, charset: "utf8mb3", collation: "utf8mb3_czech_ci", force: :cascade})
   -> 0.0329s
-- create_table("user_namespace_blocks", {id: {type: :integer, unsigned: true}, charset: "utf8mb3", collation: "utf8mb3_czech_ci", force: :cascade})
   -> 0.0346s
-- create_table("user_namespace_map_entries", {id: {type: :integer, unsigned: true}, charset: "utf8mb3", collation: "utf8mb3_czech_ci", force: :cascade})
   -> 0.0276s
-- create_table("user_namespace_maps", {id: {type: :integer, unsigned: true}, charset: "utf8mb3", collation: "utf8mb3_czech_ci", force: :cascade})
   -> 0.0198s
-- create_table("user_namespaces", {id: {type: :integer, unsigned: true}, charset: "utf8mb3", collation: "utf8mb3_czech_ci", force: :cascade})
   -> 0.0304s
-- create_table("user_public_keys", {id: {type: :integer, unsigned: true}, charset: "utf8mb3", collation: "utf8mb3_czech_ci", force: :cascade})
   -> 0.0268s
-- create_table("user_sessions", {id: {type: :integer, unsigned: true}, charset: "utf8mb3", collation: "utf8mb3_czech_ci", force: :cascade})
   -> 0.0282s
-- create_table("user_totp_devices", {id: {type: :integer, unsigned: true}, charset: "utf8mb3", collation: "utf8mb3_czech_ci", force: :cascade})
   -> 0.0293s
-- create_table("users", {id: {type: :integer, unsigned: true}, charset: "utf8mb3", collation: "utf8mb3_czech_ci", force: :cascade})
   -> 0.0328s
-- create_table("uuids", {charset: "utf8mb3", collation: "utf8mb3_czech_ci", force: :cascade})
   -> 0.0259s
-- create_table("versions", {id: {type: :integer, unsigned: true}, charset: "utf8mb3", collation: "utf8mb3_czech_ci", force: :cascade})
   -> 0.0258s
-- create_table("vps_consoles", {id: {type: :integer, unsigned: true}, charset: "utf8mb3", collation: "utf8mb3_czech_ci", force: :cascade})
   -> 0.0229s
-- create_table("vps_current_statuses", {id: {type: :integer, unsigned: true}, charset: "utf8mb3", collation: "utf8mb3_czech_ci", force: :cascade})
   -> 0.0241s
-- create_table("vps_features", {id: {type: :integer, unsigned: true}, charset: "utf8mb3", collation: "utf8mb3_czech_ci", force: :cascade})
   -> 0.0234s
-- create_table("vps_maintenance_windows", {id: {type: :integer, unsigned: true}, charset: "utf8mb3", collation: "utf8mb3_czech_ci", force: :cascade})
   -> 0.0369s
-- create_table("vps_migrations", {id: {type: :integer, unsigned: true}, charset: "utf8mb3", collation: "utf8mb3_czech_ci", force: :cascade})
   -> 0.0252s
-- create_table("vps_os_processes", {primary_key: ["vps_id", "state"], charset: "utf8mb3", collation: "utf8mb3_czech_ci", force: :cascade})
   -> 0.0265s
-- create_table("vps_ssh_host_keys", {charset: "utf8mb3", collation: "utf8mb3_czech_ci", force: :cascade})
   -> 0.0235s
-- create_table("vps_statuses", {id: {type: :integer, unsigned: true}, charset: "utf8mb3", collation: "utf8mb3_czech_ci", force: :cascade})
   -> 0.0241s
-- create_table("vps_user_data", {charset: "utf8mb3", collation: "utf8mb3_czech_ci", force: :cascade})
   -> 0.0279s
-- create_table("vpses", {id: {type: :integer, unsigned: true}, charset: "utf8mb3", collation: "utf8mb3_czech_ci", force: :cascade})
   -> 0.0575s
-- create_table("webauthn_challenges", {charset: "utf8mb3", collation: "utf8mb3_czech_ci", force: :cascade})
   -> 0.0288s
-- create_table("webauthn_credentials", {charset: "utf8mb3", collation: "utf8mb3_czech_ci", force: :cascade})
   -> 0.0264s
-- add_foreign_key("node_current_statuses", "node_kernel_evidences", {on_delete: :nullify})
   -> 0.0368s
-- add_foreign_key("node_ebpf_program_links", "node_ebpf_programs", {on_delete: :cascade})
   -> 0.0333s
-- add_foreign_key("node_ebpf_program_objects", "node_ebpf_programs", {on_delete: :cascade})
   -> 0.0347s
-- add_foreign_key("node_ebpf_programs", "node_kernel_evidences", {on_delete: :cascade})
   -> 0.0389s
-- add_foreign_key("node_kernel_configuration_options", "node_kernel_configurations", {on_delete: :cascade})
   -> 0.0352s
-- add_foreign_key("node_kernel_events", "node_kernel_evidences", {on_delete: :nullify})
   -> 0.0629s
-- add_foreign_key("node_kernel_evidence_errors", "node_kernel_evidences", {on_delete: :cascade})
   -> 0.0364s
-- add_foreign_key("node_kernel_history_gaps", "node_kernel_history_states", {on_delete: :cascade})
   -> 0.0386s
-- add_foreign_key("node_kernel_livepatch_patches", "node_kernel_livepatches", {on_delete: :cascade})
   -> 0.0401s
-- add_foreign_key("node_kernel_livepatches", "node_kernel_evidences", {on_delete: :cascade})
   -> 0.0476s
-- add_foreign_key("node_kernel_modules", "node_kernel_evidences", {on_delete: :cascade})
   -> 0.0527s
-- add_foreign_key("node_kernel_parameters", "node_kernel_evidences", {on_delete: :cascade})
   -> 0.0507s
-- add_foreign_key("node_software_changes", "node_kernel_events", {on_delete: :cascade})
   -> 0.0513s
-- add_foreign_key("node_software_versions", "node_kernel_evidences", {on_delete: :cascade})
   -> 0.0311s
-- add_foreign_key("node_sysctl_changes", "node_kernel_events", {on_delete: :cascade})
   -> 0.0513s
-- add_foreign_key("node_sysctls", "node_kernel_evidences", {on_delete: :cascade})
   -> 0.0390s

An error occurred while loading ./spec/lib/vpsadmin/supervisor/node/status_spec.rb. - Did you mean?
                    rspec ./spec/lib/vpsadmin/supervisor/console/rpc_spec.rb

Failure/Error: __send__(method, file)

LoadError:
  cannot load such file -- /home/aither/workspace/ai/vpsfree.cz/worktrees/2026-09-14-kernel-history-fix/vpsadmin/api/spec/lib/vpsadmin/supervisor/node/status_spec.rb
# /home/aither/workspace/ai/vpsfree.cz/worktrees/2026-09-14-kernel-history-fix/vpsadmin/api/.gems/ruby/3.4.0/gems/rspec-core-3.13.6/lib/rspec/core/configuration.rb:2144:in 'Kernel#load'
# /home/aither/workspace/ai/vpsfree.cz/worktrees/2026-09-14-kernel-history-fix/vpsadmin/api/.gems/ruby/3.4.0/gems/rspec-core-3.13.6/lib/rspec/core/configuration.rb:2144:in 'RSpec::Core::Configuration#load_file_handling_errors'
# /home/aither/workspace/ai/vpsfree.cz/worktrees/2026-09-14-kernel-history-fix/vpsadmin/api/.gems/ruby/3.4.0/gems/rspec-core-3.13.6/lib/rspec/core/configuration.rb:1643:in 'block in RSpec::Core::Configuration#load_spec_files'
# /home/aither/workspace/ai/vpsfree.cz/worktrees/2026-09-14-kernel-history-fix/vpsadmin/api/.gems/ruby/3.4.0/gems/rspec-core-3.13.6/lib/rspec/core/configuration.rb:1641:in 'Array#each'
# /home/aither/workspace/ai/vpsfree.cz/worktrees/2026-09-14-kernel-history-fix/vpsadmin/api/.gems/ruby/3.4.0/gems/rspec-core-3.13.6/lib/rspec/core/configuration.rb:1641:in 'RSpec::Core::Configuration#load_spec_files'
# /home/aither/workspace/ai/vpsfree.cz/worktrees/2026-09-14-kernel-history-fix/vpsadmin/api/.gems/ruby/3.4.0/gems/rspec-core-3.13.6/lib/rspec/core/runner.rb:102:in 'RSpec::Core::Runner#setup'
# /home/aither/workspace/ai/vpsfree.cz/worktrees/2026-09-14-kernel-history-fix/vpsadmin/api/.gems/ruby/3.4.0/gems/rspec-core-3.13.6/lib/rspec/core/runner.rb:86:in 'RSpec::Core::Runner#run'
# /home/aither/workspace/ai/vpsfree.cz/worktrees/2026-09-14-kernel-history-fix/vpsadmin/api/.gems/ruby/3.4.0/gems/rspec-core-3.13.6/lib/rspec/core/runner.rb:71:in 'RSpec::Core::Runner.run'
# /home/aither/workspace/ai/vpsfree.cz/worktrees/2026-09-14-kernel-history-fix/vpsadmin/api/.gems/ruby/3.4.0/gems/rspec-core-3.13.6/lib/rspec/core/runner.rb:45:in 'RSpec::Core::Runner.invoke'
# /home/aither/workspace/ai/vpsfree.cz/worktrees/2026-09-14-kernel-history-fix/vpsadmin/api/.gems/ruby/3.4.0/gems/rspec-core-3.13.6/exe/rspec:4:in '<top (required)>'
# /nix/store/nin40kn7prvsn7pmbl7k576hhwcpp9x1-ruby-3.4.9/lib/ruby/3.4.0/rubygems.rb:319:in 'Kernel#load'
# /nix/store/nin40kn7prvsn7pmbl7k576hhwcpp9x1-ruby-3.4.9/lib/ruby/3.4.0/rubygems.rb:319:in 'Gem.activate_and_load_bin_path'
# /home/aither/workspace/ai/vpsfree.cz/worktrees/2026-09-14-kernel-history-fix/vpsadmin/api/.gems/ruby/3.4.0/bin/rspec:25:in '<top (required)>'
# /home/aither/workspace/ai/vpsfree.cz/worktrees/2026-09-14-kernel-history-fix/vpsadmin/api/.gems/gems/bundler-4.0.20/lib/bundler/cli/exec.rb:61:in 'Kernel.load'
# /home/aither/workspace/ai/vpsfree.cz/worktrees/2026-09-14-kernel-history-fix/vpsadmin/api/.gems/gems/bundler-4.0.20/lib/bundler/cli/exec.rb:61:in 'Bundler::CLI::Exec#kernel_load'
# /home/aither/workspace/ai/vpsfree.cz/worktrees/2026-09-14-kernel-history-fix/vpsadmin/api/.gems/gems/bundler-4.0.20/lib/bundler/cli/exec.rb:24:in 'Bundler::CLI::Exec#run'
# /home/aither/workspace/ai/vpsfree.cz/worktrees/2026-09-14-kernel-history-fix/vpsadmin/api/.gems/gems/bundler-4.0.20/lib/bundler/cli.rb:509:in 'Bundler::CLI#exec'
# /home/aither/workspace/ai/vpsfree.cz/worktrees/2026-09-14-kernel-history-fix/vpsadmin/api/.gems/gems/bundler-4.0.20/lib/bundler/vendor/thor/lib/thor/command.rb:28:in 'Bundler::Thor::Command#run'
# /home/aither/workspace/ai/vpsfree.cz/worktrees/2026-09-14-kernel-history-fix/vpsadmin/api/.gems/gems/bundler-4.0.20/lib/bundler/vendor/thor/lib/thor/invocation.rb:127:in 'Bundler::Thor::Invocation#invoke_command'
# /home/aither/workspace/ai/vpsfree.cz/worktrees/2026-09-14-kernel-history-fix/vpsadmin/api/.gems/gems/bundler-4.0.20/lib/bundler/vendor/thor/lib/thor.rb:538:in 'Bundler::Thor.dispatch'
# /home/aither/workspace/ai/vpsfree.cz/worktrees/2026-09-14-kernel-history-fix/vpsadmin/api/.gems/gems/bundler-4.0.20/lib/bundler/cli.rb:35:in 'Bundler::CLI.dispatch'
# /home/aither/workspace/ai/vpsfree.cz/worktrees/2026-09-14-kernel-history-fix/vpsadmin/api/.gems/gems/bundler-4.0.20/lib/bundler/vendor/thor/lib/thor/base.rb:584:in 'Bundler::Thor::Base::ClassMethods#start'
# /home/aither/workspace/ai/vpsfree.cz/worktrees/2026-09-14-kernel-history-fix/vpsadmin/api/.gems/gems/bundler-4.0.20/lib/bundler/cli.rb:29:in 'Bundler::CLI.start'
# /home/aither/workspace/ai/vpsfree.cz/worktrees/2026-09-14-kernel-history-fix/vpsadmin/api/.gems/gems/bundler-4.0.20/exe/bundle:28:in 'block in <top (required)>'
# /home/aither/workspace/ai/vpsfree.cz/worktrees/2026-09-14-kernel-history-fix/vpsadmin/api/.gems/gems/bundler-4.0.20/lib/bundler/friendly_errors.rb:118:in 'Bundler.with_friendly_errors'
# /home/aither/workspace/ai/vpsfree.cz/worktrees/2026-09-14-kernel-history-fix/vpsadmin/api/.gems/gems/bundler-4.0.20/exe/bundle:20:in '<top (required)>'
# /nix/store/nin40kn7prvsn7pmbl7k576hhwcpp9x1-ruby-3.4.9/lib/ruby/3.4.0/rubygems.rb:319:in 'Kernel#load'
# /nix/store/nin40kn7prvsn7pmbl7k576hhwcpp9x1-ruby-3.4.9/lib/ruby/3.4.0/rubygems.rb:319:in 'Gem.activate_and_load_bin_path'
# /nix/store/nin40kn7prvsn7pmbl7k576hhwcpp9x1-ruby-3.4.9/bin/bundle:25:in '<main>'
# 
#   Showing full backtrace because every line was filtered out.
#   See docs for RSpec::Configuration#backtrace_exclusion_patterns and
#   RSpec::Configuration#backtrace_inclusion_patterns for more information.
Run options: exclude {generator: true}

Finished in 0.00042 seconds (files took 16.24 seconds to load)
0 examples, 0 failures, 1 error occurred outside of examples

