this derivation will be built:
  /nix/store/vl4qcm0r0z1jhsyv7zhhy4snn26mrv9k-test-runner-repository-source.drv
building '/nix/store/vl4qcm0r0z1jhsyv7zhhy4snn26mrv9k-test-runner-repository-source.drv'...
The following test scripts will be run:
  supervisor/runtime-ingestion

[2026-09-14 12:47:44 +0200] Running 1 scripts of 1 tests, at most 1 tests at a time
[2026-09-14 12:47:44 +0200] Resource detection: memory assigned=94.3 GiB, available-at-start=71.9 GiB, reserve=8.0 GiB, limit=63.9 GiB; shm assigned=47.1 GiB, available-at-start=47.1 GiB, reserve=8.0 GiB, limit=39.1 GiB
[2026-09-14 12:47:44 +0200] Resource limits: memory=0 MiB/63.9 GiB, shm=0 MiB/39.1 GiB, cpus=0/96, running=0
[2026-09-14 12:47:44 +0200] State directory is /tmp/kh-sup4.tPXKYf
[2026-09-14 12:47:44 +0200] Reserved resources for 'supervisor/runtime-ingestion': machines=2, memory=16.0 GiB, shm=16.0 GiB, cpus=12; pool: memory=16.0 GiB/63.9 GiB, shm=16.0 GiB/39.1 GiB, cpus=12/96, running=1
[2026-09-14 12:47:44 +0200] [1/1] Running test 'supervisor/runtime-ingestion' (#default)
[2026-09-14 12:52:44 +0200] Status: passing; 0 succeeded as expected, 0 failed as expected, 0 unexpectedly failed, 0 unexpectedly succeeded; 1 running, 0 remaining
[2026-09-14 12:57:44 +0200] Status: passing; 0 succeeded as expected, 0 failed as expected, 0 unexpectedly failed, 0 unexpectedly succeeded; 1 running, 0 remaining
[2026-09-14 12:58:41 +0200] [1/1] Example [1/11] 'supervisor status ingestion accepts a legacy node status without security evidence' succeeded in 9.51 seconds
[2026-09-14 13:00:45 +0200] [1/1] Example [2/11] 'supervisor status ingestion retains stable kernel confirmations across restart and repairs disposable history' succeeded in 123.27 seconds
[2026-09-14 13:00:51 +0200] [1/1] Example [3/11] 'supervisor status ingestion ingests VPS status' succeeded in 6.49 seconds
[2026-09-14 13:01:12 +0200] [1/1] Example [4/11] 'supervisor storage ingestion ingests storage status batches and updates disk totals' succeeded in 20.76 seconds
[2026-09-14 13:01:28 +0200] [1/1] Example [5/11] 'supervisor storage ingestion ingests dataset expansion events' succeeded in 16.25 seconds
[2026-09-14 13:01:37 +0200] [1/1] Example [6/11] 'supervisor network ingestion ingests network monitor snapshots' succeeded in 8.29 seconds
[2026-09-14 13:01:50 +0200] [1/1] Example [7/11] 'supervisor network ingestion ingests accounting buckets additively' succeeded in 13.98 seconds
[2026-09-14 13:02:11 +0200] [1/1] Example [8/11] 'supervisor mount ingestion creates, updates, and deletes export mounts to match the payload' succeeded in 20.96 seconds
[2026-09-14 13:02:26 +0200] [1/1] Example [9/11] 'supervisor mount ingestion updates VPS mount state from mount reports' succeeded in 14.25 seconds
[2026-09-14 13:02:44 +0200] Status: passing; 0 succeeded as expected, 0 failed as expected, 0 unexpectedly failed, 0 unexpectedly succeeded; 1 running, 0 remaining
[2026-09-14 13:02:48 +0200] [1/1] Example [10/11] 'supervisor VPS event ingestion marks halt events and logs reboot events' succeeded in 21.86 seconds
[2026-09-14 13:02:54 +0200] [1/1] Example [11/11] 'supervisor VPS event ingestion creates incident reports for oomd stop events' succeeded in 6.59 seconds
[2026-09-14 13:03:20 +0200] [1/1] Test 'supervisor/runtime-ingestion' successful in 935.48 seconds
[2026-09-14 13:03:20 +0200] Run 1 test scripts of 1 tests in 935.49 seconds
[2026-09-14 13:03:20 +0200] 1 tests successful
