this derivation will be built:
  /nix/store/hiwgncmnl8dlhrnxq6vpkfy00lrnhnsx-test-runner-repository-source.drv
building '/nix/store/hiwgncmnl8dlhrnxq6vpkfy00lrnhnsx-test-runner-repository-source.drv'...
The following test scripts will be run:
  supervisor/runtime-ingestion

[2026-09-14 12:29:22 +0200] Running 1 scripts of 1 tests, at most 1 tests at a time
[2026-09-14 12:29:22 +0200] Resource detection: memory assigned=94.3 GiB, available-at-start=62.9 GiB, reserve=8.0 GiB, limit=54.9 GiB; shm assigned=47.1 GiB, available-at-start=36.9 GiB, reserve=8.0 GiB, limit=28.9 GiB
[2026-09-14 12:29:22 +0200] Resource limits: memory=0 MiB/54.9 GiB, shm=0 MiB/28.9 GiB, cpus=0/96, running=0
[2026-09-14 12:29:22 +0200] State directory is /tmp/kh-sup3.CxPQLQ
[2026-09-14 12:29:22 +0200] Reserved resources for 'supervisor/runtime-ingestion': machines=2, memory=16.0 GiB, shm=16.0 GiB, cpus=12; pool: memory=16.0 GiB/54.9 GiB, shm=16.0 GiB/28.9 GiB, cpus=12/96, running=1
[2026-09-14 12:29:22 +0200] [1/1] Running test 'supervisor/runtime-ingestion' (#default)
[2026-09-14 12:34:22 +0200] Status: passing; 0 succeeded as expected, 0 failed as expected, 0 unexpectedly failed, 0 unexpectedly succeeded; 1 running, 0 remaining
[2026-09-14 12:38:38 +0200] [1/1] Example [1/11] 'supervisor status ingestion accepts a legacy node status without security evidence' succeeded in 11.85 seconds
[2026-09-14 12:38:48 +0200] [1/1] Example [2/11] 'supervisor status ingestion retains stable kernel confirmations across restart and repairs disposable history' failed in 10.56 seconds
[2026-09-14 12:39:22 +0200] [1/1] Example [3/11] 'supervisor status ingestion ingests VPS status' succeeded in 33.41 seconds
[2026-09-14 12:39:22 +0200] Status: passing; 0 succeeded as expected, 0 failed as expected, 0 unexpectedly failed, 0 unexpectedly succeeded; 1 running, 0 remaining
[2026-09-14 12:39:50 +0200] [1/1] Example [4/11] 'supervisor storage ingestion ingests storage status batches and updates disk totals' succeeded in 28.29 seconds
[2026-09-14 12:40:05 +0200] [1/1] Example [5/11] 'supervisor storage ingestion ingests dataset expansion events' succeeded in 15.18 seconds
[2026-09-14 12:40:12 +0200] [1/1] Example [6/11] 'supervisor network ingestion ingests network monitor snapshots' succeeded in 6.43 seconds
[2026-09-14 12:40:26 +0200] [1/1] Example [7/11] 'supervisor network ingestion ingests accounting buckets additively' succeeded in 13.84 seconds
[2026-09-14 12:40:46 +0200] [1/1] Example [8/11] 'supervisor mount ingestion creates, updates, and deletes export mounts to match the payload' succeeded in 20.5 seconds
[2026-09-14 12:41:01 +0200] [1/1] Example [9/11] 'supervisor mount ingestion updates VPS mount state from mount reports' succeeded in 14.42 seconds
[2026-09-14 12:41:23 +0200] [1/1] Example [10/11] 'supervisor VPS event ingestion marks halt events and logs reboot events' succeeded in 22.74 seconds
[2026-09-14 12:41:32 +0200] [1/1] Example [11/11] 'supervisor VPS event ingestion creates incident reports for oomd stop events' succeeded in 8.31 seconds
[2026-09-14 12:42:04 +0200] [1/1] Test 'supervisor/runtime-ingestion' failed after 761.94 seconds, see /tmp/kh-sup3.CxPQLQ/os-test-supervisor__runtime-ingestion-737ba09b
[2026-09-14 12:42:04 +0200] Run 1 test scripts of 1 tests in 761.94 seconds
[2026-09-14 12:42:04 +0200] 1 tests should have succeeded, but failed
[2026-09-14 12:42:04 +0200] Unexpectedly failed test scripts:
[2026-09-14 12:42:04 +0200]   supervisor/runtime-ingestion

error: one or more tests did not have expected results
