copying path '/nix/store/5b2ic4sxjc2lzgxk4hninyw22r5gv5qr-source' from 'https://cache.nixos.org'...
this derivation will be built:
  /nix/store/88cifs3zcrd25xqx63h3k5ackdcjdpiw-test-runner.drv
building '/nix/store/88cifs3zcrd25xqx63h3k5ackdcjdpiw-test-runner.drv'...
The following test scripts will be run:
  supervisor/runtime-ingestion

[2026-09-14 11:30:39 +0200] Running 1 scripts of 1 tests, at most 1 tests at a time
[2026-09-14 11:30:39 +0200] Resource detection: memory assigned=94.3 GiB, available-at-start=61.2 GiB, reserve=8.0 GiB, limit=53.2 GiB; shm assigned=47.1 GiB, available-at-start=47.1 GiB, reserve=8.0 GiB, limit=39.1 GiB
[2026-09-14 11:30:39 +0200] Resource limits: memory=0 MiB/53.2 GiB, shm=0 MiB/39.1 GiB, cpus=0/96, running=0
[2026-09-14 11:30:39 +0200] State directory is /tmp/kh-sup.fC9MOb
[2026-09-14 11:30:39 +0200] Reserved resources for 'supervisor/runtime-ingestion': machines=2, memory=16.0 GiB, shm=16.0 GiB, cpus=12; pool: memory=16.0 GiB/53.2 GiB, shm=16.0 GiB/39.1 GiB, cpus=12/96, running=1
[2026-09-14 11:30:39 +0200] [1/1] Running test 'supervisor/runtime-ingestion' (#default)
[2026-09-14 11:35:39 +0200] Status: passing; 0 succeeded as expected, 0 failed as expected, 0 unexpectedly failed, 0 unexpectedly succeeded; 1 running, 0 remaining
[2026-09-14 11:40:39 +0200] Status: passing; 0 succeeded as expected, 0 failed as expected, 0 unexpectedly failed, 0 unexpectedly succeeded; 1 running, 0 remaining
[2026-09-14 11:40:41 +0200] [1/1] Example [1/11] 'supervisor status ingestion accepts a legacy node status without security evidence' failed in 7.61 seconds
[2026-09-14 11:40:49 +0200] [1/1] Example [2/11] 'supervisor status ingestion retains stable kernel confirmations across restart and repairs disposable history' failed in 7.61 seconds
[2026-09-14 11:40:58 +0200] [1/1] Example [3/11] 'supervisor status ingestion ingests VPS status' succeeded in 8.71 seconds
[2026-09-14 11:41:23 +0200] [1/1] Example [4/11] 'supervisor storage ingestion ingests storage status batches and updates disk totals' succeeded in 25.7 seconds
[2026-09-14 11:41:40 +0200] [1/1] Example [5/11] 'supervisor storage ingestion ingests dataset expansion events' succeeded in 16.32 seconds
[2026-09-14 11:41:47 +0200] [1/1] Example [6/11] 'supervisor network ingestion ingests network monitor snapshots' succeeded in 7.67 seconds
[2026-09-14 11:42:14 +0200] [1/1] Example [7/11] 'supervisor network ingestion ingests accounting buckets additively' succeeded in 26.66 seconds
[2026-09-14 11:42:57 +0200] [1/1] Example [8/11] 'supervisor mount ingestion creates, updates, and deletes export mounts to match the payload' succeeded in 43.11 seconds
[2026-09-14 11:43:14 +0200] [1/1] Example [9/11] 'supervisor mount ingestion updates VPS mount state from mount reports' succeeded in 16.53 seconds
[2026-09-14 11:43:39 +0200] [1/1] Example [10/11] 'supervisor VPS event ingestion marks halt events and logs reboot events' succeeded in 25.79 seconds
[2026-09-14 11:43:48 +0200] [1/1] Example [11/11] 'supervisor VPS event ingestion creates incident reports for oomd stop events' succeeded in 8.37 seconds
[2026-09-14 11:44:22 +0200] [1/1] Test 'supervisor/runtime-ingestion' failed after 822.85 seconds, see /tmp/kh-sup.fC9MOb/os-test-supervisor__runtime-ingestion-737ba09b
[2026-09-14 11:44:22 +0200] Run 1 test scripts of 1 tests in 822.85 seconds
[2026-09-14 11:44:22 +0200] 1 tests should have succeeded, but failed
[2026-09-14 11:44:22 +0200] Unexpectedly failed test scripts:
[2026-09-14 11:44:22 +0200]   supervisor/runtime-ingestion

error: one or more tests did not have expected results
