this derivation will be built:
  /nix/store/88cifs3zcrd25xqx63h3k5ackdcjdpiw-test-runner.drv
building '/nix/store/88cifs3zcrd25xqx63h3k5ackdcjdpiw-test-runner.drv'...
this derivation will be built:
  /nix/store/jbfa9vnjpbqdm60xx71j60s4730pqicz-test-runner-repository-source.drv
building '/nix/store/jbfa9vnjpbqdm60xx71j60s4730pqicz-test-runner-repository-source.drv'...
The following test scripts will be run:
  supervisor/runtime-ingestion

[2026-09-14 11:54:15 +0200] Running 1 scripts of 1 tests, at most 1 tests at a time
[2026-09-14 11:54:15 +0200] Resource detection: memory assigned=94.3 GiB, available-at-start=63.1 GiB, reserve=8.0 GiB, limit=55.1 GiB; shm assigned=47.1 GiB, available-at-start=35.6 GiB, reserve=8.0 GiB, limit=27.6 GiB
[2026-09-14 11:54:15 +0200] Resource limits: memory=0 MiB/55.1 GiB, shm=0 MiB/27.6 GiB, cpus=0/96, running=0
[2026-09-14 11:54:15 +0200] State directory is /tmp/kh-sup2.eVys2G
[2026-09-14 11:54:15 +0200] Reserved resources for 'supervisor/runtime-ingestion': machines=2, memory=16.0 GiB, shm=16.0 GiB, cpus=12; pool: memory=16.0 GiB/55.1 GiB, shm=16.0 GiB/27.6 GiB, cpus=12/96, running=1
[2026-09-14 11:54:15 +0200] [1/1] Running test 'supervisor/runtime-ingestion' (#default)
[2026-09-14 11:59:15 +0200] Status: passing; 0 succeeded as expected, 0 failed as expected, 0 unexpectedly failed, 0 unexpectedly succeeded; 1 running, 0 remaining
[2026-09-14 12:03:37 +0200] [1/1] Example [1/11] 'supervisor status ingestion accepts a legacy node status without security evidence' succeeded in 7.81 seconds
[2026-09-14 12:04:15 +0200] Status: passing; 0 succeeded as expected, 0 failed as expected, 0 unexpectedly failed, 0 unexpectedly succeeded; 1 running, 0 remaining
[2026-09-14 12:04:52 +0200] [1/1] Example [2/11] 'supervisor status ingestion retains stable kernel confirmations across restart and repairs disposable history' failed in 74.81 seconds
[2026-09-14 12:04:59 +0200] [1/1] Example [3/11] 'supervisor status ingestion ingests VPS status' succeeded in 6.37 seconds
[2026-09-14 12:05:19 +0200] [1/1] Example [4/11] 'supervisor storage ingestion ingests storage status batches and updates disk totals' succeeded in 20.43 seconds
[2026-09-14 12:05:33 +0200] [1/1] Example [5/11] 'supervisor storage ingestion ingests dataset expansion events' succeeded in 13.68 seconds
[2026-09-14 12:05:39 +0200] [1/1] Example [6/11] 'supervisor network ingestion ingests network monitor snapshots' succeeded in 6.33 seconds
[2026-09-14 12:05:56 +0200] [1/1] Example [7/11] 'supervisor network ingestion ingests accounting buckets additively' succeeded in 16.41 seconds
[2026-09-14 12:06:16 +0200] [1/1] Example [8/11] 'supervisor mount ingestion creates, updates, and deletes export mounts to match the payload' succeeded in 20.41 seconds
[2026-09-14 12:06:30 +0200] [1/1] Example [9/11] 'supervisor mount ingestion updates VPS mount state from mount reports' succeeded in 14.54 seconds
[2026-09-14 12:06:51 +0200] [1/1] Example [10/11] 'supervisor VPS event ingestion marks halt events and logs reboot events' succeeded in 20.36 seconds
[2026-09-14 12:06:58 +0200] [1/1] Example [11/11] 'supervisor VPS event ingestion creates incident reports for oomd stop events' succeeded in 7.06 seconds
[2026-09-14 12:07:27 +0200] [1/1] Test 'supervisor/runtime-ingestion' failed after 791.7 seconds, see /tmp/kh-sup2.eVys2G/os-test-supervisor__runtime-ingestion-737ba09b
[2026-09-14 12:07:27 +0200] Run 1 test scripts of 1 tests in 791.7 seconds
[2026-09-14 12:07:27 +0200] 1 tests should have succeeded, but failed
[2026-09-14 12:07:27 +0200] Unexpectedly failed test scripts:
[2026-09-14 12:07:27 +0200]   supervisor/runtime-ingestion

error: one or more tests did not have expected results
