warning: Git tree '/home/aither/workspace/ai/vpsfree.cz/worktrees/2026-09-14-kernel-history-fix/vpsfree-kb-contracts' is dirty
warning: Git tree '/home/aither/workspace/ai/vpsfree.cz/worktrees/2026-09-14-kernel-history-fix/vpsfree-kb-contracts' is dirty
Syntax OK
Syntax OK
Syntax OK
Syntax OK
Syntax OK
Syntax OK
Syntax OK
Valid documentation contract: 45 controls, 36 paths, 35 capture concepts, 3 semantic selectors
Valid KB annotation inventory: 94 bindings, 9 exceptions
Valid page contract: 4 pages, 8 variants, 12 tests, 21 executable samples
Valid managed page sources: no reader-visible DEBIAN_FRONTEND
Run options: --seed 45971

# Running:

........

Finished in 3.444167s, 2.3228 runs/s, 14.5173 assertions/s.

8 runs, 50 assertions, 0 failures, 0 errors, 0 skips
Run options: --seed 4926

# Running:

..........

Finished in 1.711429s, 5.8431 runs/s, 12.8548 assertions/s.

10 runs, 22 assertions, 0 failures, 0 errors, 0 skips
Run options: --seed 28394

# Running:

......................................

Finished in 11.893971s, 3.1949 runs/s, 9.4165 assertions/s.

38 runs, 112 assertions, 0 failures, 0 errors, 0 skips
Run options: --seed 58052

# Running:

....

Finished in 1.270773s, 3.1477 runs/s, 7.8692 assertions/s.

4 runs, 10 assertions, 0 failures, 0 errors, 0 skips
Valid inventory: 60 concepts, 120 variants, 66 Czech references, 61 English references, 120 PNGs
