Run integration test suite	Set up job	﻿2026-09-14T11:19:09.0801768Z Current runner version: '2.336.0'
Run integration test suite	Set up job	2026-09-14T11:19:09.0820468Z Runner name: 'gh-runner2.int.vpsadminos.org'
Run integration test suite	Set up job	2026-09-14T11:19:09.0823166Z Runner group name: 'vpsadminos runners'
Run integration test suite	Set up job	2026-09-14T11:19:09.0825301Z Machine name: 'gh-runner2'
Run integration test suite	Set up job	2026-09-14T11:19:09.0831585Z ##[group]GITHUB_TOKEN Permissions
Run integration test suite	Set up job	2026-09-14T11:19:09.0836600Z Contents: read
Run integration test suite	Set up job	2026-09-14T11:19:09.0838059Z Metadata: read
Run integration test suite	Set up job	2026-09-14T11:19:09.0839925Z ##[endgroup]
Run integration test suite	Set up job	2026-09-14T11:19:09.0846607Z Secret source: Actions
Run integration test suite	Set up job	2026-09-14T11:19:09.0849507Z Cache mode: write
Run integration test suite	Set up job	2026-09-14T11:19:09.0851866Z Prepare workflow directory
Run integration test suite	Set up job	2026-09-14T11:19:09.2764503Z Prepare all required actions
Run integration test suite	Set up job	2026-09-14T11:19:09.2899067Z Getting action download info
Run integration test suite	Set up job	2026-09-14T11:19:09.9210905Z Download action repository 'actions/checkout@v7' (SHA:3d3c42e5aac5ba805825da76410c181273ba90b1)
Run integration test suite	Set up job	2026-09-14T11:19:10.3852953Z Download action repository 'vpsfreecz/vpsadminos@6bdf458fd9105379860234ff33d352e55844f08f' (SHA:6bdf458fd9105379860234ff33d352e55844f08f)
Run integration test suite	Set up job	2026-09-14T11:19:11.7866551Z Getting action download info
Run integration test suite	Set up job	2026-09-14T11:19:11.9853231Z Download action repository 'actions/upload-artifact@v7' (SHA:043fb46d1a93c77aae656e7c1c64a875d1fc6a0a)
Run integration test suite	Set up job	2026-09-14T11:19:12.6818554Z Complete job name: Run integration test suite
Run integration test suite	Set up runner	﻿2026-09-14T11:19:12.8458312Z A job started hook has been configured by the self-hosted runner administrator
Run integration test suite	Set up runner	2026-09-14T11:19:12.8866717Z ##[group]Run '/nix/store/mbn3hvv6asg9kz979g5sjrmmr7f4kbyk-github-runner-job-started.sh'
Run integration test suite	Set up runner	2026-09-14T11:19:12.8893979Z shell: /nix/store/pkf547jp8a92k4wmxikkyby58w10pysr-bash-interactive-5.3p9/bin/bash --noprofile --norc -e -o pipefail {0}
Run integration test suite	Set up runner	2026-09-14T11:19:12.8900586Z ##[endgroup]
Run integration test suite	Set up runner	2026-09-14T11:19:12.9718279Z Marked the GitHub runner job active; Nix garbage collection is deferred
Run integration test suite	Checkout repository	﻿2026-09-14T11:19:13.0940342Z ##[group]Run actions/checkout@v7
Run integration test suite	Checkout repository	2026-09-14T11:19:13.0943691Z with:
Run integration test suite	Checkout repository	2026-09-14T11:19:13.0946035Z   fetch-depth: 0
Run integration test suite	Checkout repository	2026-09-14T11:19:13.0949034Z   repository: vpsfreecz/vpsfree-kb-contracts
Run integration test suite	Checkout repository	2026-09-14T11:19:13.0978009Z   token: ***
Run integration test suite	Checkout repository	2026-09-14T11:19:13.0980922Z   ssh-strict: true
Run integration test suite	Checkout repository	2026-09-14T11:19:13.0983430Z   ssh-user: git
Run integration test suite	Checkout repository	2026-09-14T11:19:13.0985986Z   persist-credentials: true
Run integration test suite	Checkout repository	2026-09-14T11:19:13.0988942Z   clean: true
Run integration test suite	Checkout repository	2026-09-14T11:19:13.0991567Z   sparse-checkout-cone-mode: true
Run integration test suite	Checkout repository	2026-09-14T11:19:13.0995223Z   fetch-tags: false
Run integration test suite	Checkout repository	2026-09-14T11:19:13.0998099Z   show-progress: true
Run integration test suite	Checkout repository	2026-09-14T11:19:13.1000801Z   lfs: false
Run integration test suite	Checkout repository	2026-09-14T11:19:13.1003169Z   submodules: false
Run integration test suite	Checkout repository	2026-09-14T11:19:13.1005766Z   set-safe-directory: true
Run integration test suite	Checkout repository	2026-09-14T11:19:13.1008839Z   allow-unsafe-pr-checkout: false
Run integration test suite	Checkout repository	2026-09-14T11:19:13.1011903Z ##[endgroup]
Run integration test suite	Checkout repository	2026-09-14T11:19:13.4276646Z Syncing repository: vpsfreecz/vpsfree-kb-contracts
Run integration test suite	Checkout repository	2026-09-14T11:19:13.4286651Z ##[group]Getting Git version info
Run integration test suite	Checkout repository	2026-09-14T11:19:13.4292790Z Working directory is '/run/github-runner/runner/vpsfree-kb-contracts/vpsfree-kb-contracts'
Run integration test suite	Checkout repository	2026-09-14T11:19:13.4302308Z [command]/nix/store/nly4cml071i82515r89rpdw38z55wjqd-git-2.54.0/bin/git version
Run integration test suite	Checkout repository	2026-09-14T11:19:13.4307043Z git version 2.54.0
Run integration test suite	Checkout repository	2026-09-14T11:19:13.4317408Z ##[endgroup]
Run integration test suite	Checkout repository	2026-09-14T11:19:13.4341527Z Temporarily overriding HOME='/run/github-runner/runner/_temp/2e7899b7-05db-40e6-a5cc-ca2cb3fee89b' before making global git config changes
Run integration test suite	Checkout repository	2026-09-14T11:19:13.4350514Z Adding repository directory to the temporary git global config as a safe directory
Run integration test suite	Checkout repository	2026-09-14T11:19:13.4362032Z [command]/nix/store/nly4cml071i82515r89rpdw38z55wjqd-git-2.54.0/bin/git config --global --add safe.directory /run/github-runner/runner/vpsfree-kb-contracts/vpsfree-kb-contracts
Run integration test suite	Checkout repository	2026-09-14T11:19:13.4444041Z [command]/nix/store/nly4cml071i82515r89rpdw38z55wjqd-git-2.54.0/bin/git config --local --get remote.origin.url
Run integration test suite	Checkout repository	2026-09-14T11:19:13.4506367Z https://github.com/vpsfreecz/vpsfree-kb-contracts
Run integration test suite	Checkout repository	2026-09-14T11:19:13.4545806Z ##[group]Removing previously created refs, to avoid conflicts
Run integration test suite	Checkout repository	2026-09-14T11:19:13.4556850Z [command]/nix/store/nly4cml071i82515r89rpdw38z55wjqd-git-2.54.0/bin/git rev-parse --symbolic-full-name --verify --quiet HEAD
Run integration test suite	Checkout repository	2026-09-14T11:19:13.4615098Z refs/heads/2026-08-18-vpsadmin-password-reset
Run integration test suite	Checkout repository	2026-09-14T11:19:13.4638504Z [command]/nix/store/nly4cml071i82515r89rpdw38z55wjqd-git-2.54.0/bin/git checkout --detach
Run integration test suite	Checkout repository	2026-09-14T11:19:13.4790495Z HEAD is now at c5764fa contract: pin reviewed password recovery fixes
Run integration test suite	Checkout repository	2026-09-14T11:19:13.4914315Z [command]/nix/store/nly4cml071i82515r89rpdw38z55wjqd-git-2.54.0/bin/git branch --delete --force 2026-08-18-vpsadmin-password-reset
Run integration test suite	Checkout repository	2026-09-14T11:19:13.4982145Z Deleted branch 2026-08-18-vpsadmin-password-reset (was c5764fa).
Run integration test suite	Checkout repository	2026-09-14T11:19:13.5101479Z ##[endgroup]
Run integration test suite	Checkout repository	2026-09-14T11:19:13.5105824Z [command]/nix/store/nly4cml071i82515r89rpdw38z55wjqd-git-2.54.0/bin/git submodule status
Run integration test suite	Checkout repository	2026-09-14T11:19:13.5991251Z ##[group]Cleaning the repository
Run integration test suite	Checkout repository	2026-09-14T11:19:13.5999608Z [command]/nix/store/nly4cml071i82515r89rpdw38z55wjqd-git-2.54.0/bin/git clean -ffdx
Run integration test suite	Checkout repository	2026-09-14T11:19:13.6099228Z [command]/nix/store/nly4cml071i82515r89rpdw38z55wjqd-git-2.54.0/bin/git reset --hard HEAD
Run integration test suite	Checkout repository	2026-09-14T11:19:13.6236272Z HEAD is now at c5764fa contract: pin reviewed password recovery fixes
Run integration test suite	Checkout repository	2026-09-14T11:19:13.6254326Z ##[endgroup]
Run integration test suite	Checkout repository	2026-09-14T11:19:13.6262292Z ##[group]Disabling automatic garbage collection
Run integration test suite	Checkout repository	2026-09-14T11:19:13.6272305Z [command]/nix/store/nly4cml071i82515r89rpdw38z55wjqd-git-2.54.0/bin/git config --local gc.auto 0
Run integration test suite	Checkout repository	2026-09-14T11:19:13.6337903Z ##[endgroup]
Run integration test suite	Checkout repository	2026-09-14T11:19:13.6346279Z ##[group]Setting up auth
Run integration test suite	Checkout repository	2026-09-14T11:19:13.6352882Z Removing SSH command configuration
Run integration test suite	Checkout repository	2026-09-14T11:19:13.6366097Z [command]/nix/store/nly4cml071i82515r89rpdw38z55wjqd-git-2.54.0/bin/git config --local --name-only --get-regexp core\.sshCommand
Run integration test suite	Checkout repository	2026-09-14T11:19:13.6482294Z [command]/nix/store/nly4cml071i82515r89rpdw38z55wjqd-git-2.54.0/bin/git submodule foreach --recursive sh -c "git config --local --name-only --get-regexp 'core\.sshCommand' && git config --local --unset-all 'core.sshCommand' || :"
Run integration test suite	Checkout repository	2026-09-14T11:19:13.7362593Z Removing HTTP extra header
Run integration test suite	Checkout repository	2026-09-14T11:19:13.7378446Z [command]/nix/store/nly4cml071i82515r89rpdw38z55wjqd-git-2.54.0/bin/git config --local --name-only --get-regexp http\.https\:\/\/github\.com\/\.extraheader
Run integration test suite	Checkout repository	2026-09-14T11:19:13.7477173Z [command]/nix/store/nly4cml071i82515r89rpdw38z55wjqd-git-2.54.0/bin/git submodule foreach --recursive sh -c "git config --local --name-only --get-regexp 'http\.https\:\/\/github\.com\/\.extraheader' && git config --local --unset-all 'http.https://github.com/.extraheader' || :"
Run integration test suite	Checkout repository	2026-09-14T11:19:13.8365430Z Removing includeIf entries pointing to credentials config files
Run integration test suite	Checkout repository	2026-09-14T11:19:13.8378220Z [command]/nix/store/nly4cml071i82515r89rpdw38z55wjqd-git-2.54.0/bin/git config --local --name-only --get-regexp ^includeIf\.gitdir:
Run integration test suite	Checkout repository	2026-09-14T11:19:13.8499875Z [command]/nix/store/nly4cml071i82515r89rpdw38z55wjqd-git-2.54.0/bin/git submodule foreach --recursive git config --local --show-origin --name-only --get-regexp remote.origin.url
Run integration test suite	Checkout repository	2026-09-14T11:19:13.9369634Z [command]/nix/store/nly4cml071i82515r89rpdw38z55wjqd-git-2.54.0/bin/git config --file /run/github-runner/runner/_temp/git-credentials-4e9e7ead-4e8d-44e1-a080-50de65600bec.config http.https://github.com/.extraheader AUTHORIZATION: basic ***
Run integration test suite	Checkout repository	2026-09-14T11:19:13.9460001Z [command]/nix/store/nly4cml071i82515r89rpdw38z55wjqd-git-2.54.0/bin/git config --local includeIf.gitdir:/run/github-runner/runner/vpsfree-kb-contracts/vpsfree-kb-contracts/.git.path /run/github-runner/runner/_temp/git-credentials-4e9e7ead-4e8d-44e1-a080-50de65600bec.config
Run integration test suite	Checkout repository	2026-09-14T11:19:13.9541815Z [command]/nix/store/nly4cml071i82515r89rpdw38z55wjqd-git-2.54.0/bin/git config --local includeIf.gitdir:/run/github-runner/runner/vpsfree-kb-contracts/vpsfree-kb-contracts/.git/worktrees/*.path /run/github-runner/runner/_temp/git-credentials-4e9e7ead-4e8d-44e1-a080-50de65600bec.config
Run integration test suite	Checkout repository	2026-09-14T11:19:13.9620360Z [command]/nix/store/nly4cml071i82515r89rpdw38z55wjqd-git-2.54.0/bin/git config --local includeIf.gitdir:/github/workspace/.git.path /github/runner_temp/git-credentials-4e9e7ead-4e8d-44e1-a080-50de65600bec.config
Run integration test suite	Checkout repository	2026-09-14T11:19:13.9699971Z [command]/nix/store/nly4cml071i82515r89rpdw38z55wjqd-git-2.54.0/bin/git config --local includeIf.gitdir:/github/workspace/.git/worktrees/*.path /github/runner_temp/git-credentials-4e9e7ead-4e8d-44e1-a080-50de65600bec.config
Run integration test suite	Checkout repository	2026-09-14T11:19:13.9769207Z ##[endgroup]
Run integration test suite	Checkout repository	2026-09-14T11:19:13.9773692Z ##[group]Fetching the repository
Run integration test suite	Checkout repository	2026-09-14T11:19:13.9788465Z [command]/nix/store/nly4cml071i82515r89rpdw38z55wjqd-git-2.54.0/bin/git -c protocol.version=2 fetch --no-tags --prune --no-recurse-submodules origin +refs/heads/*:refs/remotes/origin/* +refs/tags/*:refs/tags/*
Run integration test suite	Checkout repository	2026-09-14T11:19:15.0642461Z From https://github.com/vpsfreecz/vpsfree-kb-contracts
Run integration test suite	Checkout repository	2026-09-14T11:19:15.0647001Z  + c5764fa...919577d 2026-08-18-vpsadmin-password-reset -> origin/2026-08-18-vpsadmin-password-reset  (forced update)
Run integration test suite	Checkout repository	2026-09-14T11:19:15.0651772Z  * [new branch]      2026-09-13-auth-email -> origin/2026-09-13-auth-email
Run integration test suite	Checkout repository	2026-09-14T11:19:15.0655599Z  * [new branch]      2026-09-14-kernel-history-fix -> origin/2026-09-14-kernel-history-fix
Run integration test suite	Checkout repository	2026-09-14T11:19:15.0659346Z    81d6d7d..919577d  master                -> origin/master
Run integration test suite	Checkout repository	2026-09-14T11:19:15.0734433Z [command]/nix/store/nly4cml071i82515r89rpdw38z55wjqd-git-2.54.0/bin/git branch --list --remote origin/2026-09-14-kernel-history-fix
Run integration test suite	Checkout repository	2026-09-14T11:19:15.0805950Z   origin/2026-09-14-kernel-history-fix
Run integration test suite	Checkout repository	2026-09-14T11:19:15.0825556Z [command]/nix/store/nly4cml071i82515r89rpdw38z55wjqd-git-2.54.0/bin/git rev-parse refs/remotes/origin/2026-09-14-kernel-history-fix
Run integration test suite	Checkout repository	2026-09-14T11:19:15.0894741Z 61aaf95d3dc0968728131a2cf4d4740dae6e9250
Run integration test suite	Checkout repository	2026-09-14T11:19:15.0904422Z ##[endgroup]
Run integration test suite	Checkout repository	2026-09-14T11:19:15.0906923Z ##[group]Determining the checkout info
Run integration test suite	Checkout repository	2026-09-14T11:19:15.0910354Z ##[endgroup]
Run integration test suite	Checkout repository	2026-09-14T11:19:15.0916506Z [command]/nix/store/nly4cml071i82515r89rpdw38z55wjqd-git-2.54.0/bin/git sparse-checkout disable
Run integration test suite	Checkout repository	2026-09-14T11:19:15.0994212Z [command]/nix/store/nly4cml071i82515r89rpdw38z55wjqd-git-2.54.0/bin/git config --local --unset-all extensions.worktreeConfig
Run integration test suite	Checkout repository	2026-09-14T11:19:15.1062935Z ##[group]Checking out the ref
Run integration test suite	Checkout repository	2026-09-14T11:19:15.1073306Z [command]/nix/store/nly4cml071i82515r89rpdw38z55wjqd-git-2.54.0/bin/git checkout --progress --force -B 2026-09-14-kernel-history-fix refs/remotes/origin/2026-09-14-kernel-history-fix
Run integration test suite	Checkout repository	2026-09-14T11:19:15.1167428Z Warning: you are leaving 1 commit behind, not connected to
Run integration test suite	Checkout repository	2026-09-14T11:19:15.1169025Z any of your branches:
Run integration test suite	Checkout repository	2026-09-14T11:19:15.1169719Z 
Run integration test suite	Checkout repository	2026-09-14T11:19:15.1170404Z   c5764fa contract: pin reviewed password recovery fixes
Run integration test suite	Checkout repository	2026-09-14T11:19:15.1171354Z 
Run integration test suite	Checkout repository	2026-09-14T11:19:15.1172143Z If you want to keep it by creating a new branch, this may be a good time
Run integration test suite	Checkout repository	2026-09-14T11:19:15.1173531Z to do so with:
Run integration test suite	Checkout repository	2026-09-14T11:19:15.1174044Z 
Run integration test suite	Checkout repository	2026-09-14T11:19:15.1174565Z  git branch <new-branch-name> c5764fa
Run integration test suite	Checkout repository	2026-09-14T11:19:15.1175315Z 
Run integration test suite	Checkout repository	2026-09-14T11:19:15.1191031Z Switched to a new branch '2026-09-14-kernel-history-fix'
Run integration test suite	Checkout repository	2026-09-14T11:19:15.1194085Z branch '2026-09-14-kernel-history-fix' set up to track 'origin/2026-09-14-kernel-history-fix'.
Run integration test suite	Checkout repository	2026-09-14T11:19:15.1203833Z ##[endgroup]
Run integration test suite	Checkout repository	2026-09-14T11:19:15.1276797Z [command]/nix/store/nly4cml071i82515r89rpdw38z55wjqd-git-2.54.0/bin/git log -1 --format=%H
Run integration test suite	Checkout repository	2026-09-14T11:19:15.1320428Z 61aaf95d3dc0968728131a2cf4d4740dae6e9250
Run integration test suite	Check repository	﻿2026-09-14T11:19:15.1720275Z ##[group]Run nix develop --command bin/check --allow-missing
Run integration test suite	Check repository	2026-09-14T11:19:15.1722456Z ^[[36;1mnix develop --command bin/check --allow-missing^[[0m
Run integration test suite	Check repository	2026-09-14T11:19:15.1735274Z shell: /nix/store/pkf547jp8a92k4wmxikkyby58w10pysr-bash-interactive-5.3p9/bin/bash -e {0}
Run integration test suite	Check repository	2026-09-14T11:19:15.1737086Z ##[endgroup]
Run integration test suite	Check repository	2026-09-14T11:19:16.2641036Z unpacking 'github:vpsfreecz/vpsadmin/337c9257f5e11f36afe81eba4951e267b83e2fc7?narHash=sha256-cyp0Eoek%2BXvRzGOesOHrW2Ae7F9XFl2cgLrN3uBQLp0%3D' into the Git cache...
Run integration test suite	Check repository	2026-09-14T11:19:32.9732495Z building '/nix/store/zi1mbjzk79qli38g91xikcm3sv66l7z8-nix-shell-env.drv'...
Run integration test suite	Check repository	2026-09-14T11:19:57.4979657Z Syntax OK
Run integration test suite	Check repository	2026-09-14T11:19:57.5226651Z Syntax OK
Run integration test suite	Check repository	2026-09-14T11:19:57.5457211Z Syntax OK
Run integration test suite	Check repository	2026-09-14T11:19:57.5674953Z Syntax OK
Run integration test suite	Check repository	2026-09-14T11:19:57.5942484Z Syntax OK
Run integration test suite	Check repository	2026-09-14T11:19:57.6163870Z Syntax OK
Run integration test suite	Check repository	2026-09-14T11:19:57.6389797Z Syntax OK
Run integration test suite	Check repository	2026-09-14T11:19:58.1935333Z Valid documentation contract: 45 controls, 36 paths, 35 capture concepts, 3 semantic selectors
Run integration test suite	Check repository	2026-09-14T11:19:58.4672661Z Valid KB annotation inventory: 94 bindings, 9 exceptions
Run integration test suite	Check repository	2026-09-14T11:19:58.7905517Z Valid page contract: 4 pages, 8 variants, 12 tests, 21 executable samples
Run integration test suite	Check repository	2026-09-14T11:19:58.9675742Z Valid managed page sources: no reader-visible DEBIAN_FRONTEND
Run integration test suite	Check repository	2026-09-14T11:19:59.2674762Z Run options: --seed 36929
Run integration test suite	Check repository	2026-09-14T11:19:59.2675857Z 
Run integration test suite	Check repository	2026-09-14T11:19:59.2676155Z # Running:
Run integration test suite	Check repository	2026-09-14T11:19:59.2678025Z 
Run integration test suite	Check repository	2026-09-14T11:20:03.8113323Z ........
Run integration test suite	Check repository	2026-09-14T11:20:03.8114244Z 
Run integration test suite	Check repository	2026-09-14T11:20:03.8115281Z Finished in 4.576939s, 1.7479 runs/s, 10.9243 assertions/s.
Run integration test suite	Check repository	2026-09-14T11:20:03.8116683Z 
Run integration test suite	Check repository	2026-09-14T11:20:03.8117339Z 8 runs, 50 assertions, 0 failures, 0 errors, 0 skips
Run integration test suite	Check repository	2026-09-14T11:20:04.1974380Z Run options: --seed 8934
Run integration test suite	Check repository	2026-09-14T11:20:04.1975066Z 
Run integration test suite	Check repository	2026-09-14T11:20:04.1975518Z # Running:
Run integration test suite	Check repository	2026-09-14T11:20:04.1975907Z 
Run integration test suite	Check repository	2026-09-14T11:20:06.1180336Z ..........
Run integration test suite	Check repository	2026-09-14T11:20:06.1181231Z 
Run integration test suite	Check repository	2026-09-14T11:20:06.1182750Z Finished in 1.937483s, 5.1613 runs/s, 11.3549 assertions/s.
Run integration test suite	Check repository	2026-09-14T11:20:06.1184480Z 
Run integration test suite	Check repository	2026-09-14T11:20:06.1185582Z 10 runs, 22 assertions, 0 failures, 0 errors, 0 skips
Run integration test suite	Check repository	2026-09-14T11:20:06.4764014Z Run options: --seed 24477
Run integration test suite	Check repository	2026-09-14T11:20:06.4764549Z 
Run integration test suite	Check repository	2026-09-14T11:20:06.4764734Z # Running:
Run integration test suite	Check repository	2026-09-14T11:20:06.4765041Z 
Run integration test suite	Check repository	2026-09-14T11:20:19.1544048Z ......................................
Run integration test suite	Check repository	2026-09-14T11:20:19.1544514Z 
Run integration test suite	Check repository	2026-09-14T11:20:19.1544809Z Finished in 12.701820s, 2.9917 runs/s, 8.8176 assertions/s.
Run integration test suite	Check repository	2026-09-14T11:20:19.1545239Z 
Run integration test suite	Check repository	2026-09-14T11:20:19.1545566Z 38 runs, 112 assertions, 0 failures, 0 errors, 0 skips
Run integration test suite	Check repository	2026-09-14T11:20:19.4491023Z Run options: --seed 18318
Run integration test suite	Check repository	2026-09-14T11:20:19.4491608Z 
Run integration test suite	Check repository	2026-09-14T11:20:19.4491887Z # Running:
Run integration test suite	Check repository	2026-09-14T11:20:19.4492233Z 
Run integration test suite	Check repository	2026-09-14T11:20:20.6313010Z ....
Run integration test suite	Check repository	2026-09-14T11:20:20.6313729Z 
Run integration test suite	Check repository	2026-09-14T11:20:20.6314288Z Finished in 1.209326s, 3.3076 runs/s, 8.2691 assertions/s.
Run integration test suite	Check repository	2026-09-14T11:20:20.6315186Z 
Run integration test suite	Check repository	2026-09-14T11:20:20.6315637Z 4 runs, 10 assertions, 0 failures, 0 errors, 0 skips
Run integration test suite	Check repository	2026-09-14T11:20:22.9865039Z Valid inventory: 60 concepts, 120 variants, 66 Czech references, 61 English references, 120 PNGs
Run integration test suite	Prepare test state	﻿2026-09-14T11:20:23.0177910Z ##[group]Run vpsfreecz/vpsadminos/.github/actions/prepare-test-state@6bdf458fd9105379860234ff33d352e55844f08f
Run integration test suite	Prepare test state	2026-09-14T11:20:23.0180095Z ##[endgroup]
Run integration test suite	Prepare test state	2026-09-14T11:20:23.0462814Z ##[start-action display=Run bash "$GITHUB_ACTION_PATH/prepare-test-state.bash";id=prepare-tests.prepare]
Run integration test suite	Prepare test state	2026-09-14T11:20:23.0544622Z ##[group]Run bash "$GITHUB_ACTION_PATH/prepare-test-state.bash"
Run integration test suite	Prepare test state	2026-09-14T11:20:23.0546079Z ^[[36;1mbash "$GITHUB_ACTION_PATH/prepare-test-state.bash"^[[0m
Run integration test suite	Prepare test state	2026-09-14T11:20:23.0560809Z shell: /nix/store/pkf547jp8a92k4wmxikkyby58w10pysr-bash-interactive-5.3p9/bin/bash --noprofile --norc -e -o pipefail {0}
Run integration test suite	Prepare test state	2026-09-14T11:20:23.0562940Z env:
Run integration test suite	Prepare test state	2026-09-14T11:20:23.0563588Z   TEST_STATE_REPOSITORY_ID: 1296704888
Run integration test suite	Prepare test state	2026-09-14T11:20:23.0564458Z   TEST_STATE_RUN_ID: 34837590575
Run integration test suite	Prepare test state	2026-09-14T11:20:23.0565292Z   TEST_STATE_RUN_ATTEMPT: 1
Run integration test suite	Prepare test state	2026-09-14T11:20:23.0566260Z ##[endgroup]
Run integration test suite	Prepare test state	2026-09-14T11:20:23.0788807Z Prepared test-runner state directory: /tmp/os-test-runner-1296704888-34837590575-1
Run integration test suite	Prepare test state	2026-09-14T11:20:23.0922073Z ##[end-action id=prepare-tests.prepare;outcome=success;conclusion=success;duration_ms=45]
Run integration test suite	Run tests	﻿2026-09-14T11:20:23.1170380Z ##[group]Run set -o pipefail
Run integration test suite	Run tests	2026-09-14T11:20:23.1171577Z ^[[36;1mset -o pipefail^[[0m
Run integration test suite	Run tests	2026-09-14T11:20:23.1172503Z ^[[36;1m./test-runner.sh test \^[[0m
Run integration test suite	Run tests	2026-09-14T11:20:23.1173762Z ^[[36;1m  --state-dir "$TEST_RUNNER_STATE_DIR" \^[[0m
Run integration test suite	Run tests	2026-09-14T11:20:23.1174739Z ^[[36;1m  --fresh \^[[0m
Run integration test suite	Run tests	2026-09-14T11:20:23.1177112Z ^[[36;1m  --jobs auto \^[[0m
Run integration test suite	Run tests	2026-09-14T11:20:23.1177982Z ^[[36;1m  | tee "$TEST_RUNNER_STATE_DIR/test.log"^[[0m
Run integration test suite	Run tests	2026-09-14T11:20:23.1186235Z shell: /nix/store/pkf547jp8a92k4wmxikkyby58w10pysr-bash-interactive-5.3p9/bin/bash -e {0}
Run integration test suite	Run tests	2026-09-14T11:20:23.1187769Z env:
Run integration test suite	Run tests	2026-09-14T11:20:23.1188903Z   TEST_RUNNER_STATE_DIR: /tmp/os-test-runner-1296704888-34837590575-1
Run integration test suite	Run tests	2026-09-14T11:20:23.1191673Z ##[endgroup]
Run integration test suite	Run tests	2026-09-14T11:20:29.0449003Z this derivation will be built:
Run integration test suite	Run tests	2026-09-14T11:20:29.0450682Z   /nix/store/asi522rjavh001cyyndnzrbzcik0qfq2-test-runner.drv
Run integration test suite	Run tests	2026-09-14T11:20:29.1188237Z building '/nix/store/asi522rjavh001cyyndnzrbzcik0qfq2-test-runner.drv'...
Run integration test suite	Run tests	2026-09-14T11:20:33.0585840Z this derivation will be built:
Run integration test suite	Run tests	2026-09-14T11:20:33.0589445Z   /nix/store/z7lh2y1nh1fckycpvzw3hxvfmiaaxb7p-test-runner-repository-source.drv
Run integration test suite	Run tests	2026-09-14T11:20:33.1507370Z building '/nix/store/z7lh2y1nh1fckycpvzw3hxvfmiaaxb7p-test-runner-repository-source.drv'...
Run integration test suite	Run tests	2026-09-14T11:20:36.6635546Z The following test scripts will be run:
Run integration test suite	Run tests	2026-09-14T11:20:36.6637225Z   kb/firewall#firewalld
Run integration test suite	Run tests	2026-09-14T11:20:36.6638370Z   kb/firewall#iptables
Run integration test suite	Run tests	2026-09-14T11:20:36.6639879Z   kb/firewall#nftables
Run integration test suite	Run tests	2026-09-14T11:20:36.6641176Z   kb/firewall#nixos
Run integration test suite	Run tests	2026-09-14T11:20:36.6642814Z   kb/firewall#ufw
Run integration test suite	Run tests	2026-09-14T11:20:36.6643997Z   kb/gre#tunnel
Run integration test suite	Run tests	2026-09-14T11:20:36.6645015Z   kb/guix#reconfigure
Run integration test suite	Run tests	2026-09-14T11:20:36.6646152Z   kb/kvm#libvirt
Run integration test suite	Run tests	2026-09-14T11:20:36.6647175Z   kb/kvm#networking
Run integration test suite	Run tests	2026-09-14T11:20:36.6648219Z   kb/kvm#nfs-locking
Run integration test suite	Run tests	2026-09-14T11:20:36.6649735Z   kb/kvm#platform-defaults
Run integration test suite	Run tests	2026-09-14T11:20:36.6650879Z   kb/kvm#storage
Run integration test suite	Run tests	2026-09-14T11:20:36.6651538Z 
Run integration test suite	Run tests	2026-09-14T11:20:36.6753693Z [2026-09-14 13:20:36 +0200] Running 12 scripts of 4 tests, at most 4 tests at a time (auto)
Run integration test suite	Run tests	2026-09-14T11:20:36.6758063Z [2026-09-14 13:20:36 +0200] Resource detection: memory assigned=96.0 GiB, available-at-start=76.6 GiB, reserve=8.0 GiB, limit=68.6 GiB; shm assigned=123.7 GiB, available-at-start=105.2 GiB, reserve=8.0 GiB, limit=97.2 GiB
Run integration test suite	Run tests	2026-09-14T11:20:36.6762211Z [2026-09-14 13:20:36 +0200] Resource limits: memory=0 MiB/68.6 GiB, shm=0 MiB/97.2 GiB, cpus=0/63, running=0
Run integration test suite	Run tests	2026-09-14T11:20:36.6764606Z [2026-09-14 13:20:36 +0200] State directory is /tmp/os-test-runner-1296704888-34837590575-1
Run integration test suite	Run tests	2026-09-14T11:20:36.6868439Z [2026-09-14 13:20:36 +0200] Reserved resources for 'kb/firewall': machines=1, memory=8.0 GiB, shm=8.0 GiB, cpus=4; pool: memory=8.0 GiB/68.6 GiB, shm=8.0 GiB/97.2 GiB, cpus=4/63, running=1
Run integration test suite	Run tests	2026-09-14T11:20:36.6872771Z [2026-09-14 13:20:36 +0200] [1/4] Running test 'kb/firewall' (#iptables, #nixos, #ufw, #firewalld, #nftables)
Run integration test suite	Run tests	2026-09-14T11:20:36.6876438Z [2026-09-14 13:20:36 +0200] Reserved resources for 'kb/gre': machines=1, memory=8.0 GiB, shm=8.0 GiB, cpus=4; pool: memory=16.0 GiB/68.6 GiB, shm=16.0 GiB/97.2 GiB, cpus=8/63, running=2
Run integration test suite	Run tests	2026-09-14T11:20:36.6879817Z [2026-09-14 13:20:36 +0200] [2/4] Running test 'kb/gre' (#tunnel)
Run integration test suite	Run tests	2026-09-14T11:20:36.6882914Z [2026-09-14 13:20:36 +0200] Reserved resources for 'kb/guix': machines=1, memory=12.0 GiB, shm=12.0 GiB, cpus=4; pool: memory=28.0 GiB/68.6 GiB, shm=28.0 GiB/97.2 GiB, cpus=12/63, running=3
Run integration test suite	Run tests	2026-09-14T11:20:36.6885814Z [2026-09-14 13:20:36 +0200] [3/4] Running test 'kb/guix' (#reconfigure)
Run integration test suite	Run tests	2026-09-14T11:20:36.6889060Z [2026-09-14 13:20:36 +0200] Reserved resources for 'kb/kvm': machines=2, memory=8.0 GiB, shm=8.0 GiB, cpus=8; pool: memory=36.0 GiB/68.6 GiB, shm=36.0 GiB/97.2 GiB, cpus=20/63, running=4
Run integration test suite	Run tests	2026-09-14T11:20:36.6893086Z [2026-09-14 13:20:36 +0200] [4/4] Running test 'kb/kvm' (#networking, #libvirt, #storage, #nfs-locking, #platform-defaults)
Run integration test suite	Run tests	2026-09-14T11:22:51.7323112Z [2026-09-14 13:22:51 +0200] [2/4] Example [1/3] 'the documented transient GRE configuration creates matching endpoints from the exact page fixtures' succeeded in 20.5 seconds
Run integration test suite	Run tests	2026-09-14T11:23:37.1974766Z [2026-09-14 13:23:37 +0200] [1/4] Example [1/1] 'the documented Debian iptables firewall uses the nftables backend and preserves dual-stack policy across restart' succeeded in 119.94 seconds
Run integration test suite	Run tests	2026-09-14T11:23:40.7100322Z [2026-09-14 13:23:40 +0200] [1/4] Script 'kb/firewall#iptables' successful in 169.44 seconds
Run integration test suite	Run tests	2026-09-14T11:23:42.2687070Z [2026-09-14 13:23:42 +0200] [2/4] Example [2/3] 'the documented Debian ifupdown configuration recreates the tunnel from the persistent endpoint stanzas' succeeded in 50.53 seconds
Run integration test suite	Run tests	2026-09-14T11:24:16.2864439Z [2026-09-14 13:24:16 +0200] [2/4] Example [3/3] 'the documented Debian ifupdown configuration brings the tunnel back after both containers restart' succeeded in 34.02 seconds
Run integration test suite	Run tests	2026-09-14T11:24:24.3880804Z [2026-09-14 13:24:24 +0200] [2/4] Script 'kb/gre#tunnel' successful in 212.88 seconds
Run integration test suite	Run tests	2026-09-14T11:24:34.6637084Z [2026-09-14 13:24:34 +0200] [2/4] Test 'kb/gre' successful in 237.98 seconds
Run integration test suite	Run tests	2026-09-14T11:25:36.6870155Z [2026-09-14 13:25:36 +0200] Status: passing; 1 succeeded as expected, 0 failed as expected, 0 unexpectedly failed, 0 unexpectedly succeeded; 3 running, 0 remaining
Run integration test suite	Run tests	2026-09-14T11:28:47.7570248Z [2026-09-14 13:28:47 +0200] [1/4] Example [1/1] 'the documented NixOS firewall persists the declarative dual-stack policy after a test activation' succeeded in 305.85 seconds
Run integration test suite	Run tests	2026-09-14T11:28:51.4433801Z [2026-09-14 13:28:51 +0200] [1/4] Script 'kb/firewall#nixos' successful in 310.73 seconds
Run integration test suite	Run tests	2026-09-14T11:30:36.6873427Z [2026-09-14 13:30:36 +0200] Status: passing; 1 succeeded as expected, 0 failed as expected, 0 unexpectedly failed, 0 unexpectedly succeeded; 3 running, 0 remaining
Run integration test suite	Run tests	2026-09-14T11:30:41.8181796Z [2026-09-14 13:30:41 +0200] [1/4] Example [1/1] 'the documented Ubuntu UFW firewall enforces the selected services for IPv4 and IPv6 across restart' succeeded in 109.29 seconds
Run integration test suite	Run tests	2026-09-14T11:30:45.4919833Z [2026-09-14 13:30:45 +0200] [1/4] Script 'kb/firewall#ufw' successful in 114.05 seconds
Run integration test suite	Run tests	2026-09-14T11:32:40.4675654Z [2026-09-14 13:32:40 +0200] [1/4] Example [1/1] 'the documented Fedora firewalld firewall enforces the public zone for IPv4 and IPv6 across restart' succeeded in 113.85 seconds
Run integration test suite	Run tests	2026-09-14T11:32:44.5189629Z [2026-09-14 13:32:44 +0200] [1/4] Script 'kb/firewall#firewalld' successful in 119.03 seconds
Run integration test suite	Run tests	2026-09-14T11:34:26.6782370Z [2026-09-14 13:34:26 +0200] [1/4] Example [1/1] 'the documented native nftables firewall filters IPv4 and IPv6 through one inet table across restart' succeeded in 100.88 seconds
Run integration test suite	Run tests	2026-09-14T11:34:30.3270137Z [2026-09-14 13:34:30 +0200] [1/4] Script 'kb/firewall#nftables' successful in 105.81 seconds
Run integration test suite	Run tests	2026-09-14T11:34:39.1752161Z [2026-09-14 13:34:39 +0200] [1/4] Test 'kb/firewall' successful in 842.49 seconds
Run integration test suite	Run tests	2026-09-14T11:35:36.6876917Z [2026-09-14 13:35:36 +0200] Status: passing; 2 succeeded as expected, 0 failed as expected, 0 unexpectedly failed, 0 unexpectedly succeeded; 2 running, 0 remaining
Run integration test suite	Run tests	2026-09-14T11:37:49.1840006Z [2026-09-14 13:37:49 +0200] [4/4] Example [1/9] 'public VPS addresses forwarded through dual-stack libvirt NAT exposes IPv4 and IPv6 services while preserving outbound access' succeeded in 9.61 seconds
Run integration test suite	Run tests	2026-09-14T11:37:52.5202662Z [2026-09-14 13:37:52 +0200] [4/4] Example [2/9] 'public VPS addresses forwarded through dual-stack libvirt NAT forwards additional UDP ports over IPv4 and IPv6' succeeded in 3.34 seconds
Run integration test suite	Run tests	2026-09-14T11:38:05.1704369Z [2026-09-14 13:38:05 +0200] [4/4] Example [3/9] 'public VPS addresses forwarded through dual-stack libvirt NAT rejects invalid records without replacing active forwards' succeeded in 12.65 seconds
Run integration test suite	Run tests	2026-09-14T11:38:22.6318391Z [2026-09-14 13:38:22 +0200] [4/4] Example [4/9] 'public VPS addresses forwarded through dual-stack libvirt NAT restores forwards across network lifecycle events' succeeded in 17.46 seconds
Run integration test suite	Run tests	2026-09-14T11:38:39.1796452Z [2026-09-14 13:38:39 +0200] [4/4] Example [5/9] 'public VPS addresses forwarded through dual-stack libvirt NAT keeps updates idempotent and removes deleted forwards' succeeded in 16.55 seconds
Run integration test suite	Run tests	2026-09-14T11:38:58.7619358Z [2026-09-14 13:38:58 +0200] [4/4] Example [6/9] 'public IPv4 and a delegated IPv6 /64 routed through the VPS keeps delegated addresses off the outer VPS interface' succeeded in 19.58 seconds
Run integration test suite	Run tests	2026-09-14T11:39:32.3736518Z [2026-09-14 13:39:32 +0200] [4/4] Example [7/9] 'public IPv4 and a delegated IPv6 /64 routed through the VPS refuses stale live routes and applies changed inputs when stopped' succeeded in 33.61 seconds
Run integration test suite	Run tests	2026-09-14T11:39:42.6113746Z [2026-09-14 13:39:42 +0200] [4/4] Example [8/9] 'public IPv4 and a delegated IPv6 /64 routed through the VPS routes IPv4 HTTP, SSH and the guest source address without NAT' succeeded in 10.24 seconds
Run integration test suite	Run tests	2026-09-14T11:39:47.1919617Z [2026-09-14 13:39:47 +0200] [4/4] Example [9/9] 'public IPv4 and a delegated IPv6 /64 routed through the VPS routes the delegated IPv6 /64 without NAT' succeeded in 4.58 seconds
Run integration test suite	Run tests	2026-09-14T11:39:47.1924939Z [2026-09-14 13:39:47 +0200] [4/4] Script 'kb/kvm#networking' successful in 861.61 seconds
Run integration test suite	Run tests	2026-09-14T11:40:36.6881929Z [2026-09-14 13:40:36 +0200] Status: passing; 2 succeeded as expected, 0 failed as expected, 0 unexpectedly failed, 0 unexpectedly succeeded; 2 running, 0 remaining
Run integration test suite	Run tests	2026-09-14T11:43:41.9569295Z [2026-09-14 13:43:41 +0200] [4/4] Example [1/2] 'the documented Debian libvirt setup installs and reaches the system libvirt connection' succeeded in 138.76 seconds
Run integration test suite	Run tests	2026-09-14T11:43:45.2591240Z [2026-09-14 13:43:45 +0200] [4/4] Example [2/2] 'the documented Debian libvirt setup reports KVM support without creating a domain' succeeded in 3.3 seconds
Run integration test suite	Run tests	2026-09-14T11:43:51.8744653Z [2026-09-14 13:43:45 +0200] [4/4] Script 'kb/kvm#libvirt' successful in 238.07 seconds
Run integration test suite	Run tests	2026-09-14T11:43:51.8748508Z [2026-09-14 13:43:51 +0200] [3/4] Example [1/5] 'the shipped Guix configuration contract keeps the vpsAdminOS module and generated-network integration' succeeded in 5.76 seconds
Run integration test suite	Run tests	2026-09-14T11:45:22.8035540Z [2026-09-14 13:45:22 +0200] [3/4] Example [2/5] 'the shipped Guix configuration contract creates and activates a new generation with the documented command' succeeded in 90.93 seconds
Run integration test suite	Run tests	2026-09-14T11:45:36.6884609Z [2026-09-14 13:45:36 +0200] Status: passing; 2 succeeded as expected, 0 failed as expected, 0 unexpectedly failed, 0 unexpectedly succeeded; 2 running, 0 remaining
Run integration test suite	Run tests	2026-09-14T11:45:58.0607431Z [2026-09-14 13:45:58 +0200] [3/4] Example [3/5] 'the shipped Guix configuration contract boots the new generation with networking and SSH available' succeeded in 35.26 seconds
Run integration test suite	Run tests	2026-09-14T11:48:19.1599972Z [2026-09-14 13:48:19 +0200] [4/4] Example [1/2] 'the documented libvirt storage pool mounts a subdataset with inherited ZFS defaults' succeeded in 7.3 seconds
Run integration test suite	Run tests	2026-09-14T11:48:27.8612335Z [2026-09-14 13:48:27 +0200] [4/4] Example [2/2] 'the documented libvirt storage pool lets libvirt manage volumes on the mounted subdataset' succeeded in 8.7 seconds
Run integration test suite	Run tests	2026-09-14T11:48:27.8615458Z [2026-09-14 13:48:27 +0200] [4/4] Script 'kb/kvm#storage' successful in 282.6 seconds
Run integration test suite	Run tests	2026-09-14T11:48:46.9822447Z [2026-09-14 13:48:46 +0200] [3/4] Example [4/5] 'the documented Guix deployment contract deploys the complete configuration to a second Guix VPS' succeeded in 168.92 seconds
Run integration test suite	Run tests	2026-09-14T11:49:21.3825489Z [2026-09-14 13:49:21 +0200] [3/4] Example [5/5] 'the documented Guix deployment contract boots the deployed generation with key-only SSH available' succeeded in 34.4 seconds
Run integration test suite	Run tests	2026-09-14T11:49:29.2849291Z [2026-09-14 13:49:29 +0200] [3/4] Script 'kb/guix#reconfigure' successful in 1718.08 seconds
Run integration test suite	Run tests	2026-09-14T11:49:41.7327003Z [2026-09-14 13:49:41 +0200] [3/4] Test 'kb/guix' successful in 1745.04 seconds
Run integration test suite	Run tests	2026-09-14T11:50:36.6890215Z [2026-09-14 13:50:36 +0200] Status: passing; 3 succeeded as expected, 0 failed as expected, 0 unexpectedly failed, 0 unexpectedly succeeded; 1 running, 0 remaining
Run integration test suite	Run tests	2026-09-14T11:52:14.2284936Z [2026-09-14 13:52:14 +0200] [4/4] Example [1/2] 'the constrained NFS installer-ISO workaround does not start QEMU on an NFSv3 server without NLM' succeeded in 22.98 seconds
Run integration test suite	Run tests	2026-09-14T11:52:18.8088932Z [2026-09-14 13:52:18 +0200] [4/4] Example [2/2] 'the constrained NFS installer-ISO workaround uses nolock only for the same read-only installer ISO' succeeded in 4.58 seconds
Run integration test suite	Run tests	2026-09-14T11:52:18.8091921Z [2026-09-14 13:52:18 +0200] [4/4] Script 'kb/kvm#nfs-locking' successful in 230.95 seconds
Run integration test suite	Run tests	2026-09-14T11:53:57.4034818Z [2026-09-14 13:53:57 +0200] [4/4] Example [1/2] 'the vpsFree KVM host defaults enables KVM and TUN without feature overrides' succeeded in 4.76 seconds
Run integration test suite	Run tests	2026-09-14T11:54:00.1491226Z [2026-09-14 13:54:00 +0200] [4/4] Example [2/2] 'the vpsFree KVM host defaults exposes the feature device mappings in the VPS' succeeded in 2.75 seconds
Run integration test suite	Run tests	2026-09-14T11:54:00.1496613Z [2026-09-14 13:54:00 +0200] [4/4] Script 'kb/kvm#platform-defaults' successful in 101.34 seconds
Run integration test suite	Run tests	2026-09-14T11:55:36.6892928Z [2026-09-14 13:55:36 +0200] Status: passing; 3 succeeded as expected, 0 failed as expected, 0 unexpectedly failed, 0 unexpectedly succeeded; 1 running, 0 remaining
Run integration test suite	Run tests	2026-09-14T12:00:14.7472027Z [2026-09-14 14:00:14 +0200] [4/4] Test 'kb/kvm' successful in 2378.06 seconds
Run integration test suite	Run tests	2026-09-14T12:00:14.7476179Z [2026-09-14 14:00:14 +0200] Run 12 test scripts of 4 tests in 2378.07 seconds
Run integration test suite	Run tests	2026-09-14T12:00:14.7477676Z [2026-09-14 14:00:14 +0200] 4 tests successful
Run integration test suite	Evaluate test results	﻿2026-09-14T12:00:14.8053413Z ##[group]Run vpsfreecz/vpsadminos/.github/actions/evaluate-test-results@6bdf458fd9105379860234ff33d352e55844f08f
Run integration test suite	Evaluate test results	2026-09-14T12:00:14.8054537Z with:
Run integration test suite	Evaluate test results	2026-09-14T12:00:14.8055100Z   log-file: /tmp/os-test-runner-1296704888-34837590575-1/test.log
Run integration test suite	Evaluate test results	2026-09-14T12:00:14.8056184Z env:
Run integration test suite	Evaluate test results	2026-09-14T12:00:14.8056679Z   TEST_RUNNER_STATE_DIR: /tmp/os-test-runner-1296704888-34837590575-1
Run integration test suite	Evaluate test results	2026-09-14T12:00:14.8057313Z ##[endgroup]
Run integration test suite	Evaluate test results	2026-09-14T12:00:14.8099343Z ##[start-action display=Run set -euo pipefail;id=__vpsfreecz_vpsadminos.evaluate]
Run integration test suite	Evaluate test results	2026-09-14T12:00:14.8125983Z ##[group]Run set -euo pipefail
Run integration test suite	Evaluate test results	2026-09-14T12:00:14.8126608Z ^[[36;1mset -euo pipefail^[[0m
Run integration test suite	Evaluate test results	2026-09-14T12:00:14.8127007Z ^[[36;1m^[[0m
Run integration test suite	Evaluate test results	2026-09-14T12:00:14.8127515Z ^[[36;1mlog_file="/tmp/os-test-runner-1296704888-34837590575-1/test.log"^[[0m
Run integration test suite	Evaluate test results	2026-09-14T12:00:14.8128153Z ^[[36;1m^[[0m
Run integration test suite	Evaluate test results	2026-09-14T12:00:14.8128489Z ^[[36;1mif [ ! -f "$log_file" ]; then^[[0m
Run integration test suite	Evaluate test results	2026-09-14T12:00:14.8129173Z ^[[36;1m  echo "::error::Test log '$log_file' not found"^[[0m
Run integration test suite	Evaluate test results	2026-09-14T12:00:14.8129698Z ^[[36;1m  exit 1^[[0m
Run integration test suite	Evaluate test results	2026-09-14T12:00:14.8130113Z ^[[36;1mfi^[[0m
Run integration test suite	Evaluate test results	2026-09-14T12:00:14.8130426Z ^[[36;1m^[[0m
Run integration test suite	Evaluate test results	2026-09-14T12:00:14.8130973Z ^[[36;1m# Disable pipefail while grepping so missing matches do not fail the step^[[0m
Run integration test suite	Evaluate test results	2026-09-14T12:00:14.8131658Z ^[[36;1mset +o pipefail^[[0m
Run integration test suite	Evaluate test results	2026-09-14T12:00:14.8132399Z ^[[36;1mEXPECTED_SUCCESSFUL=$(grep -oP "\d+ tests successful" "$log_file" | cut -f1 -d ' ')^[[0m
Run integration test suite	Evaluate test results	2026-09-14T12:00:14.8133446Z ^[[36;1mEXPECTED_FAILED=$(grep -oP "\d+ tests failed as expected" "$log_file" | cut -f1 -d ' ')^[[0m
Run integration test suite	Evaluate test results	2026-09-14T12:00:14.8134496Z ^[[36;1mUNEXPECTED_FAILED=$(grep -oP "\d+ tests should have succeeded" "$log_file" | cut -f1 -d ' ')^[[0m
Run integration test suite	Evaluate test results	2026-09-14T12:00:14.8135643Z ^[[36;1mUNEXPECTED_SUCCESSFUL=$(grep -oP "\d+ tests should have failed" "$log_file" | cut -f1 -d ' ')^[[0m
Run integration test suite	Evaluate test results	2026-09-14T12:00:14.8136421Z ^[[36;1mset -o pipefail^[[0m
Run integration test suite	Evaluate test results	2026-09-14T12:00:14.8136798Z ^[[36;1m^[[0m
Run integration test suite	Evaluate test results	2026-09-14T12:00:14.8137343Z ^[[36;1mecho "expected_successful=${EXPECTED_SUCCESSFUL:-0}" >>"$GITHUB_OUTPUT"^[[0m
Run integration test suite	Evaluate test results	2026-09-14T12:00:14.8138270Z ^[[36;1mecho "expected_failed=${EXPECTED_FAILED:-0}" >>"$GITHUB_OUTPUT"^[[0m
Run integration test suite	Evaluate test results	2026-09-14T12:00:14.8139470Z ^[[36;1mecho "unexpected_failed=${UNEXPECTED_FAILED:-0}" >>"$GITHUB_OUTPUT"^[[0m
Run integration test suite	Evaluate test results	2026-09-14T12:00:14.8140632Z ^[[36;1mecho "unexpected_successful=${UNEXPECTED_SUCCESSFUL:-0}" >>"$GITHUB_OUTPUT"^[[0m
Run integration test suite	Evaluate test results	2026-09-14T12:00:14.8141352Z ^[[36;1m^[[0m
Run integration test suite	Evaluate test results	2026-09-14T12:00:14.8141798Z ^[[36;1m{^[[0m
Run integration test suite	Evaluate test results	2026-09-14T12:00:14.8142153Z ^[[36;1m  echo '### Test summary'^[[0m
Run integration test suite	Evaluate test results	2026-09-14T12:00:14.8142583Z ^[[36;1m  echo ""^[[0m
Run integration test suite	Evaluate test results	2026-09-14T12:00:14.8142958Z ^[[36;1m  echo "| Result | Count |"^[[0m
Run integration test suite	Evaluate test results	2026-09-14T12:00:14.8143410Z ^[[36;1m  echo "|--------|-------|"^[[0m
Run integration test suite	Evaluate test results	2026-09-14T12:00:14.8144000Z ^[[36;1m  echo "| ✅ Successful (expected) | ${EXPECTED_SUCCESSFUL:-0} |"^[[0m
Run integration test suite	Evaluate test results	2026-09-14T12:00:14.8144788Z ^[[36;1m  echo "| ⚠️ Failed (expected) | ${EXPECTED_FAILED:-0} |"^[[0m
Run integration test suite	Evaluate test results	2026-09-14T12:00:14.8145545Z ^[[36;1m  echo "| ❌ Failed (unexpected) | ${UNEXPECTED_FAILED:-0} |"^[[0m
Run integration test suite	Evaluate test results	2026-09-14T12:00:14.8146301Z ^[[36;1m  echo "| ❌ Successful (unexpected) | ${UNEXPECTED_SUCCESSFUL:-0} |"^[[0m
Run integration test suite	Evaluate test results	2026-09-14T12:00:14.8146940Z ^[[36;1m  echo ""^[[0m
Run integration test suite	Evaluate test results	2026-09-14T12:00:14.8147324Z ^[[36;1m} >>"$GITHUB_STEP_SUMMARY"^[[0m
Run integration test suite	Evaluate test results	2026-09-14T12:00:14.8147750Z ^[[36;1m^[[0m
Run integration test suite	Evaluate test results	2026-09-14T12:00:14.8148369Z ^[[36;1mif [ "${UNEXPECTED_FAILED:-0}" -gt 0 ] || [ "${UNEXPECTED_SUCCESSFUL:-0}" -gt 0 ]; then^[[0m
Run integration test suite	Evaluate test results	2026-09-14T12:00:14.8149841Z ^[[36;1m  echo "::error::${UNEXPECTED_FAILED:-0} tests unexpectedly failed, ${UNEXPECTED_SUCCESSFUL:-0} tests unexpectedly succeeded"^[[0m
Run integration test suite	Evaluate test results	2026-09-14T12:00:14.8152402Z ^[[36;1m  exit 1^[[0m
Run integration test suite	Evaluate test results	2026-09-14T12:00:14.8152748Z ^[[36;1mfi^[[0m
Run integration test suite	Evaluate test results	2026-09-14T12:00:14.8168746Z shell: /nix/store/pkf547jp8a92k4wmxikkyby58w10pysr-bash-interactive-5.3p9/bin/bash --noprofile --norc -e -o pipefail {0}
Run integration test suite	Evaluate test results	2026-09-14T12:00:14.8170247Z env:
Run integration test suite	Evaluate test results	2026-09-14T12:00:14.8170822Z   TEST_RUNNER_STATE_DIR: /tmp/os-test-runner-1296704888-34837590575-1
Run integration test suite	Evaluate test results	2026-09-14T12:00:14.8171430Z ##[endgroup]
Run integration test suite	Evaluate test results	2026-09-14T12:00:14.8662516Z ##[end-action id=__vpsfreecz_vpsadminos.evaluate;outcome=success;conclusion=success;duration_ms=56]
Run integration test suite	Summarise test logs	﻿2026-09-14T12:00:14.8835973Z ##[group]Run vpsfreecz/vpsadminos/.github/actions/summarise-test-logs@6bdf458fd9105379860234ff33d352e55844f08f
Run integration test suite	Summarise test logs	2026-09-14T12:00:14.8837889Z with:
Run integration test suite	Summarise test logs	2026-09-14T12:00:14.8838884Z   logs-root: /tmp/os-test-runner-1296704888-34837590575-1
Run integration test suite	Summarise test logs	2026-09-14T12:00:14.8840541Z   tail-lines: 200
Run integration test suite	Summarise test logs	2026-09-14T12:00:14.8841204Z   max-bytes: 921600
Run integration test suite	Summarise test logs	2026-09-14T12:00:14.8841866Z env:
Run integration test suite	Summarise test logs	2026-09-14T12:00:14.8842747Z   TEST_RUNNER_STATE_DIR: /tmp/os-test-runner-1296704888-34837590575-1
Run integration test suite	Summarise test logs	2026-09-14T12:00:14.8843895Z ##[endgroup]
Run integration test suite	Summarise test logs	2026-09-14T12:00:14.8857891Z ##[start-action display=Run bash "$GITHUB_ACTION_PATH/summarise-test-logs.bash";id=__vpsfreecz_vpsadminos_2.__run]
Run integration test suite	Summarise test logs	2026-09-14T12:00:14.8907090Z ##[group]Run bash "$GITHUB_ACTION_PATH/summarise-test-logs.bash"
Run integration test suite	Summarise test logs	2026-09-14T12:00:14.8908949Z ^[[36;1mbash "$GITHUB_ACTION_PATH/summarise-test-logs.bash"^[[0m
Run integration test suite	Summarise test logs	2026-09-14T12:00:14.8918845Z shell: /nix/store/pkf547jp8a92k4wmxikkyby58w10pysr-bash-interactive-5.3p9/bin/bash --noprofile --norc -e -o pipefail {0}
Run integration test suite	Summarise test logs	2026-09-14T12:00:14.8921232Z env:
Run integration test suite	Summarise test logs	2026-09-14T12:00:14.8922591Z   TEST_RUNNER_STATE_DIR: /tmp/os-test-runner-1296704888-34837590575-1
Run integration test suite	Summarise test logs	2026-09-14T12:00:14.8924155Z   LOGS_ROOT: /tmp/os-test-runner-1296704888-34837590575-1
Run integration test suite	Summarise test logs	2026-09-14T12:00:14.8925390Z   TAIL_LINES: 200
Run integration test suite	Summarise test logs	2026-09-14T12:00:14.8926266Z   MAX_SUMMARY_BYTES: 921600
Run integration test suite	Summarise test logs	2026-09-14T12:00:14.8927207Z ##[endgroup]
Run integration test suite	Summarise test logs	2026-09-14T12:00:14.9891446Z ##[end-action id=__vpsfreecz_vpsadminos_2.__run;outcome=success;conclusion=success;duration_ms=103]
Run integration test suite	Cleanup test state	﻿2026-09-14T12:00:15.0100081Z ##[group]Run vpsfreecz/vpsadminos/.github/actions/cleanup-test-state@6bdf458fd9105379860234ff33d352e55844f08f
Run integration test suite	Cleanup test state	2026-09-14T12:00:15.0101888Z with:
Run integration test suite	Cleanup test state	2026-09-14T12:00:15.0102810Z   state-directory: /tmp/os-test-runner-1296704888-34837590575-1
Run integration test suite	Cleanup test state	2026-09-14T12:00:15.0104031Z   prepare-outcome: success
Run integration test suite	Cleanup test state	2026-09-14T12:00:15.0104821Z   test-outcome: success
Run integration test suite	Cleanup test state	2026-09-14T12:00:15.0105565Z   upload-outcome: skipped
Run integration test suite	Cleanup test state	2026-09-14T12:00:15.0106329Z env:
Run integration test suite	Cleanup test state	2026-09-14T12:00:15.0107721Z   TEST_RUNNER_STATE_DIR: /tmp/os-test-runner-1296704888-34837590575-1
Run integration test suite	Cleanup test state	2026-09-14T12:00:15.0109104Z ##[endgroup]
Run integration test suite	Cleanup test state	2026-09-14T12:00:15.0125402Z ##[start-action display=Run bash "$GITHUB_ACTION_PATH/cleanup-test-state.bash";id=__vpsfreecz_vpsadminos_3.__run]
Run integration test suite	Cleanup test state	2026-09-14T12:00:15.0171677Z ##[group]Run bash "$GITHUB_ACTION_PATH/cleanup-test-state.bash"
Run integration test suite	Cleanup test state	2026-09-14T12:00:15.0173278Z ^[[36;1mbash "$GITHUB_ACTION_PATH/cleanup-test-state.bash"^[[0m
Run integration test suite	Cleanup test state	2026-09-14T12:00:15.0181763Z shell: /nix/store/pkf547jp8a92k4wmxikkyby58w10pysr-bash-interactive-5.3p9/bin/bash --noprofile --norc -e -o pipefail {0}
Run integration test suite	Cleanup test state	2026-09-14T12:00:15.0184008Z env:
Run integration test suite	Cleanup test state	2026-09-14T12:00:15.0184950Z   TEST_RUNNER_STATE_DIR: /tmp/os-test-runner-1296704888-34837590575-1
Run integration test suite	Cleanup test state	2026-09-14T12:00:15.0186444Z   TEST_STATE_DIRECTORY: /tmp/os-test-runner-1296704888-34837590575-1
Run integration test suite	Cleanup test state	2026-09-14T12:00:15.0187669Z   TEST_STATE_PREPARE_OUTCOME: success
Run integration test suite	Cleanup test state	2026-09-14T12:00:15.0188696Z   TEST_STATE_TEST_OUTCOME: success
Run integration test suite	Cleanup test state	2026-09-14T12:00:15.0189579Z   TEST_STATE_UPLOAD_OUTCOME: skipped
Run integration test suite	Cleanup test state	2026-09-14T12:00:15.0190501Z   TEST_STATE_REPOSITORY_ID: 1296704888
Run integration test suite	Cleanup test state	2026-09-14T12:00:15.0191378Z   TEST_STATE_RUN_ID: 34837590575
Run integration test suite	Cleanup test state	2026-09-14T12:00:15.0192532Z   TEST_STATE_RUN_ATTEMPT: 1
Run integration test suite	Cleanup test state	2026-09-14T12:00:15.0193595Z ##[endgroup]
Run integration test suite	Cleanup test state	2026-09-14T12:00:15.0503310Z Removed test-runner state directory: /tmp/os-test-runner-1296704888-34837590575-1
Run integration test suite	Cleanup test state	2026-09-14T12:00:15.0530633Z ##[end-action id=__vpsfreecz_vpsadminos_3.__run;outcome=success;conclusion=success;duration_ms=40]
Run integration test suite	Post Checkout repository	﻿2026-09-14T12:00:15.0856441Z Post job cleanup.
Run integration test suite	Post Checkout repository	2026-09-14T12:00:15.4195881Z [command]/nix/store/nly4cml071i82515r89rpdw38z55wjqd-git-2.54.0/bin/git version
Run integration test suite	Post Checkout repository	2026-09-14T12:00:15.4368975Z git version 2.54.0
Run integration test suite	Post Checkout repository	2026-09-14T12:00:15.4472692Z Temporarily overriding HOME='/run/github-runner/runner/_temp/e3999138-1700-4dfb-832f-073dbffd89d4' before making global git config changes
Run integration test suite	Post Checkout repository	2026-09-14T12:00:15.4475267Z Adding repository directory to the temporary git global config as a safe directory
Run integration test suite	Post Checkout repository	2026-09-14T12:00:15.4485520Z [command]/nix/store/nly4cml071i82515r89rpdw38z55wjqd-git-2.54.0/bin/git config --global --add safe.directory /run/github-runner/runner/vpsfree-kb-contracts/vpsfree-kb-contracts
Run integration test suite	Post Checkout repository	2026-09-14T12:00:15.4577408Z Removing SSH command configuration
Run integration test suite	Post Checkout repository	2026-09-14T12:00:15.4599147Z [command]/nix/store/nly4cml071i82515r89rpdw38z55wjqd-git-2.54.0/bin/git config --local --name-only --get-regexp core\.sshCommand
Run integration test suite	Post Checkout repository	2026-09-14T12:00:15.4752136Z [command]/nix/store/nly4cml071i82515r89rpdw38z55wjqd-git-2.54.0/bin/git submodule foreach --recursive sh -c "git config --local --name-only --get-regexp 'core\.sshCommand' && git config --local --unset-all 'core.sshCommand' || :"
Run integration test suite	Post Checkout repository	2026-09-14T12:00:15.5552331Z Removing HTTP extra header
Run integration test suite	Post Checkout repository	2026-09-14T12:00:15.5565759Z [command]/nix/store/nly4cml071i82515r89rpdw38z55wjqd-git-2.54.0/bin/git config --local --name-only --get-regexp http\.https\:\/\/github\.com\/\.extraheader
Run integration test suite	Post Checkout repository	2026-09-14T12:00:15.5696386Z [command]/nix/store/nly4cml071i82515r89rpdw38z55wjqd-git-2.54.0/bin/git submodule foreach --recursive sh -c "git config --local --name-only --get-regexp 'http\.https\:\/\/github\.com\/\.extraheader' && git config --local --unset-all 'http.https://github.com/.extraheader' || :"
Run integration test suite	Post Checkout repository	2026-09-14T12:00:15.6507672Z Removing includeIf entries pointing to credentials config files
Run integration test suite	Post Checkout repository	2026-09-14T12:00:15.6524373Z [command]/nix/store/nly4cml071i82515r89rpdw38z55wjqd-git-2.54.0/bin/git config --local --name-only --get-regexp ^includeIf\.gitdir:
Run integration test suite	Post Checkout repository	2026-09-14T12:00:15.6626565Z includeif.gitdir:/run/github-runner/runner/vpsfree-kb-contracts/vpsfree-kb-contracts/.git.path
Run integration test suite	Post Checkout repository	2026-09-14T12:00:15.6629791Z includeif.gitdir:/run/github-runner/runner/vpsfree-kb-contracts/vpsfree-kb-contracts/.git/worktrees/*.path
Run integration test suite	Post Checkout repository	2026-09-14T12:00:15.6631709Z includeif.gitdir:/github/workspace/.git.path
Run integration test suite	Post Checkout repository	2026-09-14T12:00:15.6632917Z includeif.gitdir:/github/workspace/.git/worktrees/*.path
Run integration test suite	Post Checkout repository	2026-09-14T12:00:15.6650714Z [command]/nix/store/nly4cml071i82515r89rpdw38z55wjqd-git-2.54.0/bin/git config --local --get-all includeif.gitdir:/run/github-runner/runner/vpsfree-kb-contracts/vpsfree-kb-contracts/.git.path
Run integration test suite	Post Checkout repository	2026-09-14T12:00:15.6707731Z /run/github-runner/runner/_temp/git-credentials-4e9e7ead-4e8d-44e1-a080-50de65600bec.config
Run integration test suite	Post Checkout repository	2026-09-14T12:00:15.6734269Z [command]/nix/store/nly4cml071i82515r89rpdw38z55wjqd-git-2.54.0/bin/git config --local --unset includeif.gitdir:/run/github-runner/runner/vpsfree-kb-contracts/vpsfree-kb-contracts/.git.path \/run\/github\-runner\/runner\/_temp\/git\-credentials\-4e9e7ead\-4e8d\-44e1\-a080\-50de65600bec\.config
Run integration test suite	Post Checkout repository	2026-09-14T12:00:15.6841124Z [command]/nix/store/nly4cml071i82515r89rpdw38z55wjqd-git-2.54.0/bin/git config --local --get-all includeif.gitdir:/run/github-runner/runner/vpsfree-kb-contracts/vpsfree-kb-contracts/.git/worktrees/*.path
Run integration test suite	Post Checkout repository	2026-09-14T12:00:15.6897663Z /run/github-runner/runner/_temp/git-credentials-4e9e7ead-4e8d-44e1-a080-50de65600bec.config
Run integration test suite	Post Checkout repository	2026-09-14T12:00:15.6919366Z [command]/nix/store/nly4cml071i82515r89rpdw38z55wjqd-git-2.54.0/bin/git config --local --unset includeif.gitdir:/run/github-runner/runner/vpsfree-kb-contracts/vpsfree-kb-contracts/.git/worktrees/*.path \/run\/github\-runner\/runner\/_temp\/git\-credentials\-4e9e7ead\-4e8d\-44e1\-a080\-50de65600bec\.config
Run integration test suite	Post Checkout repository	2026-09-14T12:00:15.7069106Z [command]/nix/store/nly4cml071i82515r89rpdw38z55wjqd-git-2.54.0/bin/git config --local --get-all includeif.gitdir:/github/workspace/.git.path
Run integration test suite	Post Checkout repository	2026-09-14T12:00:15.7127782Z /github/runner_temp/git-credentials-4e9e7ead-4e8d-44e1-a080-50de65600bec.config
Run integration test suite	Post Checkout repository	2026-09-14T12:00:15.7146128Z [command]/nix/store/nly4cml071i82515r89rpdw38z55wjqd-git-2.54.0/bin/git config --local --unset includeif.gitdir:/github/workspace/.git.path \/github\/runner_temp\/git\-credentials\-4e9e7ead\-4e8d\-44e1\-a080\-50de65600bec\.config
Run integration test suite	Post Checkout repository	2026-09-14T12:00:15.7261685Z [command]/nix/store/nly4cml071i82515r89rpdw38z55wjqd-git-2.54.0/bin/git config --local --get-all includeif.gitdir:/github/workspace/.git/worktrees/*.path
Run integration test suite	Post Checkout repository	2026-09-14T12:00:15.7316490Z /github/runner_temp/git-credentials-4e9e7ead-4e8d-44e1-a080-50de65600bec.config
Run integration test suite	Post Checkout repository	2026-09-14T12:00:15.7337512Z [command]/nix/store/nly4cml071i82515r89rpdw38z55wjqd-git-2.54.0/bin/git config --local --unset includeif.gitdir:/github/workspace/.git/worktrees/*.path \/github\/runner_temp\/git\-credentials\-4e9e7ead\-4e8d\-44e1\-a080\-50de65600bec\.config
Run integration test suite	Post Checkout repository	2026-09-14T12:00:15.7461111Z [command]/nix/store/nly4cml071i82515r89rpdw38z55wjqd-git-2.54.0/bin/git submodule foreach --recursive git config --local --show-origin --name-only --get-regexp remote.origin.url
Run integration test suite	Post Checkout repository	2026-09-14T12:00:15.8259772Z Removing credentials config '/run/github-runner/runner/_temp/git-credentials-4e9e7ead-4e8d-44e1-a080-50de65600bec.config'
Run integration test suite	Complete runner	﻿2026-09-14T12:00:15.8532194Z A job completed hook has been configured by the self-hosted runner administrator
Run integration test suite	Complete runner	2026-09-14T12:00:15.8563639Z ##[group]Run '/nix/store/10h95s0bwjpj3811h99j036bxyrhk9g5-github-runner-job-completed.sh'
Run integration test suite	Complete runner	2026-09-14T12:00:15.8571539Z shell: /nix/store/pkf547jp8a92k4wmxikkyby58w10pysr-bash-interactive-5.3p9/bin/bash --noprofile --norc -e -o pipefail {0}
Run integration test suite	Complete runner	2026-09-14T12:00:15.8573443Z ##[endgroup]
Run integration test suite	Complete runner	2026-09-14T12:00:15.8872543Z Cleared the GitHub runner job marker; Nix garbage collection can resume
Run integration test suite	Complete job	﻿2026-09-14T12:00:15.9100812Z Cleaning up orphan processes
