warning: Git tree '/home/aither/workspace/ai/vpsfree.cz/worktrees/2026-09-14-kernel-history-fix/vpsadmin' is dirty
Bundle complete! 30 Gemfile dependencies, 117 gems now installed.
Bundled gems are installed into `./.gems`
Inspecting 10 files
......C...

Offenses:

spec/models/operations/node/repair_kernel_history_bounds_spec.rb:10:3: C: [Corrected] RSpec/ScatteredLet: Group all let/let! blocks in the example group together.
  let(:io) { StringIO.new }
  ^^^^^^^^^^^^^^^^^^^^^^^^^
spec/models/operations/node/repair_kernel_history_bounds_spec.rb:11:3: C: [Corrected] RSpec/ScatteredLet: Group all let/let! blocks in the example group together.
  let!(:baseline) { event(report, t0, type: :boot) }
  ^^^^^^^^^^^^^^^^^^^^^^^^^^^^^^^^^^^^^^^^^^^^^^^^^^
spec/models/operations/node/repair_kernel_history_bounds_spec.rb:12:3: C: [Corrected] RSpec/EmptyLineAfterFinalLet: Add an empty line after the last let!.
  let!(:target) { event(report(release: '6.12.94'), t0 + 30.days, type: :reported_release_change, after: t0) }
  ^^^^^^^^^^^^^^^^^^^^^^^^^^^^^^^^^^^^^^^^^^^^^^^^^^^^^^^^^^^^^^^^^^^^^^^^^^^^^^^^^^^^^^^^^^^^^^^^^^^^^^^^^^^^
spec/models/operations/node/repair_kernel_history_bounds_spec.rb:12:3: C: [Corrected] RSpec/ScatteredLet: Group all let/let! blocks in the example group together.
  let!(:confirmation) { event(report(modules: ['kvm']), t0 + 20.days) }
  ^^^^^^^^^^^^^^^^^^^^^^^^^^^^^^^^^^^^^^^^^^^^^^^^^^^^^^^^^^^^^^^^^^^^^
spec/models/operations/node/repair_kernel_history_bounds_spec.rb:13:3: C: [Corrected] RSpec/ScatteredLet: Group all let/let! blocks in the example group together.
  let!(:target) { event(report(release: '6.12.94'), t0 + 30.days, type: :reported_release_change, after: t0) }
  ^^^^^^^^^^^^^^^^^^^^^^^^^^^^^^^^^^^^^^^^^^^^^^^^^^^^^^^^^^^^^^^^^^^^^^^^^^^^^^^^^^^^^^^^^^^^^^^^^^^^^^^^^^^^

10 files inspected, 5 offenses detected, 5 offenses corrected
