warning: Git tree '/home/aither/workspace/ai/vpsfree.cz/worktrees/2026-09-14-kernel-history-fix/vpsadmin' is dirty
Bundle complete! 30 Gemfile dependencies, 117 gems now installed.
Bundled gems are installed into `./.gems`
Inspecting 5 files
CCCCC

Offenses:

/home/aither/workspace/ai/vpsfree.cz/worktrees/2026-09-14-kernel-history-fix/vpsfree-maintenance-tasks/2026-09-14-repair-kernel-history-bounds/node_repair.rb:8:18: C: [Corrected] Style/ArgumentsForwarding: Use anonymous keyword arguments forwarding (**).
    def self.run(**options) = new.run(**options)
                 ^^^^^^^^^
/home/aither/workspace/ai/vpsfree.cz/worktrees/2026-09-14-kernel-history-fix/vpsfree-maintenance-tasks/2026-09-14-repair-kernel-history-bounds/node_repair.rb:8:39: C: [Corrected] Style/ArgumentsForwarding: Use anonymous keyword arguments forwarding (**).
    def self.run(**options) = new.run(**options)
                                      ^^^^^^^^^
/home/aither/workspace/ai/vpsfree.cz/worktrees/2026-09-14-kernel-history-fix/vpsfree-maintenance-tasks/2026-09-14-repair-kernel-history-bounds/repair_kernel_history_bounds.rb:12:43: C: [Correctable] Style/NumericPredicate: Use batch_size > 0 instead of batch_size.positive?.
      unless batch_size.is_a?(Integer) && batch_size.positive?
                                          ^^^^^^^^^^^^^^^^^^^^
/home/aither/workspace/ai/vpsfree.cz/worktrees/2026-09-14-kernel-history-fix/vpsfree-maintenance-tasks/2026-09-14-repair-kernel-history-bounds/repair_kernel_history_bounds.rb:15:56: C: [Correctable] Style/NumericPredicate: Use id > 0 instead of id.positive?.
      unless node_ids.all? { |id| id.is_a?(Integer) && id.positive? }
                                                       ^^^^^^^^^^^^
/home/aither/workspace/ai/vpsfree.cz/worktrees/2026-09-14-kernel-history-fix/vpsfree-maintenance-tasks/2026-09-14-repair-kernel-history-bounds/repair_kernel_history_bounds.rb:83:45: C: [Correctable] Style/SpecialGlobalVars: Prefer $0 over $PROGRAM_NAME.
exit KernelHistoryBoundsRepair.cli(ARGV) if $PROGRAM_NAME == __FILE__
                                            ^^^^^^^^^^^^^
/home/aither/workspace/ai/vpsfree.cz/worktrees/2026-09-14-kernel-history-fix/vpsfree-maintenance-tasks/2026-09-14-repair-kernel-history-bounds/spec/helpers.rb:40:1: C: [Corrected] Layout/EmptyLinesAroundModuleBody: Extra empty line detected at module body end.
/home/aither/workspace/ai/vpsfree.cz/worktrees/2026-09-14-kernel-history-fix/vpsfree-maintenance-tasks/2026-09-14-repair-kernel-history-bounds/spec/node_repair_spec.rb:163:1: C: [Corrected] Layout/EmptyLinesAroundBlockBody: Extra empty line detected at block body end.
/home/aither/workspace/ai/vpsfree.cz/worktrees/2026-09-14-kernel-history-fix/vpsfree-maintenance-tasks/2026-09-14-repair-kernel-history-bounds/spec/runner_spec.rb:105:21: C: [Corrected] Layout/ArgumentAlignment: Align the arguments of a method call if they span more than one line.
                    RbConfig.ruby, '-Ilib', path, *args)
                    ^^^^^^^^^^^^^
/home/aither/workspace/ai/vpsfree.cz/worktrees/2026-09-14-kernel-history-fix/vpsfree-maintenance-tasks/2026-09-14-repair-kernel-history-bounds/spec/runner_spec.rb:112:14: C: RSpec/InstanceVariable: Avoid instance variables - use let, a method call, or a local variable (if possible).
      expect(@targets.map { |target| target.reload.observed_after }).to eq([t0, t0])
             ^^^^^^^^
/home/aither/workspace/ai/vpsfree.cz/worktrees/2026-09-14-kernel-history-fix/vpsfree-maintenance-tasks/2026-09-14-repair-kernel-history-bounds/spec/runner_spec.rb:117:14: C: RSpec/InstanceVariable: Avoid instance variables - use let, a method call, or a local variable (if possible).
      expect(@targets.map { |target| target.reload.observed_after }).to eq([t0 + 20.days, t0])
             ^^^^^^^^

5 files inspected, 10 offenses detected, 5 offenses corrected, 3 more offenses can be corrected with `rubocop -A`
