Run integration test suite	UNKNOWN STEP	﻿2026-09-14T19:29:58.4298390Z Current runner version: '2.336.0'
Run integration test suite	UNKNOWN STEP	2026-09-14T19:29:58.4314081Z Runner name: 'gh-runner2.int.vpsadminos.org'
Run integration test suite	UNKNOWN STEP	2026-09-14T19:29:58.4316073Z Runner group name: 'vpsadminos runners'
Run integration test suite	UNKNOWN STEP	2026-09-14T19:29:58.4318217Z Machine name: 'gh-runner2'
Run integration test suite	UNKNOWN STEP	2026-09-14T19:29:58.4324714Z ##[group]GITHUB_TOKEN Permissions
Run integration test suite	UNKNOWN STEP	2026-09-14T19:29:58.4330015Z Contents: read
Run integration test suite	UNKNOWN STEP	2026-09-14T19:29:58.4331287Z Metadata: read
Run integration test suite	UNKNOWN STEP	2026-09-14T19:29:58.4332709Z ##[endgroup]
Run integration test suite	UNKNOWN STEP	2026-09-14T19:29:58.4337984Z Secret source: Actions
Run integration test suite	UNKNOWN STEP	2026-09-14T19:29:58.4341117Z Cache mode: write
Run integration test suite	UNKNOWN STEP	2026-09-14T19:29:58.4343097Z Prepare workflow directory
Run integration test suite	UNKNOWN STEP	2026-09-14T19:29:58.6874007Z Prepare all required actions
Run integration test suite	UNKNOWN STEP	2026-09-14T19:29:58.7075621Z Getting action download info
Run integration test suite	UNKNOWN STEP	2026-09-14T19:29:59.3204319Z Download action repository 'actions/checkout@v7' (SHA:3d3c42e5aac5ba805825da76410c181273ba90b1)
Run integration test suite	UNKNOWN STEP	2026-09-14T19:29:59.7464710Z Download action repository 'vpsfreecz/vpsadminos@6bdf458fd9105379860234ff33d352e55844f08f' (SHA:6bdf458fd9105379860234ff33d352e55844f08f)
Run integration test suite	UNKNOWN STEP	2026-09-14T19:30:01.1874951Z Getting action download info
Run integration test suite	UNKNOWN STEP	2026-09-14T19:30:01.3927670Z Download action repository 'actions/upload-artifact@v7' (SHA:043fb46d1a93c77aae656e7c1c64a875d1fc6a0a)
Run integration test suite	UNKNOWN STEP	2026-09-14T19:30:02.1317607Z Complete job name: Run integration test suite
Run integration test suite	UNKNOWN STEP	2026-09-14T19:30:02.3726944Z A job started hook has been configured by the self-hosted runner administrator
Run integration test suite	UNKNOWN STEP	2026-09-14T19:30:02.4244373Z ##[group]Run '/nix/store/mbn3hvv6asg9kz979g5sjrmmr7f4kbyk-github-runner-job-started.sh'
Run integration test suite	UNKNOWN STEP	2026-09-14T19:30:02.4281019Z shell: /nix/store/pkf547jp8a92k4wmxikkyby58w10pysr-bash-interactive-5.3p9/bin/bash --noprofile --norc -e -o pipefail {0}
Run integration test suite	UNKNOWN STEP	2026-09-14T19:30:02.4291317Z ##[endgroup]
Run integration test suite	UNKNOWN STEP	2026-09-14T19:30:02.5409496Z Marked the GitHub runner job active; Nix garbage collection is deferred
Run integration test suite	UNKNOWN STEP	2026-09-14T19:30:02.6404204Z ##[group]Run actions/checkout@v7
Run integration test suite	UNKNOWN STEP	2026-09-14T19:30:02.6407038Z with:
Run integration test suite	UNKNOWN STEP	2026-09-14T19:30:02.6409189Z   fetch-depth: 0
Run integration test suite	UNKNOWN STEP	2026-09-14T19:30:02.6411696Z   repository: vpsfreecz/vpsfree-kb-contracts
Run integration test suite	UNKNOWN STEP	2026-09-14T19:30:02.6435970Z   token: ***
Run integration test suite	UNKNOWN STEP	2026-09-14T19:30:02.6438177Z   ssh-strict: true
Run integration test suite	UNKNOWN STEP	2026-09-14T19:30:02.6440516Z   ssh-user: git
Run integration test suite	UNKNOWN STEP	2026-09-14T19:30:02.6442792Z   persist-credentials: true
Run integration test suite	UNKNOWN STEP	2026-09-14T19:30:02.6445265Z   clean: true
Run integration test suite	UNKNOWN STEP	2026-09-14T19:30:02.6447597Z   sparse-checkout-cone-mode: true
Run integration test suite	UNKNOWN STEP	2026-09-14T19:30:02.6450411Z   fetch-tags: false
Run integration test suite	UNKNOWN STEP	2026-09-14T19:30:02.6452692Z   show-progress: true
Run integration test suite	UNKNOWN STEP	2026-09-14T19:30:02.6454959Z   lfs: false
Run integration test suite	UNKNOWN STEP	2026-09-14T19:30:02.6457042Z   submodules: false
Run integration test suite	UNKNOWN STEP	2026-09-14T19:30:02.6459430Z   set-safe-directory: true
Run integration test suite	UNKNOWN STEP	2026-09-14T19:30:02.6462068Z   allow-unsafe-pr-checkout: false
Run integration test suite	UNKNOWN STEP	2026-09-14T19:30:02.6464909Z ##[endgroup]
Run integration test suite	UNKNOWN STEP	2026-09-14T19:30:03.0059730Z Syncing repository: vpsfreecz/vpsfree-kb-contracts
Run integration test suite	UNKNOWN STEP	2026-09-14T19:30:03.0071140Z ##[group]Getting Git version info
Run integration test suite	UNKNOWN STEP	2026-09-14T19:30:03.0079496Z Working directory is '/run/github-runner/runner/vpsfree-kb-contracts/vpsfree-kb-contracts'
Run integration test suite	UNKNOWN STEP	2026-09-14T19:30:03.0093085Z [command]/nix/store/nly4cml071i82515r89rpdw38z55wjqd-git-2.54.0/bin/git version
Run integration test suite	UNKNOWN STEP	2026-09-14T19:30:03.0102096Z git version 2.54.0
Run integration test suite	UNKNOWN STEP	2026-09-14T19:30:03.0117062Z ##[endgroup]
Run integration test suite	UNKNOWN STEP	2026-09-14T19:30:03.0145049Z Temporarily overriding HOME='/run/github-runner/runner/_temp/b1734b18-445a-4f81-a7f2-2cd69fb91dc3' before making global git config changes
Run integration test suite	UNKNOWN STEP	2026-09-14T19:30:03.0159872Z Adding repository directory to the temporary git global config as a safe directory
Run integration test suite	UNKNOWN STEP	2026-09-14T19:30:03.0177134Z [command]/nix/store/nly4cml071i82515r89rpdw38z55wjqd-git-2.54.0/bin/git config --global --add safe.directory /run/github-runner/runner/vpsfree-kb-contracts/vpsfree-kb-contracts
Run integration test suite	UNKNOWN STEP	2026-09-14T19:30:03.0201478Z [command]/nix/store/nly4cml071i82515r89rpdw38z55wjqd-git-2.54.0/bin/git config --local --get remote.origin.url
Run integration test suite	UNKNOWN STEP	2026-09-14T19:30:03.0214723Z https://github.com/vpsfreecz/vpsfree-kb-contracts
Run integration test suite	UNKNOWN STEP	2026-09-14T19:30:03.0244721Z ##[group]Removing previously created refs, to avoid conflicts
Run integration test suite	UNKNOWN STEP	2026-09-14T19:30:03.0256473Z [command]/nix/store/nly4cml071i82515r89rpdw38z55wjqd-git-2.54.0/bin/git rev-parse --symbolic-full-name --verify --quiet HEAD
Run integration test suite	UNKNOWN STEP	2026-09-14T19:30:03.0317182Z refs/heads/2026-09-13-auth-email
Run integration test suite	UNKNOWN STEP	2026-09-14T19:30:03.0339534Z [command]/nix/store/nly4cml071i82515r89rpdw38z55wjqd-git-2.54.0/bin/git checkout --detach
Run integration test suite	UNKNOWN STEP	2026-09-14T19:30:03.0564387Z HEAD is now at cdc4fa9 contract: pin verified email login browser coverage
Run integration test suite	UNKNOWN STEP	2026-09-14T19:30:03.0675581Z [command]/nix/store/nly4cml071i82515r89rpdw38z55wjqd-git-2.54.0/bin/git branch --delete --force 2026-09-13-auth-email
Run integration test suite	UNKNOWN STEP	2026-09-14T19:30:03.0742820Z Deleted branch 2026-09-13-auth-email (was cdc4fa9).
Run integration test suite	UNKNOWN STEP	2026-09-14T19:30:03.0867943Z ##[endgroup]
Run integration test suite	UNKNOWN STEP	2026-09-14T19:30:03.0872965Z [command]/nix/store/nly4cml071i82515r89rpdw38z55wjqd-git-2.54.0/bin/git submodule status
Run integration test suite	UNKNOWN STEP	2026-09-14T19:30:03.1751883Z ##[group]Cleaning the repository
Run integration test suite	UNKNOWN STEP	2026-09-14T19:30:03.1756992Z [command]/nix/store/nly4cml071i82515r89rpdw38z55wjqd-git-2.54.0/bin/git clean -ffdx
Run integration test suite	UNKNOWN STEP	2026-09-14T19:30:03.1863460Z [command]/nix/store/nly4cml071i82515r89rpdw38z55wjqd-git-2.54.0/bin/git reset --hard HEAD
Run integration test suite	UNKNOWN STEP	2026-09-14T19:30:03.1990084Z HEAD is now at cdc4fa9 contract: pin verified email login browser coverage
Run integration test suite	UNKNOWN STEP	2026-09-14T19:30:03.2004935Z ##[endgroup]
Run integration test suite	UNKNOWN STEP	2026-09-14T19:30:03.2010769Z ##[group]Disabling automatic garbage collection
Run integration test suite	UNKNOWN STEP	2026-09-14T19:30:03.2023161Z [command]/nix/store/nly4cml071i82515r89rpdw38z55wjqd-git-2.54.0/bin/git config --local gc.auto 0
Run integration test suite	UNKNOWN STEP	2026-09-14T19:30:03.2106165Z ##[endgroup]
Run integration test suite	UNKNOWN STEP	2026-09-14T19:30:03.2111239Z ##[group]Setting up auth
Run integration test suite	UNKNOWN STEP	2026-09-14T19:30:03.2115173Z Removing SSH command configuration
Run integration test suite	UNKNOWN STEP	2026-09-14T19:30:03.2129034Z [command]/nix/store/nly4cml071i82515r89rpdw38z55wjqd-git-2.54.0/bin/git config --local --name-only --get-regexp core\.sshCommand
Run integration test suite	UNKNOWN STEP	2026-09-14T19:30:03.2245859Z [command]/nix/store/nly4cml071i82515r89rpdw38z55wjqd-git-2.54.0/bin/git submodule foreach --recursive sh -c "git config --local --name-only --get-regexp 'core\.sshCommand' && git config --local --unset-all 'core.sshCommand' || :"
Run integration test suite	UNKNOWN STEP	2026-09-14T19:30:03.3083485Z Removing HTTP extra header
Run integration test suite	UNKNOWN STEP	2026-09-14T19:30:03.3105110Z [command]/nix/store/nly4cml071i82515r89rpdw38z55wjqd-git-2.54.0/bin/git config --local --name-only --get-regexp http\.https\:\/\/github\.com\/\.extraheader
Run integration test suite	UNKNOWN STEP	2026-09-14T19:30:03.3246762Z [command]/nix/store/nly4cml071i82515r89rpdw38z55wjqd-git-2.54.0/bin/git submodule foreach --recursive sh -c "git config --local --name-only --get-regexp 'http\.https\:\/\/github\.com\/\.extraheader' && git config --local --unset-all 'http.https://github.com/.extraheader' || :"
Run integration test suite	UNKNOWN STEP	2026-09-14T19:30:03.4122175Z Removing includeIf entries pointing to credentials config files
Run integration test suite	UNKNOWN STEP	2026-09-14T19:30:03.4130125Z [command]/nix/store/nly4cml071i82515r89rpdw38z55wjqd-git-2.54.0/bin/git config --local --name-only --get-regexp ^includeIf\.gitdir:
Run integration test suite	UNKNOWN STEP	2026-09-14T19:30:03.4206136Z [command]/nix/store/nly4cml071i82515r89rpdw38z55wjqd-git-2.54.0/bin/git submodule foreach --recursive git config --local --show-origin --name-only --get-regexp remote.origin.url
Run integration test suite	UNKNOWN STEP	2026-09-14T19:30:03.5086542Z [command]/nix/store/nly4cml071i82515r89rpdw38z55wjqd-git-2.54.0/bin/git config --file /run/github-runner/runner/_temp/git-credentials-77c85240-67c0-45b0-bf21-26090b350e96.config http.https://github.com/.extraheader AUTHORIZATION: basic ***
Run integration test suite	UNKNOWN STEP	2026-09-14T19:30:03.5179246Z [command]/nix/store/nly4cml071i82515r89rpdw38z55wjqd-git-2.54.0/bin/git config --local includeIf.gitdir:/run/github-runner/runner/vpsfree-kb-contracts/vpsfree-kb-contracts/.git.path /run/github-runner/runner/_temp/git-credentials-77c85240-67c0-45b0-bf21-26090b350e96.config
Run integration test suite	UNKNOWN STEP	2026-09-14T19:30:03.5252988Z [command]/nix/store/nly4cml071i82515r89rpdw38z55wjqd-git-2.54.0/bin/git config --local includeIf.gitdir:/run/github-runner/runner/vpsfree-kb-contracts/vpsfree-kb-contracts/.git/worktrees/*.path /run/github-runner/runner/_temp/git-credentials-77c85240-67c0-45b0-bf21-26090b350e96.config
Run integration test suite	UNKNOWN STEP	2026-09-14T19:30:03.5327276Z [command]/nix/store/nly4cml071i82515r89rpdw38z55wjqd-git-2.54.0/bin/git config --local includeIf.gitdir:/github/workspace/.git.path /github/runner_temp/git-credentials-77c85240-67c0-45b0-bf21-26090b350e96.config
Run integration test suite	UNKNOWN STEP	2026-09-14T19:30:03.5406629Z [command]/nix/store/nly4cml071i82515r89rpdw38z55wjqd-git-2.54.0/bin/git config --local includeIf.gitdir:/github/workspace/.git/worktrees/*.path /github/runner_temp/git-credentials-77c85240-67c0-45b0-bf21-26090b350e96.config
Run integration test suite	UNKNOWN STEP	2026-09-14T19:30:03.5486652Z ##[endgroup]
Run integration test suite	UNKNOWN STEP	2026-09-14T19:30:03.5491858Z ##[group]Fetching the repository
Run integration test suite	UNKNOWN STEP	2026-09-14T19:30:03.5507676Z [command]/nix/store/nly4cml071i82515r89rpdw38z55wjqd-git-2.54.0/bin/git -c protocol.version=2 fetch --no-tags --prune --no-recurse-submodules origin +refs/heads/*:refs/remotes/origin/* +refs/tags/*:refs/tags/*
Run integration test suite	UNKNOWN STEP	2026-09-14T19:30:04.7315810Z From https://github.com/vpsfreecz/vpsfree-kb-contracts
Run integration test suite	UNKNOWN STEP	2026-09-14T19:30:04.7320117Z    cdc4fa9..8c96414  2026-09-13-auth-email -> origin/2026-09-13-auth-email
Run integration test suite	UNKNOWN STEP	2026-09-14T19:30:04.7322917Z  + 61aaf95...610cb7b 2026-09-14-kernel-history-fix -> origin/2026-09-14-kernel-history-fix  (forced update)
Run integration test suite	UNKNOWN STEP	2026-09-14T19:30:04.7409187Z [command]/nix/store/nly4cml071i82515r89rpdw38z55wjqd-git-2.54.0/bin/git branch --list --remote origin/2026-09-14-kernel-history-fix
Run integration test suite	UNKNOWN STEP	2026-09-14T19:30:04.7485218Z   origin/2026-09-14-kernel-history-fix
Run integration test suite	UNKNOWN STEP	2026-09-14T19:30:04.7507305Z [command]/nix/store/nly4cml071i82515r89rpdw38z55wjqd-git-2.54.0/bin/git rev-parse refs/remotes/origin/2026-09-14-kernel-history-fix
Run integration test suite	UNKNOWN STEP	2026-09-14T19:30:04.7578903Z 610cb7bf35953ea6c1a9110fc12102e0713fcfc5
Run integration test suite	UNKNOWN STEP	2026-09-14T19:30:04.7588065Z ##[endgroup]
Run integration test suite	UNKNOWN STEP	2026-09-14T19:30:04.7590240Z ##[group]Determining the checkout info
Run integration test suite	UNKNOWN STEP	2026-09-14T19:30:04.7592304Z ##[endgroup]
Run integration test suite	UNKNOWN STEP	2026-09-14T19:30:04.7602500Z [command]/nix/store/nly4cml071i82515r89rpdw38z55wjqd-git-2.54.0/bin/git sparse-checkout disable
Run integration test suite	UNKNOWN STEP	2026-09-14T19:30:04.7722928Z [command]/nix/store/nly4cml071i82515r89rpdw38z55wjqd-git-2.54.0/bin/git config --local --unset-all extensions.worktreeConfig
Run integration test suite	UNKNOWN STEP	2026-09-14T19:30:04.7798092Z ##[group]Checking out the ref
Run integration test suite	UNKNOWN STEP	2026-09-14T19:30:04.7809566Z [command]/nix/store/nly4cml071i82515r89rpdw38z55wjqd-git-2.54.0/bin/git checkout --progress --force -B 2026-09-14-kernel-history-fix refs/remotes/origin/2026-09-14-kernel-history-fix
Run integration test suite	UNKNOWN STEP	2026-09-14T19:30:04.7959137Z Previous HEAD position was cdc4fa9 contract: pin verified email login browser coverage
Run integration test suite	UNKNOWN STEP	2026-09-14T19:30:04.8002239Z Switched to a new branch '2026-09-14-kernel-history-fix'
Run integration test suite	UNKNOWN STEP	2026-09-14T19:30:04.8008105Z branch '2026-09-14-kernel-history-fix' set up to track 'origin/2026-09-14-kernel-history-fix'.
Run integration test suite	UNKNOWN STEP	2026-09-14T19:30:04.8023658Z ##[endgroup]
Run integration test suite	UNKNOWN STEP	2026-09-14T19:30:04.8135551Z [command]/nix/store/nly4cml071i82515r89rpdw38z55wjqd-git-2.54.0/bin/git log -1 --format=%H
Run integration test suite	UNKNOWN STEP	2026-09-14T19:30:04.8209129Z 610cb7bf35953ea6c1a9110fc12102e0713fcfc5
Run integration test suite	UNKNOWN STEP	2026-09-14T19:30:04.8720165Z ##[group]Run nix develop --command bin/check --allow-missing
Run integration test suite	UNKNOWN STEP	2026-09-14T19:30:04.8721959Z ^[[36;1mnix develop --command bin/check --allow-missing^[[0m
Run integration test suite	UNKNOWN STEP	2026-09-14T19:30:04.8732052Z shell: /nix/store/pkf547jp8a92k4wmxikkyby58w10pysr-bash-interactive-5.3p9/bin/bash -e {0}
Run integration test suite	UNKNOWN STEP	2026-09-14T19:30:04.8734056Z ##[endgroup]
Run integration test suite	UNKNOWN STEP	2026-09-14T19:30:05.5182476Z unpacking 'github:vpsfreecz/vpsadmin/42984def67d405c235e2a34d91820563858ddd89?narHash=sha256-kTRKkzkiuLsYOjav6qzDqHgGQRt5s8sNntzPmmSMvLQ%3D' into the Git cache...
Run integration test suite	UNKNOWN STEP	2026-09-14T19:30:23.1196214Z building '/nix/store/qzyprj8210d90h8r7d88b153wjy8dvjf-nix-shell-env.drv'...
Run integration test suite	UNKNOWN STEP	2026-09-14T19:30:44.8891845Z Syntax OK
Run integration test suite	UNKNOWN STEP	2026-09-14T19:30:44.9114732Z Syntax OK
Run integration test suite	UNKNOWN STEP	2026-09-14T19:30:44.9349854Z Syntax OK
Run integration test suite	UNKNOWN STEP	2026-09-14T19:30:44.9573558Z Syntax OK
Run integration test suite	UNKNOWN STEP	2026-09-14T19:30:44.9822795Z Syntax OK
Run integration test suite	UNKNOWN STEP	2026-09-14T19:30:45.0057700Z Syntax OK
Run integration test suite	UNKNOWN STEP	2026-09-14T19:30:45.0292202Z Syntax OK
Run integration test suite	UNKNOWN STEP	2026-09-14T19:30:45.5961644Z Valid documentation contract: 45 controls, 36 paths, 35 capture concepts, 3 semantic selectors
Run integration test suite	UNKNOWN STEP	2026-09-14T19:30:45.9017802Z Valid KB annotation inventory: 94 bindings, 9 exceptions
Run integration test suite	UNKNOWN STEP	2026-09-14T19:30:46.2521786Z Valid page contract: 4 pages, 8 variants, 12 tests, 21 executable samples
Run integration test suite	UNKNOWN STEP	2026-09-14T19:30:46.5407050Z Valid managed page sources: no reader-visible DEBIAN_FRONTEND
Run integration test suite	UNKNOWN STEP	2026-09-14T19:30:46.9594721Z Run options: --seed 47287
Run integration test suite	UNKNOWN STEP	2026-09-14T19:30:46.9595460Z 
Run integration test suite	UNKNOWN STEP	2026-09-14T19:30:46.9595916Z # Running:
Run integration test suite	UNKNOWN STEP	2026-09-14T19:30:46.9597779Z 
Run integration test suite	UNKNOWN STEP	2026-09-14T19:30:51.1146183Z ........
Run integration test suite	UNKNOWN STEP	2026-09-14T19:30:51.1146688Z 
Run integration test suite	UNKNOWN STEP	2026-09-14T19:30:51.1147299Z Finished in 4.200841s, 1.9044 runs/s, 11.9024 assertions/s.
Run integration test suite	UNKNOWN STEP	2026-09-14T19:30:51.1153869Z 
Run integration test suite	UNKNOWN STEP	2026-09-14T19:30:51.1154329Z 8 runs, 50 assertions, 0 failures, 0 errors, 0 skips
Run integration test suite	UNKNOWN STEP	2026-09-14T19:30:51.4949022Z Run options: --seed 6501
Run integration test suite	UNKNOWN STEP	2026-09-14T19:30:51.4949963Z 
Run integration test suite	UNKNOWN STEP	2026-09-14T19:30:51.4950334Z # Running:
Run integration test suite	UNKNOWN STEP	2026-09-14T19:30:51.4950705Z 
Run integration test suite	UNKNOWN STEP	2026-09-14T19:30:53.4903239Z ..........
Run integration test suite	UNKNOWN STEP	2026-09-14T19:30:53.4903737Z 
Run integration test suite	UNKNOWN STEP	2026-09-14T19:30:53.4904370Z Finished in 2.013442s, 4.9666 runs/s, 10.9266 assertions/s.
Run integration test suite	UNKNOWN STEP	2026-09-14T19:30:53.4905186Z 
Run integration test suite	UNKNOWN STEP	2026-09-14T19:30:53.4906038Z 10 runs, 22 assertions, 0 failures, 0 errors, 0 skips
Run integration test suite	UNKNOWN STEP	2026-09-14T19:30:53.8500610Z Run options: --seed 28465
Run integration test suite	UNKNOWN STEP	2026-09-14T19:30:53.8501699Z 
Run integration test suite	UNKNOWN STEP	2026-09-14T19:30:53.8502215Z # Running:
Run integration test suite	UNKNOWN STEP	2026-09-14T19:30:53.8502926Z 
Run integration test suite	UNKNOWN STEP	2026-09-14T19:31:06.0983801Z ......................................
Run integration test suite	UNKNOWN STEP	2026-09-14T19:31:06.0984544Z 
Run integration test suite	UNKNOWN STEP	2026-09-14T19:31:06.0985076Z Finished in 12.284615s, 3.0933 runs/s, 9.1171 assertions/s.
Run integration test suite	UNKNOWN STEP	2026-09-14T19:31:06.0985899Z 
Run integration test suite	UNKNOWN STEP	2026-09-14T19:31:06.0986349Z 38 runs, 112 assertions, 0 failures, 0 errors, 0 skips
Run integration test suite	UNKNOWN STEP	2026-09-14T19:31:06.4653782Z Run options: --seed 23333
Run integration test suite	UNKNOWN STEP	2026-09-14T19:31:06.4654413Z 
Run integration test suite	UNKNOWN STEP	2026-09-14T19:31:06.4654701Z # Running:
Run integration test suite	UNKNOWN STEP	2026-09-14T19:31:06.4655088Z 
Run integration test suite	UNKNOWN STEP	2026-09-14T19:31:07.6340132Z ....
Run integration test suite	UNKNOWN STEP	2026-09-14T19:31:07.6341042Z 
Run integration test suite	UNKNOWN STEP	2026-09-14T19:31:07.6342108Z Finished in 1.206115s, 3.3164 runs/s, 8.2911 assertions/s.
Run integration test suite	UNKNOWN STEP	2026-09-14T19:31:07.6343776Z 
Run integration test suite	UNKNOWN STEP	2026-09-14T19:31:07.6344646Z 4 runs, 10 assertions, 0 failures, 0 errors, 0 skips
Run integration test suite	UNKNOWN STEP	2026-09-14T19:31:09.9193902Z Valid inventory: 60 concepts, 120 variants, 66 Czech references, 61 English references, 120 PNGs
Run integration test suite	UNKNOWN STEP	2026-09-14T19:31:09.9514513Z ##[group]Run vpsfreecz/vpsadminos/.github/actions/prepare-test-state@6bdf458fd9105379860234ff33d352e55844f08f
Run integration test suite	UNKNOWN STEP	2026-09-14T19:31:09.9516319Z ##[endgroup]
Run integration test suite	UNKNOWN STEP	2026-09-14T19:31:09.9774815Z ##[start-action display=Run bash "$GITHUB_ACTION_PATH/prepare-test-state.bash";id=prepare-tests.prepare]
Run integration test suite	UNKNOWN STEP	2026-09-14T19:31:09.9858003Z ##[group]Run bash "$GITHUB_ACTION_PATH/prepare-test-state.bash"
Run integration test suite	UNKNOWN STEP	2026-09-14T19:31:09.9859630Z ^[[36;1mbash "$GITHUB_ACTION_PATH/prepare-test-state.bash"^[[0m
Run integration test suite	UNKNOWN STEP	2026-09-14T19:31:09.9867897Z shell: /nix/store/pkf547jp8a92k4wmxikkyby58w10pysr-bash-interactive-5.3p9/bin/bash --noprofile --norc -e -o pipefail {0}
Run integration test suite	UNKNOWN STEP	2026-09-14T19:31:09.9869966Z env:
Run integration test suite	UNKNOWN STEP	2026-09-14T19:31:09.9870614Z   TEST_STATE_REPOSITORY_ID: 1296704888
Run integration test suite	UNKNOWN STEP	2026-09-14T19:31:09.9871481Z   TEST_STATE_RUN_ID: 34877456477
Run integration test suite	UNKNOWN STEP	2026-09-14T19:31:09.9872277Z   TEST_STATE_RUN_ATTEMPT: 1
Run integration test suite	UNKNOWN STEP	2026-09-14T19:31:09.9873021Z ##[endgroup]
Run integration test suite	UNKNOWN STEP	2026-09-14T19:31:10.0150102Z Prepared test-runner state directory: /tmp/os-test-runner-1296704888-34877456477-1
Run integration test suite	UNKNOWN STEP	2026-09-14T19:31:10.0270690Z ##[end-action id=prepare-tests.prepare;outcome=success;conclusion=success;duration_ms=49]
Run integration test suite	UNKNOWN STEP	2026-09-14T19:31:10.0451645Z ##[group]Run set -o pipefail
Run integration test suite	UNKNOWN STEP	2026-09-14T19:31:10.0452700Z ^[[36;1mset -o pipefail^[[0m
Run integration test suite	UNKNOWN STEP	2026-09-14T19:31:10.0453683Z ^[[36;1m./test-runner.sh test \^[[0m
Run integration test suite	UNKNOWN STEP	2026-09-14T19:31:10.0454862Z ^[[36;1m  --state-dir "$TEST_RUNNER_STATE_DIR" \^[[0m
Run integration test suite	UNKNOWN STEP	2026-09-14T19:31:10.0455840Z ^[[36;1m  --fresh \^[[0m
Run integration test suite	UNKNOWN STEP	2026-09-14T19:31:10.0456564Z ^[[36;1m  --jobs auto \^[[0m
Run integration test suite	UNKNOWN STEP	2026-09-14T19:31:10.0457403Z ^[[36;1m  | tee "$TEST_RUNNER_STATE_DIR/test.log"^[[0m
Run integration test suite	UNKNOWN STEP	2026-09-14T19:31:10.0464604Z shell: /nix/store/pkf547jp8a92k4wmxikkyby58w10pysr-bash-interactive-5.3p9/bin/bash -e {0}
Run integration test suite	UNKNOWN STEP	2026-09-14T19:31:10.0466103Z env:
Run integration test suite	UNKNOWN STEP	2026-09-14T19:31:10.0467013Z   TEST_RUNNER_STATE_DIR: /tmp/os-test-runner-1296704888-34877456477-1
Run integration test suite	UNKNOWN STEP	2026-09-14T19:31:10.0468172Z ##[endgroup]
Run integration test suite	UNKNOWN STEP	2026-09-14T19:31:15.2758541Z this derivation will be built:
Run integration test suite	UNKNOWN STEP	2026-09-14T19:31:15.2760008Z   /nix/store/gj3yybvz7xv0xm000mih9iig3ijaa53n-test-runner.drv
Run integration test suite	UNKNOWN STEP	2026-09-14T19:31:15.3521688Z building '/nix/store/gj3yybvz7xv0xm000mih9iig3ijaa53n-test-runner.drv'...
Run integration test suite	UNKNOWN STEP	2026-09-14T19:31:19.7670274Z this derivation will be built:
Run integration test suite	UNKNOWN STEP	2026-09-14T19:31:19.7672095Z   /nix/store/ml3kqp9wx2chqy3qayc8gjx1va1yqqg3-test-runner-repository-source.drv
Run integration test suite	UNKNOWN STEP	2026-09-14T19:31:19.8335086Z building '/nix/store/ml3kqp9wx2chqy3qayc8gjx1va1yqqg3-test-runner-repository-source.drv'...
Run integration test suite	UNKNOWN STEP	2026-09-14T19:31:23.5536567Z The following test scripts will be run:
Run integration test suite	UNKNOWN STEP	2026-09-14T19:31:23.5550687Z   kb/firewall#firewalld
Run integration test suite	UNKNOWN STEP	2026-09-14T19:31:23.5551620Z   kb/firewall#iptables
Run integration test suite	UNKNOWN STEP	2026-09-14T19:31:23.5552579Z   kb/firewall#nftables
Run integration test suite	UNKNOWN STEP	2026-09-14T19:31:23.5553440Z   kb/firewall#nixos
Run integration test suite	UNKNOWN STEP	2026-09-14T19:31:23.5554272Z   kb/firewall#ufw
Run integration test suite	UNKNOWN STEP	2026-09-14T19:31:23.5555086Z   kb/gre#tunnel
Run integration test suite	UNKNOWN STEP	2026-09-14T19:31:23.5555900Z   kb/guix#reconfigure
Run integration test suite	UNKNOWN STEP	2026-09-14T19:31:23.5556750Z   kb/kvm#libvirt
Run integration test suite	UNKNOWN STEP	2026-09-14T19:31:23.5557630Z   kb/kvm#networking
Run integration test suite	UNKNOWN STEP	2026-09-14T19:31:23.5558468Z   kb/kvm#nfs-locking
Run integration test suite	UNKNOWN STEP	2026-09-14T19:31:23.5559555Z   kb/kvm#platform-defaults
Run integration test suite	UNKNOWN STEP	2026-09-14T19:31:23.5560466Z   kb/kvm#storage
Run integration test suite	UNKNOWN STEP	2026-09-14T19:31:23.5560983Z 
Run integration test suite	UNKNOWN STEP	2026-09-14T19:31:23.5655683Z [2026-09-14 21:31:23 +0200] Running 12 scripts of 4 tests, at most 4 tests at a time (auto)
Run integration test suite	UNKNOWN STEP	2026-09-14T19:31:23.5659294Z [2026-09-14 21:31:23 +0200] Resource detection: memory assigned=96.0 GiB, available-at-start=95.2 GiB, reserve=8.0 GiB, limit=87.2 GiB; shm assigned=123.7 GiB, available-at-start=123.7 GiB, reserve=8.0 GiB, limit=115.7 GiB
Run integration test suite	UNKNOWN STEP	2026-09-14T19:31:23.5662756Z [2026-09-14 21:31:23 +0200] Resource limits: memory=0 MiB/87.2 GiB, shm=0 MiB/115.7 GiB, cpus=0/63, running=0
Run integration test suite	UNKNOWN STEP	2026-09-14T19:31:23.5664911Z [2026-09-14 21:31:23 +0200] State directory is /tmp/os-test-runner-1296704888-34877456477-1
Run integration test suite	UNKNOWN STEP	2026-09-14T19:31:23.5768475Z [2026-09-14 21:31:23 +0200] Reserved resources for 'kb/gre': machines=1, memory=8.0 GiB, shm=8.0 GiB, cpus=4; pool: memory=8.0 GiB/87.2 GiB, shm=8.0 GiB/115.7 GiB, cpus=4/63, running=1
Run integration test suite	UNKNOWN STEP	2026-09-14T19:31:23.5771455Z [2026-09-14 21:31:23 +0200] [1/4] Running test 'kb/gre' (#tunnel)
Run integration test suite	UNKNOWN STEP	2026-09-14T19:31:23.5774368Z [2026-09-14 21:31:23 +0200] Reserved resources for 'kb/guix': machines=1, memory=12.0 GiB, shm=12.0 GiB, cpus=4; pool: memory=20.0 GiB/87.2 GiB, shm=20.0 GiB/115.7 GiB, cpus=8/63, running=2
Run integration test suite	UNKNOWN STEP	2026-09-14T19:31:23.5777096Z [2026-09-14 21:31:23 +0200] [2/4] Running test 'kb/guix' (#reconfigure)
Run integration test suite	UNKNOWN STEP	2026-09-14T19:31:23.5779836Z [2026-09-14 21:31:23 +0200] Reserved resources for 'kb/kvm': machines=2, memory=8.0 GiB, shm=8.0 GiB, cpus=8; pool: memory=28.0 GiB/87.2 GiB, shm=28.0 GiB/115.7 GiB, cpus=16/63, running=3
Run integration test suite	UNKNOWN STEP	2026-09-14T19:31:23.5782982Z [2026-09-14 21:31:23 +0200] [3/4] Running test 'kb/kvm' (#networking, #libvirt, #storage, #nfs-locking, #platform-defaults)
Run integration test suite	UNKNOWN STEP	2026-09-14T19:31:23.5786172Z [2026-09-14 21:31:23 +0200] Reserved resources for 'kb/firewall': machines=1, memory=8.0 GiB, shm=8.0 GiB, cpus=4; pool: memory=36.0 GiB/87.2 GiB, shm=36.0 GiB/115.7 GiB, cpus=20/63, running=4
Run integration test suite	UNKNOWN STEP	2026-09-14T19:31:23.5789350Z [2026-09-14 21:31:23 +0200] [4/4] Running test 'kb/firewall' (#iptables, #ufw, #nixos, #firewalld, #nftables)
Run integration test suite	UNKNOWN STEP	2026-09-14T19:33:39.6901320Z [2026-09-14 21:33:39 +0200] [1/4] Example [1/3] 'the documented transient GRE configuration creates matching endpoints from the exact page fixtures' succeeded in 20.8 seconds
Run integration test suite	UNKNOWN STEP	2026-09-14T19:34:24.4580742Z [2026-09-14 21:34:24 +0200] [4/4] Example [1/1] 'the documented Debian iptables firewall uses the nftables backend and preserves dual-stack policy across restart' succeeded in 120.43 seconds
Run integration test suite	UNKNOWN STEP	2026-09-14T19:34:28.2911825Z [2026-09-14 21:34:28 +0200] [4/4] Script 'kb/firewall#iptables' successful in 169.96 seconds
Run integration test suite	UNKNOWN STEP	2026-09-14T19:34:32.4905839Z [2026-09-14 21:34:32 +0200] [1/4] Example [2/3] 'the documented Debian ifupdown configuration recreates the tunnel from the persistent endpoint stanzas' succeeded in 52.8 seconds
Run integration test suite	UNKNOWN STEP	2026-09-14T19:35:05.4531523Z [2026-09-14 21:35:05 +0200] [1/4] Example [3/3] 'the documented Debian ifupdown configuration brings the tunnel back after both containers restart' succeeded in 32.96 seconds
Run integration test suite	UNKNOWN STEP	2026-09-14T19:35:13.4673885Z [2026-09-14 21:35:13 +0200] [1/4] Script 'kb/gre#tunnel' successful in 215.31 seconds
Run integration test suite	UNKNOWN STEP	2026-09-14T19:35:23.0144651Z [2026-09-14 21:35:23 +0200] [1/4] Test 'kb/gre' successful in 239.44 seconds
Run integration test suite	UNKNOWN STEP	2026-09-14T19:36:23.5771031Z [2026-09-14 21:36:23 +0200] Status: passing; 1 succeeded as expected, 0 failed as expected, 0 unexpectedly failed, 0 unexpectedly succeeded; 3 running, 0 remaining
Run integration test suite	UNKNOWN STEP	2026-09-14T19:36:26.8194379Z [2026-09-14 21:36:26 +0200] [4/4] Example [1/1] 'the documented Ubuntu UFW firewall enforces the selected services for IPv4 and IPv6 across restart' succeeded in 117.35 seconds
Run integration test suite	UNKNOWN STEP	2026-09-14T19:36:30.5200386Z [2026-09-14 21:36:30 +0200] [4/4] Script 'kb/firewall#ufw' successful in 122.23 seconds
Run integration test suite	UNKNOWN STEP	2026-09-14T19:41:23.5774209Z [2026-09-14 21:41:23 +0200] Status: passing; 1 succeeded as expected, 0 failed as expected, 0 unexpectedly failed, 0 unexpectedly succeeded; 3 running, 0 remaining
Run integration test suite	UNKNOWN STEP	2026-09-14T19:41:45.0393374Z [2026-09-14 21:41:45 +0200] [4/4] Example [1/1] 'the documented NixOS firewall persists the declarative dual-stack policy after a test activation' succeeded in 313.32 seconds
Run integration test suite	UNKNOWN STEP	2026-09-14T19:41:49.2147753Z [2026-09-14 21:41:49 +0200] [4/4] Script 'kb/firewall#nixos' successful in 318.69 seconds
Run integration test suite	UNKNOWN STEP	2026-09-14T19:44:02.8007308Z [2026-09-14 21:44:02 +0200] [4/4] Example [1/1] 'the documented Fedora firewalld firewall enforces the public zone for IPv4 and IPv6 across restart' succeeded in 132.32 seconds
Run integration test suite	UNKNOWN STEP	2026-09-14T19:44:06.8797123Z [2026-09-14 21:44:06 +0200] [4/4] Script 'kb/firewall#firewalld' successful in 137.66 seconds
Run integration test suite	UNKNOWN STEP	2026-09-14T19:45:50.7729290Z [2026-09-14 21:45:50 +0200] [4/4] Example [1/1] 'the documented native nftables firewall filters IPv4 and IPv6 through one inet table across restart' succeeded in 102.69 seconds
Run integration test suite	UNKNOWN STEP	2026-09-14T19:45:54.7959835Z [2026-09-14 21:45:54 +0200] [4/4] Script 'kb/firewall#nftables' successful in 107.92 seconds
Run integration test suite	UNKNOWN STEP	2026-09-14T19:46:04.4969930Z [2026-09-14 21:46:04 +0200] [4/4] Test 'kb/firewall' successful in 880.92 seconds
Run integration test suite	UNKNOWN STEP	2026-09-14T19:46:23.5781033Z [2026-09-14 21:46:23 +0200] Status: passing; 2 succeeded as expected, 0 failed as expected, 0 unexpectedly failed, 0 unexpectedly succeeded; 2 running, 0 remaining
Run integration test suite	UNKNOWN STEP	2026-09-14T19:48:08.6627727Z [2026-09-14 21:48:08 +0200] [3/4] Example [1/9] 'public VPS addresses forwarded through dual-stack libvirt NAT exposes IPv4 and IPv6 services while preserving outbound access' succeeded in 9.66 seconds
Run integration test suite	UNKNOWN STEP	2026-09-14T19:48:11.9156696Z [2026-09-14 21:48:11 +0200] [3/4] Example [2/9] 'public VPS addresses forwarded through dual-stack libvirt NAT forwards additional UDP ports over IPv4 and IPv6' succeeded in 3.25 seconds
Run integration test suite	UNKNOWN STEP	2026-09-14T19:48:24.2455981Z [2026-09-14 21:48:24 +0200] [3/4] Example [3/9] 'public VPS addresses forwarded through dual-stack libvirt NAT rejects invalid records without replacing active forwards' succeeded in 12.33 seconds
Run integration test suite	UNKNOWN STEP	2026-09-14T19:48:44.0596365Z [2026-09-14 21:48:44 +0200] [3/4] Example [4/9] 'public VPS addresses forwarded through dual-stack libvirt NAT restores forwards across network lifecycle events' succeeded in 19.81 seconds
Run integration test suite	UNKNOWN STEP	2026-09-14T19:49:00.4173046Z [2026-09-14 21:49:00 +0200] [3/4] Example [5/9] 'public VPS addresses forwarded through dual-stack libvirt NAT keeps updates idempotent and removes deleted forwards' succeeded in 16.36 seconds
Run integration test suite	UNKNOWN STEP	2026-09-14T19:49:20.4480959Z [2026-09-14 21:49:20 +0200] [3/4] Example [6/9] 'public IPv4 and a delegated IPv6 /64 routed through the VPS keeps delegated addresses off the outer VPS interface' succeeded in 20.03 seconds
Run integration test suite	UNKNOWN STEP	2026-09-14T19:49:55.8433946Z [2026-09-14 21:49:55 +0200] [3/4] Example [7/9] 'public IPv4 and a delegated IPv6 /64 routed through the VPS refuses stale live routes and applies changed inputs when stopped' succeeded in 35.39 seconds
Run integration test suite	UNKNOWN STEP	2026-09-14T19:50:06.0860922Z [2026-09-14 21:50:06 +0200] [3/4] Example [8/9] 'public IPv4 and a delegated IPv6 /64 routed through the VPS routes IPv4 HTTP, SSH and the guest source address without NAT' succeeded in 10.24 seconds
Run integration test suite	UNKNOWN STEP	2026-09-14T19:50:11.2000467Z [2026-09-14 21:50:11 +0200] [3/4] Example [9/9] 'public IPv4 and a delegated IPv6 /64 routed through the VPS routes the delegated IPv6 /64 without NAT' succeeded in 5.11 seconds
Run integration test suite	UNKNOWN STEP	2026-09-14T19:50:11.2006071Z [2026-09-14 21:50:11 +0200] [3/4] Script 'kb/kvm#networking' successful in 841.88 seconds
Run integration test suite	UNKNOWN STEP	2026-09-14T19:51:23.5782193Z [2026-09-14 21:51:23 +0200] Status: passing; 2 succeeded as expected, 0 failed as expected, 0 unexpectedly failed, 0 unexpectedly succeeded; 2 running, 0 remaining
Run integration test suite	UNKNOWN STEP	2026-09-14T19:54:10.2955530Z [2026-09-14 21:54:10 +0200] [3/4] Example [1/2] 'the documented Debian libvirt setup installs and reaches the system libvirt connection' succeeded in 139.76 seconds
Run integration test suite	UNKNOWN STEP	2026-09-14T19:54:13.4249253Z [2026-09-14 21:54:13 +0200] [3/4] Example [2/2] 'the documented Debian libvirt setup reports KVM support without creating a domain' succeeded in 3.13 seconds
Run integration test suite	UNKNOWN STEP	2026-09-14T19:54:13.4252018Z [2026-09-14 21:54:13 +0200] [3/4] Script 'kb/kvm#libvirt' successful in 242.22 seconds
Run integration test suite	UNKNOWN STEP	2026-09-14T19:55:29.7508477Z [2026-09-14 21:55:29 +0200] [2/4] Example [1/5] 'the shipped Guix configuration contract keeps the vpsAdminOS module and generated-network integration' succeeded in 5.68 seconds
Run integration test suite	UNKNOWN STEP	2026-09-14T19:56:23.5784682Z [2026-09-14 21:56:23 +0200] Status: passing; 2 succeeded as expected, 0 failed as expected, 0 unexpectedly failed, 0 unexpectedly succeeded; 2 running, 0 remaining
Run integration test suite	UNKNOWN STEP	2026-09-14T19:57:02.2833389Z [2026-09-14 21:57:02 +0200] [2/4] Example [2/5] 'the shipped Guix configuration contract creates and activates a new generation with the documented command' succeeded in 92.53 seconds
Run integration test suite	UNKNOWN STEP	2026-09-14T19:57:36.5347029Z [2026-09-14 21:57:36 +0200] [2/4] Example [3/5] 'the shipped Guix configuration contract boots the new generation with networking and SSH available' succeeded in 34.25 seconds
Run integration test suite	UNKNOWN STEP	2026-09-14T19:58:45.2421175Z [2026-09-14 21:58:45 +0200] [3/4] Example [1/2] 'the documented libvirt storage pool mounts a subdataset with inherited ZFS defaults' succeeded in 8.56 seconds
Run integration test suite	UNKNOWN STEP	2026-09-14T19:58:52.5934944Z [2026-09-14 21:58:52 +0200] [3/4] Example [2/2] 'the documented libvirt storage pool lets libvirt manage volumes on the mounted subdataset' succeeded in 7.35 seconds
Run integration test suite	UNKNOWN STEP	2026-09-14T19:58:52.5938065Z [2026-09-14 21:58:52 +0200] [3/4] Script 'kb/kvm#storage' successful in 279.17 seconds
Run integration test suite	UNKNOWN STEP	2026-09-14T20:00:18.6698102Z [2026-09-14 22:00:18 +0200] [2/4] Example [4/5] 'the documented Guix deployment contract deploys the complete configuration to a second Guix VPS' succeeded in 162.13 seconds
Run integration test suite	UNKNOWN STEP	2026-09-14T20:00:52.4952377Z [2026-09-14 22:00:52 +0200] [2/4] Example [5/5] 'the documented Guix deployment contract boots the deployed generation with key-only SSH available' succeeded in 33.83 seconds
Run integration test suite	UNKNOWN STEP	2026-09-14T20:00:59.7625214Z [2026-09-14 22:00:59 +0200] [2/4] Script 'kb/guix#reconfigure' successful in 1761.24 seconds
Run integration test suite	UNKNOWN STEP	2026-09-14T20:01:12.0946940Z [2026-09-14 22:01:12 +0200] [2/4] Test 'kb/guix' successful in 1788.52 seconds
Run integration test suite	UNKNOWN STEP	2026-09-14T20:01:23.5787350Z [2026-09-14 22:01:23 +0200] Status: passing; 3 succeeded as expected, 0 failed as expected, 0 unexpectedly failed, 0 unexpectedly succeeded; 1 running, 0 remaining
Run integration test suite	UNKNOWN STEP	2026-09-14T20:02:46.0184158Z [2026-09-14 22:02:46 +0200] [3/4] Example [1/2] 'the constrained NFS installer-ISO workaround does not start QEMU on an NFSv3 server without NLM' succeeded in 23.22 seconds
Run integration test suite	UNKNOWN STEP	2026-09-14T20:02:51.1844246Z [2026-09-14 22:02:51 +0200] [3/4] Example [2/2] 'the constrained NFS installer-ISO workaround uses nolock only for the same read-only installer ISO' succeeded in 5.17 seconds
Run integration test suite	UNKNOWN STEP	2026-09-14T20:02:51.1847401Z [2026-09-14 22:02:51 +0200] [3/4] Script 'kb/kvm#nfs-locking' successful in 238.59 seconds
Run integration test suite	UNKNOWN STEP	2026-09-14T20:04:28.1838004Z [2026-09-14 22:04:28 +0200] [3/4] Example [1/2] 'the vpsFree KVM host defaults enables KVM and TUN without feature overrides' succeeded in 5.07 seconds
Run integration test suite	UNKNOWN STEP	2026-09-14T20:04:31.3337565Z [2026-09-14 22:04:31 +0200] [3/4] Example [2/2] 'the vpsFree KVM host defaults exposes the feature device mappings in the VPS' succeeded in 3.15 seconds
Run integration test suite	UNKNOWN STEP	2026-09-14T20:04:31.3340863Z [2026-09-14 22:04:31 +0200] [3/4] Script 'kb/kvm#platform-defaults' successful in 100.15 seconds
Run integration test suite	UNKNOWN STEP	2026-09-14T20:06:23.5792226Z [2026-09-14 22:06:23 +0200] Status: passing; 3 succeeded as expected, 0 failed as expected, 0 unexpectedly failed, 0 unexpectedly succeeded; 1 running, 0 remaining
Run integration test suite	UNKNOWN STEP	2026-09-14T20:10:21.1075099Z [2026-09-14 22:10:21 +0200] [3/4] Test 'kb/kvm' successful in 2337.53 seconds
Run integration test suite	UNKNOWN STEP	2026-09-14T20:10:21.1081400Z [2026-09-14 22:10:21 +0200] Run 12 test scripts of 4 tests in 2337.54 seconds
Run integration test suite	UNKNOWN STEP	2026-09-14T20:10:21.1082972Z [2026-09-14 22:10:21 +0200] 4 tests successful
Run integration test suite	UNKNOWN STEP	2026-09-14T20:10:21.1877226Z ##[group]Run vpsfreecz/vpsadminos/.github/actions/evaluate-test-results@6bdf458fd9105379860234ff33d352e55844f08f
Run integration test suite	UNKNOWN STEP	2026-09-14T20:10:21.1886474Z with:
Run integration test suite	UNKNOWN STEP	2026-09-14T20:10:21.1887630Z   log-file: /tmp/os-test-runner-1296704888-34877456477-1/test.log
Run integration test suite	UNKNOWN STEP	2026-09-14T20:10:21.1889096Z env:
Run integration test suite	UNKNOWN STEP	2026-09-14T20:10:21.1890199Z   TEST_RUNNER_STATE_DIR: /tmp/os-test-runner-1296704888-34877456477-1
Run integration test suite	UNKNOWN STEP	2026-09-14T20:10:21.1891584Z ##[endgroup]
Run integration test suite	UNKNOWN STEP	2026-09-14T20:10:21.2009184Z ##[start-action display=Run set -euo pipefail;id=__vpsfreecz_vpsadminos.evaluate]
Run integration test suite	UNKNOWN STEP	2026-09-14T20:10:21.2056496Z ##[group]Run set -euo pipefail
Run integration test suite	UNKNOWN STEP	2026-09-14T20:10:21.2057475Z ^[[36;1mset -euo pipefail^[[0m
Run integration test suite	UNKNOWN STEP	2026-09-14T20:10:21.2058212Z ^[[36;1m^[[0m
Run integration test suite	UNKNOWN STEP	2026-09-14T20:10:21.2059339Z ^[[36;1mlog_file="/tmp/os-test-runner-1296704888-34877456477-1/test.log"^[[0m
Run integration test suite	UNKNOWN STEP	2026-09-14T20:10:21.2060523Z ^[[36;1m^[[0m
Run integration test suite	UNKNOWN STEP	2026-09-14T20:10:21.2061156Z ^[[36;1mif [ ! -f "$log_file" ]; then^[[0m
Run integration test suite	UNKNOWN STEP	2026-09-14T20:10:21.2062164Z ^[[36;1m  echo "::error::Test log '$log_file' not found"^[[0m
Run integration test suite	UNKNOWN STEP	2026-09-14T20:10:21.2063250Z ^[[36;1m  exit 1^[[0m
Run integration test suite	UNKNOWN STEP	2026-09-14T20:10:21.2063902Z ^[[36;1mfi^[[0m
Run integration test suite	UNKNOWN STEP	2026-09-14T20:10:21.2064489Z ^[[36;1m^[[0m
Run integration test suite	UNKNOWN STEP	2026-09-14T20:10:21.2065544Z ^[[36;1m# Disable pipefail while grepping so missing matches do not fail the step^[[0m
Run integration test suite	UNKNOWN STEP	2026-09-14T20:10:21.2066865Z ^[[36;1mset +o pipefail^[[0m
Run integration test suite	UNKNOWN STEP	2026-09-14T20:10:21.2068153Z ^[[36;1mEXPECTED_SUCCESSFUL=$(grep -oP "\d+ tests successful" "$log_file" | cut -f1 -d ' ')^[[0m
Run integration test suite	UNKNOWN STEP	2026-09-14T20:10:21.2070231Z ^[[36;1mEXPECTED_FAILED=$(grep -oP "\d+ tests failed as expected" "$log_file" | cut -f1 -d ' ')^[[0m
Run integration test suite	UNKNOWN STEP	2026-09-14T20:10:21.2072266Z ^[[36;1mUNEXPECTED_FAILED=$(grep -oP "\d+ tests should have succeeded" "$log_file" | cut -f1 -d ' ')^[[0m
Run integration test suite	UNKNOWN STEP	2026-09-14T20:10:21.2074342Z ^[[36;1mUNEXPECTED_SUCCESSFUL=$(grep -oP "\d+ tests should have failed" "$log_file" | cut -f1 -d ' ')^[[0m
Run integration test suite	UNKNOWN STEP	2026-09-14T20:10:21.2075840Z ^[[36;1mset -o pipefail^[[0m
Run integration test suite	UNKNOWN STEP	2026-09-14T20:10:21.2076560Z ^[[36;1m^[[0m
Run integration test suite	UNKNOWN STEP	2026-09-14T20:10:21.2077625Z ^[[36;1mecho "expected_successful=${EXPECTED_SUCCESSFUL:-0}" >>"$GITHUB_OUTPUT"^[[0m
Run integration test suite	UNKNOWN STEP	2026-09-14T20:10:21.2079482Z ^[[36;1mecho "expected_failed=${EXPECTED_FAILED:-0}" >>"$GITHUB_OUTPUT"^[[0m
Run integration test suite	UNKNOWN STEP	2026-09-14T20:10:21.2081070Z ^[[36;1mecho "unexpected_failed=${UNEXPECTED_FAILED:-0}" >>"$GITHUB_OUTPUT"^[[0m
Run integration test suite	UNKNOWN STEP	2026-09-14T20:10:21.2082785Z ^[[36;1mecho "unexpected_successful=${UNEXPECTED_SUCCESSFUL:-0}" >>"$GITHUB_OUTPUT"^[[0m
Run integration test suite	UNKNOWN STEP	2026-09-14T20:10:21.2084097Z ^[[36;1m^[[0m
Run integration test suite	UNKNOWN STEP	2026-09-14T20:10:21.2084851Z ^[[36;1m{^[[0m
Run integration test suite	UNKNOWN STEP	2026-09-14T20:10:21.2085503Z ^[[36;1m  echo '### Test summary'^[[0m
Run integration test suite	UNKNOWN STEP	2026-09-14T20:10:21.2086310Z ^[[36;1m  echo ""^[[0m
Run integration test suite	UNKNOWN STEP	2026-09-14T20:10:21.2087022Z ^[[36;1m  echo "| Result | Count |"^[[0m
Run integration test suite	UNKNOWN STEP	2026-09-14T20:10:21.2087867Z ^[[36;1m  echo "|--------|-------|"^[[0m
Run integration test suite	UNKNOWN STEP	2026-09-14T20:10:21.2089124Z ^[[36;1m  echo "| ✅ Successful (expected) | ${EXPECTED_SUCCESSFUL:-0} |"^[[0m
Run integration test suite	UNKNOWN STEP	2026-09-14T20:10:21.2090548Z ^[[36;1m  echo "| ⚠️ Failed (expected) | ${EXPECTED_FAILED:-0} |"^[[0m
Run integration test suite	UNKNOWN STEP	2026-09-14T20:10:21.2091876Z ^[[36;1m  echo "| ❌ Failed (unexpected) | ${UNEXPECTED_FAILED:-0} |"^[[0m
Run integration test suite	UNKNOWN STEP	2026-09-14T20:10:21.2093352Z ^[[36;1m  echo "| ❌ Successful (unexpected) | ${UNEXPECTED_SUCCESSFUL:-0} |"^[[0m
Run integration test suite	UNKNOWN STEP	2026-09-14T20:10:21.2094580Z ^[[36;1m  echo ""^[[0m
Run integration test suite	UNKNOWN STEP	2026-09-14T20:10:21.2095313Z ^[[36;1m} >>"$GITHUB_STEP_SUMMARY"^[[0m
Run integration test suite	UNKNOWN STEP	2026-09-14T20:10:21.2096124Z ^[[36;1m^[[0m
Run integration test suite	UNKNOWN STEP	2026-09-14T20:10:21.2097239Z ^[[36;1mif [ "${UNEXPECTED_FAILED:-0}" -gt 0 ] || [ "${UNEXPECTED_SUCCESSFUL:-0}" -gt 0 ]; then^[[0m
Run integration test suite	UNKNOWN STEP	2026-09-14T20:10:21.2099785Z ^[[36;1m  echo "::error::${UNEXPECTED_FAILED:-0} tests unexpectedly failed, ${UNEXPECTED_SUCCESSFUL:-0} tests unexpectedly succeeded"^[[0m
Run integration test suite	UNKNOWN STEP	2026-09-14T20:10:21.2101817Z ^[[36;1m  exit 1^[[0m
Run integration test suite	UNKNOWN STEP	2026-09-14T20:10:21.2102450Z ^[[36;1mfi^[[0m
Run integration test suite	UNKNOWN STEP	2026-09-14T20:10:21.2109833Z shell: /nix/store/pkf547jp8a92k4wmxikkyby58w10pysr-bash-interactive-5.3p9/bin/bash --noprofile --norc -e -o pipefail {0}
Run integration test suite	UNKNOWN STEP	2026-09-14T20:10:21.2111686Z env:
Run integration test suite	UNKNOWN STEP	2026-09-14T20:10:21.2112591Z   TEST_RUNNER_STATE_DIR: /tmp/os-test-runner-1296704888-34877456477-1
Run integration test suite	UNKNOWN STEP	2026-09-14T20:10:21.2113744Z ##[endgroup]
Run integration test suite	UNKNOWN STEP	2026-09-14T20:10:21.2625835Z ##[end-action id=__vpsfreecz_vpsadminos.evaluate;outcome=success;conclusion=success;duration_ms=61]
Run integration test suite	UNKNOWN STEP	2026-09-14T20:10:21.2750355Z ##[group]Run vpsfreecz/vpsadminos/.github/actions/summarise-test-logs@6bdf458fd9105379860234ff33d352e55844f08f
Run integration test suite	UNKNOWN STEP	2026-09-14T20:10:21.2751694Z with:
Run integration test suite	UNKNOWN STEP	2026-09-14T20:10:21.2752319Z   logs-root: /tmp/os-test-runner-1296704888-34877456477-1
Run integration test suite	UNKNOWN STEP	2026-09-14T20:10:21.2753100Z   tail-lines: 200
Run integration test suite	UNKNOWN STEP	2026-09-14T20:10:21.2753593Z   max-bytes: 921600
Run integration test suite	UNKNOWN STEP	2026-09-14T20:10:21.2754078Z env:
Run integration test suite	UNKNOWN STEP	2026-09-14T20:10:21.2754740Z   TEST_RUNNER_STATE_DIR: /tmp/os-test-runner-1296704888-34877456477-1
Run integration test suite	UNKNOWN STEP	2026-09-14T20:10:21.2755607Z ##[endgroup]
Run integration test suite	UNKNOWN STEP	2026-09-14T20:10:21.2765475Z ##[start-action display=Run bash "$GITHUB_ACTION_PATH/summarise-test-logs.bash";id=__vpsfreecz_vpsadminos_2.__run]
Run integration test suite	UNKNOWN STEP	2026-09-14T20:10:21.2800415Z ##[group]Run bash "$GITHUB_ACTION_PATH/summarise-test-logs.bash"
Run integration test suite	UNKNOWN STEP	2026-09-14T20:10:21.2801665Z ^[[36;1mbash "$GITHUB_ACTION_PATH/summarise-test-logs.bash"^[[0m
Run integration test suite	UNKNOWN STEP	2026-09-14T20:10:21.2808271Z shell: /nix/store/pkf547jp8a92k4wmxikkyby58w10pysr-bash-interactive-5.3p9/bin/bash --noprofile --norc -e -o pipefail {0}
Run integration test suite	UNKNOWN STEP	2026-09-14T20:10:21.2810192Z env:
Run integration test suite	UNKNOWN STEP	2026-09-14T20:10:21.2811069Z   TEST_RUNNER_STATE_DIR: /tmp/os-test-runner-1296704888-34877456477-1
Run integration test suite	UNKNOWN STEP	2026-09-14T20:10:21.2812242Z   LOGS_ROOT: /tmp/os-test-runner-1296704888-34877456477-1
Run integration test suite	UNKNOWN STEP	2026-09-14T20:10:21.2813154Z   TAIL_LINES: 200
Run integration test suite	UNKNOWN STEP	2026-09-14T20:10:21.2813815Z   MAX_SUMMARY_BYTES: 921600
Run integration test suite	UNKNOWN STEP	2026-09-14T20:10:21.2814522Z ##[endgroup]
Run integration test suite	UNKNOWN STEP	2026-09-14T20:10:21.3699976Z ##[end-action id=__vpsfreecz_vpsadminos_2.__run;outcome=success;conclusion=success;duration_ms=93]
Run integration test suite	UNKNOWN STEP	2026-09-14T20:10:21.3879172Z ##[group]Run vpsfreecz/vpsadminos/.github/actions/cleanup-test-state@6bdf458fd9105379860234ff33d352e55844f08f
Run integration test suite	UNKNOWN STEP	2026-09-14T20:10:21.3880892Z with:
Run integration test suite	UNKNOWN STEP	2026-09-14T20:10:21.3881852Z   state-directory: /tmp/os-test-runner-1296704888-34877456477-1
Run integration test suite	UNKNOWN STEP	2026-09-14T20:10:21.3884028Z   prepare-outcome: success
Run integration test suite	UNKNOWN STEP	2026-09-14T20:10:21.3885442Z   test-outcome: success
Run integration test suite	UNKNOWN STEP	2026-09-14T20:10:21.3886744Z   upload-outcome: skipped
Run integration test suite	UNKNOWN STEP	2026-09-14T20:10:21.3888017Z env:
Run integration test suite	UNKNOWN STEP	2026-09-14T20:10:21.3889763Z   TEST_RUNNER_STATE_DIR: /tmp/os-test-runner-1296704888-34877456477-1
Run integration test suite	UNKNOWN STEP	2026-09-14T20:10:21.3890985Z ##[endgroup]
Run integration test suite	UNKNOWN STEP	2026-09-14T20:10:21.3906454Z ##[start-action display=Run bash "$GITHUB_ACTION_PATH/cleanup-test-state.bash";id=__vpsfreecz_vpsadminos_3.__run]
Run integration test suite	UNKNOWN STEP	2026-09-14T20:10:21.3949751Z ##[group]Run bash "$GITHUB_ACTION_PATH/cleanup-test-state.bash"
Run integration test suite	UNKNOWN STEP	2026-09-14T20:10:21.3951200Z ^[[36;1mbash "$GITHUB_ACTION_PATH/cleanup-test-state.bash"^[[0m
Run integration test suite	UNKNOWN STEP	2026-09-14T20:10:21.3958949Z shell: /nix/store/pkf547jp8a92k4wmxikkyby58w10pysr-bash-interactive-5.3p9/bin/bash --noprofile --norc -e -o pipefail {0}
Run integration test suite	UNKNOWN STEP	2026-09-14T20:10:21.3960826Z env:
Run integration test suite	UNKNOWN STEP	2026-09-14T20:10:21.3961738Z   TEST_RUNNER_STATE_DIR: /tmp/os-test-runner-1296704888-34877456477-1
Run integration test suite	UNKNOWN STEP	2026-09-14T20:10:21.3963197Z   TEST_STATE_DIRECTORY: /tmp/os-test-runner-1296704888-34877456477-1
Run integration test suite	UNKNOWN STEP	2026-09-14T20:10:21.3964407Z   TEST_STATE_PREPARE_OUTCOME: success
Run integration test suite	UNKNOWN STEP	2026-09-14T20:10:21.3965296Z   TEST_STATE_TEST_OUTCOME: success
Run integration test suite	UNKNOWN STEP	2026-09-14T20:10:21.3966152Z   TEST_STATE_UPLOAD_OUTCOME: skipped
Run integration test suite	UNKNOWN STEP	2026-09-14T20:10:21.3967048Z   TEST_STATE_REPOSITORY_ID: 1296704888
Run integration test suite	UNKNOWN STEP	2026-09-14T20:10:21.3967923Z   TEST_STATE_RUN_ID: 34877456477
Run integration test suite	UNKNOWN STEP	2026-09-14T20:10:21.3968891Z   TEST_STATE_RUN_ATTEMPT: 1
Run integration test suite	UNKNOWN STEP	2026-09-14T20:10:21.3969640Z ##[endgroup]
Run integration test suite	UNKNOWN STEP	2026-09-14T20:10:21.4270248Z Removed test-runner state directory: /tmp/os-test-runner-1296704888-34877456477-1
Run integration test suite	UNKNOWN STEP	2026-09-14T20:10:21.4299365Z ##[end-action id=__vpsfreecz_vpsadminos_3.__run;outcome=success;conclusion=success;duration_ms=38]
Run integration test suite	UNKNOWN STEP	2026-09-14T20:10:21.4496136Z Post job cleanup.
Run integration test suite	UNKNOWN STEP	2026-09-14T20:10:21.7298265Z [command]/nix/store/nly4cml071i82515r89rpdw38z55wjqd-git-2.54.0/bin/git version
Run integration test suite	UNKNOWN STEP	2026-09-14T20:10:21.7425240Z git version 2.54.0
Run integration test suite	UNKNOWN STEP	2026-09-14T20:10:21.7524444Z Temporarily overriding HOME='/run/github-runner/runner/_temp/2512f1e3-86ae-4d4a-a81e-ce1f2b2069d6' before making global git config changes
Run integration test suite	UNKNOWN STEP	2026-09-14T20:10:21.7526939Z Adding repository directory to the temporary git global config as a safe directory
Run integration test suite	UNKNOWN STEP	2026-09-14T20:10:21.7537542Z [command]/nix/store/nly4cml071i82515r89rpdw38z55wjqd-git-2.54.0/bin/git config --global --add safe.directory /run/github-runner/runner/vpsfree-kb-contracts/vpsfree-kb-contracts
Run integration test suite	UNKNOWN STEP	2026-09-14T20:10:21.7591616Z Removing SSH command configuration
Run integration test suite	UNKNOWN STEP	2026-09-14T20:10:21.7605953Z [command]/nix/store/nly4cml071i82515r89rpdw38z55wjqd-git-2.54.0/bin/git config --local --name-only --get-regexp core\.sshCommand
Run integration test suite	UNKNOWN STEP	2026-09-14T20:10:21.7730561Z [command]/nix/store/nly4cml071i82515r89rpdw38z55wjqd-git-2.54.0/bin/git submodule foreach --recursive sh -c "git config --local --name-only --get-regexp 'core\.sshCommand' && git config --local --unset-all 'core.sshCommand' || :"
Run integration test suite	UNKNOWN STEP	2026-09-14T20:10:21.8610514Z Removing HTTP extra header
Run integration test suite	UNKNOWN STEP	2026-09-14T20:10:21.8621473Z [command]/nix/store/nly4cml071i82515r89rpdw38z55wjqd-git-2.54.0/bin/git config --local --name-only --get-regexp http\.https\:\/\/github\.com\/\.extraheader
Run integration test suite	UNKNOWN STEP	2026-09-14T20:10:21.8726871Z [command]/nix/store/nly4cml071i82515r89rpdw38z55wjqd-git-2.54.0/bin/git submodule foreach --recursive sh -c "git config --local --name-only --get-regexp 'http\.https\:\/\/github\.com\/\.extraheader' && git config --local --unset-all 'http.https://github.com/.extraheader' || :"
Run integration test suite	UNKNOWN STEP	2026-09-14T20:10:21.9546905Z Removing includeIf entries pointing to credentials config files
Run integration test suite	UNKNOWN STEP	2026-09-14T20:10:21.9566761Z [command]/nix/store/nly4cml071i82515r89rpdw38z55wjqd-git-2.54.0/bin/git config --local --name-only --get-regexp ^includeIf\.gitdir:
Run integration test suite	UNKNOWN STEP	2026-09-14T20:10:21.9638477Z includeif.gitdir:/run/github-runner/runner/vpsfree-kb-contracts/vpsfree-kb-contracts/.git.path
Run integration test suite	UNKNOWN STEP	2026-09-14T20:10:21.9641082Z includeif.gitdir:/run/github-runner/runner/vpsfree-kb-contracts/vpsfree-kb-contracts/.git/worktrees/*.path
Run integration test suite	UNKNOWN STEP	2026-09-14T20:10:21.9642850Z includeif.gitdir:/github/workspace/.git.path
Run integration test suite	UNKNOWN STEP	2026-09-14T20:10:21.9644456Z includeif.gitdir:/github/workspace/.git/worktrees/*.path
Run integration test suite	UNKNOWN STEP	2026-09-14T20:10:21.9658394Z [command]/nix/store/nly4cml071i82515r89rpdw38z55wjqd-git-2.54.0/bin/git config --local --get-all includeif.gitdir:/run/github-runner/runner/vpsfree-kb-contracts/vpsfree-kb-contracts/.git.path
Run integration test suite	UNKNOWN STEP	2026-09-14T20:10:21.9722050Z /run/github-runner/runner/_temp/git-credentials-77c85240-67c0-45b0-bf21-26090b350e96.config
Run integration test suite	UNKNOWN STEP	2026-09-14T20:10:21.9748459Z [command]/nix/store/nly4cml071i82515r89rpdw38z55wjqd-git-2.54.0/bin/git config --local --unset includeif.gitdir:/run/github-runner/runner/vpsfree-kb-contracts/vpsfree-kb-contracts/.git.path \/run\/github\-runner\/runner\/_temp\/git\-credentials\-77c85240\-67c0\-45b0\-bf21\-26090b350e96\.config
Run integration test suite	UNKNOWN STEP	2026-09-14T20:10:21.9876463Z [command]/nix/store/nly4cml071i82515r89rpdw38z55wjqd-git-2.54.0/bin/git config --local --get-all includeif.gitdir:/run/github-runner/runner/vpsfree-kb-contracts/vpsfree-kb-contracts/.git/worktrees/*.path
Run integration test suite	UNKNOWN STEP	2026-09-14T20:10:21.9944164Z /run/github-runner/runner/_temp/git-credentials-77c85240-67c0-45b0-bf21-26090b350e96.config
Run integration test suite	UNKNOWN STEP	2026-09-14T20:10:21.9969382Z [command]/nix/store/nly4cml071i82515r89rpdw38z55wjqd-git-2.54.0/bin/git config --local --unset includeif.gitdir:/run/github-runner/runner/vpsfree-kb-contracts/vpsfree-kb-contracts/.git/worktrees/*.path \/run\/github\-runner\/runner\/_temp\/git\-credentials\-77c85240\-67c0\-45b0\-bf21\-26090b350e96\.config
Run integration test suite	UNKNOWN STEP	2026-09-14T20:10:22.0096114Z [command]/nix/store/nly4cml071i82515r89rpdw38z55wjqd-git-2.54.0/bin/git config --local --get-all includeif.gitdir:/github/workspace/.git.path
Run integration test suite	UNKNOWN STEP	2026-09-14T20:10:22.0189658Z /github/runner_temp/git-credentials-77c85240-67c0-45b0-bf21-26090b350e96.config
Run integration test suite	UNKNOWN STEP	2026-09-14T20:10:22.0207620Z [command]/nix/store/nly4cml071i82515r89rpdw38z55wjqd-git-2.54.0/bin/git config --local --unset includeif.gitdir:/github/workspace/.git.path \/github\/runner_temp\/git\-credentials\-77c85240\-67c0\-45b0\-bf21\-26090b350e96\.config
Run integration test suite	UNKNOWN STEP	2026-09-14T20:10:22.0333420Z [command]/nix/store/nly4cml071i82515r89rpdw38z55wjqd-git-2.54.0/bin/git config --local --get-all includeif.gitdir:/github/workspace/.git/worktrees/*.path
Run integration test suite	UNKNOWN STEP	2026-09-14T20:10:22.0383187Z /github/runner_temp/git-credentials-77c85240-67c0-45b0-bf21-26090b350e96.config
Run integration test suite	UNKNOWN STEP	2026-09-14T20:10:22.0402678Z [command]/nix/store/nly4cml071i82515r89rpdw38z55wjqd-git-2.54.0/bin/git config --local --unset includeif.gitdir:/github/workspace/.git/worktrees/*.path \/github\/runner_temp\/git\-credentials\-77c85240\-67c0\-45b0\-bf21\-26090b350e96\.config
Run integration test suite	UNKNOWN STEP	2026-09-14T20:10:22.0525644Z [command]/nix/store/nly4cml071i82515r89rpdw38z55wjqd-git-2.54.0/bin/git submodule foreach --recursive git config --local --show-origin --name-only --get-regexp remote.origin.url
Run integration test suite	UNKNOWN STEP	2026-09-14T20:10:22.1396887Z Removing credentials config '/run/github-runner/runner/_temp/git-credentials-77c85240-67c0-45b0-bf21-26090b350e96.config'
Run integration test suite	UNKNOWN STEP	2026-09-14T20:10:22.1662423Z A job completed hook has been configured by the self-hosted runner administrator
Run integration test suite	UNKNOWN STEP	2026-09-14T20:10:22.1693001Z ##[group]Run '/nix/store/10h95s0bwjpj3811h99j036bxyrhk9g5-github-runner-job-completed.sh'
Run integration test suite	UNKNOWN STEP	2026-09-14T20:10:22.1700346Z shell: /nix/store/pkf547jp8a92k4wmxikkyby58w10pysr-bash-interactive-5.3p9/bin/bash --noprofile --norc -e -o pipefail {0}
Run integration test suite	UNKNOWN STEP	2026-09-14T20:10:22.1702277Z ##[endgroup]
Run integration test suite	UNKNOWN STEP	2026-09-14T20:10:22.1952634Z Cleared the GitHub runner job marker; Nix garbage collection can resume
Run integration test suite	UNKNOWN STEP	2026-09-14T20:10:22.2214803Z Cleaning up orphan processes
