Syntax OK
Syntax OK
Syntax OK
Syntax OK
Syntax OK
Syntax OK
Syntax OK
Valid documentation contract: 45 controls, 36 paths, 35 capture concepts, 3 semantic selectors
Valid KB annotation inventory: 94 bindings, 9 exceptions
Valid page contract: 4 pages, 8 variants, 12 tests, 21 executable samples
Valid managed page sources: no reader-visible DEBIAN_FRONTEND
Run options: --seed 1518

# Running:

........

Finished in 3.581513s, 2.2337 runs/s, 13.9606 assertions/s.

8 runs, 50 assertions, 0 failures, 0 errors, 0 skips
Run options: --seed 4757

# Running:

..........

Finished in 1.715588s, 5.8289 runs/s, 12.8236 assertions/s.

10 runs, 22 assertions, 0 failures, 0 errors, 0 skips
Run options: --seed 9974

# Running:

......................................

Finished in 10.307348s, 3.6867 runs/s, 10.8660 assertions/s.

38 runs, 112 assertions, 0 failures, 0 errors, 0 skips
Run options: --seed 4292

# Running:

....

Finished in 1.017216s, 3.9323 runs/s, 9.8307 assertions/s.

4 runs, 10 assertions, 0 failures, 0 errors, 0 skips
Valid inventory: 60 concepts, 120 variants, 66 Czech references, 61 English references, 120 PNGs
