warning: Git tree '/home/aither/workspace/ai/vpsfree.cz/worktrees/2026-09-14-kernel-history-fix/vpsfree-kb-contracts' is dirty
unpacking 'github:vpsfreecz/vpsadmin/c38839d5be62e9d40d055b23a84844e2037ba4db' into the Git cache...
warning: updating lock file "/home/aither/workspace/ai/vpsfree.cz/worktrees/2026-09-14-kernel-history-fix/vpsfree-kb-contracts/flake.lock":
• Updated input 'vpsadmin':
    'github:vpsfreecz/vpsadmin/42984def67d405c235e2a34d91820563858ddd89?narHash=sha256-kTRKkzkiuLsYOjav6qzDqHgGQRt5s8sNntzPmmSMvLQ%3D' (2026-09-14)
  → 'github:vpsfreecz/vpsadmin/c38839d5be62e9d40d055b23a84844e2037ba4db?narHash=sha256-PYMpukcYvm%2BsiAlnLJJ9I5J50Zg2UYtz9JBaLX0qFzM%3D' (2026-09-15)
• Updated input 'vpsadmin/vpsadminos':
    'github:vpsfreecz/vpsadminos/6bdf458fd9105379860234ff33d352e55844f08f?narHash=sha256-mDLxNpbfUmo2FRXW5MJWJ8WqKLINUru6nVHB7zN4bVo%3D' (2026-09-02)
  → 'github:vpsfreecz/vpsadminos/8e44a5124439b1f3048ffc56b1717614a5360358?narHash=sha256-NqrGkUUD1RSvOpA4Dxr7XULqHBKwhHxeUygS723FWgQ%3D' (2026-08-24)
• Updated input 'vpsadmin/vpsadminos/nixpkgs':
    'github:NixOS/nixpkgs/5dfba6236110080a54247d6460bc2ff5dda939cc?narHash=sha256-bu1QxmXKmPuvBLN7bHP355OV9Qo13x9WCiRDH62CqRM%3D' (2026-08-31)
  → 'github:NixOS/nixpkgs/a9e6d84f9c2f9012f5fe7d964a7851352300e61a?narHash=sha256-WncT27%2B3BOkgTaJZLnCsf3LcYf9RXMuR9ONSN4rzQ7s%3D' (2026-08-22)
• Updated input 'vpsadmin/vpsadminos/nixpkgsUnstable':
    'github:NixOS/nixpkgs/34ab99075ac4f7e40cf037eef32cb1c360bb85e9?narHash=sha256-hn1oU2rue2SYK8dAr8%2BWNZWtbsz1S2W5mnHlSEuh3bo%3D' (2026-08-31)
  → 'github:NixOS/nixpkgs/2c423e03bbafcff28bfadc6781a4a8257f205cb5?narHash=sha256-dt4WdcvsA8/RCe%2BVZZwqU0X%2BXMM3wBbGCWA0/sFWzGo%3D' (2026-08-22)
warning: Git tree '/home/aither/workspace/ai/vpsfree.cz/worktrees/2026-09-14-kernel-history-fix/vpsfree-kb-contracts' is dirty
warning: updating lock file "/home/aither/workspace/ai/vpsfree.cz/worktrees/2026-09-14-kernel-history-fix/vpsfree-kb-contracts/flake.lock":
• Updated input 'vpsadmin/vpsadminos':
    'github:vpsfreecz/vpsadminos/8e44a5124439b1f3048ffc56b1717614a5360358?narHash=sha256-NqrGkUUD1RSvOpA4Dxr7XULqHBKwhHxeUygS723FWgQ%3D' (2026-08-24)
  → 'github:vpsfreecz/vpsadminos/6bdf458fd9105379860234ff33d352e55844f08f?narHash=sha256-mDLxNpbfUmo2FRXW5MJWJ8WqKLINUru6nVHB7zN4bVo%3D' (2026-09-02)
• Updated input 'vpsadmin/vpsadminos/nixpkgs':
    'github:NixOS/nixpkgs/a9e6d84f9c2f9012f5fe7d964a7851352300e61a?narHash=sha256-WncT27%2B3BOkgTaJZLnCsf3LcYf9RXMuR9ONSN4rzQ7s%3D' (2026-08-22)
  → 'github:NixOS/nixpkgs/5dfba6236110080a54247d6460bc2ff5dda939cc?narHash=sha256-bu1QxmXKmPuvBLN7bHP355OV9Qo13x9WCiRDH62CqRM%3D' (2026-08-31)
• Updated input 'vpsadmin/vpsadminos/nixpkgsUnstable':
    'github:NixOS/nixpkgs/2c423e03bbafcff28bfadc6781a4a8257f205cb5?narHash=sha256-dt4WdcvsA8/RCe%2BVZZwqU0X%2BXMM3wBbGCWA0/sFWzGo%3D' (2026-08-22)
  → 'github:NixOS/nixpkgs/34ab99075ac4f7e40cf037eef32cb1c360bb85e9?narHash=sha256-hn1oU2rue2SYK8dAr8%2BWNZWtbsz1S2W5mnHlSEuh3bo%3D' (2026-08-31)
