Successfully installed bundler-4.0.20
1 gem installed
Fetching gem metadata from https://rubygems.org/..........
Resolving dependencies...
Fetching rake 13.4.2
Installing rake 13.4.2
Fetching base64 0.3.0
Fetching bigdecimal 4.1.3
Fetching concurrent-ruby 1.3.8
Fetching connection_pool 3.0.2
Fetching drb 2.2.3
Fetching i18n 1.15.2
Fetching json 2.21.2
Fetching logger 1.7.0
Fetching prism 1.9.0
Fetching minitest 6.0.6
Fetching securerandom 0.4.1
Fetching tzinfo 2.0.6
Fetching uri 1.1.1
Fetching activesupport 8.1.3.1
Fetching activemodel 8.1.3.1
Fetching timeout 0.6.1
Fetching activerecord 8.1.3.1
Fetching aes_key_wrap 1.1.0
Fetching amq-protocol 2.9.0
Fetching ancestry 4.3.3
Fetching android_key_attestation 0.3.0
Fetching ast 2.4.3
Fetching attr_required 1.0.2
Fetching bcrypt 3.1.22
Fetching bindata 2.5.1
Fetching rbtree 0.4.7
Fetching sorted_set 1.1.0
Fetching bunny 2.24.0
Fetching cbor 0.5.10.3
Fetching coderay 1.1.3
Fetching openssl 4.0.2
Fetching openssl-signature_algorithm 1.3.0
Fetching cose 1.3.1
Fetching csv 3.3.6
Fetching date 3.5.1
Fetching diff-lcs 1.6.2
Fetching simpleidn 0.2.3
Fetching dnsruby 1.74.0
Fetching domain_name 0.6.20260907
Fetching net-http 0.9.1
Fetching faraday-net_http 3.4.4
Fetching faraday 2.14.3
Fetching faraday-follow_redirects 0.5.0
Fetching mini_mime 1.1.5
Fetching multi_xml 0.9.1
Fetching httparty 0.24.2
Fetching fio_api 0.0.11
Fetching io-console 0.9.3
Fetching reline 0.7.0
Fetching highline 3.1.2
Fetching require_all 2.0.0
Fetching http-accept 1.7.0
Fetching http-cookie 1.1.6
Fetching mime-types-data 3.2026.0701
Fetching mime-types 3.7.0
Fetching netrc 0.11.0
Fetching rest-client 2.1.0
Fetching ruby-progressbar 1.13.0
Fetching haveapi-client 0.29.8
Fetching net-protocol 0.3.0
Fetching net-imap 0.6.7
Fetching net-pop 0.1.2
Fetching net-smtp 0.5.1
Fetching mail 2.9.1
Fetching nesty 1.0.2
Fetching json-jwt 1.17.2
Fetching rack 3.2.7
Fetching rack-oauth2 2.2.1
Fetching redcarpet 3.6.1
Fetching mustermann 3.1.1
Fetching rack-protection 4.2.1
Fetching rack-session 2.1.2
Fetching tilt 2.9.0
Fetching sinatra 4.2.1
Fetching multi_json 1.21.2
Fetching sinatra-contrib 4.2.1
Fetching haveapi 0.29.8
Fetching ipaddress 0.8.3
Fetching jwt 3.3.0
Fetching language_server-protocol 3.17.0.6
Fetching lint_roller 1.1.0
Fetching method_source 1.1.0
Fetching mysql2 0.5.7
Fetching nio4r 2.7.5
Fetching request_store 1.7.0
Fetching paper_trail 17.0.0
Installing rbtree 0.4.7 with native extensions
Installing json 2.21.2 with native extensions
Fetching parallel 2.2.0
Installing bcrypt 3.1.22 with native extensions
Fetching racc 1.8.1
Fetching parser 3.3.12.0
Installing cbor 0.5.10.3 with native extensions
Fetching prometheus-client 4.2.5
Fetching pry 0.16.0
Fetching puma 8.0.2
Fetching rack-test 2.2.0
Fetching rackup 2.3.1
Fetching rainbow 3.1.1
Fetching regexp_parser 2.12.0
Fetching rotp 6.3.0
Fetching rspec-support 3.13.7
Installing io-console 0.9.3 with native extensions
Installing date 3.5.1 with native extensions
Fetching rspec-core 3.13.6
Fetching rspec-expectations 3.13.5
Fetching rspec-mocks 3.13.8
Fetching rspec 3.13.2
Fetching rubocop-ast 1.50.0
Fetching unicode-emoji 4.2.0
Fetching unicode-display_width 3.2.0
Fetching rubocop 1.91.0
Fetching rubocop-rake 0.7.1
Fetching rubocop-rspec 3.10.2
Fetching rubyzip 3.2.2
Fetching safety_net_attestation 0.5.0
Fetching sinatra-activerecord 2.0.28
Fetching tpm-key_attestation 0.14.2
Fetching user_agent_parser 2.21.0
Fetching webauthn 3.4.3
Fetching webrick 1.9.2
Fetching yard 0.9.45
Installing racc 1.8.1 with native extensions
Installing base64 0.3.0
Installing connection_pool 3.0.2
Installing ast 2.4.3
Installing securerandom 0.4.1
Installing sorted_set 1.1.0
Installing faraday-follow_redirects 0.5.0
Installing http-accept 1.7.0
Installing aes_key_wrap 1.1.0
Installing cose 1.3.1
Installing amq-protocol 2.9.0
Installing i18n 1.15.2
Installing bigdecimal 4.1.3 with native extensions
Installing android_key_attestation 0.3.0
Installing attr_required 1.0.2
Installing uri 1.1.1
Installing net-smtp 0.5.1
Installing drb 2.2.3
Installing ruby-progressbar 1.13.0
Installing logger 1.7.0
Installing nesty 1.0.2
Installing reline 0.7.0
Installing activemodel 8.1.3.1
Installing ipaddress 0.8.3
Installing faraday-net_http 3.4.4
Installing request_store 1.7.0
Installing bunny 2.24.0
Installing json-jwt 1.17.2
Installing bindata 2.5.1
Installing timeout 0.6.1
Installing csv 3.3.6
Installing diff-lcs 1.6.2
Installing fio_api 0.0.11
Installing require_all 2.0.0
Installing coderay 1.1.3
Installing redcarpet 3.6.1 with native extensions
Installing netrc 0.11.0
Installing multi_xml 0.9.1
Installing httparty 0.24.2
Installing prometheus-client 4.2.5
Installing tzinfo 2.0.6
Installing faraday 2.14.3
Installing minitest 6.0.6
Installing rack-protection 4.2.1
Installing rack-oauth2 2.2.1
Installing ancestry 4.3.3
Installing net-pop 0.1.2
Installing rack-session 2.1.2
Installing mime-types 3.7.0
Installing haveapi-client 0.29.8
Installing net-protocol 0.3.0
Installing tilt 2.9.0
Installing mini_mime 1.1.5
Installing nio4r 2.7.5 with native extensions
Installing prism 1.9.0 with native extensions
Installing dnsruby 1.74.0
Installing mustermann 3.1.1
Installing simpleidn 0.2.3
Installing domain_name 0.6.20260907
Installing rest-client 2.1.0
Installing mime-types-data 3.2026.0701
Installing concurrent-ruby 1.3.8
Installing multi_json 1.21.2
Installing rspec-core 3.13.6
Installing method_source 1.1.0
Installing net-imap 0.6.7
Installing sinatra 4.2.1
Installing highline 3.1.2
Installing rspec 3.13.2
Installing rubocop-rake 0.7.1
Installing activesupport 8.1.3.1
Installing openssl 4.0.2 with native extensions
Installing lint_roller 1.1.0
Installing parallel 2.2.0
Installing rainbow 3.1.1
Installing openssl-signature_algorithm 1.3.0
Installing rackup 2.3.1
Installing unicode-display_width 3.2.0
Installing safety_net_attestation 0.5.0
Installing rack-test 2.2.0
Installing rotp 6.3.0
Installing sinatra-activerecord 2.0.28
Installing http-cookie 1.1.6
Installing sinatra-contrib 4.2.1
Installing paper_trail 17.0.0
Installing rspec-support 3.13.7
Installing mail 2.9.1
Installing tpm-key_attestation 0.14.2
Installing net-http 0.9.1
Installing rubyzip 3.2.2
Installing jwt 3.3.0
Installing regexp_parser 2.12.0
Installing rubocop-ast 1.50.0
Installing webauthn 3.4.3
Installing user_agent_parser 2.21.0
Installing webrick 1.9.2
Installing language_server-protocol 3.17.0.6
Installing rspec-mocks 3.13.8
Installing rspec-expectations 3.13.5
Installing rubocop-rspec 3.10.2
Installing rack 3.2.7
Installing pry 0.16.0
Installing unicode-emoji 4.2.0
Installing haveapi 0.29.8
Installing activerecord 8.1.3.1
Installing yard 0.9.45
Installing rubocop 1.91.0
Installing parser 3.3.12.0
Installing puma 8.0.2 with native extensions
Installing mysql2 0.5.7 with native extensions
Bundle complete! 30 Gemfile dependencies, 117 gems now installed.
Bundled gems are installed into `./.gems`
Post-install message from ancestry:
Thank you for installing Ancestry. You can visit http://github.com/stefankroes/ancestry to read the documentation.
Post-install message from dnsruby:
Installing dnsruby...
  For issues and source code: https://github.com/alexdalitz/dnsruby
  For general discussion (please tell us how you use dnsruby): https://groups.google.com/forum/#!forum/dnsruby
Post-install message from httparty:
When you HTTParty, you must party hard!
Started local MariaDB test database at mysql2://root:root@127.0.0.1:38721/vpsadmin_test?encoding=utf8mb3&collation=utf8mb3_unicode_ci
-- create_table("auth_tokens", {id: {type: :integer, unsigned: true}, charset: "utf8mb3", collation: "utf8mb3_czech_ci", force: :cascade})
   -> 0.0342s
-- create_table("branches", {id: {type: :integer, unsigned: true}, charset: "utf8mb3", collation: "utf8mb3_czech_ci", force: :cascade})
   -> 0.0211s
-- create_table("cluster_resource_package_items", {id: {type: :integer, unsigned: true}, charset: "utf8mb3", collation: "utf8mb3_czech_ci", force: :cascade})
   -> 0.0264s
-- create_table("cluster_resource_packages", {id: {type: :integer, unsigned: true}, charset: "utf8mb3", collation: "utf8mb3_czech_ci", force: :cascade})
   -> 0.0255s
-- create_table("cluster_resource_uses", {id: {type: :integer, unsigned: true}, charset: "utf8mb3", collation: "utf8mb3_czech_ci", force: :cascade})
   -> 0.0270s
-- create_table("cluster_resources", {id: {type: :integer, unsigned: true}, charset: "utf8mb3", collation: "utf8mb3_czech_ci", force: :cascade})
   -> 0.0355s
-- create_table("components", {charset: "utf8mb3", collation: "utf8mb3_czech_ci", force: :cascade})
   -> 0.0191s
-- create_table("dataset_actions", {id: {type: :integer, unsigned: true}, charset: "utf8mb3", collation: "utf8mb3_czech_ci", force: :cascade})
   -> 0.0193s
-- create_table("dataset_expansion_events", {charset: "utf8mb3", collation: "utf8mb3_czech_ci", force: :cascade})
   -> 0.0210s
-- create_table("dataset_expansion_histories", {charset: "utf8mb3", collation: "utf8mb3_czech_ci", force: :cascade})
   -> 0.0233s
-- create_table("dataset_expansions", {charset: "utf8mb3", collation: "utf8mb3_czech_ci", force: :cascade})
   -> 0.0302s
-- create_table("dataset_in_pool_plans", {id: {type: :integer, unsigned: true}, charset: "utf8mb3", collation: "utf8mb3_czech_ci", force: :cascade})
   -> 0.0228s
-- create_table("dataset_in_pools", {id: {type: :integer, unsigned: true}, charset: "utf8mb3", collation: "utf8mb3_czech_ci", force: :cascade})
   -> 0.0350s
-- create_table("dataset_plans", {id: {type: :integer, unsigned: true}, charset: "utf8mb3", collation: "utf8mb3_czech_ci", force: :cascade})
   -> 0.0169s
-- create_table("dataset_properties", {id: {type: :integer, unsigned: true}, charset: "utf8mb3", collation: "utf8mb3_czech_ci", force: :cascade})
   -> 0.0288s
-- create_table("dataset_property_histories", {id: {type: :integer, unsigned: true}, charset: "utf8mb3", collation: "utf8mb3_czech_ci", force: :cascade})
   -> 0.0223s
-- create_table("dataset_trees", {id: {type: :integer, unsigned: true}, charset: "utf8mb3", collation: "utf8mb3_czech_ci", force: :cascade})
   -> 0.0305s
-- create_table("datasets", {id: {type: :integer, unsigned: true}, charset: "utf8mb3", collation: "utf8mb3_czech_ci", force: :cascade})
   -> 0.0348s
-- create_table("default_lifetime_values", {id: {type: :integer, unsigned: true}, charset: "utf8mb3", collation: "utf8mb3_czech_ci", force: :cascade})
   -> 0.0182s
-- create_table("default_object_cluster_resources", {id: {type: :integer, unsigned: true}, charset: "utf8mb3", collation: "utf8mb3_czech_ci", force: :cascade})
   -> 0.0174s
-- create_table("default_user_cluster_resource_packages", {id: {type: :integer, unsigned: true}, charset: "utf8mb3", collation: "utf8mb3_czech_ci", force: :cascade})
   -> 0.0207s
-- create_table("dns_record_logs", {charset: "utf8mb3", collation: "utf8mb3_czech_ci", force: :cascade})
   -> 0.0239s
-- create_table("dns_records", {charset: "utf8mb3", collation: "utf8mb3_czech_ci", force: :cascade})
   -> 0.0308s
-- create_table("dns_resolvers", {id: {type: :integer, unsigned: true}, charset: "utf8mb3", collation: "utf8mb3_czech_ci", force: :cascade})
   -> 0.0183s
-- create_table("dns_server_zone_transfer_logs", {charset: "utf8mb3", collation: "utf8mb3_czech_ci", force: :cascade})
   -> 0.0259s
-- create_table("dns_server_zones", {charset: "utf8mb3", collation: "utf8mb3_czech_ci", force: :cascade})
   -> 0.0243s
-- create_table("dns_servers", {charset: "utf8mb3", collation: "utf8mb3_czech_ci", force: :cascade})
   -> 0.0300s
-- create_table("dns_tsig_keys", {charset: "utf8mb3", collation: "utf8mb3_czech_ci", force: :cascade})
   -> 0.0309s
-- create_table("dns_zone_transfers", {charset: "utf8mb3", collation: "utf8mb3_czech_ci", force: :cascade})
   -> 0.0292s
-- create_table("dns_zones", {charset: "utf8mb3", collation: "utf8mb3_czech_ci", force: :cascade})
   -> 0.0276s
-- create_table("dnssec_records", {charset: "utf8mb3", collation: "utf8mb3_czech_ci", force: :cascade})
   -> 0.0204s
-- create_table("environment_dataset_plans", {id: {type: :integer, unsigned: true}, charset: "utf8mb3", collation: "utf8mb3_czech_ci", force: :cascade})
   -> 0.0163s
-- create_table("environment_user_configs", {id: {type: :integer, unsigned: true}, charset: "utf8mb3", collation: "utf8mb3_czech_ci", force: :cascade})
   -> 0.0213s
-- create_table("environments", {id: {type: :integer, unsigned: true}, charset: "utf8mb3", collation: "utf8mb3_czech_ci", force: :cascade})
   -> 0.0214s
-- create_table("export_hosts", {id: {type: :integer, unsigned: true}, charset: "utf8mb3", collation: "utf8mb3_czech_ci", force: :cascade})
   -> 0.0207s
-- create_table("export_mounts", {charset: "utf8mb3", collation: "utf8mb3_czech_ci", force: :cascade})
   -> 0.0250s
-- create_table("exports", {id: {type: :integer, unsigned: true}, charset: "utf8mb3", collation: "utf8mb3_czech_ci", force: :cascade})
   -> 0.0291s
-- create_table("group_snapshots", {id: {type: :integer, unsigned: true}, charset: "utf8mb3", collation: "utf8mb3_czech_ci", force: :cascade})
   -> 0.0187s
-- create_table("host_ip_addresses", {id: {type: :integer, unsigned: true}, charset: "utf8mb3", collation: "utf8mb3_czech_ci", force: :cascade})
   -> 0.0287s
-- create_table("incident_reports", {charset: "utf8mb3", collation: "utf8mb3_czech_ci", force: :cascade})
   -> 0.0423s
-- create_table("ip_address_assignments", {charset: "utf8mb3", collation: "utf8mb3_czech_ci", force: :cascade})
   -> 0.0412s
-- create_table("ip_addresses", {id: {type: :integer, unsigned: true}, charset: "utf8mb3", collation: "utf8mb3_czech_ci", force: :cascade})
   -> 0.0349s
-- create_table("ip_traffic_monthly_summaries", {id: {type: :integer, unsigned: true}, charset: "utf8mb3", collation: "utf8mb3_czech_ci", force: :cascade})
   -> 0.0369s
-- create_table("languages", {id: {type: :integer, unsigned: true}, charset: "utf8mb3", collation: "utf8mb3_czech_ci", force: :cascade})
   -> 0.0319s
-- create_table("location_networks", {id: {type: :integer, unsigned: true}, charset: "utf8mb3", collation: "utf8mb3_czech_ci", force: :cascade})
   -> 0.0211s
-- create_table("locations", {id: {type: :integer, unsigned: true}, charset: "utf8mb3", collation: "utf8mb3_czech_ci", force: :cascade})
   -> 0.0245s
-- create_table("mail_logs", {id: {type: :integer, unsigned: true}, charset: "utf8mb3", collation: "utf8mb3_czech_ci", force: :cascade})
   -> 0.0224s
-- create_table("mail_recipients", {id: {type: :integer, unsigned: true}, charset: "utf8mb3", collation: "utf8mb3_czech_ci", force: :cascade})
   -> 0.0281s
-- create_table("mail_template_recipients", {id: {type: :integer, unsigned: true}, charset: "utf8mb3", collation: "utf8mb3_czech_ci", force: :cascade})
   -> 0.0279s
-- create_table("mail_template_translations", {id: {type: :integer, unsigned: true}, charset: "utf8mb3", collation: "utf8mb3_czech_ci", force: :cascade})
   -> 0.0213s
-- create_table("mail_templates", {id: {type: :integer, unsigned: true}, charset: "utf8mb3", collation: "utf8mb3_czech_ci", force: :cascade})
   -> 0.0212s
-- create_table("mailbox_handlers", {charset: "utf8mb3", collation: "utf8mb3_czech_ci", force: :cascade})
   -> 0.0181s
-- create_table("mailboxes", {charset: "utf8mb3", collation: "utf8mb3_czech_ci", force: :cascade})
   -> 0.0189s
-- create_table("maintenance_locks", {id: {type: :integer, unsigned: true}, charset: "utf8mb3", collation: "utf8mb3_czech_ci", force: :cascade})
   -> 0.0207s
-- create_table("metrics_access_tokens", {charset: "utf8mb3", collation: "utf8mb3_czech_ci", force: :cascade})
   -> 0.0232s
-- create_table("migration_plans", {id: {type: :integer, unsigned: true}, charset: "utf8mb3", collation: "utf8mb3_czech_ci", force: :cascade})
   -> 0.0253s
-- create_table("mirrors", {id: {type: :integer, unsigned: true}, charset: "utf8mb3", collation: "utf8mb3_czech_ci", force: :cascade})
   -> 0.0163s
-- create_table("mounts", {id: {type: :integer, unsigned: true}, charset: "utf8mb3", collation: "utf8mb3_czech_ci", force: :cascade})
   -> 0.0232s
-- create_table("network_interface_daily_accountings", {primary_key: ["network_interface_id", "user_id", "year", "month", "day"], charset: "utf8mb3", collation: "utf8mb3_czech_ci", force: :cascade})
   -> 0.0297s
-- create_table("network_interface_monitors", {primary_key: "network_interface_id", id: :bigint, default: nil, charset: "utf8mb3", collation: "utf8mb3_czech_ci", force: :cascade})
   -> 0.0169s
-- create_table("network_interface_monthly_accountings", {primary_key: ["network_interface_id", "user_id", "year", "month"], charset: "utf8mb3", collation: "utf8mb3_czech_ci", force: :cascade})
   -> 0.0252s
-- create_table("network_interface_yearly_accountings", {primary_key: ["network_interface_id", "user_id", "year"], charset: "utf8mb3", collation: "utf8mb3_czech_ci", force: :cascade})
   -> 0.0275s
-- create_table("network_interfaces", {id: {type: :integer, unsigned: true}, charset: "utf8mb3", collation: "utf8mb3_czech_ci", force: :cascade})
   -> 0.0312s
-- create_table("networks", {id: {type: :integer, unsigned: true}, charset: "utf8mb3", collation: "utf8mb3_czech_ci", force: :cascade})
   -> 0.0311s
-- create_table("node_current_statuses", {id: {type: :integer, unsigned: true}, charset: "utf8mb3", collation: "utf8mb3_czech_ci", force: :cascade})
   -> 0.0279s
-- create_table("node_ebpf_program_links", {charset: "utf8mb3", collation: "utf8mb3_bin", force: :cascade})
   -> 0.0298s
-- create_table("node_ebpf_program_objects", {charset: "utf8mb3", collation: "utf8mb3_bin", force: :cascade})
   -> 0.0218s
-- create_table("node_ebpf_programs", {charset: "utf8mb3", collation: "utf8mb3_bin", force: :cascade})
   -> 0.0247s
-- create_table("node_kernel_configuration_options", {charset: "utf8mb3", collation: "utf8mb3_bin", force: :cascade})
   -> 0.0212s
-- create_table("node_kernel_configurations", {charset: "utf8mb3", collation: "utf8mb3_bin", force: :cascade})
   -> 0.0372s
-- create_table("node_kernel_events", {charset: "utf8mb3", collation: "utf8mb3_czech_ci", force: :cascade})
   -> 0.0338s
-- create_table("node_kernel_evidence_checkpoints", {charset: "utf8mb3", collation: "utf8mb3_unicode_ci", force: :cascade})
   -> 0.0190s
-- create_table("node_kernel_evidence_errors", {charset: "utf8mb3", collation: "utf8mb3_bin", force: :cascade})
   -> 0.0201s
-- create_table("node_kernel_evidences", {charset: "utf8mb3", collation: "utf8mb3_bin", force: :cascade})
   -> 0.0282s
-- create_table("node_kernel_history_gaps", {charset: "utf8mb3", collation: "utf8mb3_czech_ci", force: :cascade})
   -> 0.0225s
-- create_table("node_kernel_history_states", {charset: "utf8mb3", collation: "utf8mb3_czech_ci", force: :cascade})
   -> 0.0202s
-- create_table("node_kernel_livepatch_patches", {charset: "utf8mb3", collation: "utf8mb3_bin", force: :cascade})
   -> 0.0222s
-- create_table("node_kernel_livepatches", {charset: "utf8mb3", collation: "utf8mb3_bin", force: :cascade})
   -> 0.0212s
-- create_table("node_kernel_modules", {charset: "utf8mb3", collation: "utf8mb3_bin", force: :cascade})
   -> 0.0231s
-- create_table("node_kernel_parameters", {charset: "utf8mb3", collation: "utf8mb3_bin", force: :cascade})
   -> 0.0213s
-- create_table("node_software_changes", {charset: "utf8mb3", collation: "utf8mb3_bin", force: :cascade})
   -> 0.0221s
-- create_table("node_software_versions", {charset: "utf8mb3", collation: "utf8mb3_bin", force: :cascade})
   -> 0.0225s
-- create_table("node_statuses", {id: {type: :integer, unsigned: true}, charset: "utf8mb3", collation: "utf8mb3_czech_ci", force: :cascade})
   -> 0.0190s
-- create_table("node_sysctl_changes", {charset: "utf8mb3", collation: "utf8mb3_bin", force: :cascade})
   -> 0.0198s
-- create_table("node_sysctls", {charset: "utf8mb3", collation: "utf8mb3_bin", force: :cascade})
   -> 0.0297s
-- create_table("node_system_history_states", {charset: "utf8mb3", collation: "utf8mb3_czech_ci", force: :cascade})
   -> 0.0280s
-- create_table("node_system_states", {charset: "utf8mb3", collation: "utf8mb3_czech_ci", force: :cascade})
   -> 0.0234s
-- create_table("node_transfer_connections", {charset: "utf8mb3", collation: "utf8mb3_czech_ci", force: :cascade})
   -> 0.0312s
-- create_table("nodes", {id: {type: :integer, unsigned: true}, charset: "utf8mb3", collation: "utf8mb3_czech_ci", force: :cascade})
   -> 0.0276s
-- create_table("oauth2_authorizations", {charset: "utf8mb3", collation: "utf8mb3_czech_ci", force: :cascade})
   -> 0.0395s
-- create_table("oauth2_clients", {charset: "utf8mb3", collation: "utf8mb3_czech_ci", force: :cascade})
   -> 0.0260s
-- create_table("object_histories", {id: {type: :integer, unsigned: true}, charset: "utf8mb3", collation: "utf8mb3_czech_ci", force: :cascade})
   -> 0.0257s
-- create_table("object_states", {id: {type: :integer, unsigned: true}, charset: "utf8mb3", collation: "utf8mb3_czech_ci", force: :cascade})
   -> 0.0214s
-- create_table("oom_preventions", {charset: "utf8mb3", collation: "utf8mb3_czech_ci", force: :cascade})
   -> 0.0215s
-- create_table("oom_report_counters", {charset: "utf8mb3", collation: "utf8mb3_czech_ci", force: :cascade})
   -> 0.0207s
-- create_table("oom_report_rules", {charset: "utf8mb3", collation: "utf8mb3_czech_ci", force: :cascade})
   -> 0.0169s
-- create_table("oom_report_stats", {id: {type: :integer, unsigned: true}, charset: "utf8mb3", collation: "utf8mb3_czech_ci", force: :cascade})
   -> 0.0186s
-- create_table("oom_report_tasks", {id: {type: :integer, unsigned: true}, charset: "utf8mb3", collation: "utf8mb3_czech_ci", force: :cascade})
   -> 0.0353s
-- create_table("oom_report_usages", {id: {type: :integer, unsigned: true}, charset: "utf8mb3", collation: "utf8mb3_czech_ci", force: :cascade})
   -> 0.0292s
-- create_table("oom_reports", {id: {type: :integer, unsigned: true}, charset: "utf8mb3", collation: "utf8mb3_czech_ci", force: :cascade})
   -> 0.0274s
-- create_table("os_families", {charset: "utf8mb3", collation: "utf8mb3_czech_ci", force: :cascade})
   -> 0.0241s
-- create_table("os_templates", {id: {type: :integer, unsigned: true}, charset: "utf8mb3", collation: "utf8mb3_czech_ci", force: :cascade})
   -> 0.0275s
-- create_table("password_change_logs", {charset: "utf8mb3", collation: "utf8mb3_czech_ci", force: :cascade})
   -> 0.0386s
-- create_table("password_event_counters", {charset: "utf8mb3", collation: "utf8mb3_czech_ci", force: :cascade})
   -> 0.0191s
-- create_table("password_recoveries", {charset: "utf8mb3", collation: "utf8mb3_czech_ci", force: :cascade})
   -> 0.0476s
-- create_table("password_recovery_requests", {charset: "utf8mb3", collation: "utf8mb3_czech_ci", force: :cascade})
   -> 0.0245s
-- create_table("password_recovery_submissions", {charset: "utf8mb3", collation: "utf8mb3_czech_ci", force: :cascade})
   -> 0.0369s
-- create_table("pools", {id: {type: :integer, unsigned: true}, charset: "utf8mb3", collation: "utf8mb3_czech_ci", force: :cascade})
   -> 0.0300s
-- create_table("port_reservations", {id: {type: :integer, unsigned: true}, charset: "utf8mb3", collation: "utf8mb3_czech_ci", force: :cascade})
   -> 0.0253s
-- create_table("repeatable_tasks", {id: {type: :integer, unsigned: true}, charset: "utf8mb3", collation: "utf8mb3_czech_ci", force: :cascade})
   -> 0.0188s
-- create_table("resource_locks", {id: {type: :integer, unsigned: true}, charset: "utf8mb3", collation: "utf8mb3_czech_ci", force: :cascade})
   -> 0.0231s
-- create_table("security_advisories", {charset: "utf8mb3", collation: "utf8mb3_czech_ci", force: :cascade})
   -> 0.0363s
-- create_table("security_advisory_cves", {charset: "utf8mb3", collation: "utf8mb3_czech_ci", force: :cascade})
   -> 0.0252s
-- create_table("security_advisory_node_status_translations", {charset: "utf8mb3", collation: "utf8mb3_czech_ci", force: :cascade})
   -> 0.0235s
-- create_table("security_advisory_node_statuses", {charset: "utf8mb3", collation: "utf8mb3_czech_ci", force: :cascade})
   -> 0.0244s
-- create_table("security_advisory_translations", {charset: "utf8mb3", collation: "utf8mb3_czech_ci", force: :cascade})
   -> 0.0323s
-- create_table("security_advisory_updates", {charset: "utf8mb3", collation: "utf8mb3_czech_ci", force: :cascade})
   -> 0.0228s
-- create_table("security_advisory_users", {charset: "utf8mb3", collation: "utf8mb3_czech_ci", force: :cascade})
   -> 0.0295s
-- create_table("security_advisory_vpses", {charset: "utf8mb3", collation: "utf8mb3_czech_ci", force: :cascade})
   -> 0.0297s
-- create_table("single_sign_ons", {charset: "utf8mb3", collation: "utf8mb3_czech_ci", force: :cascade})
   -> 0.0241s
-- create_table("snapshot_downloads", {id: {type: :integer, unsigned: true}, charset: "utf8mb3", collation: "utf8mb3_czech_ci", force: :cascade})
   -> 0.0303s
-- create_table("snapshot_in_pool_clones", {id: {type: :integer, unsigned: true}, charset: "utf8mb3", collation: "utf8mb3_czech_ci", force: :cascade})
   -> 0.0213s
-- create_table("snapshot_in_pool_in_branches", {id: {type: :integer, unsigned: true}, charset: "utf8mb3", collation: "utf8mb3_czech_ci", force: :cascade})
   -> 0.0267s
-- create_table("snapshot_in_pools", {id: {type: :integer, unsigned: true}, charset: "utf8mb3", collation: "utf8mb3_czech_ci", force: :cascade})
   -> 0.0205s
-- create_table("snapshots", {id: {type: :integer, unsigned: true}, charset: "utf8mb3", collation: "utf8mb3_czech_ci", force: :cascade})
   -> 0.0242s
-- create_table("sysconfig", {id: {type: :integer, unsigned: true}, charset: "utf8mb3", collation: "utf8mb3_czech_ci", force: :cascade})
   -> 0.0193s
-- create_table("tokens", {id: {type: :integer, unsigned: true}, charset: "utf8mb3", collation: "utf8mb3_czech_ci", force: :cascade})
   -> 0.0192s
-- create_table("transaction_chain_concerns", {id: {type: :integer, unsigned: true}, charset: "utf8mb3", collation: "utf8mb3_czech_ci", force: :cascade})
   -> 0.0256s
-- create_table("transaction_chains", {id: {type: :integer, unsigned: true}, charset: "utf8mb3", collation: "utf8mb3_czech_ci", force: :cascade})
   -> 0.0313s
-- create_table("transaction_confirmations", {id: {type: :integer, unsigned: true}, charset: "utf8mb3", collation: "utf8mb3_czech_ci", force: :cascade})
   -> 0.0166s
-- create_table("transactions", {id: {type: :integer, unsigned: true}, charset: "utf8mb3", collation: "utf8mb3_czech_ci", force: :cascade})
   -> 0.0285s
-- create_table("user_agents", {id: {type: :integer, unsigned: true}, charset: "utf8mb3", collation: "utf8mb3_czech_ci", force: :cascade})
   -> 0.0167s
-- create_table("user_cluster_resource_packages", {id: {type: :integer, unsigned: true}, charset: "utf8mb3", collation: "utf8mb3_czech_ci", force: :cascade})
   -> 0.0248s
-- create_table("user_cluster_resources", {id: {type: :integer, unsigned: true}, charset: "utf8mb3", collation: "utf8mb3_czech_ci", force: :cascade})
   -> 0.0250s
-- create_table("user_devices", {charset: "utf8mb3", collation: "utf8mb3_czech_ci", force: :cascade})
   -> 0.0260s
-- create_table("user_failed_logins", {id: {type: :integer, unsigned: true}, charset: "utf8mb3", collation: "utf8mb3_czech_ci", force: :cascade})
   -> 0.0769s
-- create_table("user_mail_role_recipients", {id: {type: :integer, unsigned: true}, charset: "utf8mb3", collation: "utf8mb3_czech_ci", force: :cascade})
   -> 0.0230s
-- create_table("user_mail_template_recipients", {id: {type: :integer, unsigned: true}, charset: "utf8mb3", collation: "utf8mb3_czech_ci", force: :cascade})
   -> 0.0310s
-- create_table("user_namespace_blocks", {id: {type: :integer, unsigned: true}, charset: "utf8mb3", collation: "utf8mb3_czech_ci", force: :cascade})
   -> 0.0242s
-- create_table("user_namespace_map_entries", {id: {type: :integer, unsigned: true}, charset: "utf8mb3", collation: "utf8mb3_czech_ci", force: :cascade})
   -> 0.0267s
-- create_table("user_namespace_maps", {id: {type: :integer, unsigned: true}, charset: "utf8mb3", collation: "utf8mb3_czech_ci", force: :cascade})
   -> 0.0254s
-- create_table("user_namespaces", {id: {type: :integer, unsigned: true}, charset: "utf8mb3", collation: "utf8mb3_czech_ci", force: :cascade})
   -> 0.0263s
-- create_table("user_public_keys", {id: {type: :integer, unsigned: true}, charset: "utf8mb3", collation: "utf8mb3_czech_ci", force: :cascade})
   -> 0.0229s
-- create_table("user_sessions", {id: {type: :integer, unsigned: true}, charset: "utf8mb3", collation: "utf8mb3_czech_ci", force: :cascade})
   -> 0.0279s
-- create_table("user_totp_devices", {id: {type: :integer, unsigned: true}, charset: "utf8mb3", collation: "utf8mb3_czech_ci", force: :cascade})
   -> 0.0262s
-- create_table("users", {id: {type: :integer, unsigned: true}, charset: "utf8mb3", collation: "utf8mb3_czech_ci", force: :cascade})
   -> 0.0401s
-- create_table("uuids", {charset: "utf8mb3", collation: "utf8mb3_czech_ci", force: :cascade})
   -> 0.0215s
-- create_table("versions", {id: {type: :integer, unsigned: true}, charset: "utf8mb3", collation: "utf8mb3_czech_ci", force: :cascade})
   -> 0.0269s
-- create_table("vps_consoles", {id: {type: :integer, unsigned: true}, charset: "utf8mb3", collation: "utf8mb3_czech_ci", force: :cascade})
   -> 0.0197s
-- create_table("vps_current_statuses", {id: {type: :integer, unsigned: true}, charset: "utf8mb3", collation: "utf8mb3_czech_ci", force: :cascade})
   -> 0.0312s
-- create_table("vps_features", {id: {type: :integer, unsigned: true}, charset: "utf8mb3", collation: "utf8mb3_czech_ci", force: :cascade})
   -> 0.0225s
-- create_table("vps_maintenance_windows", {id: {type: :integer, unsigned: true}, charset: "utf8mb3", collation: "utf8mb3_czech_ci", force: :cascade})
   -> 0.0208s
-- create_table("vps_migrations", {id: {type: :integer, unsigned: true}, charset: "utf8mb3", collation: "utf8mb3_czech_ci", force: :cascade})
   -> 0.0181s
-- create_table("vps_os_processes", {primary_key: ["vps_id", "state"], charset: "utf8mb3", collation: "utf8mb3_czech_ci", force: :cascade})
   -> 0.0275s
-- create_table("vps_ssh_host_keys", {charset: "utf8mb3", collation: "utf8mb3_czech_ci", force: :cascade})
   -> 0.0234s
-- create_table("vps_statuses", {id: {type: :integer, unsigned: true}, charset: "utf8mb3", collation: "utf8mb3_czech_ci", force: :cascade})
   -> 0.0201s
-- create_table("vps_user_data", {charset: "utf8mb3", collation: "utf8mb3_czech_ci", force: :cascade})
   -> 0.0204s
-- create_table("vpses", {id: {type: :integer, unsigned: true}, charset: "utf8mb3", collation: "utf8mb3_czech_ci", force: :cascade})
   -> 0.0485s
-- create_table("webauthn_challenges", {charset: "utf8mb3", collation: "utf8mb3_czech_ci", force: :cascade})
   -> 0.0271s
-- create_table("webauthn_credentials", {charset: "utf8mb3", collation: "utf8mb3_czech_ci", force: :cascade})
   -> 0.0202s
-- add_foreign_key("node_current_statuses", "node_kernel_evidences", {on_delete: :nullify})
   -> 0.0318s
-- add_foreign_key("node_ebpf_program_links", "node_ebpf_programs", {on_delete: :cascade})
   -> 0.0286s
-- add_foreign_key("node_ebpf_program_objects", "node_ebpf_programs", {on_delete: :cascade})
   -> 0.0299s
-- add_foreign_key("node_ebpf_programs", "node_kernel_evidences", {on_delete: :cascade})
   -> 0.0332s
-- add_foreign_key("node_kernel_configuration_options", "node_kernel_configurations", {on_delete: :cascade})
   -> 0.0392s
-- add_foreign_key("node_kernel_events", "node_kernel_evidences", {on_delete: :nullify})
   -> 0.0466s
-- add_foreign_key("node_kernel_evidence_checkpoints", "nodes", {on_delete: :cascade})
   -> 0.0298s
-- add_foreign_key("node_kernel_evidence_errors", "node_kernel_evidences", {on_delete: :cascade})
   -> 0.0340s
-- add_foreign_key("node_kernel_history_gaps", "node_kernel_history_states", {on_delete: :cascade})
   -> 0.0337s
-- add_foreign_key("node_kernel_livepatch_patches", "node_kernel_livepatches", {on_delete: :cascade})
   -> 0.0321s
-- add_foreign_key("node_kernel_livepatches", "node_kernel_evidences", {on_delete: :cascade})
   -> 0.0318s
-- add_foreign_key("node_kernel_modules", "node_kernel_evidences", {on_delete: :cascade})
   -> 0.0426s
-- add_foreign_key("node_kernel_parameters", "node_kernel_evidences", {on_delete: :cascade})
   -> 0.0351s
-- add_foreign_key("node_software_changes", "node_kernel_events", {on_delete: :cascade})
   -> 0.0427s
-- add_foreign_key("node_software_versions", "node_kernel_evidences", {on_delete: :cascade})
   -> 0.0366s
-- add_foreign_key("node_sysctl_changes", "node_kernel_events", {on_delete: :cascade})
   -> 0.0300s
-- add_foreign_key("node_sysctls", "node_kernel_evidences", {on_delete: :cascade})
   -> 0.0381s
Run options: exclude {generator: true}

Randomized with seed 12221
== 20170223191015 Setup: migrating ============================================
-- create_table(:outages, {options: "ENGINE=InnoDB", id: :integer})
   -> 0.0143s
-- add_index(:outages, :state, {name: "index_outages_on_state"})
   -> 0.0200s
-- add_index(:outages, :outage_type, {name: "index_outages_on_outage_type"})
   -> 0.0200s
-- add_index(:outages, :planned, {name: "index_outages_on_planned"})
   -> 0.0215s
-- create_table(:outage_entities, {options: "ENGINE=InnoDB", id: :integer})
   -> 0.0124s
-- add_index(:outage_entities, :outage_id, {name: "index_outage_entities_on_outage_id"})
   -> 0.0182s
-- add_index(:outage_entities, :name, {name: "index_outage_entities_on_name"})
   -> 0.0169s
-- add_index(:outage_entities, :row_id, {name: "index_outage_entities_on_row_id"})
   -> 0.0183s
-- add_index(:outage_entities, [:outage_id, :name, :row_id], {unique: true, name: "index_outage_entities_on_outage_id_and_name_and_row_id"})
   -> 0.0230s
-- create_table(:outage_handlers, {options: "ENGINE=InnoDB", id: :integer})
   -> 0.0110s
-- add_index(:outage_handlers, :outage_id, {name: "index_outage_handlers_on_outage_id"})
   -> 0.0181s
-- add_index(:outage_handlers, :user_id, {name: "index_outage_handlers_on_user_id"})
   -> 0.0185s
-- add_index(:outage_handlers, [:outage_id, :user_id], {unique: true, name: "index_outage_handlers_on_outage_id_and_user_id"})
   -> 0.0198s
-- create_table(:outage_updates, {options: "ENGINE=InnoDB", id: :integer})
   -> 0.0101s
-- add_index(:outage_updates, :outage_id, {name: "index_outage_updates_on_outage_id"})
   -> 0.0267s
-- add_index(:outage_updates, :reported_by_id, {name: "index_outage_updates_on_reported_by_id"})
   -> 0.0240s
-- add_index(:outage_updates, :state, {name: "index_outage_updates_on_state"})
   -> 0.0200s
-- add_index(:outage_updates, :outage_type, {name: "index_outage_updates_on_outage_type"})
   -> 0.0203s
-- create_table(:outage_translations, {options: "ENGINE=InnoDB", id: :integer})
   -> 0.0097s
-- add_index(:outage_translations, :outage_id, {name: "index_outage_translations_on_outage_id"})
   -> 0.0183s
-- add_index(:outage_translations, :outage_update_id, {name: "index_outage_translations_on_outage_update_id"})
   -> 0.0200s
-- add_index(:outage_translations, :language_id, {name: "index_outage_translations_on_language_id"})
   -> 0.0207s
-- add_index(:outage_translations, [:outage_id, :language_id], {unique: true, name: "index_outage_translations_on_outage_id_and_language_id"})
   -> 0.0210s
-- add_index(:outage_translations, [:outage_update_id, :language_id], {unique: true, name: "index_outage_translations_on_outage_update_id_and_language_id"})
   -> 0.0164s
-- create_table(:outage_vpses, {options: "ENGINE=InnoDB", id: :integer})
   -> 0.0098s
-- add_index(:outage_vpses, [:outage_id, :vps_id], {unique: true, name: "index_outage_vpses_on_outage_id_and_vps_id"})
   -> 0.0269s
-- add_index(:outage_vpses, :outage_id, {name: "index_outage_vpses_on_outage_id"})
   -> 0.0201s
-- add_index(:outage_vpses, :vps_id, {name: "index_outage_vpses_on_vps_id"})
   -> 0.0191s
-- add_index(:outage_vpses, :user_id, {name: "index_outage_vpses_on_user_id"})
   -> 0.0198s
-- add_index(:outage_vpses, :environment_id, {name: "index_outage_vpses_on_environment_id"})
   -> 0.0173s
-- add_index(:outage_vpses, :location_id, {name: "index_outage_vpses_on_location_id"})
   -> 0.0182s
-- add_index(:outage_vpses, :node_id, {name: "index_outage_vpses_on_node_id"})
   -> 0.0183s
-- create_table(:outage_vps_mounts, {options: "ENGINE=InnoDB", id: :integer})
   -> 0.0118s
-- add_index(:outage_vps_mounts, [:outage_vps_id, :mount_id], {unique: true, name: "index_outage_vps_mounts_on_outage_vps_id_and_mount_id"})
   -> 0.0259s
-- add_index(:outage_vps_mounts, :outage_vps_id, {name: "index_outage_vps_mounts_on_outage_vps_id"})
   -> 0.0198s
-- add_index(:outage_vps_mounts, :mount_id, {name: "index_outage_vps_mounts_on_mount_id"})
   -> 0.0195s
== 20170223191015 Setup: migrated (0.6720s) ===================================

== 20201129113300 AddOutageExports: migrating =================================
-- create_table(:outage_users, {options: "ENGINE=InnoDB", id: :integer})
   -> 0.0117s
-- add_index(:outage_users, [:outage_id, :user_id], {unique: true, name: "index_outage_users_on_outage_id_and_user_id"})
   -> 0.0220s
-- add_index(:outage_users, :outage_id, {name: "index_outage_users_on_outage_id"})
   -> 0.0273s
-- add_index(:outage_users, :user_id, {name: "index_outage_users_on_user_id"})
   -> 0.0201s
-- create_table(:outage_exports, {options: "ENGINE=InnoDB", id: :integer})
   -> 0.0107s
-- add_index(:outage_exports, [:outage_id, :export_id], {unique: true, name: "index_outage_exports_on_outage_id_and_export_id"})
   -> 0.0171s
-- add_index(:outage_exports, :outage_id, {name: "index_outage_exports_on_outage_id"})
   -> 0.0231s
-- add_index(:outage_exports, :export_id, {name: "index_outage_exports_on_export_id"})
   -> 0.0218s
-- add_index(:outage_exports, :user_id, {name: "index_outage_exports_on_user_id"})
   -> 0.0202s
-- add_index(:outage_exports, :environment_id, {name: "index_outage_exports_on_environment_id"})
   -> 0.0191s
-- add_index(:outage_exports, :location_id, {name: "index_outage_exports_on_location_id"})
   -> 0.0200s
-- add_index(:outage_exports, :node_id, {name: "index_outage_exports_on_node_id"})
   -> 0.0229s
== 20201129113300 AddOutageExports: migrated (0.2439s) ========================

== 20240123092400 RemoveVpsOutageMounts: migrating ============================
-- remove_index(:outage_vps_mounts, [:outage_vps_id, :mount_id], {unique: true})
   -> 0.0185s
-- drop_table(:outage_vps_mounts)
   -> 0.0084s
== 20240123092400 RemoveVpsOutageMounts: migrated (0.0273s) ===================

== 20240124093200 AddImpactType: migrating ====================================
-- add_column(:outages, :impact_type, :integer, {null: false, default: 0})
   -> 0.0152s
-- add_index(:outages, :impact_type)
   -> 0.0177s
-- remove_index(:outages, :planned)
   -> 0.0163s
-- remove_column(:outages, :planned, :boolean, {null: false, default: false})
   -> 0.0301s
-- remove_index(:outage_updates, :outage_type)
   -> 0.0216s
-- rename_column(:outage_updates, :outage_type, :impact_type)
   -> 0.0179s
-- add_index(:outage_updates, :impact_type)
   -> 0.0198s
== 20240124093200 AddImpactType: migrated (0.1443s) ===========================

== 20240124185400 AddAutoResolve: migrating ===================================
-- add_column(:outages, :auto_resolve, :boolean, {null: false, default: true})
   -> 0.0209s
== 20240124185400 AddAutoResolve: migrated (0.0211s) ==========================

== 20260601121000 AddOutageSecurityAdvisories: migrating ======================
-- create_table(:outage_security_advisories)
   -> 0.0095s
-- add_index(:outage_security_advisories, [:outage_id, :security_advisory_id], {unique: true, name: "index_osa_on_outage_advisory"})
   -> 0.0202s
-- add_index(:outage_security_advisories, :security_advisory_id)
   -> 0.0190s
== 20260601121000 AddOutageSecurityAdvisories: migrated (0.0493s) =============

== 20170121214350 Setup: migrating ============================================
-- create_table(:incoming_payments, {options: "ENGINE=InnoDB", id: :integer})
   -> 0.0144s
-- add_index(:incoming_payments, :transaction_id, {unique: true, name: "index_incoming_payments_on_transaction_id"})
   -> 0.0211s
-- add_index(:incoming_payments, :vs, {name: "index_incoming_payments_on_vs"})
   -> 0.0186s
-- add_index(:incoming_payments, :ks, {name: "index_incoming_payments_on_ks"})
   -> 0.0198s
-- add_index(:incoming_payments, :ss, {name: "index_incoming_payments_on_ss"})
   -> 0.0188s
-- create_table(:user_accounts, {options: "ENGINE=InnoDB", id: :integer})
   -> 0.0143s
-- add_index(:user_accounts, :user_id, {unique: true, name: "index_user_accounts_on_user_id"})
   -> 0.0211s
-- create_table(:user_payments, {options: "ENGINE=InnoDB", id: :integer})
   -> 0.0150s
-- add_index(:user_payments, :incoming_payment_id, {unique: true, name: "index_user_payments_on_incoming_payment_id"})
   -> 0.0275s
-- add_index(:user_payments, :user_id, {name: "index_user_payments_on_user_id"})
   -> 0.0183s
-- add_index(:user_payments, :accounted_by_id, {name: "index_user_payments_on_accounted_by_id"})
   -> 0.0196s
== 20170121214350 Setup: migrated (0.2131s) ===================================

== 20260706212000 LocalizePaymentInstructionsSysconfig: migrating =============
== 20260706212000 LocalizePaymentInstructionsSysconfig: migrated (0.0079s) ====

== 20260905180000 AddUserPaymentsCreatedAtIndex: migrating ====================
-- add_index(:user_payments, :created_at)
   -> 0.0198s
== 20260905180000 AddUserPaymentsCreatedAtIndex: migrated (0.0200s) ===========

== 20170122083340 Setup: migrating ============================================
-- create_table(:user_requests, {options: "ENGINE=InnoDB", id: :integer})
   -> 0.0132s
-- add_index(:user_requests, :user_id, {name: "index_user_requests_on_user_id"})
   -> 0.0183s
-- add_index(:user_requests, :type, {name: "index_user_requests_on_type"})
   -> 0.0185s
-- add_index(:user_requests, :state, {name: "index_user_requests_on_state"})
   -> 0.0280s
-- add_index(:user_requests, :admin_id, {name: "index_user_requests_on_admin_id"})
   -> 0.0274s
-- table_exists?(:members_changes)
   -> 0.0024s
== 20170122083340 Setup: migrated (0.1092s) ===================================

== 20170908165000 AddAccessToken: migrating ===================================
-- add_column(:user_requests, :access_token, :string, {null: true, limit: 40})
   -> 0.0174s
== 20170908165000 AddAccessToken: migrated (0.0177s) ==========================

== 20201126142500 AddIpMailChecks: migrating ==================================
-- add_column(:user_requests, :ip_checked, :boolean, {null: true})
   -> 0.0208s
-- add_column(:user_requests, :ip_request_id, :string, {limit: 50, null: true})
   -> 0.0163s
-- add_column(:user_requests, :ip_success, :boolean, {null: true})
   -> 0.0195s
-- add_column(:user_requests, :ip_message, :string, {limit: 255, null: true})
   -> 0.0162s
-- add_column(:user_requests, :ip_errors, :text, {null: true})
   -> 0.0171s
-- add_column(:user_requests, :ip_proxy, :boolean, {null: true})
   -> 0.0201s
-- add_column(:user_requests, :ip_crawler, :boolean, {null: true})
   -> 0.0247s
-- add_column(:user_requests, :ip_recent_abuse, :boolean, {null: true})
   -> 0.0170s
-- add_column(:user_requests, :ip_vpn, :boolean, {null: true})
   -> 0.0138s
-- add_column(:user_requests, :ip_tor, :boolean, {null: true})
   -> 0.0141s
-- add_column(:user_requests, :ip_fraud_score, :integer, {null: true})
   -> 0.0152s
-- add_column(:user_requests, :mail_checked, :boolean, {null: true})
   -> 0.0140s
-- add_column(:user_requests, :mail_request_id, :string, {limit: 50, null: true})
   -> 0.0161s
-- add_column(:user_requests, :mail_success, :boolean, {null: true})
   -> 0.0237s
-- add_column(:user_requests, :mail_message, :string, {limit: 255, null: true})
   -> 0.0155s
-- add_column(:user_requests, :mail_errors, :text, {null: true})
   -> 0.0188s
-- add_column(:user_requests, :mail_valid, :boolean, {null: true})
   -> 0.0169s
-- add_column(:user_requests, :mail_disposable, :boolean, {null: true})
   -> 0.0175s
-- add_column(:user_requests, :mail_timed_out, :boolean, {null: true})
   -> 0.0193s
-- add_column(:user_requests, :mail_deliverability, :string, {limit: 20, null: true})
   -> 0.0177s
-- add_column(:user_requests, :mail_catch_all, :boolean, {null: true})
   -> 0.0175s
-- add_column(:user_requests, :mail_leaked, :boolean, {null: true})
   -> 0.0256s
-- add_column(:user_requests, :mail_suspect, :boolean, {null: true})
   -> 0.0173s
-- add_column(:user_requests, :mail_smtp_score, :integer, {null: true})
   -> 0.0178s
-- add_column(:user_requests, :mail_overall_score, :integer, {null: true})
   -> 0.0207s
-- add_column(:user_requests, :mail_fraud_score, :integer, {null: true})
   -> 0.0206s
-- add_column(:user_requests, :mail_dns_valid, :boolean, {null: true})
   -> 0.0167s
-- add_column(:user_requests, :mail_honeypot, :boolean, {null: true})
   -> 0.0197s
-- add_column(:user_requests, :mail_spam_trap_score, :string, {limit: 20, null: true})
   -> 0.0220s
-- add_column(:user_requests, :mail_recent_abuse, :boolean, {null: true})
   -> 0.0187s
-- add_column(:user_requests, :mail_frequent_complainer, :boolean, {null: true})
   -> 0.0170s
== 20201126142500 AddIpMailChecks: migrated (0.6029s) =========================

== 20260606223100 AddUserRequestsTimeZone: migrating ==========================
-- add_column(:user_requests, :time_zone, :string, {null: true})
   -> 0.0177s
== 20260606223100 AddUserRequestsTimeZone: migrated (0.0180s) =================

== 20170408184500 Setup: migrating ============================================
-- create_table(:monitored_events, {options: "ENGINE=InnoDB", id: :integer})
   -> 0.0146s
-- add_index(:monitored_events, :monitor_name, {name: "index_monitored_events_on_monitor_name"})
   -> 0.0180s
-- add_index(:monitored_events, :class_name, {name: "index_monitored_events_on_class_name"})
   -> 0.0163s
-- add_index(:monitored_events, :row_id, {name: "index_monitored_events_on_row_id"})
   -> 0.0193s
-- add_index(:monitored_events, :state, {name: "index_monitored_events_on_state"})
   -> 0.0249s
-- add_index(:monitored_events, :user_id, {name: "index_monitored_events_on_user_id"})
   -> 0.0215s
-- create_table(:monitored_event_states, {options: "ENGINE=InnoDB", id: :integer})
   -> 0.0127s
-- add_index(:monitored_event_states, :monitored_event_id, {name: "index_monitored_event_states_on_monitored_event_id"})
   -> 0.0252s
-- create_table(:monitored_event_logs, {options: "ENGINE=InnoDB", id: :integer})
   -> 0.0140s
-- add_index(:monitored_event_logs, :monitored_event_id, {name: "index_monitored_event_logs_on_monitored_event_id"})
   -> 0.0190s
-- add_index(:monitored_event_logs, :passed, {name: "index_monitored_event_logs_on_passed"})
   -> 0.0310s
== 20170408184500 Setup: migrated (0.2219s) ===================================

== 20230123085900 AddMonitoredEventActionState: migrating =====================
-- add_column(:monitored_events, :action_state, :text, {null: true})
   -> 0.0164s
== 20230123085900 AddMonitoredEventActionState: migrated (0.0167s) ============

== 20231105124400 AddMonitoredEventAlertCount: migrating ======================
-- add_column(:monitored_events, :alert_count, :integer, {null: false, default: 0})
   -> 0.0179s
== 20231105124400 AddMonitoredEventAlertCount: migrated (0.0182s) =============

== 20170201082030 Setup: migrating ============================================
-- create_table(:news_logs, {options: "ENGINE=InnoDB", id: :integer})
   -> 0.0183s
== 20170201082030 Setup: migrated (0.0187s) ===================================

== 20260706210000 LocalizeNewsLogMessages: migrating ==========================
-- create_table(:news_log_translations)
   -> 0.0142s
-- add_index(:news_log_translations, :news_log_id)
   -> 0.0270s
-- add_index(:news_log_translations, :language_id)
   -> 0.0223s
-- add_index(:news_log_translations, [:news_log_id, :language_id], {unique: true, name: "news_log_translation_unique"})
   -> 0.0206s
== 20260706210000 LocalizeNewsLogMessages: migrated (0.1200s) =================

== 20170201093720 Setup: migrating ============================================
-- create_table(:help_boxes, {options: "ENGINE=InnoDB", id: :integer})
   -> 0.0198s
-- add_index(:help_boxes, :page, {name: "index_help_boxes_on_page"})
   -> 0.0212s
-- add_index(:help_boxes, :action, {name: "index_help_boxes_on_action"})
   -> 0.0203s
-- add_index(:help_boxes, [:page, :action], {name: "index_help_boxes_on_page_and_action"})
   -> 0.0200s
== 20170201093720 Setup: migrated (0.0845s) ===================================

== 20260607190000 AddWebuiUserSettings: migrating =============================
-- create_table(:webui_user_settings)
   -> 0.0137s
-- add_index(:webui_user_settings, [:user_id, :namespace, :key], {unique: true, name: "index_webui_user_settings_unique_key"})
   -> 0.0311s
-- add_index(:webui_user_settings, [:user_id, :namespace], {name: "index_webui_user_settings_on_user_namespace"})
   -> 0.0232s
== 20260607190000 AddWebuiUserSettings: migrated (0.0688s) ====================

== 20260706211000 LocalizeWebuiSysconfig: migrating ===========================
== 20260706211000 LocalizeWebuiSysconfig: migrated (0.0678s) ==================


VpsAdmin::Supervisor::Node::Status
  #start
    ignores payloads for other nodes
  valid evidence recovery
    retains system-state confirmations through restart and malformed security evidence
    retains recent software confirmation across invalid evidence and restart
    retains recent sysctl confirmation across invalid evidence and restart
    uses the latest unchanged report for deployment after restart
    recovers after active eBPF links have no readable attachment timestamp
    retains recent deployment confirmation across invalid evidence and restart
    uses the latest unchanged report for sysctl after restart
    keeps newer kernel confirmation when upgrading with already invalid current evidence
    uses the latest unchanged report for module after restart
    preserves incomplete but comparable evidence without confirming kernel state
    clears the private checkpoint when a node becomes a service-only host
    prefers a newer immutable event over a checkpoint left by older writers
    retains the checkpoint and invalid current evidence if recovery fails
    retains recent module confirmation across invalid evidence and restart
    retains recent livepatch_application confirmation across invalid evidence and restart
    records a new boot after an invalid gap instead of comparing across boots
    retains one private checkpoint through repeated invalid, missing and stale reports
    uses the latest unchanged report for ebpf after restart
    uses the latest unchanged report for livepatch_application after restart
    uses the latest unchanged report for software after restart
    retains recent ebpf confirmation across invalid evidence and restart
  persisted kernel confirmations
    keeps original bounds, evidence, and public revisions stable during unchanged reports
    retains confirmation across invalid, stale, transitioning reports and a supervisor restart
  #update_status
    updates rolling sums and update count between log intervals
    rejects kernel configuration content whose digest does not match
    turns malformed nested mitigation evidence into a per-node gap
    rejects duplicate keys in set-like relational components
    rejects incomplete or malformed current contracts
    resets invalid rolling average state before logging
    rejects invalid revision provenance
    deduplicates full kernel configurations outside status evidence
    rejects incomplete current evidence without losing ordinary status
    clears ARC values when the payload omits ARC data
    reloads evidence under the Node lock before deriving changes
    accepts an inactive eBPF program with no kernel links
    does not let an out-of-order report regress current evidence
    stores current status values in MiB and logs the first sample
    stores canonical system configuration provenance independently for each closure
    stores the current software, boot parameter and sysctl evidence
    replaces previously valid evidence when a current schema is unsupported
    updates the legacy rollback cache from the current report
    stores a gap for malformed current evidence without losing node status
    accepts a revision-only confctl fallback identity
    accepts any well-formed sysctl inventory
    clears kernel data received from service-only nodes
    stores unsupported security evidence as an explicit current gap
    recovers from malformed evidence without recording a false reboot
    rejects the retired configuration component without losing ordinary status
    updates the authoritative system-state timeline
    rejects non-scalar sysctl values and non-string eBPF metadata
    records impossible CPU and memory capacities as unknown
    rolls back current status when state recording fails
    accepts duplicate booted parameters in their original order

VpsAdmin::API::KernelEvidence::StableState
  .stable?
    rejects unreadable inventories and runtime flags but permits unavailable enrichment
    rejects invalid reports and missing reported release
    requires complete non-transitioning livepatch state
  .same_boot?
    prefers boot IDs to boot timestamps when both are known
    does not establish a boot from absent identities
    falls back to matching known boot timestamps when an ID is missing
  .confirms?
    compares only stable boot, release, and effective patch IDs
    rejects release and effective-state mismatches, including a legacy hidden patch
    cannot confirm an incomplete or transitioning baseline with a later stable report

VpsAdmin::API::Operations::Node::RecordKernelEvidence
  deletes at most one reconstructed boot per reported event
  does not apply a patch until unreadable livepatch state becomes observable
  does not record an eBPF change when only its verification time advances
  does not treat a legacy activation marker as the application time
  treats the first complete livepatch state after an unreadable boot as boot state
  shares one immutable evidence snapshot among changes from one report
  does not remove a patch when livepatch sysfs enumeration is unreadable
  does not invent an application event for a patch already stable at boot
  records replacement by another stable patch as an observed application
  records per-name sysctl values before and after a change
  bounds a release deferred by transition from the stable event
  does not remove an effective patch hidden by an old reporter
  keeps later verification metadata internal without changing application timing
  keeps availability and transition changes internal until application completes
  records removal only after a reverse transition completes
  records added and removed sysctls without a separate policy identity
  records a boot and an observed same-boot livepatch application
  uses reported boot time for a later real reboot
  deletes a matching reconstructed boot when exact identity first arrives
  records reporter evidence for a loaded module with unknown enrichment metadata
  records internal runtime evidence changes without replacing the current kernel event
  keeps an unmatched reconstructed boot visible as a distinct reboot
  groups simultaneous software changes and records the initial baseline
  marks a boot time estimated from uptime as inferred
  marks a reported boot without a timestamp as incomplete
  records a same-boot system activation as an internal deployment change
  stable confirmation timestamps
    uses the latest confirmation after a long unchanged period for direct removal
    does not move confirmations backward or use a previous observation from the future
    preserves confirmation through unreadable and legacy inventories without confirming a hidden patch
    still uses a complete preceding non-effective report for application completion
    does not confirm a state without any boot identity
    compares runtime semantics while inventory, verification, and deployment change
    retains confirmation through multiple transitions and a release already changed in transition
    bounds a release-only change before the first transitioning report with that release
    keeps confirmation on its original boot
    retains an upgrade-time confirmation from the supplied previous report
    does not confirm an unreadable bootstrap or infer its patch baseline later
    uses the reported boot timestamp when boot IDs are unavailable

KernelHistoryBoundsRepair::NodeRepair
  skips ineligible confidence=:exact
  rejects preexisting integrity drift in the baseline snapshot
  skips a concurrent change to target
  does not treat a legacy inventory hiding the active patch as confirmation
  skips ineligible event_type=:livepatch_change
  applies only the lower bound, invalidates the public revision, and is idempotent
  rejects evidence and targets from another boot
  repairs an explicitly classified livepatch removed event
  skips ineligible source=:reconstructed_node_status
  skips a concurrent change to predecessor
  skips ineligible observed_after=nil
  keeps a fixed candidate set when history is appended during a batch
  skips a concurrent change to evidence
  skips a changed supporting snapshot and uses the latest intact proof
  leaves history unchanged if the only newer confirmation fails its stored digest
  ignores mutable snapshots, checkpoints, raw samples, and snapshots outside the open interval
  previews a tighter interval from an internal immutable event without writing
  rejects preexisting integrity drift in the target snapshot
  uses the immediate public predecessor rather than an older matching baseline
  repairs an explicitly classified livepatch applied event
  skips a concurrent change to evidence_contents
  chooses the latest positive confirmation, excluding transitioning and incomplete samples

VpsAdmin::API::Resources::DnsRecord
  Create
    returns validation errors for multiline SSHFP content
    allows users to create null MX records
    rejects DS records at the zone apex
    enforces the CAA content length accepted by the DNS renderer
    allows users to create SRV records with explicit priority
    allows users to create every supported record type with valid content
    rejects users creating records outside their zone
    normalizes CAA content when creating records

RSpec is shutting down and will print the summary report... Interrupt again to force quit (warning: at_exit hooks will be skipped if you force quit).
    rejects invalid content for every supported record type

Finished in 3 minutes 26.2 seconds (files took 11.87 seconds to load)
132 examples, 0 failures

Randomized with seed 12221

