
confctl config dev shell ready (tools)
Skipping swpins auto updates for flake config
Skipping swpins checks for flake config
Evaluating inputs for 11 machines...

Machines will be built in 1 groups

Build log: /home/aither/workspace/ai/vpsfree.cz/worktrees/2026-09-14-kernel-history-fix/vpsfree-cz-configuration/.confctl/logs/2026-09-15--10-59-23-confctl-build.log

Building machines
  cz.vpsfree/vpsadmin/int.api1
  cz.vpsfree/vpsadmin/int.api2
  cz.vpsfree/vpsadmin/int.db
  cz.vpsfree/vpsadmin/int.rabbitmq1
  cz.vpsfree/vpsadmin/int.rabbitmq2
  cz.vpsfree/vpsadmin/int.rabbitmq3
  cz.vpsfree/vpsadmin/int.redis1
  cz.vpsfree/vpsadmin/int.vpsadmin1
  cz.vpsfree/vpsadmin/int.webui-dev
  cz.vpsfree/vpsadmin/int.webui1
  cz.vpsfree/vpsadmin/int.webui2
with inputs
Command: confctl build --yes cz.vpsfree/vpsadmin/*
Build group: 1/1 (11 machines)
Full log:    .confctl/logs/2026-09-15--10-59-23-confctl-build.log

[build] 1/0 /nix/store/b022p4430flwbn10d25pk0i889gyzkd3-vpsadmin-source-c38839d5be62e9d40d055b23a84844e2037ba4db.drv
[fetch] 1/40 /nix/store/g8h4wza6gclh6jcfi8xf3bmiqiqy5rps-ensure-all-wrappers-paths-exist
[fetch] 2/40 /nix/store/wzx8dd89lbqjz5qx3agrxqcbw83hfpxn-ensure-all-wrappers-paths-exist
[fetch] 3/40 /nix/store/qqlrkblzhy8mkrrgz5d1vaxn14v98d0r-die-hook
[fetch] 4/40 /nix/store/71x5r55xp1xmli88xipg8j3gmr8l37v4-desktop-file-utils-0.28
[fetch] 5/40 /nix/store/xdm9kkbv3nv4wr8cl7b3dh00ivbicg27-texinfo-7.2
[fetch] 6/40 /nix/store/1cv23lq6wrnq248cwjn4g21w7qvk8y0y-find-xml-catalogs-hook
[build] 2/186 /nix/store/w2xm38d2lvfbic9fh83ixm79qxkigh9i-check-sshd-config.drv
[build] 3/186 /nix/store/lq6666xy9lyhb0rpaks17kszwp00fdjc-stage-2-init.sh.drv
[fetch] 7/40 /nix/store/glyk6m67m3ayxjsbjssza725bnzy0bw7-libxslt-1.1.45-bin
[fetch] 8/40 /nix/store/2nlcvqyhi3lpb28zwpbilp7sa76fq2wr-lndir-1.0.5
[build] 4/186 /nix/store/7sizxsj6s9bzbapff6wssvmnzj7qzkg6-dry-activate.drv
[build] 5/186 /nix/store/gqyck1nfzag8ip359rb2ygix0p3ll3j4-dry-activate.drv
[build] 6/186 /nix/store/jnfadra8qkzxwh2d8xg5s9z37vildrvh-dry-activate.drv
[build] 7/186 /nix/store/jp53q9a6w3d02n67g3cg5ksadv1h65p9-dry-activate.drv
[build] 8/186 /nix/store/jv1kpp5zh0axggph7kg1lsdlmqda33ag-dry-activate.drv
[build] 9/186 /nix/store/p20xc3hkgfn1mlxilgl2vkq5xvmfvd07-dry-activate.drv
[build] 10/186 /nix/store/rga4z445j37qqqspd711c2a40vc4zh7j-dry-activate.drv
[build] 11/186 /nix/store/pf2c4zhfbayczrsihwc3s7hk2zkzgn1b-builder.pl.drv
[build] 12/186 /nix/store/rpasyjvk3bfglvwwc84i26llksac3pgf-etc-confctl-configuration-info.json.drv
[build] 13/186 /nix/store/98px6qqnvww3sv1n614m85d64rjymwk9-etc-confctl-inputs-info.json.drv
[build] 14/186 /nix/store/gradd6f1ms0n55571xzb1mi8rwahb5bl-etc-confctl-inputs-info.json.drv
[build] 15/186 /nix/store/3a23s8144vny56x8pdxrfjygj2dwhjvq-etc-vpsadmin-build-info.json.drv
[build] 16/186 /nix/store/3nqqcg26a1iy53w2w81n0z1gz54zq0ys-unit-sys-kernel-debug.mount-disabled.drv
[build] 17/186 /nix/store/b35g4dlvpzyq5p9qi2nsiflq104ydjjk-unit-systemd-journald-audit.socket-disabled.drv
[build] 18/186 /nix/store/ixiqdmnfdkpgj4gzlvhrpkqggjdxx8zx-unit-systemd-oomd.service-disabled.drv
[fetch] 9/40 /nix/store/y01752l2xf2c6fc21visbrz7kkhg90qb-python3.13-cached-property-2.0.1
[fetch] 10/40 /nix/store/j3isk8dsklk1prbm6nld4gd97rwxqaf7-python3.13-configargparse-1.7.1
[fetch] 11/40 /nix/store/2sp5r1rw2zyk8fvfsln9p8x3jy7b88dq-python3.13-pyparsing-2.4.7
[fetch] 12/40 /nix/store/yh774lyglw1c0nxvn03dkflr92lqiba6-160d6274b03562ebeb55ed18399281d8118b76c8
[fetch] 13/40 /nix/store/6xg4mdjv4111nvg6mq32l3cg44i3ghyd-120b605dfeb996808c31b6477290a714d356e822
[fetch] 14/40 /nix/store/27ggarl8m9ys051bm4jkrnmwa6ajj430-402d35bcb92c70c026d1a6a9883f06b2ead23d71
[fetch] 15/40 /nix/store/4i803rf3f3471zlvvx30wa50kbxd4bh4-2b4765fddfe3b508ac62f829e852b1501d3f6e8a
[fetch] 16/40 /nix/store/441j7295bcn4rgmhdpm6znmcm6vkbfvv-8674e51bb65af933a5ffaf1c308a660387c35c22
[build] 19/186 /nix/store/il93yd0x4z1vwznpggq3frddskmm982s-gen-bin-stubs.drv
[build] 20/186 /nix/store/fl0572a22ykqcizqin4cp8q0c0ikchlg-reconstructinstalled.php.drv
[fetch] 17/40 /nix/store/ysx7b08g7hij256bgfpx61mwpd4pdjfk-996434e5492cb4c3edcb9168db6fbb1359ef965a
[fetch] 18/40 /nix/store/cp747s3fjqi379pgpcrmmxjci7yd0nbb-ShellCheck-0.11.0
[fetch] 19/40 /nix/store/881ran1s0zf42ih9askny5lkkrgksxd7-aa5030cfa5405eccfdcb1083ce040c2cb8d253bf
[fetch] 20/40 /nix/store/w237jyxv7qamppr9w6l7d45k5n9rnzf7-bb5906edc1c324c9a05aa0873d40117941e5fa90
[fetch] 21/40 /nix/store/c9bx64valknzrh68dbymz27b6ly45r72-curl-8.21.0-man
[fetch] 22/40 /nix/store/yxdp19qrak9hfh3i4b4scywjmjbdh927-gen-bin-stubs
[fetch] 23/40 /nix/store/wbjphpgc65c6hhm2c0pk92ri9fl2mdr9-mirrors-list
[fetch] 24/40 /nix/store/55fgrlxhk0wbb0mdzgvhjs0fbzrjyaa0-nghttp2-1.69.0
[fetch] 25/40 /nix/store/3piyr62m153md58fy9vdc149qyyf1qbg-nghttp2-1.69.0-lib
[fetch] 26/40 /nix/store/4s57rpbdcg6b6l4wh8xfqv206gg6hd68-openssl-3.6.3
[fetch] 27/40 /nix/store/ln9m1jcsdib4yvhqdfc23rdqhj0n4irj-gixy-0.1.21
[fetch] 28/40 /nix/store/zgi7n65namq775ixng2m8q5ivnb91qfi-make-binary-wrapper-hook
[fetch] 29/40 /nix/store/bpjwzx5qrfcpfnnl18nj6xxx6mpm5bqm-make-shell-wrapper-hook
[build] 21/186 /nix/store/bzsqgv3dizz6aj837sk7c17rl2fmj0nv-bacon-bacon-qr-code-8674e51bb65af933a5ffaf1c308a660387c35c22.drv
[build] 22/186 /nix/store/12d48ngg4lh887jhqmcz3gjiijqfimny-etc.drv
[build] 23/186 /nix/store/d17a27mg441nyz086mfm0q4vsfh1lgi6-etc.drv
[build] 24/186 /nix/store/hd97fkpriyz28ya2smjj14j8rnl94rij-etc.drv
[build] 25/186 /nix/store/is9w5gqzmhi3rz81ikdjvq0ahqp5xk5z-etc.drv
[build] 26/186 /nix/store/mg5vpx0acyyvq2xfws6m0dalry8q7zlg-etc.drv
[build] 27/186 /nix/store/qqw5d8agrs91mbclh7dkd3wjal3hqyks-etc.drv
[build] 28/186 /nix/store/g01ni1jh83kjb1i1dsdl975l5fifh53m-league-oauth2-client-160d6274b03562ebeb55ed18399281d8118b76c8.drv
[build] 29/186 /nix/store/0ldv1n7kj3qsji31cv0m2mvp9cbmvmm6-psr-http-factory-2b4765fddfe3b508ac62f829e852b1501d3f6e8a.drv
[build] 30/186 /nix/store/bpygmk6vp41r10kir7vmlhyciqxfanfj-psr-http-message-402d35bcb92c70c026d1a6a9883f06b2ead23d71.drv
[build] 31/186 /nix/store/w1xj2kwc2f621sw3mvaq4s46fjw4i6cj-ralouphie-getallheaders-120b605dfeb996808c31b6477290a714d356e822.drv
[fetch] 30/40 /nix/store/8r1gp0v1n006bv3q8275w8pz27yx0n43-krb5-1.22.2-lib
[fetch] 31/40 /nix/store/5akijc9hrdm7hpj3y6nkywsyi49j3bgc-nghttp2-1.69.0-dev
[fetch] 32/40 /nix/store/kz8q9l70674axc88z7a0xbh17b6p4k8m-libssh2-1.11.1
[fetch] 33/40 /nix/store/m0x4rhkakbz0mprkmpbb7i6j2kqb5kd3-openssl-3.6.3-bin
[build] 32/186 /nix/store/r6vh6zbdl06xfi559hx78nqkfpwjd7gw-notification-template-check.drv
[build] 33/186 /nix/store/10mzmc9076n331a4igvqg4nwrwywprj8-paragonie-random_compat-996434e5492cb4c3edcb9168db6fbb1359ef965a.drv
[build] 34/186 /nix/store/ly0ps4x1qagr4af9gb9qggqdkxkzrzgi-perl-5.42.0-env.drv
[build] 35/186 /nix/store/f2yfadvycy7yirz7ipnbq8c0jv4rwf70-psr-cache-aa5030cfa5405eccfdcb1083ce040c2cb8d253bf.drv
[build] 36/186 /nix/store/6plqq1yp8wnb7vzmpamjqcipcl57kam7-psr-http-client-bb5906edc1c324c9a05aa0873d40117941e5fa90.drv
[build] 37/186 /nix/store/4i3z2zi6imj7wx2dm7f8rldgl5wzvj9b-ruby3.4-libnodectld-4.2.1.drv
[build] 38/186 /nix/store/2hd66frr92snai4gvfsw2750qaqy37a1-vpsadmin-api-env-c38839d5be62e9d40d055b23a84844e2037ba4db.drv
[build] 39/186 /nix/store/9di1vc305rm51wdfm330gzd0xw3l2rz4-vpsadmin-console-router-env-c38839d5be62e9d40d055b23a84844e2037ba4db.drv
[build] 40/186 /nix/store/palqp9wnf02pdqnjwk31hi26pi711rld-vpsadmin-database-env-c38839d5be62e9d40d055b23a84844e2037ba4db.drv
[build] 41/186 /nix/store/6dn7lw6ilf93xfhqp0p0b4737hkqdyvh-vpsadmin-supervisor-env-c38839d5be62e9d40d055b23a84844e2037ba4db.drv
[fetch] 34/40 /nix/store/4mvzgslba6ldflif6ygdpi9vpg51ah9j-curl-8.21.0
[fetch] 35/40 /nix/store/kf2nd9yiw59bsdfhwp39p6j3cwlljjah-krb5-1.22.2
[fetch] 36/40 /nix/store/gbr7n3kgh90222lwknqr1b1087z62sw8-openssl-3.6.3-dev
[build] 42/186 /nix/store/1fnd56hd3s7m9g7xpj0nz1w2jz3qamiz-activate.drv
[build] 43/186 /nix/store/7h00ql49df3prhv4kk652q5rn04f33kq-activate.drv
[build] 44/186 /nix/store/p46ciskcbyv3f0ivkdmy6sdiyvll6kq5-activate.drv
[build] 45/186 /nix/store/pyjgyfb35rx28mxgjk6064b36wsdg5fv-activate.drv
[build] 46/186 /nix/store/7f4mx19fwgbm76aw65f3zw0qxfpivphn-vpsfree-notification-templates-1.drv
[fetch] 37/40 /nix/store/i0plga5v0nllvc2k16wqjm7a8ph8s0wn-curl-8.21.0-bin
[fetch] 38/40 /nix/store/mng9dfhg9hbdij7vvv0bccm1ym2lcd38-krb5-1.22.2-dev
[fetch] 39/40 /nix/store/9wmzx08jswfnb8qggv9wvhkiyj2q75w1-libssh2-1.11.1-dev
[build] 47/186 /nix/store/6axd7h6rbdgzkjlzlm72sc7ria5msgnm-activate.drv
[build] 48/186 /nix/store/v8qn7yv09alkqhzr5jw4fqcrzsj5dzdp-activate.drv
[fetch] 40/40 /nix/store/waz7cfdqv08rigfmm0zka72f2zj18k91-curl-8.21.0-dev
[build] 49/186 /nix/store/l0nr88gcck7fdvaahcgg4jsq6pl53yc2-wrapped-ruby-vpsadmin-api-env-c38839d5be62e9d40d055b23a84844e2037ba4db.drv
[build] 50/186 /nix/store/mak7dw10zwlkvwrzacpwi9k35fil649b-wrapped-ruby-vpsadmin-console-router-env-c38839d5be62e9d40d055b23a84844e2037ba4db.drv
[build] 51/186 /nix/store/wm6macr8asqqg0afjyxgqv39bnpsndan-wrapped-ruby-vpsadmin-database-env-c38839d5be62e9d40d055b23a84844e2037ba4db.drv
[build] 52/186 /nix/store/vkhp1w8dwv0amf7gc9rjfc8c2r8awkid-wrapped-ruby-vpsadmin-supervisor-env-c38839d5be62e9d40d055b23a84844e2037ba4db.drv
[build] 53/186 /nix/store/6hcjvyx7wws1j3kd1zlsg6l9dyik6x8v-27da6934f0497501187f77d14b566469dd4a7e14.drv
[build] 54/186 /nix/store/9k8mhsqaa507p04mlbl4ib8aas66k4g8-581d614d686bfbec3529ad60562a5213ac5d8d72.drv
[build] 55/186 /nix/store/9hyi4n2vmzsnnpzddnikpilsqp5cyb4i-770a0e173e304ebbabf8424ab86a0917bd61622f.drv
[build] 56/186 /nix/store/qx0r9pyzrzm54115mp7yy2k00h1rscgx-95e7828100de18b4e269fb1703be530082d5166d.drv
[build] 57/186 /nix/store/25ymsp7g0kc49h34yymiqs30vggwx715-aec7fb1f008ed515f0580d7871dffa19428efb82.drv
[build] 58/186 /nix/store/9d3viw0swdxhj8140q8ppc9n966wqv4a-b5874fa9ed0043116c72162ec7f4fb50e02e7cce.drv
[build] 59/186 /nix/store/lsbp7q7ms13cr3ciqc2j885aahk066b4-cde49999552d185d64715fe9c1f77a2aadd2f9f1.drv
[build] 60/186 /nix/store/ribmkvpdz31ys1i8p66xrdmj0ya3fa1k-dfb55726c3a76ea3b6459fcfda1ec2d80a682411.drv
[build] 61/186 /nix/store/sks9q3x9slvkjip6pfw7kxljws7vpffq-ee80339fd9177ba44c49cdb653ff02a4d1106b9a.drv
[build] 62/186 /nix/store/gdk498k2lq7n8lzpa3zxb2fyhf619f4b-f3202fa1b5097b0af062dc978b32ecf63404e31d.drv
[build] 63/186 /nix/store/6vv310y0gbk9fsmb088zxqjjksb71082-vpsadmin-effective-notification-templates-1.drv
[build] 64/186 /nix/store/7cf0qbsj36i8j42i63psk7x4n031kn32-guzzlehttp-psr7-95e7828100de18b4e269fb1703be530082d5166d.drv
[build] 65/186 /nix/store/2gf967kaachwa9fxxpkjzd7cvipip0x5-ruby3.4-nodectl-4.2.1.drv
[build] 66/186 /nix/store/l5gdjwy88rckn17aqgg6y09c8grkc1ps-ruby3.4-nodectld-4.2.1.drv
[build] 67/186 /nix/store/yzv4nr5c0kzbflnlrrf1m1gkwmizywyd-whichbrowser-parser-581d614d686bfbec3529ad60562a5213ac5d8d72.drv
[build] 68/186 /nix/store/v1p4j31wrlrgr9sx4fi90q9xjqysiriq-dasprid-enum-b5874fa9ed0043116c72162ec7f4fb50e02e7cce.drv
[build] 69/186 /nix/store/373z9zp8shsj0k118n6qb0n8vc6pcrwh-guzzlehttp-promises-cde49999552d185d64715fe9c1f77a2aadd2f9f1.drv
[build] 70/186 /nix/store/7nm7kndw73g91cvp5kq9q3fgg9bp3b32-haveapi-client-27da6934f0497501187f77d14b566469dd4a7e14.drv
[build] 71/186 /nix/store/4xi5spnsdg2axf8i3n22l82myi5bcdwc-vpsfreecz-httpful-770a0e173e304ebbabf8424ab86a0917bd61622f.drv
[build] 72/186 /nix/store/g336pih23y35h82aig4xll7zp0pd22fw-guzzlehttp-guzzle-ee80339fd9177ba44c49cdb653ff02a4d1106b9a.drv
[build] 73/186 /nix/store/qn4j4c06b9bzyk8sndh98981l3cbayh6-symfony-deprecation-contracts-f3202fa1b5097b0af062dc978b32ecf63404e31d.drv
[build] 74/186 /nix/store/q7zfk205c6hvnaiqvcwn1lkwpdg71vvk-symfony-polyfill-php80-dfb55726c3a76ea3b6459fcfda1ec2d80a682411.drv
[build] 75/186 /nix/store/r19sc8qsz416ydzdav4zfgssiyiaqdgm-endroid-qr-code-aec7fb1f008ed515f0580d7871dffa19428efb82.drv
[build] 76/186 /nix/store/z9gyxgnvdqp5h5r56fbcdxhlf1a1a8rj-vpsadmin-webui.drv
[build] 77/186 /nix/store/g508vbxk5kzsi31axxrjhix36pk9mn19-nodectld-4.2.1.drv
[build] 78/186 /nix/store/x2s5s4nr9hmyigbw1cm9zvhzygjzzivs-nodectl-4.2.1.drv
[build] 79/186 /nix/store/60xq2ricjnrmhnygb7ka07kasjad3c5z-vpsadmin-api-c38839d5be62e9d40d055b23a84844e2037ba4db.drv
[build] 80/186 /nix/store/z5q8511kifm1252arvp0x21r2rlicsjz-vpsadmin-console-router-c38839d5be62e9d40d055b23a84844e2037ba4db.drv
[build] 81/186 /nix/store/cj0dgkgr5p503blwwdnlla57k1nq9jng-vpsadmin-database-c38839d5be62e9d40d055b23a84844e2037ba4db.drv
[build] 82/186 /nix/store/b0dfrvss58sykp47i8wnldd7pmaspcyz-nodectld-4.2.1.drv
[build] 83/186 /nix/store/rx58dir71wkn8jnp2s1kdpbyqpl9j3j1-vpsadmin-supervisor-c38839d5be62e9d40d055b23a84844e2037ba4db.drv
[build] 84/186 /nix/store/dn468ywcyiy13yi3gzhgl8s0s9p7hiyg-nodectl-4.2.1.drv
[build] 85/186 /nix/store/yvmwggdz5lg6ycpd41r76m3xkxv5mfmb-unit-vpsadmin-nodectld.service.drv
[build] 86/186 /nix/store/pb0k213bz3rsjpmbl0192dwagx28bbn8-system-path.drv
[build] 87/186 /nix/store/4rs5kylqzfwspdg7sxyq3wznlyzcq8ci-puma.rb.drv
[build] 88/186 /nix/store/fzlx0wx4a4xm7bb1b97gm15w6pgw0j4y-puma.rb.drv
[build] 89/186 /nix/store/3dx7d3zka1a86b7zvd2x9pdrrpb8fpyk-unit-vpsadmin-console-router.service.drv
[build] 90/186 /nix/store/57liacizjkb2vla1xnqbjwb54qvzh06v-unit-vpsadmin-console-router.service.drv
[build] 91/186 /nix/store/3sxafkvgpf9i1i4797047hspg01kf1km-nixos-system-db-26.05.20260911.21a67dc.drv
[build] 92/186 /nix/store/ylsxai639mvd54g21cfmw4snhfsk30pd-nixos-system-rabbitmq1-26.05.20260911.21a67dc.drv
[build] 93/186 /nix/store/wd6blzncph9qcdc78hrlr0f2sqjbb4vy-nixos-system-rabbitmq2-26.05.20260911.21a67dc.drv
[build] 94/186 /nix/store/yk1q59i970rdlydn8m0pawarf0gnnpd6-nixos-system-rabbitmq3-26.05.20260911.21a67dc.drv
[build] 95/186 /nix/store/sd7p2hr4fj6ip16brwvgxa9qsgzl5glh-nixos-system-redis1-26.05.20260911.21a67dc.drv
[build] 96/186 /nix/store/z8v3qqiyp6j521hw4ynywl2kz0yl7x2w-nixos-system-webui-dev-26.05.20260911.21a67dc.drv
[build] 97/186 /nix/store/99li1n8knr8frv22r8qaqavjdjcrn7rx-puma.rb.drv
[build] 98/186 /nix/store/xzdizip1yjfpn6i2glhifgigc0vn01wy-puma.rb.drv
[build] 99/186 /nix/store/86gsfn4risk9pmkv22mjg4glhgdn71d1-unit-script-vpsadmin-api-pre-start.drv
[build] 100/186 /nix/store/hzj1crzypn5r0192b0sazsw5msdwryjn-unit-script-vpsadmin-database-setup-start.drv
[build] 101/186 /nix/store/sbcw1qragp87dapj4aij84kjlylmhbqx-unit-script-vpsadmin-notification-templates-start.drv
[build] 102/186 /nix/store/7pl2s6hx4q8p836ml15wfns0862l0dga-unit-vpsadmin-api-auth-tokens.service.drv
[build] 103/186 /nix/store/y6s1v9swk70b05bca6p3inddcyl81fx0-unit-vpsadmin-api-daily-report.service.drv
[build] 104/186 /nix/store/k14fxasdhym38s37gz3nq8rsazj87zaz-unit-vpsadmin-api-dataset-expansion-run.service.drv
[build] 105/186 /nix/store/1425zizgaxqhlx3rcxbgqa2i7lf66jjc-unit-vpsadmin-api-dataset-property-logs-prune.service.drv
[build] 106/186 /nix/store/mqm8mrlaypjxvhrnzrsvmpxrsjn4asj7-unit-vpsadmin-api-dns-transfer-logs-prune.service.drv
[build] 107/186 /nix/store/41wbsvqkrvp0nm6b2liq94y6j7l58wwx-unit-vpsadmin-api-incident-reports.service.drv
[build] 108/186 /nix/store/b9hm91r1lgd374lcrlspwajfsdmlpvf5-unit-vpsadmin-api-mail-process.service.drv
[build] 109/186 /nix/store/51wf6azqfaib4bjflwws1wrvkibp4axl-unit-vpsadmin-api-mail-user-expiration-forced.service.drv
[build] 110/186 /nix/store/azlxwiliziam045glqgprhi97rjyxz4x-unit-vpsadmin-api-mail-user-expiration-regular.service.drv
[build] 111/186 /nix/store/8njmmq18miv5202wq1b0vjp3ws5a7pr8-unit-vpsadmin-api-mail-vps-expiration-forced.service.drv
[build] 112/186 /nix/store/bajwp7j5w0yhdmhlssxq9dmdgqqyx26h-unit-vpsadmin-api-mail-vps-expiration-regular.service.drv
[build] 113/186 /nix/store/yc3absknxfn7c538p24wpm56q8ql4392-unit-vpsadmin-api-migrate-db.service.drv
[build] 114/186 /nix/store/js00hlwya5q4dzy7ccbzd95pdg4k98vn-unit-vpsadmin-api-migrate-plugins.service.drv
[build] 115/186 /nix/store/vdqaw0r2i5mcv9ij5l2qqhls2hd5k86x-unit-vpsadmin-api-migration-plans.service.drv
[build] 116/186 /nix/store/0f5rsll3b6351jlplrvllzg3ig6bd2xp-unit-vpsadmin-api-monitoring-check.service.drv
[build] 117/186 /nix/store/16351fi6sp0i9604wib60n9bi3khr1hd-unit-vpsadmin-api-monitoring-close.service.drv
[build] 118/186 /nix/store/6k0nng8sv3rz4wwxvvyjqh975k8pn6cl-unit-vpsadmin-api-monitoring-prune.service.drv
[build] 119/186 /nix/store/1xqn86y1cmb7ibvwa3xz7gxkqbfx6h4f-unit-vpsadmin-api-oom-reports-prune.service.drv
[build] 120/186 /nix/store/z7hy0xwihmkfba7gbl07mzr5xq9vf374-unit-vpsadmin-api-oom-reports-run.service.drv
[build] 121/186 /nix/store/caw0bv1ig6qmh3rxaghy3gp0ph670g34-unit-vpsadmin-api-others-expire.service.drv
[build] 122/186 /nix/store/qx80ziw4dlnkxmkzbsl4cn0v9mmndjmm-unit-vpsadmin-api-outage-reports-auto-resolve.service.drv
[build] 123/186 /nix/store/7pm814afxhhk7lavmr0qkxi1l3d4g6ss-unit-vpsadmin-api-payments-process.service.drv
[build] 124/186 /nix/store/v2f3r3hz77ilvmn78vgqwysibl6abk9a-dbus-1.drv
[build] 125/186 /nix/store/pp0vxf86h9j4shqdlzlq9kvrakd12p86-unit-script-vpsadmin-supervisor-pre-start.drv
[build] 126/186 /nix/store/bdxqrriph9szhcplwcn9s6z92hasrz4f-unit-vpsadmin-api.service.drv
[build] 127/186 /nix/store/x8f9d8cmdy5jf71q30agfl383mpcjv8d-unit-vpsadmin-api.service.drv
[build] 128/186 /nix/store/p106bjx0r5k7yc8pb1bh1cpzia75zqyc-unit-vpsadmin-database-setup.service.drv
[build] 129/186 /nix/store/5qvhkjkm4jxkp0sfaavmxj0rwy51mmsr-unit-vpsadmin-notification-templates.service.drv
[build] 130/186 /nix/store/awfg6l4nbg7zm9kcqnq11ywkxc78j52a-vpsadmin-supervisor-ruby-runner.drv
[build] 131/186 /nix/store/syaza3vm8vvwgqx2n4vfzxh6a0wjb19v-vpsadmin-supervisor-shell.rc.drv
[build] 132/186 /nix/store/d9sda37y60caf2f7kj1lszvsaha7mr5i-X-Restart-Triggers-dbus-broker.drv
[build] 133/186 /nix/store/9zx9m7zpxfl2r8d8id4408ihrja9mw10-etc-vpsadmin-config.php.drv
[build] 134/186 /nix/store/w7r8r1h5y9awddgfra1lmcsq0is6xkpj-nginx.conf.drv
[build] 135/186 /nix/store/08ibgla07b0pjlh5fl0b0d7s5crrh6mh-unit-vpsadmin-supervisor.service.drv
[build] 136/186 /nix/store/2w15637m0zz18gqb9mjjj7q5q3hzgc6m-unit-vpsadmin-supervisor.service.drv
[build] 137/186 /nix/store/0zyvp1v1nhqymv4n8krqbzmyhgm61daz-unit-dbus-broker.service.drv
[build] 138/186 /nix/store/k86v0nky21xa9xw9n6hanfn2r3srxgdn-unit-dbus-broker.service.drv
[build] 139/186 /nix/store/bf103spz5iqnfjfybs49dhgi3mag2fbs-vpsadmin-supervisor-ruby.drv
[build] 140/186 /nix/store/sc3yrpc60y489bxfw7jwxvf8ki00wrkm-vpsadmin-supervisor-shell.drv
[build] 141/186 /nix/store/xgdr8bp4r544dn8s8nwfkahnh1gmv93k-unit-vpsadmin-api-payments-report.service.drv
[build] 142/186 /nix/store/bhz40xhfqazmhk16i2z3viwh9mzpwscy-unit-vpsadmin-api-prometheus-export-base.service.drv
[build] 143/186 /nix/store/dj2vdmbh0rx2rkagfdl83xy359cqgq9y-unit-vpsadmin-api-prometheus-export-dns-records.service.drv
[build] 144/186 /nix/store/3i0grmx95d82jc7w7mqziil0j7s2kz7j-unit-vpsadmin-api-purge-clones.service.drv
[build] 145/186 /nix/store/61k84wgrdk3yajwlxcm43r56g00x8h3i-unit-vpsadmin-api-report-failed-logins.service.drv
[build] 146/186 /nix/store/s8krwzz0dv8hhrq05z8qpnia3h2pnbpj-unit-vpsadmin-api-requests-ipqs.service.drv
[build] 147/186 /nix/store/sddvqhazi62914lrc3gim4rqsz5a564g-unit-vpsadmin-api-user-sessions.service.drv
[build] 148/186 /nix/store/vs0sd7wq8mcxpgqsx3k2dcb21cwrr6kl-unit-vpsadmin-api-users-hard-delete.service.drv
[build] 149/186 /nix/store/5pv6f9qzmpgh23imr4g5gah2bk35g549-unit-vpsadmin-api-users-soft-delete.service.drv
[build] 150/186 /nix/store/bd28cwqi116677m7zrjzph32c3dlyp5i-unit-vpsadmin-api-users-suspend.service.drv
[build] 151/186 /nix/store/l1i5a2xjb4q8a8rb0cdhzdfn7mkgaj6f-unit-vpsadmin-api-vps-status-logs-prune.service.drv
[build] 152/186 /nix/store/y2p2a9wvxvk4v10rxfph4pb0ldy17ydl-unit-vpsadmin-api-vpses-expire.service.drv
[build] 153/186 /nix/store/56jl7xmvjsc5hqzwnxi4dlixypcwx1kx-unit-vpsadmin-password-recovery.service.drv
[build] 154/186 /nix/store/6q0z94g72i4sazkfwxhqggr6g8wn13a2-unit-vpsadmin-scheduler.service.drv
[build] 155/186 /nix/store/jk41ry5wgmv73i875rcpbnh3w5jssm60-vpsadmin-api-ruby-runner.drv
[build] 156/186 /nix/store/2j79npviy466fglnvhs2lrqw3mkng0af-vpsadmin-api-shell.rc.drv
[build] 157/186 /nix/store/4whaz9g2a17130da05irhmwxk70ap2k8-system-units.drv
[build] 158/186 /nix/store/95ldv3140a6w7c1v92qsn0zkfwkj6vjc-user-units.drv
[build] 159/186 /nix/store/6c797bwnkaa7bd1ap52qmpnimf5pwslq-vpsadmin-api-ruby.drv
[build] 160/186 /nix/store/i9j2hwy0wwqiibvs4zdjd7ixbzpa6vd2-vpsadmin-api-shell.drv
[build] 161/186 /nix/store/4bidx0y3yml729amjmiwdiblgla58y26-unit-script-nginx-pre-start.drv
[build] 162/186 /nix/store/yx8wrp1i7xpydrd927gs9hbaxri7dbc3-system-path.drv
[build] 163/186 /nix/store/8z6hlbhv88nfhc63r08bxa5mjslmdd3i-unit-nginx.service.drv
[build] 164/186 /nix/store/r6s34xzw24fjy0jr4p6krzh2ps6g8r8g-system-units.drv
[build] 165/186 /nix/store/rxm0q6lmibvzb0szir4kzdyc3d4h12ci-system-units.drv
[build] 166/186 /nix/store/3b3mj8hrr4y86ylirrggbnrslvrrc3is-dbus-1.drv
[build] 167/186 /nix/store/cgrrwdgcd3qpfz2qpr348h17j1g01vb4-etc.drv
[build] 168/186 /nix/store/jab49nipj8v36wzzj824z5zk8iw34397-X-Restart-Triggers-dbus-broker.drv
[build] 169/186 /nix/store/b3izl92gq8b47ydkv9qcgwlmmllimgiv-unit-dbus-broker.service.drv
[build] 170/186 /nix/store/l1gvggjhmhr8zxbkip1v3mm2yxqbr8ag-unit-dbus-broker.service.drv
[build] 171/186 /nix/store/qrg91n3p3kk70cqkqpwkr5jc8p572s6k-system-units.drv
[build] 172/186 /nix/store/ww2zqc0llggzq3bf92600f851nha6593-system-units.drv
[build] 173/186 /nix/store/2pskwy1byhjm30z8p3jms0xw3xlg4acd-etc.drv
[build] 174/186 /nix/store/cgq15679pnfciz963lb6cwcy0mlspdlp-etc.drv
[build] 175/186 /nix/store/imvqzpi1fbcx3fkq4nriyn30bzln79k0-user-units.drv
[build] 176/186 /nix/store/9qkc51pa3751ldxd1pi9dgl9vwx6bq7x-activate.drv
[build] 177/186 /nix/store/cycd3sgy9mm4zf0055ahhrdms1gva23q-nixos-system-vpsadmin1-26.05.20260911.21a67dc.drv
[build] 178/186 /nix/store/rshdlf90x8gsawhfb3j7id5dw3azz31j-activate.drv
[build] 179/186 /nix/store/3672v8r3m671ncvipjma1bs66i5crblv-activate.drv
[build] 180/186 /nix/store/lc2901h7i31ip91qdnr6xx2kp6d0nlg5-nixos-system-webui2-26.05.20260911.21a67dc.drv
[build] 181/186 /nix/store/hwz2g64921vy5h1vmnsaxc0amjngvl50-nixos-system-webui1-26.05.20260911.21a67dc.drv
[build] 182/186 /nix/store/h14xml7116lkx1q3bbw6lfngvyvkafq9-etc.drv
[build] 183/186 /nix/store/4qmca7jy9w9bmcllpl9v1scv643i73vv-etc.drv
[build] 184/186 /nix/store/cg7wfgybm7knl9iwpijcl3pzvhfp109y-activate.drv
[build] 185/186 /nix/store/v3yrhw3966zhxyk9gd9ycx6hnpgizjrr-nixos-system-api2-26.05.20260911.21a67dc.drv
[build] 186/186 /nix/store/d3mbcv5d3m6y6jlyymfhpjfnslcd4z20-activate.drv
[build] 187/186 /nix/store/zfl284lv4hqlrn7bdzs49g18liz3l5hx-nixos-system-api1-26.05.20260911.21a67dc.drv

Built generations:
2026-09-15--10-59-39
  cz.vpsfree/vpsadmin/int.api1
  cz.vpsfree/vpsadmin/int.api2
  cz.vpsfree/vpsadmin/int.db
  cz.vpsfree/vpsadmin/int.rabbitmq1
  cz.vpsfree/vpsadmin/int.rabbitmq2
  cz.vpsfree/vpsadmin/int.rabbitmq3
  cz.vpsfree/vpsadmin/int.redis1
  cz.vpsfree/vpsadmin/int.vpsadmin1
  cz.vpsfree/vpsadmin/int.webui-dev
  cz.vpsfree/vpsadmin/int.webui1
  cz.vpsfree/vpsadmin/int.webui2
