warning: Git tree '/home/aither/workspace/ai/vpsfree.cz/worktrees/2026-09-14-kernel-history-fix/vpsadmin' is dirty
copying path '/nix/store/5b2ic4sxjc2lzgxk4hninyw22r5gv5qr-source' from 'https://cache.nixos.org'...
copying path '/nix/store/zdw32wbs1kgbwy9xiy6vss0748snc6rq-gnu-config-2024-01-01' from 'https://cache.nixos.org'...
copying path '/nix/store/qicb9wk67c30wwplxlpx3a2f44bzrmmm-file-5.47' from 'https://cache.nixos.org'...
copying path '/nix/store/4vyxba4g4palzf88c3ibbabzagqhlrj8-patchelf-0.15.2' from 'https://cache.nixos.org'...
copying path '/nix/store/7j15xp4apbsifb8yakd6p7xghrkjn2w4-libpsl-0.21.5-dev' from 'https://cache.nixos.org'...
copying path '/nix/store/mr8awg2k38i4my3ndc9hpddbvg81kqxl-libssh2-1.11.1-dev' from 'https://cache.nixos.org'...
copying path '/nix/store/y900qwnsp6flianwi15j3bjk5vql85p5-krb5-1.22.2' from 'https://cache.nixos.org'...
copying path '/nix/store/9agni5xwgzcpl58914dw1193kj9arsdg-libidn2-2.3.8-bin' from 'https://cache.nixos.org'...
copying path '/nix/store/18xz9mrp7b0cjn5xvka4bpcsgiln7inw-update-autotools-gnu-config-scripts-hook' from 'https://cache.nixos.org'...
copying path '/nix/store/3wiv5r92sx6lzxxafd4ndl6p8wkacrh5-libidn2-2.3.8-dev' from 'https://cache.nixos.org'...
copying path '/nix/store/x9my7g1p1lhs7nfhc4a30ih859398slk-krb5-1.22.2-dev' from 'https://cache.nixos.org'...
copying path '/nix/store/j64zvlxil4iwl8rc7ghch30fz89y0zhh-curl-8.21.0-dev' from 'https://cache.nixos.org'...
copying path '/nix/store/843sqza79ns6k8n7sykxwmy04s741jzn-stdenv-linux' from 'https://cache.nixos.org'...
copying path '/nix/store/938f85sw9qcm24wbvpid3jrygmksdqj1-mariadb-connector-c-3.3.5-dev' from 'https://cache.nixos.org'...
building '/nix/store/acmmdn07sa6jlmrr3j1rwjxq8sm8favf-vpsadmin-api-env.drv'...
Bundle complete! 30 Gemfile dependencies, 117 gems now installed.
Bundled gems are installed into `./.gems`
Started local MariaDB test database at mysql2://root:root@127.0.0.1:34547/vpsadmin_test?encoding=utf8mb3&collation=utf8mb3_unicode_ci
-- create_table("auth_tokens", {id: {type: :integer, unsigned: true}, charset: "utf8mb3", collation: "utf8mb3_czech_ci", force: :cascade})
   -> 0.0453s
-- create_table("branches", {id: {type: :integer, unsigned: true}, charset: "utf8mb3", collation: "utf8mb3_czech_ci", force: :cascade})
   -> 0.0247s
-- create_table("cluster_resource_package_items", {id: {type: :integer, unsigned: true}, charset: "utf8mb3", collation: "utf8mb3_czech_ci", force: :cascade})
   -> 0.0229s
-- create_table("cluster_resource_packages", {id: {type: :integer, unsigned: true}, charset: "utf8mb3", collation: "utf8mb3_czech_ci", force: :cascade})
   -> 0.0222s
-- create_table("cluster_resource_uses", {id: {type: :integer, unsigned: true}, charset: "utf8mb3", collation: "utf8mb3_czech_ci", force: :cascade})
   -> 0.0236s
-- create_table("cluster_resources", {id: {type: :integer, unsigned: true}, charset: "utf8mb3", collation: "utf8mb3_czech_ci", force: :cascade})
   -> 0.0407s
-- create_table("components", {charset: "utf8mb3", collation: "utf8mb3_czech_ci", force: :cascade})
   -> 0.0271s
-- create_table("dataset_actions", {id: {type: :integer, unsigned: true}, charset: "utf8mb3", collation: "utf8mb3_czech_ci", force: :cascade})
   -> 0.0252s
-- create_table("dataset_expansion_events", {charset: "utf8mb3", collation: "utf8mb3_czech_ci", force: :cascade})
   -> 0.0267s
-- create_table("dataset_expansion_histories", {charset: "utf8mb3", collation: "utf8mb3_czech_ci", force: :cascade})
   -> 0.0244s
-- create_table("dataset_expansions", {charset: "utf8mb3", collation: "utf8mb3_czech_ci", force: :cascade})
   -> 0.0288s
-- create_table("dataset_in_pool_plans", {id: {type: :integer, unsigned: true}, charset: "utf8mb3", collation: "utf8mb3_czech_ci", force: :cascade})
   -> 0.0234s
-- create_table("dataset_in_pools", {id: {type: :integer, unsigned: true}, charset: "utf8mb3", collation: "utf8mb3_czech_ci", force: :cascade})
   -> 0.0289s
-- create_table("dataset_plans", {id: {type: :integer, unsigned: true}, charset: "utf8mb3", collation: "utf8mb3_czech_ci", force: :cascade})
   -> 0.0201s
-- create_table("dataset_properties", {id: {type: :integer, unsigned: true}, charset: "utf8mb3", collation: "utf8mb3_czech_ci", force: :cascade})
   -> 0.0313s
-- create_table("dataset_property_histories", {id: {type: :integer, unsigned: true}, charset: "utf8mb3", collation: "utf8mb3_czech_ci", force: :cascade})
   -> 0.0265s
-- create_table("dataset_trees", {id: {type: :integer, unsigned: true}, charset: "utf8mb3", collation: "utf8mb3_czech_ci", force: :cascade})
   -> 0.0254s
-- create_table("datasets", {id: {type: :integer, unsigned: true}, charset: "utf8mb3", collation: "utf8mb3_czech_ci", force: :cascade})
   -> 0.0399s
-- create_table("default_lifetime_values", {id: {type: :integer, unsigned: true}, charset: "utf8mb3", collation: "utf8mb3_czech_ci", force: :cascade})
   -> 0.0199s
-- create_table("default_object_cluster_resources", {id: {type: :integer, unsigned: true}, charset: "utf8mb3", collation: "utf8mb3_czech_ci", force: :cascade})
   -> 0.0203s
-- create_table("default_user_cluster_resource_packages", {id: {type: :integer, unsigned: true}, charset: "utf8mb3", collation: "utf8mb3_czech_ci", force: :cascade})
   -> 0.0193s
-- create_table("dns_record_logs", {charset: "utf8mb3", collation: "utf8mb3_czech_ci", force: :cascade})
   -> 0.0228s
-- create_table("dns_records", {charset: "utf8mb3", collation: "utf8mb3_czech_ci", force: :cascade})
   -> 0.0293s
-- create_table("dns_resolvers", {id: {type: :integer, unsigned: true}, charset: "utf8mb3", collation: "utf8mb3_czech_ci", force: :cascade})
   -> 0.0189s
-- create_table("dns_server_zone_transfer_logs", {charset: "utf8mb3", collation: "utf8mb3_czech_ci", force: :cascade})
   -> 0.0253s
-- create_table("dns_server_zones", {charset: "utf8mb3", collation: "utf8mb3_czech_ci", force: :cascade})
   -> 0.0325s
-- create_table("dns_servers", {charset: "utf8mb3", collation: "utf8mb3_czech_ci", force: :cascade})
   -> 0.0272s
-- create_table("dns_tsig_keys", {charset: "utf8mb3", collation: "utf8mb3_czech_ci", force: :cascade})
   -> 0.0228s
-- create_table("dns_zone_transfers", {charset: "utf8mb3", collation: "utf8mb3_czech_ci", force: :cascade})
   -> 0.0286s
-- create_table("dns_zones", {charset: "utf8mb3", collation: "utf8mb3_czech_ci", force: :cascade})
   -> 0.0255s
-- create_table("dnssec_records", {charset: "utf8mb3", collation: "utf8mb3_czech_ci", force: :cascade})
   -> 0.0186s
-- create_table("environment_dataset_plans", {id: {type: :integer, unsigned: true}, charset: "utf8mb3", collation: "utf8mb3_czech_ci", force: :cascade})
   -> 0.0152s
-- create_table("environment_user_configs", {id: {type: :integer, unsigned: true}, charset: "utf8mb3", collation: "utf8mb3_czech_ci", force: :cascade})
   -> 0.0221s
-- create_table("environments", {id: {type: :integer, unsigned: true}, charset: "utf8mb3", collation: "utf8mb3_czech_ci", force: :cascade})
   -> 0.0181s
-- create_table("export_hosts", {id: {type: :integer, unsigned: true}, charset: "utf8mb3", collation: "utf8mb3_czech_ci", force: :cascade})
   -> 0.0194s
-- create_table("export_mounts", {charset: "utf8mb3", collation: "utf8mb3_czech_ci", force: :cascade})
   -> 0.0190s
-- create_table("exports", {id: {type: :integer, unsigned: true}, charset: "utf8mb3", collation: "utf8mb3_czech_ci", force: :cascade})
   -> 0.0243s
-- create_table("group_snapshots", {id: {type: :integer, unsigned: true}, charset: "utf8mb3", collation: "utf8mb3_czech_ci", force: :cascade})
   -> 0.0164s
-- create_table("host_ip_addresses", {id: {type: :integer, unsigned: true}, charset: "utf8mb3", collation: "utf8mb3_czech_ci", force: :cascade})
   -> 0.0274s
-- create_table("incident_reports", {charset: "utf8mb3", collation: "utf8mb3_czech_ci", force: :cascade})
   -> 0.0418s
-- create_table("ip_address_assignments", {charset: "utf8mb3", collation: "utf8mb3_czech_ci", force: :cascade})
   -> 0.0534s
-- create_table("ip_addresses", {id: {type: :integer, unsigned: true}, charset: "utf8mb3", collation: "utf8mb3_czech_ci", force: :cascade})
   -> 0.0365s
-- create_table("ip_traffic_monthly_summaries", {id: {type: :integer, unsigned: true}, charset: "utf8mb3", collation: "utf8mb3_czech_ci", force: :cascade})
   -> 0.0421s
-- create_table("languages", {id: {type: :integer, unsigned: true}, charset: "utf8mb3", collation: "utf8mb3_czech_ci", force: :cascade})
   -> 0.0211s
-- create_table("location_networks", {id: {type: :integer, unsigned: true}, charset: "utf8mb3", collation: "utf8mb3_czech_ci", force: :cascade})
   -> 0.0238s
-- create_table("locations", {id: {type: :integer, unsigned: true}, charset: "utf8mb3", collation: "utf8mb3_czech_ci", force: :cascade})
   -> 0.0175s
-- create_table("mail_logs", {id: {type: :integer, unsigned: true}, charset: "utf8mb3", collation: "utf8mb3_czech_ci", force: :cascade})
   -> 0.0247s
-- create_table("mail_recipients", {id: {type: :integer, unsigned: true}, charset: "utf8mb3", collation: "utf8mb3_czech_ci", force: :cascade})
   -> 0.0196s
-- create_table("mail_template_recipients", {id: {type: :integer, unsigned: true}, charset: "utf8mb3", collation: "utf8mb3_czech_ci", force: :cascade})
   -> 0.0244s
-- create_table("mail_template_translations", {id: {type: :integer, unsigned: true}, charset: "utf8mb3", collation: "utf8mb3_czech_ci", force: :cascade})
   -> 0.0250s
-- create_table("mail_templates", {id: {type: :integer, unsigned: true}, charset: "utf8mb3", collation: "utf8mb3_czech_ci", force: :cascade})
   -> 0.0223s
-- create_table("mailbox_handlers", {charset: "utf8mb3", collation: "utf8mb3_czech_ci", force: :cascade})
   -> 0.0229s
-- create_table("mailboxes", {charset: "utf8mb3", collation: "utf8mb3_czech_ci", force: :cascade})
   -> 0.0230s
-- create_table("maintenance_locks", {id: {type: :integer, unsigned: true}, charset: "utf8mb3", collation: "utf8mb3_czech_ci", force: :cascade})
   -> 0.0265s
-- create_table("metrics_access_tokens", {charset: "utf8mb3", collation: "utf8mb3_czech_ci", force: :cascade})
   -> 0.0332s
-- create_table("migration_plans", {id: {type: :integer, unsigned: true}, charset: "utf8mb3", collation: "utf8mb3_czech_ci", force: :cascade})
   -> 0.0237s
-- create_table("mirrors", {id: {type: :integer, unsigned: true}, charset: "utf8mb3", collation: "utf8mb3_czech_ci", force: :cascade})
   -> 0.0212s
-- create_table("mounts", {id: {type: :integer, unsigned: true}, charset: "utf8mb3", collation: "utf8mb3_czech_ci", force: :cascade})
   -> 0.0290s
-- create_table("network_interface_daily_accountings", {primary_key: ["network_interface_id", "user_id", "year", "month", "day"], charset: "utf8mb3", collation: "utf8mb3_czech_ci", force: :cascade})
   -> 0.0393s
-- create_table("network_interface_monitors", {primary_key: "network_interface_id", id: :bigint, default: nil, charset: "utf8mb3", collation: "utf8mb3_czech_ci", force: :cascade})
   -> 0.0188s
-- create_table("network_interface_monthly_accountings", {primary_key: ["network_interface_id", "user_id", "year", "month"], charset: "utf8mb3", collation: "utf8mb3_czech_ci", force: :cascade})
   -> 0.0351s
-- create_table("network_interface_yearly_accountings", {primary_key: ["network_interface_id", "user_id", "year"], charset: "utf8mb3", collation: "utf8mb3_czech_ci", force: :cascade})
   -> 0.0303s
-- create_table("network_interfaces", {id: {type: :integer, unsigned: true}, charset: "utf8mb3", collation: "utf8mb3_czech_ci", force: :cascade})
   -> 0.0332s
-- create_table("networks", {id: {type: :integer, unsigned: true}, charset: "utf8mb3", collation: "utf8mb3_czech_ci", force: :cascade})
   -> 0.0247s
-- create_table("node_current_statuses", {id: {type: :integer, unsigned: true}, charset: "utf8mb3", collation: "utf8mb3_czech_ci", force: :cascade})
   -> 0.0300s
-- create_table("node_ebpf_program_links", {charset: "utf8mb3", collation: "utf8mb3_bin", force: :cascade})
   -> 0.0237s
-- create_table("node_ebpf_program_objects", {charset: "utf8mb3", collation: "utf8mb3_bin", force: :cascade})
   -> 0.0234s
-- create_table("node_ebpf_programs", {charset: "utf8mb3", collation: "utf8mb3_bin", force: :cascade})
   -> 0.0289s
-- create_table("node_kernel_configuration_options", {charset: "utf8mb3", collation: "utf8mb3_bin", force: :cascade})
   -> 0.0234s
-- create_table("node_kernel_configurations", {charset: "utf8mb3", collation: "utf8mb3_bin", force: :cascade})
   -> 0.0420s
-- create_table("node_kernel_events", {charset: "utf8mb3", collation: "utf8mb3_czech_ci", force: :cascade})
   -> 0.0374s
-- create_table("node_kernel_evidence_errors", {charset: "utf8mb3", collation: "utf8mb3_bin", force: :cascade})
   -> 0.0191s
-- create_table("node_kernel_evidences", {charset: "utf8mb3", collation: "utf8mb3_bin", force: :cascade})
   -> 0.0283s
-- create_table("node_kernel_history_gaps", {charset: "utf8mb3", collation: "utf8mb3_czech_ci", force: :cascade})
   -> 0.0254s
-- create_table("node_kernel_history_states", {charset: "utf8mb3", collation: "utf8mb3_czech_ci", force: :cascade})
   -> 0.0202s
-- create_table("node_kernel_livepatch_patches", {charset: "utf8mb3", collation: "utf8mb3_bin", force: :cascade})
   -> 0.0235s
-- create_table("node_kernel_livepatches", {charset: "utf8mb3", collation: "utf8mb3_bin", force: :cascade})
   -> 0.0264s
-- create_table("node_kernel_modules", {charset: "utf8mb3", collation: "utf8mb3_bin", force: :cascade})
   -> 0.0218s
-- create_table("node_kernel_parameters", {charset: "utf8mb3", collation: "utf8mb3_bin", force: :cascade})
   -> 0.0270s
-- create_table("node_software_changes", {charset: "utf8mb3", collation: "utf8mb3_bin", force: :cascade})
   -> 0.0240s
-- create_table("node_software_versions", {charset: "utf8mb3", collation: "utf8mb3_bin", force: :cascade})
   -> 0.0264s
-- create_table("node_statuses", {id: {type: :integer, unsigned: true}, charset: "utf8mb3", collation: "utf8mb3_czech_ci", force: :cascade})
   -> 0.0212s
-- create_table("node_sysctl_changes", {charset: "utf8mb3", collation: "utf8mb3_bin", force: :cascade})
   -> 0.0352s
-- create_table("node_sysctls", {charset: "utf8mb3", collation: "utf8mb3_bin", force: :cascade})
   -> 0.0236s
-- create_table("node_system_history_states", {charset: "utf8mb3", collation: "utf8mb3_czech_ci", force: :cascade})
   -> 0.0224s
-- create_table("node_system_states", {charset: "utf8mb3", collation: "utf8mb3_czech_ci", force: :cascade})
   -> 0.0271s
-- create_table("node_transfer_connections", {charset: "utf8mb3", collation: "utf8mb3_czech_ci", force: :cascade})
   -> 0.0253s
-- create_table("nodes", {id: {type: :integer, unsigned: true}, charset: "utf8mb3", collation: "utf8mb3_czech_ci", force: :cascade})
   -> 0.0317s
-- create_table("oauth2_authorizations", {charset: "utf8mb3", collation: "utf8mb3_czech_ci", force: :cascade})
   -> 0.0397s
-- create_table("oauth2_clients", {charset: "utf8mb3", collation: "utf8mb3_czech_ci", force: :cascade})
   -> 0.0224s
-- create_table("object_histories", {id: {type: :integer, unsigned: true}, charset: "utf8mb3", collation: "utf8mb3_czech_ci", force: :cascade})
   -> 0.0266s
-- create_table("object_states", {id: {type: :integer, unsigned: true}, charset: "utf8mb3", collation: "utf8mb3_czech_ci", force: :cascade})
   -> 0.0236s
-- create_table("oom_preventions", {charset: "utf8mb3", collation: "utf8mb3_czech_ci", force: :cascade})
   -> 0.0287s
-- create_table("oom_report_counters", {charset: "utf8mb3", collation: "utf8mb3_czech_ci", force: :cascade})
   -> 0.0313s
-- create_table("oom_report_rules", {charset: "utf8mb3", collation: "utf8mb3_czech_ci", force: :cascade})
   -> 0.0221s
-- create_table("oom_report_stats", {id: {type: :integer, unsigned: true}, charset: "utf8mb3", collation: "utf8mb3_czech_ci", force: :cascade})
   -> 0.0195s
-- create_table("oom_report_tasks", {id: {type: :integer, unsigned: true}, charset: "utf8mb3", collation: "utf8mb3_czech_ci", force: :cascade})
   -> 0.0206s
-- create_table("oom_report_usages", {id: {type: :integer, unsigned: true}, charset: "utf8mb3", collation: "utf8mb3_czech_ci", force: :cascade})
   -> 0.0202s
-- create_table("oom_reports", {id: {type: :integer, unsigned: true}, charset: "utf8mb3", collation: "utf8mb3_czech_ci", force: :cascade})
   -> 0.0261s
-- create_table("os_families", {charset: "utf8mb3", collation: "utf8mb3_czech_ci", force: :cascade})
   -> 0.0186s
-- create_table("os_templates", {id: {type: :integer, unsigned: true}, charset: "utf8mb3", collation: "utf8mb3_czech_ci", force: :cascade})
   -> 0.0306s
-- create_table("password_change_logs", {charset: "utf8mb3", collation: "utf8mb3_czech_ci", force: :cascade})
   -> 0.0311s
-- create_table("password_event_counters", {charset: "utf8mb3", collation: "utf8mb3_czech_ci", force: :cascade})
   -> 0.0210s
-- create_table("password_recoveries", {charset: "utf8mb3", collation: "utf8mb3_czech_ci", force: :cascade})
   -> 0.0386s
-- create_table("password_recovery_requests", {charset: "utf8mb3", collation: "utf8mb3_czech_ci", force: :cascade})
   -> 0.0318s
-- create_table("password_recovery_submissions", {charset: "utf8mb3", collation: "utf8mb3_czech_ci", force: :cascade})
   -> 0.0357s
-- create_table("pools", {id: {type: :integer, unsigned: true}, charset: "utf8mb3", collation: "utf8mb3_czech_ci", force: :cascade})
   -> 0.0221s
-- create_table("port_reservations", {id: {type: :integer, unsigned: true}, charset: "utf8mb3", collation: "utf8mb3_czech_ci", force: :cascade})
   -> 0.0244s
-- create_table("repeatable_tasks", {id: {type: :integer, unsigned: true}, charset: "utf8mb3", collation: "utf8mb3_czech_ci", force: :cascade})
   -> 0.0202s
-- create_table("resource_locks", {id: {type: :integer, unsigned: true}, charset: "utf8mb3", collation: "utf8mb3_czech_ci", force: :cascade})
   -> 0.0268s
-- create_table("security_advisories", {charset: "utf8mb3", collation: "utf8mb3_czech_ci", force: :cascade})
   -> 0.0318s
-- create_table("security_advisory_cves", {charset: "utf8mb3", collation: "utf8mb3_czech_ci", force: :cascade})
   -> 0.0227s
-- create_table("security_advisory_node_status_translations", {charset: "utf8mb3", collation: "utf8mb3_czech_ci", force: :cascade})
   -> 0.0252s
-- create_table("security_advisory_node_statuses", {charset: "utf8mb3", collation: "utf8mb3_czech_ci", force: :cascade})
   -> 0.0232s
-- create_table("security_advisory_translations", {charset: "utf8mb3", collation: "utf8mb3_czech_ci", force: :cascade})
   -> 0.0270s
-- create_table("security_advisory_updates", {charset: "utf8mb3", collation: "utf8mb3_czech_ci", force: :cascade})
   -> 0.0287s
-- create_table("security_advisory_users", {charset: "utf8mb3", collation: "utf8mb3_czech_ci", force: :cascade})
   -> 0.0249s
-- create_table("security_advisory_vpses", {charset: "utf8mb3", collation: "utf8mb3_czech_ci", force: :cascade})
   -> 0.0359s
-- create_table("single_sign_ons", {charset: "utf8mb3", collation: "utf8mb3_czech_ci", force: :cascade})
   -> 0.0244s
-- create_table("snapshot_downloads", {id: {type: :integer, unsigned: true}, charset: "utf8mb3", collation: "utf8mb3_czech_ci", force: :cascade})
   -> 0.0222s
-- create_table("snapshot_in_pool_clones", {id: {type: :integer, unsigned: true}, charset: "utf8mb3", collation: "utf8mb3_czech_ci", force: :cascade})
   -> 0.0259s
-- create_table("snapshot_in_pool_in_branches", {id: {type: :integer, unsigned: true}, charset: "utf8mb3", collation: "utf8mb3_czech_ci", force: :cascade})
   -> 0.0246s
-- create_table("snapshot_in_pools", {id: {type: :integer, unsigned: true}, charset: "utf8mb3", collation: "utf8mb3_czech_ci", force: :cascade})
   -> 0.0352s
-- create_table("snapshots", {id: {type: :integer, unsigned: true}, charset: "utf8mb3", collation: "utf8mb3_czech_ci", force: :cascade})
   -> 0.0263s
-- create_table("sysconfig", {id: {type: :integer, unsigned: true}, charset: "utf8mb3", collation: "utf8mb3_czech_ci", force: :cascade})
   -> 0.0245s
-- create_table("tokens", {id: {type: :integer, unsigned: true}, charset: "utf8mb3", collation: "utf8mb3_czech_ci", force: :cascade})
   -> 0.0270s
-- create_table("transaction_chain_concerns", {id: {type: :integer, unsigned: true}, charset: "utf8mb3", collation: "utf8mb3_czech_ci", force: :cascade})
   -> 0.0304s
-- create_table("transaction_chains", {id: {type: :integer, unsigned: true}, charset: "utf8mb3", collation: "utf8mb3_czech_ci", force: :cascade})
   -> 0.0360s
-- create_table("transaction_confirmations", {id: {type: :integer, unsigned: true}, charset: "utf8mb3", collation: "utf8mb3_czech_ci", force: :cascade})
   -> 0.0248s
-- create_table("transactions", {id: {type: :integer, unsigned: true}, charset: "utf8mb3", collation: "utf8mb3_czech_ci", force: :cascade})
   -> 0.0356s
-- create_table("user_agents", {id: {type: :integer, unsigned: true}, charset: "utf8mb3", collation: "utf8mb3_czech_ci", force: :cascade})
   -> 0.0194s
-- create_table("user_cluster_resource_packages", {id: {type: :integer, unsigned: true}, charset: "utf8mb3", collation: "utf8mb3_czech_ci", force: :cascade})
   -> 0.0261s
-- create_table("user_cluster_resources", {id: {type: :integer, unsigned: true}, charset: "utf8mb3", collation: "utf8mb3_czech_ci", force: :cascade})
   -> 0.0300s
-- create_table("user_devices", {charset: "utf8mb3", collation: "utf8mb3_czech_ci", force: :cascade})
   -> 0.0395s
-- create_table("user_failed_logins", {id: {type: :integer, unsigned: true}, charset: "utf8mb3", collation: "utf8mb3_czech_ci", force: :cascade})
   -> 0.0517s
-- create_table("user_mail_role_recipients", {id: {type: :integer, unsigned: true}, charset: "utf8mb3", collation: "utf8mb3_czech_ci", force: :cascade})
   -> 0.0302s
-- create_table("user_mail_template_recipients", {id: {type: :integer, unsigned: true}, charset: "utf8mb3", collation: "utf8mb3_czech_ci", force: :cascade})
   -> 0.0237s
-- create_table("user_namespace_blocks", {id: {type: :integer, unsigned: true}, charset: "utf8mb3", collation: "utf8mb3_czech_ci", force: :cascade})
   -> 0.0273s
-- create_table("user_namespace_map_entries", {id: {type: :integer, unsigned: true}, charset: "utf8mb3", collation: "utf8mb3_czech_ci", force: :cascade})
   -> 0.0214s
-- create_table("user_namespace_maps", {id: {type: :integer, unsigned: true}, charset: "utf8mb3", collation: "utf8mb3_czech_ci", force: :cascade})
   -> 0.0354s
-- create_table("user_namespaces", {id: {type: :integer, unsigned: true}, charset: "utf8mb3", collation: "utf8mb3_czech_ci", force: :cascade})
   -> 0.0283s
-- create_table("user_public_keys", {id: {type: :integer, unsigned: true}, charset: "utf8mb3", collation: "utf8mb3_czech_ci", force: :cascade})
   -> 0.0195s
-- create_table("user_sessions", {id: {type: :integer, unsigned: true}, charset: "utf8mb3", collation: "utf8mb3_czech_ci", force: :cascade})
   -> 0.0307s
-- create_table("user_totp_devices", {id: {type: :integer, unsigned: true}, charset: "utf8mb3", collation: "utf8mb3_czech_ci", force: :cascade})
   -> 0.0317s
-- create_table("users", {id: {type: :integer, unsigned: true}, charset: "utf8mb3", collation: "utf8mb3_czech_ci", force: :cascade})
   -> 0.0306s
-- create_table("uuids", {charset: "utf8mb3", collation: "utf8mb3_czech_ci", force: :cascade})
   -> 0.0265s
-- create_table("versions", {id: {type: :integer, unsigned: true}, charset: "utf8mb3", collation: "utf8mb3_czech_ci", force: :cascade})
   -> 0.0193s
-- create_table("vps_consoles", {id: {type: :integer, unsigned: true}, charset: "utf8mb3", collation: "utf8mb3_czech_ci", force: :cascade})
   -> 0.0178s
-- create_table("vps_current_statuses", {id: {type: :integer, unsigned: true}, charset: "utf8mb3", collation: "utf8mb3_czech_ci", force: :cascade})
   -> 0.0185s
-- create_table("vps_features", {id: {type: :integer, unsigned: true}, charset: "utf8mb3", collation: "utf8mb3_czech_ci", force: :cascade})
   -> 0.0199s
-- create_table("vps_maintenance_windows", {id: {type: :integer, unsigned: true}, charset: "utf8mb3", collation: "utf8mb3_czech_ci", force: :cascade})
   -> 0.0172s
-- create_table("vps_migrations", {id: {type: :integer, unsigned: true}, charset: "utf8mb3", collation: "utf8mb3_czech_ci", force: :cascade})
   -> 0.0171s
-- create_table("vps_os_processes", {primary_key: ["vps_id", "state"], charset: "utf8mb3", collation: "utf8mb3_czech_ci", force: :cascade})
   -> 0.0197s
-- create_table("vps_ssh_host_keys", {charset: "utf8mb3", collation: "utf8mb3_czech_ci", force: :cascade})
   -> 0.0204s
-- create_table("vps_statuses", {id: {type: :integer, unsigned: true}, charset: "utf8mb3", collation: "utf8mb3_czech_ci", force: :cascade})
   -> 0.0276s
-- create_table("vps_user_data", {charset: "utf8mb3", collation: "utf8mb3_czech_ci", force: :cascade})
   -> 0.0272s
-- create_table("vpses", {id: {type: :integer, unsigned: true}, charset: "utf8mb3", collation: "utf8mb3_czech_ci", force: :cascade})
   -> 0.0558s
-- create_table("webauthn_challenges", {charset: "utf8mb3", collation: "utf8mb3_czech_ci", force: :cascade})
   -> 0.0300s
-- create_table("webauthn_credentials", {charset: "utf8mb3", collation: "utf8mb3_czech_ci", force: :cascade})
   -> 0.0297s
-- add_foreign_key("node_current_statuses", "node_kernel_evidences", {on_delete: :nullify})
   -> 0.0366s
-- add_foreign_key("node_ebpf_program_links", "node_ebpf_programs", {on_delete: :cascade})
   -> 0.0341s
-- add_foreign_key("node_ebpf_program_objects", "node_ebpf_programs", {on_delete: :cascade})
   -> 0.0363s
-- add_foreign_key("node_ebpf_programs", "node_kernel_evidences", {on_delete: :cascade})
   -> 0.0327s
-- add_foreign_key("node_kernel_configuration_options", "node_kernel_configurations", {on_delete: :cascade})
   -> 0.0320s
-- add_foreign_key("node_kernel_events", "node_kernel_evidences", {on_delete: :nullify})
   -> 0.0504s
-- add_foreign_key("node_kernel_evidence_errors", "node_kernel_evidences", {on_delete: :cascade})
   -> 0.0318s
-- add_foreign_key("node_kernel_history_gaps", "node_kernel_history_states", {on_delete: :cascade})
   -> 0.0349s
-- add_foreign_key("node_kernel_livepatch_patches", "node_kernel_livepatches", {on_delete: :cascade})
   -> 0.0305s
-- add_foreign_key("node_kernel_livepatches", "node_kernel_evidences", {on_delete: :cascade})
   -> 0.0342s
-- add_foreign_key("node_kernel_modules", "node_kernel_evidences", {on_delete: :cascade})
   -> 0.0303s
-- add_foreign_key("node_kernel_parameters", "node_kernel_evidences", {on_delete: :cascade})
   -> 0.0347s
-- add_foreign_key("node_software_changes", "node_kernel_events", {on_delete: :cascade})
   -> 0.0459s
-- add_foreign_key("node_software_versions", "node_kernel_evidences", {on_delete: :cascade})
   -> 0.0361s
-- add_foreign_key("node_sysctl_changes", "node_kernel_events", {on_delete: :cascade})
   -> 0.0421s
-- add_foreign_key("node_sysctls", "node_kernel_evidences", {on_delete: :cascade})
   -> 0.0319s
Run options: exclude {generator: true}

Randomized with seed 43069
== 20170223191015 Setup: migrating ============================================
-- create_table(:outages, {options: "ENGINE=InnoDB", id: :integer})
   -> 0.0122s
-- add_index(:outages, :state, {name: "index_outages_on_state"})
   -> 0.0238s
-- add_index(:outages, :outage_type, {name: "index_outages_on_outage_type"})
   -> 0.0195s
-- add_index(:outages, :planned, {name: "index_outages_on_planned"})
   -> 0.0201s
-- create_table(:outage_entities, {options: "ENGINE=InnoDB", id: :integer})
   -> 0.0123s
-- add_index(:outage_entities, :outage_id, {name: "index_outage_entities_on_outage_id"})
   -> 0.0192s
-- add_index(:outage_entities, :name, {name: "index_outage_entities_on_name"})
   -> 0.0203s
-- add_index(:outage_entities, :row_id, {name: "index_outage_entities_on_row_id"})
   -> 0.0220s
-- add_index(:outage_entities, [:outage_id, :name, :row_id], {unique: true, name: "index_outage_entities_on_outage_id_and_name_and_row_id"})
   -> 0.0258s
-- create_table(:outage_handlers, {options: "ENGINE=InnoDB", id: :integer})
   -> 0.0162s
-- add_index(:outage_handlers, :outage_id, {name: "index_outage_handlers_on_outage_id"})
   -> 0.0245s
-- add_index(:outage_handlers, :user_id, {name: "index_outage_handlers_on_user_id"})
   -> 0.0221s
-- add_index(:outage_handlers, [:outage_id, :user_id], {unique: true, name: "index_outage_handlers_on_outage_id_and_user_id"})
   -> 0.0150s
-- create_table(:outage_updates, {options: "ENGINE=InnoDB", id: :integer})
   -> 0.0085s
-- add_index(:outage_updates, :outage_id, {name: "index_outage_updates_on_outage_id"})
   -> 0.0130s
-- add_index(:outage_updates, :reported_by_id, {name: "index_outage_updates_on_reported_by_id"})
   -> 0.0124s
-- add_index(:outage_updates, :state, {name: "index_outage_updates_on_state"})
   -> 0.0146s
-- add_index(:outage_updates, :outage_type, {name: "index_outage_updates_on_outage_type"})
   -> 0.0149s
-- create_table(:outage_translations, {options: "ENGINE=InnoDB", id: :integer})
   -> 0.0104s
-- add_index(:outage_translations, :outage_id, {name: "index_outage_translations_on_outage_id"})
   -> 0.0198s
-- add_index(:outage_translations, :outage_update_id, {name: "index_outage_translations_on_outage_update_id"})
   -> 0.0206s
-- add_index(:outage_translations, :language_id, {name: "index_outage_translations_on_language_id"})
   -> 0.0208s
-- add_index(:outage_translations, [:outage_id, :language_id], {unique: true, name: "index_outage_translations_on_outage_id_and_language_id"})
   -> 0.0180s
-- add_index(:outage_translations, [:outage_update_id, :language_id], {unique: true, name: "index_outage_translations_on_outage_update_id_and_language_id"})
   -> 0.0209s
-- create_table(:outage_vpses, {options: "ENGINE=InnoDB", id: :integer})
   -> 0.0139s
-- add_index(:outage_vpses, [:outage_id, :vps_id], {unique: true, name: "index_outage_vpses_on_outage_id_and_vps_id"})
   -> 0.0239s
-- add_index(:outage_vpses, :outage_id, {name: "index_outage_vpses_on_outage_id"})
   -> 0.0259s
-- add_index(:outage_vpses, :vps_id, {name: "index_outage_vpses_on_vps_id"})
   -> 0.0236s
-- add_index(:outage_vpses, :user_id, {name: "index_outage_vpses_on_user_id"})
   -> 0.0225s
-- add_index(:outage_vpses, :environment_id, {name: "index_outage_vpses_on_environment_id"})
   -> 0.0179s
-- add_index(:outage_vpses, :location_id, {name: "index_outage_vpses_on_location_id"})
   -> 0.0223s
-- add_index(:outage_vpses, :node_id, {name: "index_outage_vpses_on_node_id"})
   -> 0.0224s
-- create_table(:outage_vps_mounts, {options: "ENGINE=InnoDB", id: :integer})
   -> 0.0126s
-- add_index(:outage_vps_mounts, [:outage_vps_id, :mount_id], {unique: true, name: "index_outage_vps_mounts_on_outage_vps_id_and_mount_id"})
   -> 0.0214s
-- add_index(:outage_vps_mounts, :outage_vps_id, {name: "index_outage_vps_mounts_on_outage_vps_id"})
   -> 0.0221s
-- add_index(:outage_vps_mounts, :mount_id, {name: "index_outage_vps_mounts_on_mount_id"})
   -> 0.0205s
== 20170223191015 Setup: migrated (0.6869s) ===================================

== 20201129113300 AddOutageExports: migrating =================================
-- create_table(:outage_users, {options: "ENGINE=InnoDB", id: :integer})
   -> 0.0117s
-- add_index(:outage_users, [:outage_id, :user_id], {unique: true, name: "index_outage_users_on_outage_id_and_user_id"})
   -> 0.0214s
-- add_index(:outage_users, :outage_id, {name: "index_outage_users_on_outage_id"})
   -> 0.0212s
-- add_index(:outage_users, :user_id, {name: "index_outage_users_on_user_id"})
   -> 0.0215s
-- create_table(:outage_exports, {options: "ENGINE=InnoDB", id: :integer})
   -> 0.0114s
-- add_index(:outage_exports, [:outage_id, :export_id], {unique: true, name: "index_outage_exports_on_outage_id_and_export_id"})
   -> 0.0211s
-- add_index(:outage_exports, :outage_id, {name: "index_outage_exports_on_outage_id"})
   -> 0.0224s
-- add_index(:outage_exports, :export_id, {name: "index_outage_exports_on_export_id"})
   -> 0.0202s
-- add_index(:outage_exports, :user_id, {name: "index_outage_exports_on_user_id"})
   -> 0.0218s
-- add_index(:outage_exports, :environment_id, {name: "index_outage_exports_on_environment_id"})
   -> 0.0241s
-- add_index(:outage_exports, :location_id, {name: "index_outage_exports_on_location_id"})
   -> 0.0243s
-- add_index(:outage_exports, :node_id, {name: "index_outage_exports_on_node_id"})
   -> 0.0188s
== 20201129113300 AddOutageExports: migrated (0.2493s) ========================

== 20240123092400 RemoveVpsOutageMounts: migrating ============================
-- remove_index(:outage_vps_mounts, [:outage_vps_id, :mount_id], {unique: true})
   -> 0.0194s
-- drop_table(:outage_vps_mounts)
   -> 0.0079s
== 20240123092400 RemoveVpsOutageMounts: migrated (0.0280s) ===================

== 20240124093200 AddImpactType: migrating ====================================
-- add_column(:outages, :impact_type, :integer, {null: false, default: 0})
   -> 0.0157s
-- add_index(:outages, :impact_type)
   -> 0.0210s
-- remove_index(:outages, :planned)
   -> 0.0176s
-- remove_column(:outages, :planned, :boolean, {null: false, default: false})
   -> 0.0228s
-- remove_index(:outage_updates, :outage_type)
   -> 0.0207s
-- rename_column(:outage_updates, :outage_type, :impact_type)
   -> 0.0189s
-- add_index(:outage_updates, :impact_type)
   -> 0.0203s
== 20240124093200 AddImpactType: migrated (0.1433s) ===========================

== 20240124185400 AddAutoResolve: migrating ===================================
-- add_column(:outages, :auto_resolve, :boolean, {null: false, default: true})
   -> 0.0172s
== 20240124185400 AddAutoResolve: migrated (0.0175s) ==========================

== 20260601121000 AddOutageSecurityAdvisories: migrating ======================
-- create_table(:outage_security_advisories)
   -> 0.0110s
-- add_index(:outage_security_advisories, [:outage_id, :security_advisory_id], {unique: true, name: "index_osa_on_outage_advisory"})
   -> 0.0193s
-- add_index(:outage_security_advisories, :security_advisory_id)
   -> 0.0239s
== 20260601121000 AddOutageSecurityAdvisories: migrated (0.0551s) =============

== 20170121214350 Setup: migrating ============================================
-- create_table(:incoming_payments, {options: "ENGINE=InnoDB", id: :integer})
   -> 0.0174s
-- add_index(:incoming_payments, :transaction_id, {unique: true, name: "index_incoming_payments_on_transaction_id"})
   -> 0.0216s
-- add_index(:incoming_payments, :vs, {name: "index_incoming_payments_on_vs"})
   -> 0.0210s
-- add_index(:incoming_payments, :ks, {name: "index_incoming_payments_on_ks"})
   -> 0.0211s
-- add_index(:incoming_payments, :ss, {name: "index_incoming_payments_on_ss"})
   -> 0.0199s
-- create_table(:user_accounts, {options: "ENGINE=InnoDB", id: :integer})
   -> 0.0128s
-- add_index(:user_accounts, :user_id, {unique: true, name: "index_user_accounts_on_user_id"})
   -> 0.0182s
-- create_table(:user_payments, {options: "ENGINE=InnoDB", id: :integer})
   -> 0.0124s
-- add_index(:user_payments, :incoming_payment_id, {unique: true, name: "index_user_payments_on_incoming_payment_id"})
   -> 0.0168s
-- add_index(:user_payments, :user_id, {name: "index_user_payments_on_user_id"})
   -> 0.0153s
-- add_index(:user_payments, :accounted_by_id, {name: "index_user_payments_on_accounted_by_id"})
   -> 0.0215s
== 20170121214350 Setup: migrated (0.2046s) ===================================

== 20260706212000 LocalizePaymentInstructionsSysconfig: migrating =============
== 20260706212000 LocalizePaymentInstructionsSysconfig: migrated (0.0083s) ====

== 20260905180000 AddUserPaymentsCreatedAtIndex: migrating ====================
-- add_index(:user_payments, :created_at)
   -> 0.0232s
== 20260905180000 AddUserPaymentsCreatedAtIndex: migrated (0.0235s) ===========

== 20170122083340 Setup: migrating ============================================
-- create_table(:user_requests, {options: "ENGINE=InnoDB", id: :integer})
   -> 0.0161s
-- add_index(:user_requests, :user_id, {name: "index_user_requests_on_user_id"})
   -> 0.0188s
-- add_index(:user_requests, :type, {name: "index_user_requests_on_type"})
   -> 0.0210s
-- add_index(:user_requests, :state, {name: "index_user_requests_on_state"})
   -> 0.0191s
-- add_index(:user_requests, :admin_id, {name: "index_user_requests_on_admin_id"})
   -> 0.0174s
-- table_exists?(:members_changes)
   -> 0.0028s
== 20170122083340 Setup: migrated (0.0970s) ===================================

== 20170908165000 AddAccessToken: migrating ===================================
-- add_column(:user_requests, :access_token, :string, {null: true, limit: 40})
   -> 0.0130s
== 20170908165000 AddAccessToken: migrated (0.0133s) ==========================

== 20201126142500 AddIpMailChecks: migrating ==================================
-- add_column(:user_requests, :ip_checked, :boolean, {null: true})
   -> 0.0120s
-- add_column(:user_requests, :ip_request_id, :string, {limit: 50, null: true})
   -> 0.0145s
-- add_column(:user_requests, :ip_success, :boolean, {null: true})
   -> 0.0140s
-- add_column(:user_requests, :ip_message, :string, {limit: 255, null: true})
   -> 0.0203s
-- add_column(:user_requests, :ip_errors, :text, {null: true})
   -> 0.0187s
-- add_column(:user_requests, :ip_proxy, :boolean, {null: true})
   -> 0.0209s
-- add_column(:user_requests, :ip_crawler, :boolean, {null: true})
   -> 0.0200s
-- add_column(:user_requests, :ip_recent_abuse, :boolean, {null: true})
   -> 0.0167s
-- add_column(:user_requests, :ip_vpn, :boolean, {null: true})
   -> 0.0279s
-- add_column(:user_requests, :ip_tor, :boolean, {null: true})
   -> 0.0280s
-- add_column(:user_requests, :ip_fraud_score, :integer, {null: true})
   -> 0.0168s
-- add_column(:user_requests, :mail_checked, :boolean, {null: true})
   -> 0.0153s
-- add_column(:user_requests, :mail_request_id, :string, {limit: 50, null: true})
   -> 0.0177s
-- add_column(:user_requests, :mail_success, :boolean, {null: true})
   -> 0.0198s
-- add_column(:user_requests, :mail_message, :string, {limit: 255, null: true})
   -> 0.0172s
-- add_column(:user_requests, :mail_errors, :text, {null: true})
   -> 0.0147s
-- add_column(:user_requests, :mail_valid, :boolean, {null: true})
   -> 0.0152s
-- add_column(:user_requests, :mail_disposable, :boolean, {null: true})
   -> 0.0146s
-- add_column(:user_requests, :mail_timed_out, :boolean, {null: true})
   -> 0.0152s
-- add_column(:user_requests, :mail_deliverability, :string, {limit: 20, null: true})
   -> 0.0153s
-- add_column(:user_requests, :mail_catch_all, :boolean, {null: true})
   -> 0.0167s
-- add_column(:user_requests, :mail_leaked, :boolean, {null: true})
   -> 0.0158s
-- add_column(:user_requests, :mail_suspect, :boolean, {null: true})
   -> 0.0153s
-- add_column(:user_requests, :mail_smtp_score, :integer, {null: true})
   -> 0.0164s
-- add_column(:user_requests, :mail_overall_score, :integer, {null: true})
   -> 0.0179s
-- add_column(:user_requests, :mail_fraud_score, :integer, {null: true})
   -> 0.0178s
-- add_column(:user_requests, :mail_dns_valid, :boolean, {null: true})
   -> 0.0249s
-- add_column(:user_requests, :mail_honeypot, :boolean, {null: true})
   -> 0.0224s
-- add_column(:user_requests, :mail_spam_trap_score, :string, {limit: 20, null: true})
   -> 0.0178s
-- add_column(:user_requests, :mail_recent_abuse, :boolean, {null: true})
   -> 0.0162s
-- add_column(:user_requests, :mail_frequent_complainer, :boolean, {null: true})
   -> 0.0165s
== 20201126142500 AddIpMailChecks: migrated (0.5634s) =========================

== 20260606223100 AddUserRequestsTimeZone: migrating ==========================
-- add_column(:user_requests, :time_zone, :string, {null: true})
   -> 0.0185s
== 20260606223100 AddUserRequestsTimeZone: migrated (0.0188s) =================

== 20170408184500 Setup: migrating ============================================
-- create_table(:monitored_events, {options: "ENGINE=InnoDB", id: :integer})
   -> 0.0218s
-- add_index(:monitored_events, :monitor_name, {name: "index_monitored_events_on_monitor_name"})
   -> 0.0243s
-- add_index(:monitored_events, :class_name, {name: "index_monitored_events_on_class_name"})
   -> 0.0255s
-- add_index(:monitored_events, :row_id, {name: "index_monitored_events_on_row_id"})
   -> 0.0212s
-- add_index(:monitored_events, :state, {name: "index_monitored_events_on_state"})
   -> 0.0259s
-- add_index(:monitored_events, :user_id, {name: "index_monitored_events_on_user_id"})
   -> 0.0239s
-- create_table(:monitored_event_states, {options: "ENGINE=InnoDB", id: :integer})
   -> 0.0171s
-- add_index(:monitored_event_states, :monitored_event_id, {name: "index_monitored_event_states_on_monitored_event_id"})
   -> 0.0194s
-- create_table(:monitored_event_logs, {options: "ENGINE=InnoDB", id: :integer})
   -> 0.0113s
-- add_index(:monitored_event_logs, :monitored_event_id, {name: "index_monitored_event_logs_on_monitored_event_id"})
   -> 0.0166s
-- add_index(:monitored_event_logs, :passed, {name: "index_monitored_event_logs_on_passed"})
   -> 0.0237s
== 20170408184500 Setup: migrated (0.2352s) ===================================

== 20230123085900 AddMonitoredEventActionState: migrating =====================
-- add_column(:monitored_events, :action_state, :text, {null: true})
   -> 0.0167s
== 20230123085900 AddMonitoredEventActionState: migrated (0.0171s) ============

== 20231105124400 AddMonitoredEventAlertCount: migrating ======================
-- add_column(:monitored_events, :alert_count, :integer, {null: false, default: 0})
   -> 0.0187s
== 20231105124400 AddMonitoredEventAlertCount: migrated (0.0190s) =============

== 20170201082030 Setup: migrating ============================================
-- create_table(:news_logs, {options: "ENGINE=InnoDB", id: :integer})
   -> 0.0156s
== 20170201082030 Setup: migrated (0.0160s) ===================================

== 20260706210000 LocalizeNewsLogMessages: migrating ==========================
-- create_table(:news_log_translations)
   -> 0.0128s
-- add_index(:news_log_translations, :news_log_id)
   -> 0.0219s
-- add_index(:news_log_translations, :language_id)
   -> 0.0246s
-- add_index(:news_log_translations, [:news_log_id, :language_id], {unique: true, name: "news_log_translation_unique"})
   -> 0.0243s
== 20260706210000 LocalizeNewsLogMessages: migrated (0.1060s) =================

== 20170201093720 Setup: migrating ============================================
-- create_table(:help_boxes, {options: "ENGINE=InnoDB", id: :integer})
   -> 0.0147s
-- add_index(:help_boxes, :page, {name: "index_help_boxes_on_page"})
   -> 0.0183s
-- add_index(:help_boxes, :action, {name: "index_help_boxes_on_action"})
   -> 0.0210s
-- add_index(:help_boxes, [:page, :action], {name: "index_help_boxes_on_page_and_action"})
   -> 0.0190s
== 20170201093720 Setup: migrated (0.0745s) ===================================

== 20260607190000 AddWebuiUserSettings: migrating =============================
-- create_table(:webui_user_settings)
   -> 0.0090s
-- add_index(:webui_user_settings, [:user_id, :namespace, :key], {unique: true, name: "index_webui_user_settings_unique_key"})
   -> 0.0201s
-- add_index(:webui_user_settings, [:user_id, :namespace], {name: "index_webui_user_settings_on_user_namespace"})
   -> 0.0208s
== 20260607190000 AddWebuiUserSettings: migrated (0.0507s) ====================

== 20260706211000 LocalizeWebuiSysconfig: migrating ===========================
== 20260706211000 LocalizeWebuiSysconfig: migrated (0.0261s) ==================


Exact synthetic integration payload preflight
  ingests the corrected complete state, transitions and repair (FAILED - 1)
  reproduces the fixture database error

Failures:

  1) Exact synthetic integration payload preflight ingests the corrected complete state, transitions and repair
     Failure/Error: VpsAdmin::API::Tasks.const_get(klass.to_s.classify).new.method(task).call

     NameError:
       uninitialized constant VpsAdmin::API::Tasks::NodeKernelHistoryBound
     # ./lib/vpsadmin/api/tasks.rb:19:in 'VpsAdmin::API::Tasks.run'
     # ./lib/vpsadmin/api/tasks/vpsadmin.rake:100:in 'block (3 levels) in <top (required)>'
     # ./.gems/ruby/3.4.0/gems/rake-13.4.2/lib/rake/task.rb:281:in 'block in Rake::Task#execute'
     # ./.gems/ruby/3.4.0/gems/rake-13.4.2/lib/rake/task.rb:281:in 'Array#each'
     # ./.gems/ruby/3.4.0/gems/rake-13.4.2/lib/rake/task.rb:281:in 'Rake::Task#execute'
     # ./.gems/ruby/3.4.0/gems/rake-13.4.2/lib/rake/task.rb:219:in 'block in Rake::Task#invoke_with_call_chain'
     # ./.gems/ruby/3.4.0/gems/rake-13.4.2/lib/rake/task.rb:199:in 'Monitor#synchronize'
     # ./.gems/ruby/3.4.0/gems/rake-13.4.2/lib/rake/task.rb:199:in 'Rake::Task#invoke_with_call_chain'
     # ./.gems/ruby/3.4.0/gems/rake-13.4.2/lib/rake/task.rb:188:in 'Rake::Task#invoke'
     # /tmp/kernel-history-payload-preflight_spec.rb:51:in 'block (2 levels) in <top (required)>'
     # ./spec/spec_helper.rb:25:in 'block (3 levels) in <top (required)>'
     # ./.gems/ruby/3.4.0/gems/activerecord-8.1.3.1/lib/active_record/connection_adapters/abstract/transaction.rb:648:in 'block in ActiveRecord::ConnectionAdapters::TransactionManager#within_new_transaction'
     # ./.gems/ruby/3.4.0/gems/activesupport-8.1.3.1/lib/active_support/concurrency/null_lock.rb:9:in 'ActiveSupport::Concurrency::NullLock#synchronize'
     # ./.gems/ruby/3.4.0/gems/activerecord-8.1.3.1/lib/active_record/connection_adapters/abstract/transaction.rb:645:in 'ActiveRecord::ConnectionAdapters::TransactionManager#within_new_transaction'
     # ./.gems/ruby/3.4.0/gems/activerecord-8.1.3.1/lib/active_record/connection_adapters/abstract/database_statements.rb:386:in 'ActiveRecord::ConnectionAdapters::DatabaseStatements#within_new_transaction'
     # ./.gems/ruby/3.4.0/gems/activerecord-8.1.3.1/lib/active_record/connection_adapters/abstract/database_statements.rb:378:in 'ActiveRecord::ConnectionAdapters::DatabaseStatements#transaction'
     # ./.gems/ruby/3.4.0/gems/activerecord-8.1.3.1/lib/active_record/transactions.rb:234:in 'block (2 levels) in ActiveRecord::Transactions::ClassMethods#transaction'
     # ./.gems/ruby/3.4.0/gems/activerecord-8.1.3.1/lib/active_record/connection_adapters/abstract/connection_pool.rb:485:in 'ActiveRecord::ConnectionAdapters::ConnectionPool#with_pool_transaction_isolation_level'
     # ./.gems/ruby/3.4.0/gems/activerecord-8.1.3.1/lib/active_record/transactions.rb:233:in 'block in ActiveRecord::Transactions::ClassMethods#transaction'
     # ./.gems/ruby/3.4.0/gems/activerecord-8.1.3.1/lib/active_record/connection_adapters/abstract/connection_pool.rb:457:in 'ActiveRecord::ConnectionAdapters::ConnectionPool#with_connection'
     # ./.gems/ruby/3.4.0/gems/activerecord-8.1.3.1/lib/active_record/connection_handling.rb:313:in 'ActiveRecord::ConnectionHandling#with_connection'
     # ./.gems/ruby/3.4.0/gems/activerecord-8.1.3.1/lib/active_record/transactions.rb:232:in 'ActiveRecord::Transactions::ClassMethods#transaction'
     # ./spec/spec_helper.rb:24:in 'block (2 levels) in <top (required)>'

Finished in 20.03 seconds (files took 14.93 seconds to load)
2 examples, 1 failure

Failed examples:

rspec /tmp/kernel-history-payload-preflight_spec.rb:15 # Exact synthetic integration payload preflight ingests the corrected complete state, transitions and repair

Randomized with seed 43069

