warning: Git tree '/home/aither/workspace/ai/vpsfree.cz/worktrees/2026-09-14-kernel-history-fix/vpsadmin' is dirty
Bundle complete! 30 Gemfile dependencies, 117 gems now installed.
Bundled gems are installed into `./.gems`
Inspecting 15 files
..........CCCCC

Offenses:

/home/aither/workspace/ai/vpsfree.cz/worktrees/2026-09-14-kernel-history-fix/vpsfree-maintenance-tasks/2026-09-14-repair-kernel-history-bounds/node_repair.rb:1:1: C: [Correctable] Style/FrozenStringLiteralComment: Missing frozen string literal comment.
require 'time'
^
/home/aither/workspace/ai/vpsfree.cz/worktrees/2026-09-14-kernel-history-fix/vpsfree-maintenance-tasks/2026-09-14-repair-kernel-history-bounds/node_repair.rb:7:3: R: Metrics/ClassLength: Class has too many lines. [139/100]
  class NodeRepair ...
  ^^^^^^^^^^^^^^^^
/home/aither/workspace/ai/vpsfree.cz/worktrees/2026-09-14-kernel-history-fix/vpsfree-maintenance-tasks/2026-09-14-repair-kernel-history-bounds/node_repair.rb:7:3: C: Style/Documentation: Missing top-level documentation comment for class KernelHistoryBoundsRepair::NodeRepair.
  class NodeRepair
  ^^^^^^^^^^^^^^^^
/home/aither/workspace/ai/vpsfree.cz/worktrees/2026-09-14-kernel-history-fix/vpsfree-maintenance-tasks/2026-09-14-repair-kernel-history-bounds/node_repair.rb:11:5: R: Metrics/AbcSize: Assignment Branch Condition size for run is too high. [<16, 27, 12> 33.6/17]
    def run(node:, ids: nil, apply: false, batch_size: VpsAdmin::API::Operations::Node::HistoryBackfill::DEFAULT_BATCH_SIZE, io: $stdout) ...
    ^^^^^^^^^^^^^^^^^^^^^^^^^^^^^^^^^^^^^^^^^^^^^^^^^^^^^^^^^^^^^^^^^^^^^^^^^^^^^^^^^^^^^^^^^^^^^^^^^^^^^^^^^^^^^^^^^^^^^^^^^^^^^^^^^^^^^
/home/aither/workspace/ai/vpsfree.cz/worktrees/2026-09-14-kernel-history-fix/vpsfree-maintenance-tasks/2026-09-14-repair-kernel-history-bounds/node_repair.rb:11:5: R: Metrics/CyclomaticComplexity: Cyclomatic complexity for run is too high. [12/7]
    def run(node:, ids: nil, apply: false, batch_size: VpsAdmin::API::Operations::Node::HistoryBackfill::DEFAULT_BATCH_SIZE, io: $stdout) ...
    ^^^^^^^^^^^^^^^^^^^^^^^^^^^^^^^^^^^^^^^^^^^^^^^^^^^^^^^^^^^^^^^^^^^^^^^^^^^^^^^^^^^^^^^^^^^^^^^^^^^^^^^^^^^^^^^^^^^^^^^^^^^^^^^^^^^^^
/home/aither/workspace/ai/vpsfree.cz/worktrees/2026-09-14-kernel-history-fix/vpsfree-maintenance-tasks/2026-09-14-repair-kernel-history-bounds/node_repair.rb:11:5: R: Metrics/MethodLength: Method has too many lines. [30/10]
    def run(node:, ids: nil, apply: false, batch_size: VpsAdmin::API::Operations::Node::HistoryBackfill::DEFAULT_BATCH_SIZE, io: $stdout) ...
    ^^^^^^^^^^^^^^^^^^^^^^^^^^^^^^^^^^^^^^^^^^^^^^^^^^^^^^^^^^^^^^^^^^^^^^^^^^^^^^^^^^^^^^^^^^^^^^^^^^^^^^^^^^^^^^^^^^^^^^^^^^^^^^^^^^^^^
/home/aither/workspace/ai/vpsfree.cz/worktrees/2026-09-14-kernel-history-fix/vpsfree-maintenance-tasks/2026-09-14-repair-kernel-history-bounds/node_repair.rb:11:5: R: Metrics/PerceivedComplexity: Perceived complexity for run is too high. [12/8]
    def run(node:, ids: nil, apply: false, batch_size: VpsAdmin::API::Operations::Node::HistoryBackfill::DEFAULT_BATCH_SIZE, io: $stdout) ...
    ^^^^^^^^^^^^^^^^^^^^^^^^^^^^^^^^^^^^^^^^^^^^^^^^^^^^^^^^^^^^^^^^^^^^^^^^^^^^^^^^^^^^^^^^^^^^^^^^^^^^^^^^^^^^^^^^^^^^^^^^^^^^^^^^^^^^^
/home/aither/workspace/ai/vpsfree.cz/worktrees/2026-09-14-kernel-history-fix/vpsfree-maintenance-tasks/2026-09-14-repair-kernel-history-bounds/node_repair.rb:11:125: C: [Correctable] Layout/LineLength: Line is too long. [137/120]
    def run(node:, ids: nil, apply: false, batch_size: VpsAdmin::API::Operations::Node::HistoryBackfill::DEFAULT_BATCH_SIZE, io: $stdout)
                                                                                                                            ^^^^^^^^^^^^^
/home/aither/workspace/ai/vpsfree.cz/worktrees/2026-09-14-kernel-history-fix/vpsfree-maintenance-tasks/2026-09-14-repair-kernel-history-bounds/node_repair.rb:12:104: C: [Correctable] Style/NumericPredicate: Use batch_size.positive? instead of batch_size > 0.
      raise ArgumentError, 'Batch size must be a positive integer' unless batch_size.is_a?(Integer) && batch_size > 0
                                                                                                       ^^^^^^^^^^^^^^
/home/aither/workspace/ai/vpsfree.cz/worktrees/2026-09-14-kernel-history-fix/vpsfree-maintenance-tasks/2026-09-14-repair-kernel-history-bounds/node_repair.rb:50:5: R: Metrics/AbcSize: Assignment Branch Condition size for inspect_event is too high. [<7, 41, 10> 42.78/17]
    def inspect_event(id) ...
    ^^^^^^^^^^^^^^^^^^^^^
/home/aither/workspace/ai/vpsfree.cz/worktrees/2026-09-14-kernel-history-fix/vpsfree-maintenance-tasks/2026-09-14-repair-kernel-history-bounds/node_repair.rb:50:5: R: Metrics/CyclomaticComplexity: Cyclomatic complexity for inspect_event is too high. [11/7]
    def inspect_event(id) ...
    ^^^^^^^^^^^^^^^^^^^^^
/home/aither/workspace/ai/vpsfree.cz/worktrees/2026-09-14-kernel-history-fix/vpsfree-maintenance-tasks/2026-09-14-repair-kernel-history-bounds/node_repair.rb:50:5: R: Metrics/MethodLength: Method has too many lines. [32/10]
    def inspect_event(id) ...
    ^^^^^^^^^^^^^^^^^^^^^
/home/aither/workspace/ai/vpsfree.cz/worktrees/2026-09-14-kernel-history-fix/vpsfree-maintenance-tasks/2026-09-14-repair-kernel-history-bounds/node_repair.rb:50:5: R: Metrics/PerceivedComplexity: Perceived complexity for inspect_event is too high. [11/8]
    def inspect_event(id) ...
    ^^^^^^^^^^^^^^^^^^^^^
/home/aither/workspace/ai/vpsfree.cz/worktrees/2026-09-14-kernel-history-fix/vpsfree-maintenance-tasks/2026-09-14-repair-kernel-history-bounds/node_repair.rb:89:5: R: Metrics/CyclomaticComplexity: Cyclomatic complexity for skip_reason is too high. [9/7]
    def skip_reason(event) ...
    ^^^^^^^^^^^^^^^^^^^^^^
/home/aither/workspace/ai/vpsfree.cz/worktrees/2026-09-14-kernel-history-fix/vpsfree-maintenance-tasks/2026-09-14-repair-kernel-history-bounds/node_repair.rb:89:5: R: Metrics/PerceivedComplexity: Perceived complexity for skip_reason is too high. [9/8]
    def skip_reason(event) ...
    ^^^^^^^^^^^^^^^^^^^^^^
/home/aither/workspace/ai/vpsfree.cz/worktrees/2026-09-14-kernel-history-fix/vpsfree-maintenance-tasks/2026-09-14-repair-kernel-history-bounds/node_repair.rb:115:5: R: Metrics/AbcSize: Assignment Branch Condition size for classification_matches? is too high. [<2, 17, 8> 18.89/17]
    def classification_matches?(event, baseline, target) ...
    ^^^^^^^^^^^^^^^^^^^^^^^^^^^^^^^^^^^^^^^^^^^^^^^^^^^^
/home/aither/workspace/ai/vpsfree.cz/worktrees/2026-09-14-kernel-history-fix/vpsfree-maintenance-tasks/2026-09-14-repair-kernel-history-bounds/node_repair.rb:115:5: R: Metrics/MethodLength: Method has too many lines. [11/10]
    def classification_matches?(event, baseline, target) ...
    ^^^^^^^^^^^^^^^^^^^^^^^^^^^^^^^^^^^^^^^^^^^^^^^^^^^^
/home/aither/workspace/ai/vpsfree.cz/worktrees/2026-09-14-kernel-history-fix/vpsfree-maintenance-tasks/2026-09-14-repair-kernel-history-bounds/node_repair.rb:129:5: R: Metrics/AbcSize: Assignment Branch Condition size for confirming_evidence is too high. [<6, 23, 4> 24.1/17]
    def confirming_evidence(event, predecessor, baseline) ...
    ^^^^^^^^^^^^^^^^^^^^^^^^^^^^^^^^^^^^^^^^^^^^^^^^^^^^^
/home/aither/workspace/ai/vpsfree.cz/worktrees/2026-09-14-kernel-history-fix/vpsfree-maintenance-tasks/2026-09-14-repair-kernel-history-bounds/node_repair.rb:129:5: R: Metrics/MethodLength: Method has too many lines. [16/10]
    def confirming_evidence(event, predecessor, baseline) ...
    ^^^^^^^^^^^^^^^^^^^^^^^^^^^^^^^^^^^^^^^^^^^^^^^^^^^^^
/home/aither/workspace/ai/vpsfree.cz/worktrees/2026-09-14-kernel-history-fix/vpsfree-maintenance-tasks/2026-09-14-repair-kernel-history-bounds/node_repair.rb:162:121: C: Layout/LineLength: Line is too long. [132/120]
      io.puts "node=#{@node.id} event=#{proposal.event_id} old=(#{format_time(proposal.before)}, #{format_time(proposal.upper)}] " \
                                                                                                                        ^^^^^^^^^^^^
/home/aither/workspace/ai/vpsfree.cz/worktrees/2026-09-14-kernel-history-fix/vpsfree-maintenance-tasks/2026-09-14-repair-kernel-history-bounds/repair_kernel_history_bounds.rb:6:1: C: Style/Documentation: Missing top-level documentation comment for module KernelHistoryBoundsRepair.
module KernelHistoryBoundsRepair
^^^^^^^^^^^^^^^^^^^^^^^^^^^^^^^^
/home/aither/workspace/ai/vpsfree.cz/worktrees/2026-09-14-kernel-history-fix/vpsfree-maintenance-tasks/2026-09-14-repair-kernel-history-bounds/repair_kernel_history_bounds.rb:7:3: C: Style/Documentation: Missing top-level documentation comment for class KernelHistoryBoundsRepair::Runner.
  class Runner
  ^^^^^^^^^^^^
/home/aither/workspace/ai/vpsfree.cz/worktrees/2026-09-14-kernel-history-fix/vpsfree-maintenance-tasks/2026-09-14-repair-kernel-history-bounds/repair_kernel_history_bounds.rb:8:5: R: Metrics/AbcSize: Assignment Branch Condition size for run is too high. [<15, 42, 15> 47.05/17]
    def self.run(node_ids: [], apply: false, batch_size: nil, io: $stdout) ...
    ^^^^^^^^^^^^^^^^^^^^^^^^^^^^^^^^^^^^^^^^^^^^^^^^^^^^^^^^^^^^^^^^^^^^^^
/home/aither/workspace/ai/vpsfree.cz/worktrees/2026-09-14-kernel-history-fix/vpsfree-maintenance-tasks/2026-09-14-repair-kernel-history-bounds/repair_kernel_history_bounds.rb:8:5: R: Metrics/CyclomaticComplexity: Cyclomatic complexity for run is too high. [16/7]
    def self.run(node_ids: [], apply: false, batch_size: nil, io: $stdout) ...
    ^^^^^^^^^^^^^^^^^^^^^^^^^^^^^^^^^^^^^^^^^^^^^^^^^^^^^^^^^^^^^^^^^^^^^^
/home/aither/workspace/ai/vpsfree.cz/worktrees/2026-09-14-kernel-history-fix/vpsfree-maintenance-tasks/2026-09-14-repair-kernel-history-bounds/repair_kernel_history_bounds.rb:8:5: R: Metrics/MethodLength: Method has too many lines. [26/10]
    def self.run(node_ids: [], apply: false, batch_size: nil, io: $stdout) ...
    ^^^^^^^^^^^^^^^^^^^^^^^^^^^^^^^^^^^^^^^^^^^^^^^^^^^^^^^^^^^^^^^^^^^^^^
/home/aither/workspace/ai/vpsfree.cz/worktrees/2026-09-14-kernel-history-fix/vpsfree-maintenance-tasks/2026-09-14-repair-kernel-history-bounds/repair_kernel_history_bounds.rb:8:5: R: Metrics/PerceivedComplexity: Perceived complexity for run is too high. [16/8]
    def self.run(node_ids: [], apply: false, batch_size: nil, io: $stdout) ...
    ^^^^^^^^^^^^^^^^^^^^^^^^^^^^^^^^^^^^^^^^^^^^^^^^^^^^^^^^^^^^^^^^^^^^^^
/home/aither/workspace/ai/vpsfree.cz/worktrees/2026-09-14-kernel-history-fix/vpsfree-maintenance-tasks/2026-09-14-repair-kernel-history-bounds/repair_kernel_history_bounds.rb:42:3: R: Metrics/AbcSize: Assignment Branch Condition size for cli is too high. [<10, 26, 2> 27.93/17]
  def self.cli(args, io: $stdout, error: $stderr) ...
  ^^^^^^^^^^^^^^^^^^^^^^^^^^^^^^^^^^^^^^^^^^^^^^^
/home/aither/workspace/ai/vpsfree.cz/worktrees/2026-09-14-kernel-history-fix/vpsfree-maintenance-tasks/2026-09-14-repair-kernel-history-bounds/repair_kernel_history_bounds.rb:42:3: R: Metrics/MethodLength: Method has too many lines. [28/10]
  def self.cli(args, io: $stdout, error: $stderr) ...
  ^^^^^^^^^^^^^^^^^^^^^^^^^^^^^^^^^^^^^^^^^^^^^^^
/home/aither/workspace/ai/vpsfree.cz/worktrees/2026-09-14-kernel-history-fix/vpsfree-maintenance-tasks/2026-09-14-repair-kernel-history-bounds/repair_kernel_history_bounds.rb:75:5: C: [Correctable] Style/IfUnlessModifier: Favor modifier unless usage when having a single-line body. Another good alternative is the usage of control flow &&/||.
    unless value.match?(/\A[1-9][0-9]*\z/)
    ^^^^^^
/home/aither/workspace/ai/vpsfree.cz/worktrees/2026-09-14-kernel-history-fix/vpsfree-maintenance-tasks/2026-09-14-repair-kernel-history-bounds/spec/helpers.rb:3:1: C: Style/Documentation: Missing top-level documentation comment for module KernelHistoryBoundsFixtures.
module KernelHistoryBoundsFixtures
^^^^^^^^^^^^^^^^^^^^^^^^^^^^^^^^^^
/home/aither/workspace/ai/vpsfree.cz/worktrees/2026-09-14-kernel-history-fix/vpsfree-maintenance-tasks/2026-09-14-repair-kernel-history-bounds/spec/helpers.rb:6:3: R: Metrics/MethodLength: Method has too many lines. [15/10]
  def report(release: '6.12.93', patches: [], boot: 'boot-a', errors: [], modules: []) ...
  ^^^^^^^^^^^^^^^^^^^^^^^^^^^^^^^^^^^^^^^^^^^^^^^^^^^^^^^^^^^^^^^^^^^^^^^^^^^^^^^^^^^^
/home/aither/workspace/ai/vpsfree.cz/worktrees/2026-09-14-kernel-history-fix/vpsfree-maintenance-tasks/2026-09-14-repair-kernel-history-bounds/spec/helpers.rb:32:12: R: Metrics/ParameterLists: Avoid parameter lists longer than 5 parameters. [8/5]
  def event(value, at, type: :module_change, after: nil, action: nil, source: :node_report, confidence: :inferred, owner: node)
           ^^^^^^^^^^^^^^^^^^^^^^^^^^^^^^^^^^^^^^^^^^^^^^^^^^^^^^^^^^^^^^^^^^^^^^^^^^^^^^^^^^^^^^^^^^^^^^^^^^^^^^^^^^^^^^^^^^^^
/home/aither/workspace/ai/vpsfree.cz/worktrees/2026-09-14-kernel-history-fix/vpsfree-maintenance-tasks/2026-09-14-repair-kernel-history-bounds/spec/helpers.rb:32:121: C: [Correctable] Layout/LineLength: Line is too long. [127/120]
  def event(value, at, type: :module_change, after: nil, action: nil, source: :node_report, confidence: :inferred, owner: node)
                                                                                                                        ^^^^^^^
/home/aither/workspace/ai/vpsfree.cz/worktrees/2026-09-14-kernel-history-fix/vpsfree-maintenance-tasks/2026-09-14-repair-kernel-history-bounds/spec/helpers.rb:40:1: C: [Correctable] Layout/EmptyLinesAroundModuleBody: Extra empty line detected at module body end.
/home/aither/workspace/ai/vpsfree.cz/worktrees/2026-09-14-kernel-history-fix/vpsfree-maintenance-tasks/2026-09-14-repair-kernel-history-bounds/spec/node_repair_spec.rb:9:1: R: Metrics/BlockLength: Block has too many lines. [137/25]
RSpec.describe KernelHistoryBoundsRepair::NodeRepair do ...
^^^^^^^^^^^^^^^^^^^^^^^^^^^^^^^^^^^^^^^^^^^^^^^^^^^^^^^
/home/aither/workspace/ai/vpsfree.cz/worktrees/2026-09-14-kernel-history-fix/vpsfree-maintenance-tasks/2026-09-14-repair-kernel-history-bounds/spec/node_repair_spec.rb:9:1: C: RSpec/SpecFilePathFormat: Spec path should end with kernel_history_bounds_repair/node_repair*_spec.rb.
RSpec.describe KernelHistoryBoundsRepair::NodeRepair do
^^^^^^^^^^^^^^^^^^^^^^^^^^^^^^^^^^^^^^^^^^^^^^^^^^^^
/home/aither/workspace/ai/vpsfree.cz/worktrees/2026-09-14-kernel-history-fix/vpsfree-maintenance-tasks/2026-09-14-repair-kernel-history-bounds/spec/node_repair_spec.rb:22:3: C: RSpec/ExampleLength: Example has too many lines. [6/5]
  it 'previews a tighter interval from an internal immutable event without writing' do ...
  ^^^^^^^^^^^^^^^^^^^^^^^^^^^^^^^^^^^^^^^^^^^^^^^^^^^^^^^^^^^^^^^^^^^^^^^^^^^^^^^^^^^^
/home/aither/workspace/ai/vpsfree.cz/worktrees/2026-09-14-kernel-history-fix/vpsfree-maintenance-tasks/2026-09-14-repair-kernel-history-bounds/spec/node_repair_spec.rb:22:3: C: RSpec/MultipleExpectations: Example has too many expectations [3/1].
  it 'previews a tighter interval from an internal immutable event without writing' do
  ^^^^^^^^^^^^^^^^^^^^^^^^^^^^^^^^^^^^^^^^^^^^^^^^^^^^^^^^^^^^^^^^^^^^^^^^^^^^^^^^^
/home/aither/workspace/ai/vpsfree.cz/worktrees/2026-09-14-kernel-history-fix/vpsfree-maintenance-tasks/2026-09-14-repair-kernel-history-bounds/spec/node_repair_spec.rb:31:3: C: RSpec/ExampleLength: Example has too many lines. [11/5]
  it 'applies only the lower bound, invalidates the public revision, and is idempotent' do ...
  ^^^^^^^^^^^^^^^^^^^^^^^^^^^^^^^^^^^^^^^^^^^^^^^^^^^^^^^^^^^^^^^^^^^^^^^^^^^^^^^^^^^^^^^^
/home/aither/workspace/ai/vpsfree.cz/worktrees/2026-09-14-kernel-history-fix/vpsfree-maintenance-tasks/2026-09-14-repair-kernel-history-bounds/spec/node_repair_spec.rb:31:3: C: RSpec/MultipleExpectations: Example has too many expectations [6/1].
  it 'applies only the lower bound, invalidates the public revision, and is idempotent' do
  ^^^^^^^^^^^^^^^^^^^^^^^^^^^^^^^^^^^^^^^^^^^^^^^^^^^^^^^^^^^^^^^^^^^^^^^^^^^^^^^^^^^^^
/home/aither/workspace/ai/vpsfree.cz/worktrees/2026-09-14-kernel-history-fix/vpsfree-maintenance-tasks/2026-09-14-repair-kernel-history-bounds/spec/node_repair_spec.rb:45:3: C: RSpec/ExampleLength: Example has too many lines. [6/5]
  it 'chooses the latest positive confirmation, excluding transitioning and incomplete samples' do ...
  ^^^^^^^^^^^^^^^^^^^^^^^^^^^^^^^^^^^^^^^^^^^^^^^^^^^^^^^^^^^^^^^^^^^^^^^^^^^^^^^^^^^^^^^^^^^^^^^^
/home/aither/workspace/ai/vpsfree.cz/worktrees/2026-09-14-kernel-history-fix/vpsfree-maintenance-tasks/2026-09-14-repair-kernel-history-bounds/spec/node_repair_spec.rb:45:3: C: RSpec/MultipleExpectations: Example has too many expectations [2/1].
  it 'chooses the latest positive confirmation, excluding transitioning and incomplete samples' do
  ^^^^^^^^^^^^^^^^^^^^^^^^^^^^^^^^^^^^^^^^^^^^^^^^^^^^^^^^^^^^^^^^^^^^^^^^^^^^^^^^^^^^^^^^^^^^^
/home/aither/workspace/ai/vpsfree.cz/worktrees/2026-09-14-kernel-history-fix/vpsfree-maintenance-tasks/2026-09-14-repair-kernel-history-bounds/spec/node_repair_spec.rb:54:3: C: RSpec/ExampleLength: Example has too many lines. [8/5]
  it 'ignores current snapshots, raw status samples, and snapshots outside the open interval' do ...
  ^^^^^^^^^^^^^^^^^^^^^^^^^^^^^^^^^^^^^^^^^^^^^^^^^^^^^^^^^^^^^^^^^^^^^^^^^^^^^^^^^^^^^^^^^^^^^^
/home/aither/workspace/ai/vpsfree.cz/worktrees/2026-09-14-kernel-history-fix/vpsfree-maintenance-tasks/2026-09-14-repair-kernel-history-bounds/spec/node_repair_spec.rb:54:3: C: RSpec/MultipleExpectations: Example has too many expectations [3/1].
  it 'ignores current snapshots, raw status samples, and snapshots outside the open interval' do
  ^^^^^^^^^^^^^^^^^^^^^^^^^^^^^^^^^^^^^^^^^^^^^^^^^^^^^^^^^^^^^^^^^^^^^^^^^^^^^^^^^^^^^^^^^^^
/home/aither/workspace/ai/vpsfree.cz/worktrees/2026-09-14-kernel-history-fix/vpsfree-maintenance-tasks/2026-09-14-repair-kernel-history-bounds/spec/node_repair_spec.rb:65:3: C: RSpec/MultipleExpectations: Example has too many expectations [3/1].
  it 'rejects evidence and targets from another boot' do
  ^^^^^^^^^^^^^^^^^^^^^^^^^^^^^^^^^^^^^^^^^^^^^^^^^^^
/home/aither/workspace/ai/vpsfree.cz/worktrees/2026-09-14-kernel-history-fix/vpsfree-maintenance-tasks/2026-09-14-repair-kernel-history-bounds/spec/node_repair_spec.rb:80:5: C: RSpec/ExampleLength: Example has too many lines. [9/5]
    it "repairs an explicitly classified livepatch #{action} event" do ...
    ^^^^^^^^^^^^^^^^^^^^^^^^^^^^^^^^^^^^^^^^^^^^^^^^^^^^^^^^^^^^^^^^^^
/home/aither/workspace/ai/vpsfree.cz/worktrees/2026-09-14-kernel-history-fix/vpsfree-maintenance-tasks/2026-09-14-repair-kernel-history-bounds/spec/node_repair_spec.rb:80:5: C: RSpec/MultipleExpectations: Example has too many expectations [2/1].
    it "repairs an explicitly classified livepatch #{action} event" do
    ^^^^^^^^^^^^^^^^^^^^^^^^^^^^^^^^^^^^^^^^^^^^^^^^^^^^^^^^^^^^^^^
/home/aither/workspace/ai/vpsfree.cz/worktrees/2026-09-14-kernel-history-fix/vpsfree-maintenance-tasks/2026-09-14-repair-kernel-history-bounds/spec/node_repair_spec.rb:93:3: C: RSpec/ExampleLength: Example has too many lines. [7/5]
  it 'does not treat a legacy inventory hiding the active patch as confirmation' do ...
  ^^^^^^^^^^^^^^^^^^^^^^^^^^^^^^^^^^^^^^^^^^^^^^^^^^^^^^^^^^^^^^^^^^^^^^^^^^^^^^^^^
/home/aither/workspace/ai/vpsfree.cz/worktrees/2026-09-14-kernel-history-fix/vpsfree-maintenance-tasks/2026-09-14-repair-kernel-history-bounds/spec/node_repair_spec.rb:112:5: C: RSpec/ExampleLength: Example has too many lines. [13/5]
    it "skips a concurrent change to #{changed}" do ...
    ^^^^^^^^^^^^^^^^^^^^^^^^^^^^^^^^^^^^^^^^^^^^^^^
/home/aither/workspace/ai/vpsfree.cz/worktrees/2026-09-14-kernel-history-fix/vpsfree-maintenance-tasks/2026-09-14-repair-kernel-history-bounds/spec/node_repair_spec.rb:112:5: C: RSpec/MultipleExpectations: Example has too many expectations [2/1].
    it "skips a concurrent change to #{changed}" do
    ^^^^^^^^^^^^^^^^^^^^^^^^^^^^^^^^^^^^^^^^^^^^
/home/aither/workspace/ai/vpsfree.cz/worktrees/2026-09-14-kernel-history-fix/vpsfree-maintenance-tasks/2026-09-14-repair-kernel-history-bounds/spec/node_repair_spec.rb:130:5: C: RSpec/MultipleExpectations: Example has too many expectations [3/1].
    it "rejects preexisting integrity drift in the #{changed} snapshot" do
    ^^^^^^^^^^^^^^^^^^^^^^^^^^^^^^^^^^^^^^^^^^^^^^^^^^^^^^^^^^^^^^^^^^^
/home/aither/workspace/ai/vpsfree.cz/worktrees/2026-09-14-kernel-history-fix/vpsfree-maintenance-tasks/2026-09-14-repair-kernel-history-bounds/spec/node_repair_spec.rb:139:3: C: RSpec/MultipleExpectations: Example has too many expectations [2/1].
  it 'skips a changed supporting snapshot and uses the latest intact proof' do
  ^^^^^^^^^^^^^^^^^^^^^^^^^^^^^^^^^^^^^^^^^^^^^^^^^^^^^^^^^^^^^^^^^^^^^^^^^
/home/aither/workspace/ai/vpsfree.cz/worktrees/2026-09-14-kernel-history-fix/vpsfree-maintenance-tasks/2026-09-14-repair-kernel-history-bounds/spec/node_repair_spec.rb:146:3: C: RSpec/MultipleExpectations: Example has too many expectations [2/1].
  it 'leaves history unchanged if the only newer confirmation fails its stored digest' do
  ^^^^^^^^^^^^^^^^^^^^^^^^^^^^^^^^^^^^^^^^^^^^^^^^^^^^^^^^^^^^^^^^^^^^^^^^^^^^^^^^^^^^
/home/aither/workspace/ai/vpsfree.cz/worktrees/2026-09-14-kernel-history-fix/vpsfree-maintenance-tasks/2026-09-14-repair-kernel-history-bounds/spec/node_repair_spec.rb:152:3: C: RSpec/ExampleLength: Example has too many lines. [9/5]
  it 'keeps a fixed candidate set when history is appended during a batch' do ...
  ^^^^^^^^^^^^^^^^^^^^^^^^^^^^^^^^^^^^^^^^^^^^^^^^^^^^^^^^^^^^^^^^^^^^^^^^^^^
/home/aither/workspace/ai/vpsfree.cz/worktrees/2026-09-14-kernel-history-fix/vpsfree-maintenance-tasks/2026-09-14-repair-kernel-history-bounds/spec/node_repair_spec.rb:152:3: C: RSpec/MultipleExpectations: Example has too many expectations [2/1].
  it 'keeps a fixed candidate set when history is appended during a batch' do
  ^^^^^^^^^^^^^^^^^^^^^^^^^^^^^^^^^^^^^^^^^^^^^^^^^^^^^^^^^^^^^^^^^^^^^^^^
/home/aither/workspace/ai/vpsfree.cz/worktrees/2026-09-14-kernel-history-fix/vpsfree-maintenance-tasks/2026-09-14-repair-kernel-history-bounds/spec/node_repair_spec.rb:163:1: C: [Correctable] Layout/EmptyLinesAroundBlockBody: Extra empty line detected at block body end.
/home/aither/workspace/ai/vpsfree.cz/worktrees/2026-09-14-kernel-history-fix/vpsfree-maintenance-tasks/2026-09-14-repair-kernel-history-bounds/spec/runner_spec.rb:10:1: R: Metrics/BlockLength: Block has too many lines. [101/25]
RSpec.describe KernelHistoryBoundsRepair::Runner do ...
^^^^^^^^^^^^^^^^^^^^^^^^^^^^^^^^^^^^^^^^^^^^^^^^^^^
/home/aither/workspace/ai/vpsfree.cz/worktrees/2026-09-14-kernel-history-fix/vpsfree-maintenance-tasks/2026-09-14-repair-kernel-history-bounds/spec/runner_spec.rb:10:1: C: RSpec/SpecFilePathFormat: Spec path should end with kernel_history_bounds_repair/runner*_spec.rb.
RSpec.describe KernelHistoryBoundsRepair::Runner do
^^^^^^^^^^^^^^^^^^^^^^^^^^^^^^^^^^^^^^^^^^^^^^^^
/home/aither/workspace/ai/vpsfree.cz/worktrees/2026-09-14-kernel-history-fix/vpsfree-maintenance-tasks/2026-09-14-repair-kernel-history-bounds/spec/runner_spec.rb:23:3: C: RSpec/ExampleLength: Example has too many lines. [10/5]
  it 'previews all eligible nodes including inactive storage hosts, then applies and reruns' do ...
  ^^^^^^^^^^^^^^^^^^^^^^^^^^^^^^^^^^^^^^^^^^^^^^^^^^^^^^^^^^^^^^^^^^^^^^^^^^^^^^^^^^^^^^^^^^^^^
/home/aither/workspace/ai/vpsfree.cz/worktrees/2026-09-14-kernel-history-fix/vpsfree-maintenance-tasks/2026-09-14-repair-kernel-history-bounds/spec/runner_spec.rb:23:3: C: RSpec/MultipleExpectations: Example has too many expectations [6/1].
  it 'previews all eligible nodes including inactive storage hosts, then applies and reruns' do
  ^^^^^^^^^^^^^^^^^^^^^^^^^^^^^^^^^^^^^^^^^^^^^^^^^^^^^^^^^^^^^^^^^^^^^^^^^^^^^^^^^^^^^^^^^^
/home/aither/workspace/ai/vpsfree.cz/worktrees/2026-09-14-kernel-history-fix/vpsfree-maintenance-tasks/2026-09-14-repair-kernel-history-bounds/spec/runner_spec.rb:36:3: C: RSpec/ExampleLength: Example has too many lines. [6/5]
  it 'limits processing to explicit nodes, deduplicating IDs' do ...
  ^^^^^^^^^^^^^^^^^^^^^^^^^^^^^^^^^^^^^^^^^^^^^^^^^^^^^^^^^^^^^^
/home/aither/workspace/ai/vpsfree.cz/worktrees/2026-09-14-kernel-history-fix/vpsfree-maintenance-tasks/2026-09-14-repair-kernel-history-bounds/spec/runner_spec.rb:36:3: C: RSpec/MultipleExpectations: Example has too many expectations [3/1].
  it 'limits processing to explicit nodes, deduplicating IDs' do
  ^^^^^^^^^^^^^^^^^^^^^^^^^^^^^^^^^^^^^^^^^^^^^^^^^^^^^^^^^^^
/home/aither/workspace/ai/vpsfree.cz/worktrees/2026-09-14-kernel-history-fix/vpsfree-maintenance-tasks/2026-09-14-repair-kernel-history-bounds/spec/runner_spec.rb:45:3: C: RSpec/ExampleLength: Example has too many lines. [7/5]
  it 'rejects unknown and service-only explicit nodes before writing anything' do ...
  ^^^^^^^^^^^^^^^^^^^^^^^^^^^^^^^^^^^^^^^^^^^^^^^^^^^^^^^^^^^^^^^^^^^^^^^^^^^^^^^
/home/aither/workspace/ai/vpsfree.cz/worktrees/2026-09-14-kernel-history-fix/vpsfree-maintenance-tasks/2026-09-14-repair-kernel-history-bounds/spec/runner_spec.rb:45:3: C: RSpec/MultipleExpectations: Example has too many expectations [2/1].
  it 'rejects unknown and service-only explicit nodes before writing anything' do
  ^^^^^^^^^^^^^^^^^^^^^^^^^^^^^^^^^^^^^^^^^^^^^^^^^^^^^^^^^^^^^^^^^^^^^^^^^^^^
/home/aither/workspace/ai/vpsfree.cz/worktrees/2026-09-14-kernel-history-fix/vpsfree-maintenance-tasks/2026-09-14-repair-kernel-history-bounds/spec/runner_spec.rb:55:3: C: RSpec/ExampleLength: Example has too many lines. [10/5]
  it 'freezes all node candidates before processing the first node' do ...
  ^^^^^^^^^^^^^^^^^^^^^^^^^^^^^^^^^^^^^^^^^^^^^^^^^^^^^^^^^^^^^^^^^^^^
/home/aither/workspace/ai/vpsfree.cz/worktrees/2026-09-14-kernel-history-fix/vpsfree-maintenance-tasks/2026-09-14-repair-kernel-history-bounds/spec/runner_spec.rb:55:3: C: RSpec/MultipleExpectations: Example has too many expectations [3/1].
  it 'freezes all node candidates before processing the first node' do
  ^^^^^^^^^^^^^^^^^^^^^^^^^^^^^^^^^^^^^^^^^^^^^^^^^^^^^^^^^^^^^^^^^
/home/aither/workspace/ai/vpsfree.cz/worktrees/2026-09-14-kernel-history-fix/vpsfree-maintenance-tasks/2026-09-14-repair-kernel-history-bounds/spec/runner_spec.rb:68:3: C: RSpec/ExampleLength: Example has too many lines. [9/5]
  it 'reports a changed node role as concurrent skips without aborting other nodes' do ...
  ^^^^^^^^^^^^^^^^^^^^^^^^^^^^^^^^^^^^^^^^^^^^^^^^^^^^^^^^^^^^^^^^^^^^^^^^^^^^^^^^^^^^
/home/aither/workspace/ai/vpsfree.cz/worktrees/2026-09-14-kernel-history-fix/vpsfree-maintenance-tasks/2026-09-14-repair-kernel-history-bounds/spec/runner_spec.rb:68:3: C: RSpec/MultipleExpectations: Example has too many expectations [2/1].
  it 'reports a changed node role as concurrent skips without aborting other nodes' do
  ^^^^^^^^^^^^^^^^^^^^^^^^^^^^^^^^^^^^^^^^^^^^^^^^^^^^^^^^^^^^^^^^^^^^^^^^^^^^^^^^^
/home/aither/workspace/ai/vpsfree.cz/worktrees/2026-09-14-kernel-history-fix/vpsfree-maintenance-tasks/2026-09-14-repair-kernel-history-bounds/spec/runner_spec.rb:82:3: C: RSpec/ExampleLength: Example has too many lines. [6/5]
  it 'supports help and rejects malformed command arguments' do ...
  ^^^^^^^^^^^^^^^^^^^^^^^^^^^^^^^^^^^^^^^^^^^^^^^^^^^^^^^^^^^^^
/home/aither/workspace/ai/vpsfree.cz/worktrees/2026-09-14-kernel-history-fix/vpsfree-maintenance-tasks/2026-09-14-repair-kernel-history-bounds/spec/runner_spec.rb:82:3: C: RSpec/MultipleExpectations: Example has too many expectations [3/1].
  it 'supports help and rejects malformed command arguments' do
  ^^^^^^^^^^^^^^^^^^^^^^^^^^^^^^^^^^^^^^^^^^^^^^^^^^^^^^^^^^
/home/aither/workspace/ai/vpsfree.cz/worktrees/2026-09-14-kernel-history-fix/vpsfree-maintenance-tasks/2026-09-14-repair-kernel-history-bounds/spec/runner_spec.rb:91:3: R: Metrics/BlockLength: Block has too many lines. [30/25]
  describe 'standalone command on a disposable database', :no_transaction do ...
  ^^^^^^^^^^^^^^^^^^^^^^^^^^^^^^^^^^^^^^^^^^^^^^^^^^^^^^^^^^^^^^^^^^^^^^^^^^
/home/aither/workspace/ai/vpsfree.cz/worktrees/2026-09-14-kernel-history-fix/vpsfree-maintenance-tasks/2026-09-14-repair-kernel-history-bounds/spec/runner_spec.rb:105:21: C: [Correctable] Layout/ArgumentAlignment: Align the arguments of a method call if they span more than one line.
                    RbConfig.ruby, '-Ilib', path, *args)
                    ^^^^^^^^^^^^^
/home/aither/workspace/ai/vpsfree.cz/worktrees/2026-09-14-kernel-history-fix/vpsfree-maintenance-tasks/2026-09-14-repair-kernel-history-bounds/spec/runner_spec.rb:108:5: C: RSpec/ExampleLength: Example has too many lines. [14/5]
    it 'runs all-node preview, subset apply, all-node apply and an idempotent rerun' do ...
    ^^^^^^^^^^^^^^^^^^^^^^^^^^^^^^^^^^^^^^^^^^^^^^^^^^^^^^^^^^^^^^^^^^^^^^^^^^^^^^^^^^^
/home/aither/workspace/ai/vpsfree.cz/worktrees/2026-09-14-kernel-history-fix/vpsfree-maintenance-tasks/2026-09-14-repair-kernel-history-bounds/spec/runner_spec.rb:108:5: C: RSpec/MultipleExpectations: Example has too many expectations [10/1].
    it 'runs all-node preview, subset apply, all-node apply and an idempotent rerun' do
    ^^^^^^^^^^^^^^^^^^^^^^^^^^^^^^^^^^^^^^^^^^^^^^^^^^^^^^^^^^^^^^^^^^^^^^^^^^^^^^^^
/home/aither/workspace/ai/vpsfree.cz/worktrees/2026-09-14-kernel-history-fix/vpsfree-maintenance-tasks/2026-09-14-repair-kernel-history-bounds/spec/runner_spec.rb:112:14: C: RSpec/InstanceVariable: Avoid instance variables - use let, a method call, or a local variable (if possible).
      expect(@targets.map { |target| target.reload.observed_after }).to eq([t0, t0])
             ^^^^^^^^
/home/aither/workspace/ai/vpsfree.cz/worktrees/2026-09-14-kernel-history-fix/vpsfree-maintenance-tasks/2026-09-14-repair-kernel-history-bounds/spec/runner_spec.rb:117:14: C: RSpec/InstanceVariable: Avoid instance variables - use let, a method call, or a local variable (if possible).
      expect(@targets.map { |target| target.reload.observed_after }).to eq([t0 + 20.days, t0])
             ^^^^^^^^

15 files inspected, 76 offenses detected, 8 offenses autocorrectable
