
confctl config dev shell ready (tools)
Skipping swpins auto updates for flake config
Skipping swpins checks for flake config
Evaluating inputs for 11 machines...

Machines will be built in 1 groups

Build log: /home/aither/workspace/ai/vpsfree.cz/worktrees/2026-09-14-kernel-history-fix/vpsfree-cz-configuration/.confctl/logs/2026-09-14--19-51-32-confctl-build.log

Building machines
  cz.vpsfree/vpsadmin/int.api1
  cz.vpsfree/vpsadmin/int.api2
  cz.vpsfree/vpsadmin/int.db
  cz.vpsfree/vpsadmin/int.rabbitmq1
  cz.vpsfree/vpsadmin/int.rabbitmq2
  cz.vpsfree/vpsadmin/int.rabbitmq3
  cz.vpsfree/vpsadmin/int.redis1
  cz.vpsfree/vpsadmin/int.vpsadmin1
  cz.vpsfree/vpsadmin/int.webui-dev
  cz.vpsfree/vpsadmin/int.webui1
  cz.vpsfree/vpsadmin/int.webui2
with inputs
Command: confctl build --yes cz.vpsfree/vpsadmin/*
Build group: 1/1 (11 machines)
Full log:    .confctl/logs/2026-09-14--19-51-32-confctl-build.log

[build] 1/0 /nix/store/8l1m19x78smawlnww4p6cpssly3ysc9c-vpsadmin-source-42984def67d405c235e2a34d91820563858ddd89.drv
[fetch] 1/34 /nix/store/g8h4wza6gclh6jcfi8xf3bmiqiqy5rps-ensure-all-wrappers-paths-exist
[fetch] 2/34 /nix/store/wzx8dd89lbqjz5qx3agrxqcbw83hfpxn-ensure-all-wrappers-paths-exist
[fetch] 3/34 /nix/store/qqlrkblzhy8mkrrgz5d1vaxn14v98d0r-die-hook
[fetch] 4/34 /nix/store/71x5r55xp1xmli88xipg8j3gmr8l37v4-desktop-file-utils-0.28
[fetch] 5/34 /nix/store/xdm9kkbv3nv4wr8cl7b3dh00ivbicg27-texinfo-7.2
[fetch] 6/34 /nix/store/1cv23lq6wrnq248cwjn4g21w7qvk8y0y-find-xml-catalogs-hook
[build] 2/183 /nix/store/w2xm38d2lvfbic9fh83ixm79qxkigh9i-check-sshd-config.drv
[build] 3/183 /nix/store/lq6666xy9lyhb0rpaks17kszwp00fdjc-stage-2-init.sh.drv
[fetch] 7/34 /nix/store/glyk6m67m3ayxjsbjssza725bnzy0bw7-libxslt-1.1.45-bin
[fetch] 8/34 /nix/store/2nlcvqyhi3lpb28zwpbilp7sa76fq2wr-lndir-1.0.5
[build] 4/183 /nix/store/7sizxsj6s9bzbapff6wssvmnzj7qzkg6-dry-activate.drv
[build] 5/183 /nix/store/gqyck1nfzag8ip359rb2ygix0p3ll3j4-dry-activate.drv
[build] 6/183 /nix/store/jnfadra8qkzxwh2d8xg5s9z37vildrvh-dry-activate.drv
[build] 7/183 /nix/store/jp53q9a6w3d02n67g3cg5ksadv1h65p9-dry-activate.drv
[build] 8/183 /nix/store/jv1kpp5zh0axggph7kg1lsdlmqda33ag-dry-activate.drv
[build] 9/183 /nix/store/p20xc3hkgfn1mlxilgl2vkq5xvmfvd07-dry-activate.drv
[build] 10/183 /nix/store/rga4z445j37qqqspd711c2a40vc4zh7j-dry-activate.drv
[build] 11/183 /nix/store/pf2c4zhfbayczrsihwc3s7hk2zkzgn1b-builder.pl.drv
[build] 12/183 /nix/store/bnl3jaz96bgh9r0phz9g4001yq9m968s-etc-confctl-configuration-info.json.drv
[build] 13/183 /nix/store/0y6cvrp178hgdnssxy06wixy00490b7c-etc-confctl-inputs-info.json.drv
[build] 14/183 /nix/store/xz08qaj74ji08vak74rpds7rzkvwbmas-etc-confctl-inputs-info.json.drv
[build] 15/183 /nix/store/9zyd38gaaw1iv4x5wvshpzrr4b73k7xx-etc-vpsadmin-build-info.json.drv
[build] 16/183 /nix/store/3nqqcg26a1iy53w2w81n0z1gz54zq0ys-unit-sys-kernel-debug.mount-disabled.drv
[build] 17/183 /nix/store/b35g4dlvpzyq5p9qi2nsiflq104ydjjk-unit-systemd-journald-audit.socket-disabled.drv
[build] 18/183 /nix/store/ixiqdmnfdkpgj4gzlvhrpkqggjdxx8zx-unit-systemd-oomd.service-disabled.drv
[fetch] 9/34 /nix/store/xvjdp9zk62qrn6a54my6axa6sbawfw2l-highline-3.1.2.gem
[fetch] 10/34 /nix/store/gnl153bjg74mz98wf3ih00rx96q5wlrg-reline-0.7.0.gem
[fetch] 11/34 /nix/store/y01752l2xf2c6fc21visbrz7kkhg90qb-python3.13-cached-property-2.0.1
[fetch] 12/34 /nix/store/j3isk8dsklk1prbm6nld4gd97rwxqaf7-python3.13-configargparse-1.7.1
[fetch] 13/34 /nix/store/2sp5r1rw2zyk8fvfsln9p8x3jy7b88dq-python3.13-pyparsing-2.4.7
[fetch] 14/34 /nix/store/yxdp19qrak9hfh3i4b4scywjmjbdh927-gen-bin-stubs
[build] 19/183 /nix/store/jzbjq34lyhmb5f3m0cm6hkwcdp83id07-gemfile-and-lockfile.drv
[build] 20/183 /nix/store/il93yd0x4z1vwznpggq3frddskmm982s-gen-bin-stubs.drv
[build] 21/183 /nix/store/fl0572a22ykqcizqin4cp8q0c0ikchlg-reconstructinstalled.php.drv
[fetch] 15/34 /nix/store/wbjphpgc65c6hhm2c0pk92ri9fl2mdr9-mirrors-list
[fetch] 16/34 /nix/store/c9bx64valknzrh68dbymz27b6ly45r72-curl-8.21.0-man
[build] 22/183 /nix/store/bzsqgv3dizz6aj837sk7c17rl2fmj0nv-bacon-bacon-qr-code-8674e51bb65af933a5ffaf1c308a660387c35c22.drv
[build] 23/183 /nix/store/v1p4j31wrlrgr9sx4fi90q9xjqysiriq-dasprid-enum-b5874fa9ed0043116c72162ec7f4fb50e02e7cce.drv
[build] 24/183 /nix/store/r19sc8qsz416ydzdav4zfgssiyiaqdgm-endroid-qr-code-aec7fb1f008ed515f0580d7871dffa19428efb82.drv
[build] 25/183 /nix/store/g336pih23y35h82aig4xll7zp0pd22fw-guzzlehttp-guzzle-ee80339fd9177ba44c49cdb653ff02a4d1106b9a.drv
[build] 26/183 /nix/store/373z9zp8shsj0k118n6qb0n8vc6pcrwh-guzzlehttp-promises-cde49999552d185d64715fe9c1f77a2aadd2f9f1.drv
[build] 27/183 /nix/store/7cf0qbsj36i8j42i63psk7x4n031kn32-guzzlehttp-psr7-95e7828100de18b4e269fb1703be530082d5166d.drv
[build] 28/183 /nix/store/7nm7kndw73g91cvp5kq9q3fgg9bp3b32-haveapi-client-27da6934f0497501187f77d14b566469dd4a7e14.drv
[build] 29/183 /nix/store/g01ni1jh83kjb1i1dsdl975l5fifh53m-league-oauth2-client-160d6274b03562ebeb55ed18399281d8118b76c8.drv
[build] 30/183 /nix/store/10mzmc9076n331a4igvqg4nwrwywprj8-paragonie-random_compat-996434e5492cb4c3edcb9168db6fbb1359ef965a.drv
[build] 31/183 /nix/store/f2yfadvycy7yirz7ipnbq8c0jv4rwf70-psr-cache-aa5030cfa5405eccfdcb1083ce040c2cb8d253bf.drv
[fetch] 17/34 /nix/store/cp747s3fjqi379pgpcrmmxjci7yd0nbb-ShellCheck-0.11.0
[fetch] 18/34 /nix/store/3piyr62m153md58fy9vdc149qyyf1qbg-nghttp2-1.69.0-lib
[fetch] 19/34 /nix/store/4s57rpbdcg6b6l4wh8xfqv206gg6hd68-openssl-3.6.3
[fetch] 20/34 /nix/store/55fgrlxhk0wbb0mdzgvhjs0fbzrjyaa0-nghttp2-1.69.0
[fetch] 21/34 /nix/store/ln9m1jcsdib4yvhqdfc23rdqhj0n4irj-gixy-0.1.21
[fetch] 22/34 /nix/store/zgi7n65namq775ixng2m8q5ivnb91qfi-make-binary-wrapper-hook
[fetch] 23/34 /nix/store/bpjwzx5qrfcpfnnl18nj6xxx6mpm5bqm-make-shell-wrapper-hook
[build] 32/183 /nix/store/00fb4k1h6bf1lral79dx0sbim5raw6wv-etc.drv
[build] 33/183 /nix/store/3f9sn601mw6rxbdqzv78kx7wzw4aq3mk-etc.drv
[build] 34/183 /nix/store/6mm82g6mw0qm3rwsnabffin6wbcd0g8b-etc.drv
[build] 35/183 /nix/store/f6d4i76kdrk17qvv1xblj86lsbicbp13-etc.drv
[build] 36/183 /nix/store/kzx70va985h9ayclcxvxip3s1yab7zyk-etc.drv
[build] 37/183 /nix/store/n9yfycap2m2wf6rk2nlfswxlcv8v3ww2-etc.drv
[fetch] 24/34 /nix/store/8r1gp0v1n006bv3q8275w8pz27yx0n43-krb5-1.22.2-lib
[fetch] 25/34 /nix/store/kz8q9l70674axc88z7a0xbh17b6p4k8m-libssh2-1.11.1
[fetch] 26/34 /nix/store/m0x4rhkakbz0mprkmpbb7i6j2kqb5kd3-openssl-3.6.3-bin
[fetch] 27/34 /nix/store/5akijc9hrdm7hpj3y6nkywsyi49j3bgc-nghttp2-1.69.0-dev
[build] 38/183 /nix/store/vns7l0p8qaz7n7z5yf2vqls3cjvzj05w-notification-template-check.drv
[build] 39/183 /nix/store/ly0ps4x1qagr4af9gb9qggqdkxkzrzgi-perl-5.42.0-env.drv
[build] 40/183 /nix/store/3a03igrw40m9skr7xc2v48d5fqnhrpxl-vpsadmin-api-env-42984def67d405c235e2a34d91820563858ddd89.drv
[build] 41/183 /nix/store/c970q7dhsyivaw8v22nw5629j457n9q6-vpsadmin-console-router-env-42984def67d405c235e2a34d91820563858ddd89.drv
[build] 42/183 /nix/store/iijjgkyx82mkf0gsxv2bjiysx075cjr6-vpsadmin-database-env-42984def67d405c235e2a34d91820563858ddd89.drv
[build] 43/183 /nix/store/l5v9191n15ysrqs8sw8p67pd6bpp3dvr-vpsadmin-supervisor-env-42984def67d405c235e2a34d91820563858ddd89.drv
[build] 44/183 /nix/store/nq224p13jkp0g27j3mlj0mi9625m354l-gemfile-and-lockfile.drv
[build] 45/183 /nix/store/6plqq1yp8wnb7vzmpamjqcipcl57kam7-psr-http-client-bb5906edc1c324c9a05aa0873d40117941e5fa90.drv
[build] 46/183 /nix/store/0ldv1n7kj3qsji31cv0m2mvp9cbmvmm6-psr-http-factory-2b4765fddfe3b508ac62f829e852b1501d3f6e8a.drv
[build] 47/183 /nix/store/bpygmk6vp41r10kir7vmlhyciqxfanfj-psr-http-message-402d35bcb92c70c026d1a6a9883f06b2ead23d71.drv
[build] 48/183 /nix/store/w1xj2kwc2f621sw3mvaq4s46fjw4i6cj-ralouphie-getallheaders-120b605dfeb996808c31b6477290a714d356e822.drv
[build] 49/183 /nix/store/qn4j4c06b9bzyk8sndh98981l3cbayh6-symfony-deprecation-contracts-f3202fa1b5097b0af062dc978b32ecf63404e31d.drv
[build] 50/183 /nix/store/q7zfk205c6hvnaiqvcwn1lkwpdg71vvk-symfony-polyfill-php80-dfb55726c3a76ea3b6459fcfda1ec2d80a682411.drv
[build] 51/183 /nix/store/4xi5spnsdg2axf8i3n22l82myi5bcdwc-vpsfreecz-httpful-770a0e173e304ebbabf8424ab86a0917bd61622f.drv
[build] 52/183 /nix/store/yzv4nr5c0kzbflnlrrf1m1gkwmizywyd-whichbrowser-parser-581d614d686bfbec3529ad60562a5213ac5d8d72.drv
[fetch] 28/34 /nix/store/4mvzgslba6ldflif6ygdpi9vpg51ah9j-curl-8.21.0
[fetch] 29/34 /nix/store/kf2nd9yiw59bsdfhwp39p6j3cwlljjah-krb5-1.22.2
[fetch] 30/34 /nix/store/gbr7n3kgh90222lwknqr1b1087z62sw8-openssl-3.6.3-dev
[build] 53/183 /nix/store/3b42cl732gpirq6q1705pi9kv57a7fxd-activate.drv
[build] 54/183 /nix/store/bcai3d22c119m23hkrj8idwai0y20hvg-activate.drv
[build] 55/183 /nix/store/i0ql2m2mnz8sh99k0xs8mlyab4jd0i96-activate.drv
[build] 56/183 /nix/store/k048mkcqancnjaw7dildj6z2fa20038c-activate.drv
[build] 57/183 /nix/store/r15cmh3f9m25069g0a08n4mbd3ys8y8c-activate.drv
[build] 58/183 /nix/store/z6kmbxrcf31b66p95xzmjirb3x0xnhzj-activate.drv
[build] 59/183 /nix/store/q5mj3bggimpqsb231l93h7y690bmg01s-vpsfree-notification-templates-1.drv
[fetch] 31/34 /nix/store/i0plga5v0nllvc2k16wqjm7a8ph8s0wn-curl-8.21.0-bin
[fetch] 32/34 /nix/store/mng9dfhg9hbdij7vvv0bccm1ym2lcd38-krb5-1.22.2-dev
[fetch] 33/34 /nix/store/9wmzx08jswfnb8qggv9wvhkiyj2q75w1-libssh2-1.11.1-dev
[build] 60/183 /nix/store/hd0bbvbg7sdw8wjd96f9488ix415r1a9-wrapped-ruby-vpsadmin-api-env-42984def67d405c235e2a34d91820563858ddd89.drv
[build] 61/183 /nix/store/182pnhwbr2k9yglfa30fmqhw451rbk1a-wrapped-ruby-vpsadmin-console-router-env-42984def67d405c235e2a34d91820563858ddd89.drv
[build] 62/183 /nix/store/588p6xa0hk4bhh6yvci4ygsh859hp452-wrapped-ruby-vpsadmin-database-env-42984def67d405c235e2a34d91820563858ddd89.drv
[build] 63/183 /nix/store/484ny26lbyv9jmb50fqg18lq2vz15amp-wrapped-ruby-vpsadmin-supervisor-env-42984def67d405c235e2a34d91820563858ddd89.drv
[fetch] 34/34 /nix/store/waz7cfdqv08rigfmm0zka72f2zj18k91-curl-8.21.0-dev
[build] 64/183 /nix/store/jmd326ijf66bnmvm1s5f3hsfp85h5w1k-vpsadmin-effective-notification-templates-1.drv
[build] 65/183 /nix/store/85pjjqkkp6g0qbg9zp5qxvmzrc58gw5k-vpsadmin-webui.drv
[build] 66/183 /nix/store/2cdps56nf7fwn74y206hl9vl6k4sirxf-io-console-0.9.3.gem.drv
[build] 67/183 /nix/store/q2vbiadrfq236gazpk1a3xyvsipkk1vp-ruby3.4-io-console-0.9.3.drv
[build] 68/183 /nix/store/1vb72ji5l8chpfgrdm64n7p0iadg01ng-etc-vpsadmin-config.php.drv
[build] 69/183 /nix/store/1ggw8ji3zs9iq8hsziaph7glx8pfflpd-nginx.conf.drv
[build] 70/183 /nix/store/g5gq52cf2jn5fjw5xzgi17093d7i7isz-vpsadmin-api-42984def67d405c235e2a34d91820563858ddd89.drv
[build] 71/183 /nix/store/30wpkv52ng68iv8damkr8rara7ixvgwn-vpsadmin-console-router-42984def67d405c235e2a34d91820563858ddd89.drv
[build] 72/183 /nix/store/l2kdw3p2p7g5x508gqhw0jp7phqr1p22-vpsadmin-supervisor-42984def67d405c235e2a34d91820563858ddd89.drv
[build] 73/183 /nix/store/94al89vfhyz3zr0k6w5mg0j1dyf57sfz-vpsadmin-database-42984def67d405c235e2a34d91820563858ddd89.drv
[build] 74/183 /nix/store/cyiv1i35p59fvhjshskmxlb691xi7pzm-unit-script-nginx-pre-start.drv
[build] 75/183 /nix/store/0wkp037h7g6ykhh76hnapnhh300sl0c8-nixos-system-db-26.05.20260911.21a67dc.drv
[build] 76/183 /nix/store/8g15r1kkca21m9g0w122na4pk1cbmdis-nixos-system-rabbitmq1-26.05.20260911.21a67dc.drv
[build] 77/183 /nix/store/rdmc941f5sgy2fbrxzp72bdalrk4mb0r-nixos-system-rabbitmq2-26.05.20260911.21a67dc.drv
[build] 78/183 /nix/store/jh8y4jqxxa4vszhlyd6811fxarnsjspq-nixos-system-rabbitmq3-26.05.20260911.21a67dc.drv
[build] 79/183 /nix/store/56b09xv171n59mjbv3r7bls1dx2rnh0x-nixos-system-redis1-26.05.20260911.21a67dc.drv
[build] 80/183 /nix/store/0z2r2pwdqcdk64f6vzng5gmqxawswj55-nixos-system-webui-dev-26.05.20260911.21a67dc.drv
[build] 81/183 /nix/store/bqhqgwn6cwalszqmcir1pqbav7bx5air-puma.rb.drv
[build] 82/183 /nix/store/sia10bwlk32vnvpa41gl9f8f5aacmlhd-puma.rb.drv
[build] 83/183 /nix/store/a4lnzgiwqrr5ndhx6q13a3brzkwwa5h2-unit-nginx.service.drv
[build] 84/183 /nix/store/sjp0rq8xc3wgwzl1cfgz3qs420qvx5az-unit-vpsadmin-console-router.service.drv
[build] 85/183 /nix/store/qfgw0pq0gi79n334fwkjkhbj6ra6g8hv-puma.rb.drv
[build] 86/183 /nix/store/zk76ma97lwvngf1vzynzx52ix38kya1h-puma.rb.drv
[build] 87/183 /nix/store/s3g8p1br52c43ijg6pygygbl5jix0427-system-units.drv
[build] 88/183 /nix/store/xzn25d95scmvzv028aj4zi01gr5xibfm-system-units.drv
[build] 89/183 /nix/store/qmjy3q11rb2abrq9i6hnxb9pzv80xzqa-unit-script-vpsadmin-api-pre-start.drv
[build] 90/183 /nix/store/w67ynp3pvcfm727vhvf13c84va3ijmrb-unit-script-vpsadmin-notification-templates-start.drv
[build] 91/183 /nix/store/zk888z7b5128m55kr5bim4lwa34w875l-unit-vpsadmin-api-auth-tokens.service.drv
[build] 92/183 /nix/store/9g13yfgmrqlwysyq3hadbwl87jj3rdj6-unit-vpsadmin-api-daily-report.service.drv
[build] 93/183 /nix/store/750kq4zfj85fqc024qpbiwyrzdii8cqi-unit-vpsadmin-api-dataset-expansion-run.service.drv
[build] 94/183 /nix/store/qlw788kkn605kp9zdv975ln1m50s7449-unit-vpsadmin-api-dataset-property-logs-prune.service.drv
[build] 95/183 /nix/store/askn78p0xmx8s8br955q0ia14z1dqygl-unit-vpsadmin-api-dns-transfer-logs-prune.service.drv
[build] 96/183 /nix/store/fhdd3kvbym9fjn3l18iwzs3n9zqp9f7y-unit-vpsadmin-api-incident-reports.service.drv
[build] 97/183 /nix/store/za8xxwvmgc48iivd6ig4acwvz0chrxi4-unit-vpsadmin-api-mail-process.service.drv
[build] 98/183 /nix/store/fc957gjd0vg7f5df5zs7isnkd9mlx05y-unit-vpsadmin-api-mail-user-expiration-forced.service.drv
[build] 99/183 /nix/store/y9rkpqm91qzj02s6vxq2ahsnd2p73i6m-unit-vpsadmin-api-mail-user-expiration-regular.service.drv
[build] 100/183 /nix/store/q0b08h008r4dfy1z6dc844rq37jpaa88-unit-vpsadmin-api-mail-vps-expiration-forced.service.drv
[build] 101/183 /nix/store/r0s8qh9c6ga0xw5073zma909m6hfz059-unit-vpsadmin-api-mail-vps-expiration-regular.service.drv
[build] 102/183 /nix/store/1m43ywmx0l05jmh8lqm55dxmiggvs2gd-unit-vpsadmin-api-migrate-db.service.drv
[build] 103/183 /nix/store/1c4phfzwnka0gkjxwz5icy63qxrrc22j-unit-vpsadmin-api-migrate-plugins.service.drv
[build] 104/183 /nix/store/7x1qgn0lnq7yfvx9vdsm0ywjqvcq8w6z-unit-vpsadmin-api-migration-plans.service.drv
[build] 105/183 /nix/store/8r753wmfmlma6zj1izg6aj1klldww5aa-unit-vpsadmin-api-monitoring-check.service.drv
[build] 106/183 /nix/store/n3jrlfvpss2r0m7j3hlipy4ygxk7s8c0-unit-vpsadmin-api-monitoring-close.service.drv
[build] 107/183 /nix/store/66qw469mizz8flvj7psakq4chzzqy066-unit-vpsadmin-api-monitoring-prune.service.drv
[build] 108/183 /nix/store/il2vvvk965jpbdchdzvjkv0dd0rkxkzq-unit-vpsadmin-api-oom-reports-prune.service.drv
[build] 109/183 /nix/store/400a2hazdq5daagwznyv6afxswj3y6fk-unit-vpsadmin-api-oom-reports-run.service.drv
[build] 110/183 /nix/store/b2skdp8dl5agzanlg42xck0pwa670qf2-unit-vpsadmin-api-others-expire.service.drv
[build] 111/183 /nix/store/bn1z5aj5296p30c6ri7vbh2h5hmd156p-unit-script-vpsadmin-database-setup-start.drv
[build] 112/183 /nix/store/7ps08v15ni034p0q7fq0blxfnmws78nr-unit-script-vpsadmin-supervisor-pre-start.drv
[build] 113/183 /nix/store/jvqvx2rzyri84vws9fzm2mpjxcb1jqj3-unit-vpsadmin-api.service.drv
[build] 114/183 /nix/store/v60394mcwxc10963wh0sihpxy255d6ln-unit-vpsadmin-api.service.drv
[build] 115/183 /nix/store/qsra43ivwr5zvi7xnn9jnsc9617gmln8-unit-vpsadmin-notification-templates.service.drv
[build] 116/183 /nix/store/g9s33xh8g0rdkddb3dcmqwyi6wh5w91m-vpsadmin-supervisor-ruby-runner.drv
[build] 117/183 /nix/store/w80m6vdppfqkpx9n4jb1wk1c2scf0nc7-vpsadmin-supervisor-shell.rc.drv
[build] 118/183 /nix/store/3xa8ppyi9w9j17235rxm3d5p5f6vmhg1-etc.drv
[build] 119/183 /nix/store/pl0m7qnpnl89ksi3gpr89j3960i5qpb0-etc.drv
[build] 120/183 /nix/store/5r5d1j6sb404gn00jwzabjjgrmy5imfa-ruby3.4-reline-0.7.0.drv
[build] 121/183 /nix/store/1jvfwxwd4vfiyqif9kv5l2jj834k3k0x-unit-vpsadmin-database-setup.service.drv
[build] 122/183 /nix/store/7i4fqb1q8avvp2fdxnqvh7mbsycl0yla-unit-vpsadmin-supervisor.service.drv
[build] 123/183 /nix/store/rpn0wwbc9bhg9jnmvy1f2r4c1h0x815c-unit-vpsadmin-supervisor.service.drv
[build] 124/183 /nix/store/10qm9bpifppjzd5hrpgwh6mqcmay2zf0-vpsadmin-supervisor-ruby.drv
[build] 125/183 /nix/store/6khbs7sjb0slir124wbr3iil11hs5ngw-vpsadmin-supervisor-shell.drv
[build] 126/183 /nix/store/a5h2ard2m462w5nnwqny0md701879f6a-unit-vpsadmin-api-outage-reports-auto-resolve.service.drv
[build] 127/183 /nix/store/v5g4zvd0pjg5d6a5dfjl9rnj48k5a7x4-unit-vpsadmin-api-payments-process.service.drv
[build] 128/183 /nix/store/1aayi0n44kx4dic4drl875s8p5h81pn6-unit-vpsadmin-api-payments-report.service.drv
[build] 129/183 /nix/store/ajy8iyj0r98ldqmynnzpb0l5vai74wwn-unit-vpsadmin-api-prometheus-export-base.service.drv
[build] 130/183 /nix/store/vzslc8xww3j9rch6px0wwbrikkzi4p6w-unit-vpsadmin-api-prometheus-export-dns-records.service.drv
[build] 131/183 /nix/store/drir534015zbpzrm7013c2fcyrv5ahml-unit-vpsadmin-api-purge-clones.service.drv
[build] 132/183 /nix/store/mp673mykn51q3binfdjc19hkqqm7v44j-unit-vpsadmin-api-report-failed-logins.service.drv
[build] 133/183 /nix/store/knagb5n7523xr8x96wgbhci83l022hrf-unit-vpsadmin-api-requests-ipqs.service.drv
[build] 134/183 /nix/store/rci6iciml807ai500ab2zii5kjzdav87-unit-vpsadmin-api-user-sessions.service.drv
[build] 135/183 /nix/store/98khn80dms0mxwiwry7b3nmrd7f5s6vr-unit-vpsadmin-api-users-hard-delete.service.drv
[build] 136/183 /nix/store/dff5qq89crnbvlnxrbc78xs9acm1wlfn-unit-vpsadmin-api-users-soft-delete.service.drv
[build] 137/183 /nix/store/ydja0kjkb8cmy75v37q6i22g13c6jziv-unit-vpsadmin-api-users-suspend.service.drv
[build] 138/183 /nix/store/0821q2y1nr829b1q8rxnm83wj3dmmi11-unit-vpsadmin-api-vps-status-logs-prune.service.drv
[build] 139/183 /nix/store/c8ni9cjmqwzm6g96974d119k25631lmk-unit-vpsadmin-api-vpses-expire.service.drv
[build] 140/183 /nix/store/y84kvqn3f13qbkk7s74p1ksi7l1mxpwr-unit-vpsadmin-console-router.service.drv
[build] 141/183 /nix/store/1bb0pyigk4j6pvns14fbpxvjgnklia6y-unit-vpsadmin-password-recovery.service.drv
[build] 142/183 /nix/store/4dm9ndiz7m5ns4qd10lbgib91fbl3k7y-unit-vpsadmin-scheduler.service.drv
[build] 143/183 /nix/store/xvprk7n1ygfa8lnb90zg59qpbmgpch27-vpsadmin-api-ruby-runner.drv
[build] 144/183 /nix/store/mks5fnd6zwag717ljzvgd70ln2lhl8ji-vpsadmin-api-shell.rc.drv
[build] 145/183 /nix/store/1fx455y423wly1j0zp403wzmj1l7g0v2-activate.drv
[build] 146/183 /nix/store/fcp13dblgmvxmmhd26g6cwr1hqrd8yyf-activate.drv
[build] 147/183 /nix/store/z6mzrcsfy8rybfpy0hjd37bzd0fyq7kd-vpsadmin-api-ruby.drv
[build] 148/183 /nix/store/b3vvmy59lhwbdcsjbh52k13rgzcnrrgp-nixos-system-webui2-26.05.20260911.21a67dc.drv
[build] 149/183 /nix/store/6fyksrcm6m5d6q7xn8vf468xc170aq70-ruby3.4-highline-3.1.2.drv
[build] 150/183 /nix/store/lpm25rkfzl6ag52d5pjvph0ayi7wlwqp-vpsadmin-api-shell.drv
[build] 151/183 /nix/store/qx0qssc8vaccydmdz7acwfk4xnngivna-nixos-system-webui1-26.05.20260911.21a67dc.drv
[build] 152/183 /nix/store/09yk89i199ik0sx26d124zj0f37dir35-system-path.drv
[build] 153/183 /nix/store/303fqf2y42pc2j9iv9k8ivx0q5qh0xyh-ruby3.4-osctl-26.05.0.drv
[build] 154/183 /nix/store/qbpyf7xp6p0qsrrx8f3hwq6jdr6zdifq-dbus-1.drv
[build] 155/183 /nix/store/p0scavz0prvrc48gd0lw0snd83clr6qw-X-Restart-Triggers-dbus-broker.drv
[build] 156/183 /nix/store/2qzvwl3ms5fmapkjzm0q1i7amxa859n4-unit-dbus-broker.service.drv
[build] 157/183 /nix/store/cfrckkr15gcmdqsjidlxf45rbhvr1fhx-unit-dbus-broker.service.drv
[build] 158/183 /nix/store/zpxm0r1fvigrjh709zsmcb8gq0a51acm-user-units.drv
[build] 159/183 /nix/store/59rxq2d2ivsmayc35kvcr7giw84yam8s-system-units.drv
[build] 160/183 /nix/store/l8fdrhzzqna1y50qjmz1zkclczhi3vzz-system-units.drv
[build] 161/183 /nix/store/i43z1nrx1a2356gfj4kghlg3hb19p7k3-ruby3.4-libnodectld-4.2.1.drv
[build] 162/183 /nix/store/4f6hw6ny17vi6fkvx3ic29y7glrj2sij-etc.drv
[build] 163/183 /nix/store/2k1w1ickm6xybdfw7b47bw5hf3xf5kbb-etc.drv
[build] 164/183 /nix/store/dk0si9y8mcncf4g1iibp0ycxa4a28fh9-ruby3.4-nodectl-4.2.1.drv
[build] 165/183 /nix/store/x28qk717jig2np7awx8xsh1d4mn2i9xl-ruby3.4-nodectld-4.2.1.drv
[build] 166/183 /nix/store/i3rik7fflksvybrx4hwymjk94qipn7gm-activate.drv
[build] 167/183 /nix/store/63dhh6yml23iz2zhr10bwpkggr5sbwfz-nixos-system-api2-26.05.20260911.21a67dc.drv
[build] 168/183 /nix/store/01hglri43fmz3wjf5zqzs12h19bx3mxr-activate.drv
[build] 169/183 /nix/store/pf6g9y5hzribkcakzm5pxwlhnsmw7mva-nixos-system-api1-26.05.20260911.21a67dc.drv
[build] 170/183 /nix/store/q7rk6adk6vvll4vb1llvbjznknl9sbdb-nodectld-4.2.1.drv
[build] 171/183 /nix/store/7973h1bpccm9ks4j4p7c7wg4w0kj3c3i-nodectl-4.2.1.drv
[build] 172/183 /nix/store/64ys4k12zk0ks39rapm5jqjafag0fzw0-nodectld-4.2.1.drv
[build] 173/183 /nix/store/ivydwmicwqghj9lbi87bxg131kvfw5zx-nodectl-4.2.1.drv
[build] 174/183 /nix/store/819bz4v6iyz79p3fibjn3y1ivg1njblw-unit-vpsadmin-nodectld.service.drv
[build] 175/183 /nix/store/5n3zxqsxgz86dpf2xzmmxr8y7fcpnf6a-system-path.drv
[build] 176/183 /nix/store/s1h8npjg5fqa4snfjfl02m5c5ngxncsw-dbus-1.drv
[build] 177/183 /nix/store/kyzc3ilpyyqgkdk70jfz3aa1gnppm7vp-X-Restart-Triggers-dbus-broker.drv
[build] 178/183 /nix/store/fr5ch8bgx9f5axdvx3hccw2vh1vv46az-unit-dbus-broker.service.drv
[build] 179/183 /nix/store/lhkb5nklwmfv7gw7skgg4ipzfd20vjly-unit-dbus-broker.service.drv
[build] 180/183 /nix/store/c17hg90xmhiizys5zcxyjrfn3cbh6bi7-user-units.drv
[build] 181/183 /nix/store/qnr0amzb5z7q77ip0x1na45r287crv01-system-units.drv
[build] 182/183 /nix/store/hxm1xsk189ldi2p0klb0hr32pzjmy4g9-etc.drv
[build] 183/183 /nix/store/pj94v79mvn8kb0j0dwsamd84vkzz7ycv-activate.drv
[build] 184/183 /nix/store/a040cnz8q57zw6qyjnchxnh0a6shfx09-nixos-system-vpsadmin1-26.05.20260911.21a67dc.drv

Built generations:
2026-09-14--19-51-56
  cz.vpsfree/vpsadmin/int.api1
  cz.vpsfree/vpsadmin/int.api2
  cz.vpsfree/vpsadmin/int.db
  cz.vpsfree/vpsadmin/int.rabbitmq1
  cz.vpsfree/vpsadmin/int.rabbitmq2
  cz.vpsfree/vpsadmin/int.rabbitmq3
  cz.vpsfree/vpsadmin/int.redis1
  cz.vpsfree/vpsadmin/int.vpsadmin1
  cz.vpsfree/vpsadmin/int.webui-dev
  cz.vpsfree/vpsadmin/int.webui1
  cz.vpsfree/vpsadmin/int.webui2
