warning: Git tree '/home/aither/workspace/ai/vpsfree.cz/worktrees/2026-09-14-kernel-history-fix/vpsadmin' is dirty
Successfully installed bundler-4.0.20
1 gem installed
Bundle complete! 7 Gemfile dependencies, 46 gems now installed.
Use `bundle info [gemname]` to see where a bundled gem is installed.
Running pre-commit hooks
Run Nixfmt...................................................[Nixfmt] OK
Run MigrationSpecs...................................[MigrationSpecs] OK
Run VpsadminWebuiI18n.............................[VpsadminWebuiI18n] OK
Analyze with RuboCop........................................[RuboCop] OK
Run VpsadminApiI18n.................................[VpsadminApiI18n] OK

✓ All pre-commit hooks passed

Running commit-msg hooks
Check text width..........................................[TextWidth] WARNING
Line 3 of commit message has > 72 characters
Line 4 of commit message has > 72 characters
Line 5 of commit message has > 72 characters
Line 6 of commit message has > 72 characters
Line 7 of commit message has > 72 characters
Line 10 of commit message has > 72 characters
Line 14 of commit message has > 72 characters
Check subject line................................[SingleLineSubject] OK
Check for trailing periods in subject................[TrailingPeriod] OK

⚠ All commit-msg hooks passed, but with warnings

[2026-09-14-kernel-history-fix 42984def6] api: retain valid evidence across rejected node reports
 Date: Mon Sep 14 19:31:57 2026 +0200
 12 files changed, 354 insertions(+), 5 deletions(-)
 create mode 100644 api/db/migrate/20260914190000_add_node_kernel_evidence_checkpoints.rb
 create mode 100644 api/models/node_kernel_evidence_checkpoint.rb
 create mode 100644 api/spec/migrations/20260914190000_add_node_kernel_evidence_checkpoints_spec.rb
