this derivation will be built:
  /nix/store/c7618ynh46gn96ba8kcv7pkj1i59gd3k-test-runner-repository-source.drv
building '/nix/store/c7618ynh46gn96ba8kcv7pkj1i59gd3k-test-runner-repository-source.drv'...
The following test scripts will be run:
  supervisor/runtime-ingestion

[2026-09-14 19:51:46 +0200] Running 1 scripts of 1 tests, at most 1 tests at a time
[2026-09-14 19:51:46 +0200] Resource detection: memory assigned=94.3 GiB, available-at-start=60.9 GiB, reserve=8.0 GiB, limit=52.9 GiB; shm assigned=47.1 GiB, available-at-start=47.1 GiB, reserve=8.0 GiB, limit=39.1 GiB
[2026-09-14 19:51:46 +0200] Resource limits: memory=0 MiB/52.9 GiB, shm=0 MiB/39.1 GiB, cpus=0/96, running=0
[2026-09-14 19:51:46 +0200] State directory is /tmp/kh-recovery-supervisor
[2026-09-14 19:51:46 +0200] Reserved resources for 'supervisor/runtime-ingestion': machines=2, memory=16.0 GiB, shm=16.0 GiB, cpus=12; pool: memory=16.0 GiB/52.9 GiB, shm=16.0 GiB/39.1 GiB, cpus=12/96, running=1
[2026-09-14 19:51:46 +0200] [1/1] Running test 'supervisor/runtime-ingestion' (#default)
[2026-09-14 19:56:46 +0200] Status: passing; 0 succeeded as expected, 0 failed as expected, 0 unexpectedly failed, 0 unexpectedly succeeded; 1 running, 0 remaining
[2026-09-14 20:01:46 +0200] Status: passing; 0 succeeded as expected, 0 failed as expected, 0 unexpectedly failed, 0 unexpectedly succeeded; 1 running, 0 remaining
[2026-09-14 20:04:31 +0200] [1/1] Example [1/11] 'supervisor status ingestion accepts a legacy node status without security evidence' succeeded in 10.83 seconds
[2026-09-14 20:06:31 +0200] [1/1] Example [2/11] 'supervisor status ingestion retains stable and valid evidence confirmations across supervisor restarts' succeeded in 119.94 seconds
[2026-09-14 20:06:37 +0200] [1/1] Example [3/11] 'supervisor status ingestion ingests VPS status' succeeded in 6.38 seconds
[2026-09-14 20:06:46 +0200] Status: passing; 0 succeeded as expected, 0 failed as expected, 0 unexpectedly failed, 0 unexpectedly succeeded; 1 running, 0 remaining
[2026-09-14 20:06:59 +0200] [1/1] Example [4/11] 'supervisor storage ingestion ingests storage status batches and updates disk totals' succeeded in 22.13 seconds
[2026-09-14 20:07:15 +0200] [1/1] Example [5/11] 'supervisor storage ingestion ingests dataset expansion events' succeeded in 15.59 seconds
[2026-09-14 20:07:23 +0200] [1/1] Example [6/11] 'supervisor network ingestion ingests network monitor snapshots' succeeded in 7.86 seconds
[2026-09-14 20:07:37 +0200] [1/1] Example [7/11] 'supervisor network ingestion ingests accounting buckets additively' succeeded in 14.86 seconds
[2026-09-14 20:07:58 +0200] [1/1] Example [8/11] 'supervisor mount ingestion creates, updates, and deletes export mounts to match the payload' succeeded in 20.35 seconds
[2026-09-14 20:08:12 +0200] [1/1] Example [9/11] 'supervisor mount ingestion updates VPS mount state from mount reports' succeeded in 14.48 seconds
[2026-09-14 20:08:34 +0200] [1/1] Example [10/11] 'supervisor VPS event ingestion marks halt events and logs reboot events' succeeded in 21.92 seconds
[2026-09-14 20:08:41 +0200] [1/1] Example [11/11] 'supervisor VPS event ingestion creates incident reports for oomd stop events' succeeded in 6.81 seconds
[2026-09-14 20:09:34 +0200] [1/1] Test 'supervisor/runtime-ingestion' successful in 1067.52 seconds
[2026-09-14 20:09:34 +0200] Run 1 test scripts of 1 tests in 1067.52 seconds
[2026-09-14 20:09:34 +0200] 1 tests successful
