warning: Git tree '/home/aither/workspace/ai/vpsfree.cz/worktrees/2026-09-14-kernel-history-fix/vpsfree-kb-contracts' is dirty
copying path '/nix/store/gdsajkamj68va7gl12sdqj4q562jg6rm-source' from 'https://cache.nixos.org'...
copying path '/nix/store/vwj0mza7vx4nxmy5k2y4hwzaky1vvd1v-liberation-fonts-2.1.5' from 'https://cache.numtide.com'...
copying path '/nix/store/gi7k29v23s6dv0g28nm4sdllnzahv3yp-dejavu-fonts-minimal-2.37' from 'https://cache.numtide.com'...
copying path '/nix/store/1n3jmaz6lyfp49g5ipkc4f32r8giax34-util-linux-2.42.2' from 'https://cache.numtide.com'...
copying path '/nix/store/k1f8jdwjl34jf5dhgmbdm2xi904i9xcf-gnu-config-2024-01-01' from 'https://cache.numtide.com'...
copying path '/nix/store/hps7pxvcgq32x46yx5a2nx53js5j41vb-xgcc-15.2.0-libgcc' from 'https://cache.numtide.com'...
copying path '/nix/store/vzcikza6c7wxkg9z67plrqkfhbai48cd-zlib-1.3.2-static' from 'https://cache.numtide.com'...
copying path '/nix/store/p4b59s8ma5b82jb4prylq6l1dkc2fihq-dns-root-data-2025-04-14' from 'https://cache.numtide.com'...
copying path '/nix/store/wlj7fzgbchbxhd6hplwm2dwl15gizcn5-gcc-15.2.0-libgcc' from 'https://cache.numtide.com'...
copying path '/nix/store/dxszpyw0pn7h1cxi1y6l33nmwk7f5knn-libunistring-1.4.2' from 'https://cache.numtide.com'...
copying path '/nix/store/yw98vhdfa6jbk5xkfh0hq4rz3zlig8cn-linux-headers-7.0' from 'https://cache.numtide.com'...
copying path '/nix/store/yf1wf5lsk3cjqwk4l1vcd8fz8rf4mz3y-alsa-topology-conf-1.2.5.1' from 'https://cache.numtide.com'...
copying path '/nix/store/acmzqricsv6y5zpn61hyf7gb5p5ndr72-gsettings-desktop-schemas-50.1' from 'https://cache.numtide.com'...
copying path '/nix/store/86aikj7rc0rk4bxinp9vyvfa44bv6ga8-iso-codes-4.20.1' from 'https://cache.numtide.com'...
copying path '/nix/store/fv06r1hg0zxc9yl1ndmq24cx4c75gghl-xkeyboard-config-2.47' from 'https://cache.numtide.com'...
copying path '/nix/store/hz63n1jn18dk7q0m8bbim2z4j2y85q7r-ffmpeg-headless-8.1.2-data' from 'https://cache.numtide.com'...
copying path '/nix/store/jsg93jxkydhqlwmkfbjhgzmhb7wwmsfw-hwdata-0.408' from 'https://cache.numtide.com'...
copying path '/nix/store/r33s603nc1kvc35gy5j3fbi3wvjbn5gj-freepats-20060219' from 'https://cache.numtide.com'...
copying path '/nix/store/2c7ddhgdp0v0zbqiksj4srg4ci7qnmz6-gemfile-and-lockfile' from 'https://cache.nixos.org'...
copying path '/nix/store/l3y37q7npzc92hnpz6xqss0cjhzvx07p-mailcap-2.1.54' from 'https://cache.numtide.com'...
copying path '/nix/store/nfcm283y46nqinys7sf9dkibif550nm3-publicsuffix-list-0-unstable-2026-05-13' from 'https://cache.numtide.com'...
copying path '/nix/store/y1g6s0lqlj3fc5hq8bnfwhq47vai5r6s-ruby3.4-base64-0.2.0' from 'https://cache.nixos.org'...
copying path '/nix/store/4vl050i7qghwj8n9d9b74dsc6y3l24i1-ruby3.4-concurrent-ruby-1.3.4' from 'https://cache.nixos.org'...
copying path '/nix/store/qyw640vr3vdd9rjzv1zc8xh4z82ngrfm-fontconfig-2.18.1' from 'https://cache.numtide.com'...
copying path '/nix/store/z0b2rjb7ijsvfsp8mszx8g057rv7g98x-fonts.conf' from 'https://cache.nixos.org'...
copying path '/nix/store/4jwznv5y1ih09c24ynavwadswq88gbj3-ruby3.4-connection_pool-2.4.1' from 'https://cache.nixos.org'...
copying path '/nix/store/6s1m4y3027mfsrqnhjj67snchniaf9p7-ruby3.4-drb-2.2.1' from 'https://cache.nixos.org'...
copying path '/nix/store/5vwc9psrzmlawfc784xvw0nh1ddasf23-ruby3.4-http-accept-1.7.0' from 'https://cache.nixos.org'...
copying path '/nix/store/2j86fw8sn3vd7lklr1b7crw9aa94hnnv-ruby3.4-logger-1.6.1' from 'https://cache.nixos.org'...
copying path '/nix/store/s0hv6nl88ki75agqqj7xzla1mj7rihnr-ruby3.4-mime-types-data-3.2024.0903' from 'https://cache.nixos.org'...
copying path '/nix/store/76ilv1yzgbqwrdwqkngj9ajid8ylfaiz-ruby3.4-minitest-5.25.1' from 'https://cache.nixos.org'...
copying path '/nix/store/b3hxvwy70l127pybmifcxz1kx1fxy2zw-ruby3.4-netrc-0.11.0' from 'https://cache.nixos.org'...
copying path '/nix/store/b3w03amx8w89nig347wd64qknvaz0xib-ruby3.4-i18n-1.14.5' from 'https://cache.nixos.org'...
copying path '/nix/store/c0gbhq54pdn2pcbx20p56c2vhnyy48df-ruby3.4-require_all-2.0.0' from 'https://cache.nixos.org'...
copying path '/nix/store/bzzvmj6wh8a7mqvq9i54fmvpsdxz4zqj-tzdata-2026b' from 'https://cache.numtide.com'...
copying path '/nix/store/0vj9lp345wbhfdagi0vr0wmczyjdsk3f-update-autotools-gnu-config-scripts-hook' from 'https://cache.numtide.com'...
copying path '/nix/store/lwb9ja2i7vqa1w02lyx1smgala2hgad5-ruby3.4-mime-types-3.5.2' from 'https://cache.nixos.org'...
copying path '/nix/store/clqknm3pgln8pxb6n7iamffk313nr91r-libidn2-2.3.8' from 'https://cache.numtide.com'...
copying path '/nix/store/97mkcrs6hbx8xlr4vsc1rhfbq7yz65i7-fonts.conf' from 'https://cache.nixos.org'...
copying path '/nix/store/ias8xacs1h3jy7xgwi2awvim61k2ji6c-glibc-2.42-67' from 'https://cache.numtide.com'...
copying path '/nix/store/v36v6wb7567dpv887ipm5gh39pkikm62-ruby3.4-tzinfo-2.0.6' from 'https://cache.nixos.org'...
copying path '/nix/store/rhi0yar22dbawxh8p59jdryf6bg13466-wildmidi.cfg' from 'https://cache.numtide.com'...
copying path '/nix/store/v8llyqw71lygr2llhmcc8ya5bdlzq45v-bash-5.3p9' from 'https://cache.numtide.com'...
copying path '/nix/store/ysap8hrzgxnrk1dbhp7sijk244hvlq3h-brotli-1.2.0-lib' from 'https://cache.numtide.com'...
copying path '/nix/store/23k009x6ahbn9whivq79llcm6207m0fb-attr-2.5.2' from 'https://cache.numtide.com'...
copying path '/nix/store/5ns75kc0ha0xn90j33ngqnnzzsbkd2lw-cjson-1.7.19' from 'https://cache.numtide.com'...
copying path '/nix/store/qh05b1g2am30sqmwbmnyqzgffazbaw86-dav1d-1.5.3' from 'https://cache.numtide.com'...
copying path '/nix/store/ifylrd0j8lf0jzsfhivvx9vyrlm0hp8i-c-ares-1.34.6' from 'https://cache.numtide.com'...
copying path '/nix/store/jzvr2p3jn7dmn07z0l5zisnssq5q4x37-ed-1.22.5' from 'https://cache.numtide.com'...
copying path '/nix/store/qsiki3zg5j6j27h8q9ryl5nj5j3ivqw1-c-ares-1.34.6' from 'https://cache.numtide.com'...
copying path '/nix/store/g5ba3icm10s2qxqm7nskvcs6wl22x2qp-duktape-2.7.0' from 'https://cache.numtide.com'...
copying path '/nix/store/d6fbn1dgh5kq7sl8ydqp2kghj0gx63hb-bzip2-1.0.8' from 'https://cache.numtide.com'...
copying path '/nix/store/zb4ls5gwli279v9izd9y4y02nhjc3mr1-cdparanoia-iii-10.2' from 'https://cache.numtide.com'...
copying path '/nix/store/wx3y5r59kbm90hvrrz01g9rz1z02nr7d-ell-0.83' from 'https://cache.numtide.com'...
copying path '/nix/store/5aw4n5ybdw1d0djjjggbf926jhnkcpb0-fdk-aac-2.0.3' from 'https://cache.numtide.com'...
copying path '/nix/store/598n61sdi8426la30ix2f6slj8zkxxq1-expand-response-params' from 'https://cache.numtide.com'...
copying path '/nix/store/j85hqiiwgldwzhzydp5cx36wh3dxqnjg-expat-2.8.2' from 'https://cache.numtide.com'...
copying path '/nix/store/xg54zjg95i1y2da2cka17dpdgflymkj7-faad2-2.11.2' from 'https://cache.numtide.com'...
copying path '/nix/store/sy2s2bx8cc155mblr31hcbcc2k8nh1pl-fribidi-1.0.16' from 'https://cache.numtide.com'...
copying path '/nix/store/bnjhp47nmncm9jlrv6q77hpqwbzxmafr-bzip2-1.0.8-bin' from 'https://cache.numtide.com'...
copying path '/nix/store/cb4h2p8j9m45riqawxlfndpz4arlv4rs-gawk-5.4.0' from 'https://cache.numtide.com'...
copying path '/nix/store/8lahnh9pn3lrrnhax5nk7ibvjcbjmnkm-gcc-15.2.0-lib' from 'https://cache.numtide.com'...
copying path '/nix/store/giahbcq4g1jjawnr95zs116yf52rz1hp-gdbm-1.26-lib' from 'https://cache.numtide.com'...
copying path '/nix/store/g0iqacr2c3q64lhb3zq7w0rcxxyz4p8a-acl-2.3.2' from 'https://cache.numtide.com'...
copying path '/nix/store/h34mk9qflcvmxhif7c39l80kyyikwr6x-brotli-1.2.0' from 'https://cache.numtide.com'...
copying path '/nix/store/azn6zssxa9vcqb0nwmvwpz7cz3xqwqmq-c-ares-1.34.6-dev' from 'https://cache.numtide.com'...
copying path '/nix/store/59l00g2kyccjpazi8s1170hmbpx4ppmi-giflib-6.1.3' from 'https://cache.numtide.com'...
copying path '/nix/store/1k05xwhd5wjciwrr6zd54mfw8za5lqnz-glibc-2.42-67-bin' from 'https://cache.numtide.com'...
copying path '/nix/store/sm8d344y56vapywffbs6b6hn2vmvvcym-gmp-6.3.0' from 'https://cache.numtide.com'...
copying path '/nix/store/kj3fz1nbbmgpjsrxv5f2w6izcwbs75nb-gnum4-1.4.21' from 'https://cache.numtide.com'...
copying path '/nix/store/fqqzlwskijr6i1f2j23d2a84kyafzjqp-bzip2-1.0.8-dev' from 'https://cache.numtide.com'...
copying path '/nix/store/5hndr36f8c9d9z305r27z6dxkhysng95-gnumake-4.4.1' from 'https://cache.numtide.com'...
copying path '/nix/store/68d86idclxs6bfaqprmdx052xqy9qlv9-gnused-4.10' from 'https://cache.numtide.com'...
copying path '/nix/store/fq62mc3s8ddxgk1nvlbzly2zmr7v2cax-gnutar-1.35' from 'https://cache.numtide.com'...
copying path '/nix/store/29p2wg0b6b7kz5qa49anlczi3b4sivn7-brotli-1.2.0-dev' from 'https://cache.numtide.com'...
copying path '/nix/store/g6l6fj42xdz463asigan7g7wxjspx0zs-gsm-1.0.24' from 'https://cache.numtide.com'...
copying path '/nix/store/0zh0xlr20dm375d8y9k5lnn2l2vh7bw4-expat-2.8.2-dev' from 'https://cache.numtide.com'...
copying path '/nix/store/ljxnca2bb04vlrhivnl7j7p1ph9xz4sg-gzip-1.14' from 'https://cache.numtide.com'...
copying path '/nix/store/lfqvy7lxbm6ii3xgk6dy78zdiyjcca03-hyphen-2.8.9' from 'https://cache.numtide.com'...
copying path '/nix/store/vfkfbj1ssfq86zah2wgz73a3aflvg69v-json-c-0.18' from 'https://cache.numtide.com'...
copying path '/nix/store/bj0rxnvycjv9k0js6v1zgvhlpxl32xbv-keyutils-1.6.3-lib' from 'https://cache.numtide.com'...
copying path '/nix/store/326813d3lvi7i4kyp4jvhllxmy87a31v-isl-0.20' from 'https://cache.numtide.com'...
copying path '/nix/store/zivklm1zc7hy8d8nsmcnjcd888rhymqb-lame-3.100-lib' from 'https://cache.numtide.com'...
copying path '/nix/store/9bpdf8r3rlrffl5y5188xd8mb879vpb8-glibc-2.42-67-dev' from 'https://cache.numtide.com'...
copying path '/nix/store/mv5csk78l1b3mkwg9i0c0syk03g9lapz-lcms2-2.19.1' from 'https://cache.numtide.com'...
copying path '/nix/store/ax2scmw46mhns9nfx2gjwwck6j2xhb3j-ldacbt-2.0.72' from 'https://cache.numtide.com'...
copying path '/nix/store/wwx2j09zhyh0z5xhpm7fb6k14r8rfb7n-libapparmor-5.0.0' from 'https://cache.numtide.com'...
copying path '/nix/store/99i5i9nzil76qzhpw9gxhsiayflbs6wn-libcap-2.78-lib' from 'https://cache.numtide.com'...
copying path '/nix/store/zaf45k04x3l3c0vhh1l976f2if011f5d-libcap-ng-0.9.3' from 'https://cache.numtide.com'...
copying path '/nix/store/9d8ai8p103794hzxqa7y9ji6kh0wgnmb-libcbor-0.14.0' from 'https://cache.numtide.com'...
copying path '/nix/store/s335z8bq6h99s8vd5p6g2mbxd40dfkb7-libdaemon-0.14' from 'https://cache.numtide.com'...
copying path '/nix/store/k7kd7j6j26q1aqjp3j1ff8pfbmvarkna-libdatrie-2019-12-20-lib' from 'https://cache.numtide.com'...
copying path '/nix/store/zgpjwny2lj1xzvb48ssx9g7g5p8bngvf-libdeflate-1.25' from 'https://cache.numtide.com'...
copying path '/nix/store/anighdip5sn7p59bnkf1rk2b0p24q6h5-libdvdcss-1.5.0' from 'https://cache.numtide.com'...
copying path '/nix/store/lffvnjpallhys4gahfz89qgmpbcly0da-libebur128-1.2.6' from 'https://cache.numtide.com'...
copying path '/nix/store/2hgrlmw9zk1kwlmdvszxccmq8j49ajac-libev-4.33' from 'https://cache.numtide.com'...
copying path '/nix/store/fbsplavcyrgy4xxd03z7ws6ijvns2p7c-libevent-2.1.12' from 'https://cache.numtide.com'...
copying path '/nix/store/rkfkkdgwz8y31hk76i4b9s59h5raya9n-libffi-3.5.2' from 'https://cache.numtide.com'...
copying path '/nix/store/kpiw686ws3lxxq5azl86izq2shh530x6-libgpg-error-1.61' from 'https://cache.numtide.com'...
copying path '/nix/store/07fbc5rpnilw0alxcgb947b6lvgrm2sy-libfreeaptx-0.2.2' from 'https://cache.numtide.com'...
copying path '/nix/store/x723srjqqr69b20cqx8ndigpzlpklwib-audit-4.1.4-lib' from 'https://cache.numtide.com'...
copying path '/nix/store/2my7dfwg31bziws1ck2sqrwbj05nbdn1-libjpeg-turbo-3.1.4.1' from 'https://cache.numtide.com'...
copying path '/nix/store/a57iwg8r929ph6djz3g1g2hix2i9ylma-libjpeg-turbo-3.1.4.1' from 'https://cache.nixos.org'...
copying path '/nix/store/gq9h6dhw0sqbipkp76v1x3wjj83rv3d6-liblc3-1.1.3' from 'https://cache.numtide.com'...
copying path '/nix/store/6lvdhlzfbax7ch8ig8whjqq7gcjy0pc8-libmad-0.15.1b' from 'https://cache.numtide.com'...
copying path '/nix/store/f1gjcrpiddl5hqb3z7p84jvp558r4dhx-libmd-1.2.0' from 'https://cache.numtide.com'...
copying path '/nix/store/4fi4rp35xmwr53lda3v6mzazp3zssxz2-libmpg123-1.33.5' from 'https://cache.numtide.com'...
copying path '/nix/store/l5khdjgjw9i04rzrq6sncznfq7xzpd51-libogg-1.3.6' from 'https://cache.numtide.com'...
copying path '/nix/store/wyf0la4vhx119zdhxzmh42flbl861cdl-libopus-1.6.1' from 'https://cache.numtide.com'...
copying path '/nix/store/5c0x3ksamx3prbmp24fjhc4z9h3gvhxc-db-4.8.30' from 'https://cache.numtide.com'...
copying path '/nix/store/w8j9yk66ii830lkzdijlr64k3xh5jdgj-fftw-double-3.3.11' from 'https://cache.numtide.com'...
copying path '/nix/store/hfc6ir0775256pnl96la76k3qlwmylww-fftw-single-3.3.11' from 'https://cache.numtide.com'...
copying path '/nix/store/6yxih2q7hd8z4ibf2zwbgggy6hgad8gl-gmp-with-cxx-6.3.0' from 'https://cache.numtide.com'...
copying path '/nix/store/sy8ark85hgjhhcr1ycgarf5w7ajw8jcc-gmp-with-cxx-6.3.0' from 'https://cache.numtide.com'...
copying path '/nix/store/v1ichmdzxbjfxq484gq5im2b8j9p3i9k-graphite2-1.3.15' from 'https://cache.numtide.com'...
copying path '/nix/store/9icl666qc2lhgp1xv2cyxg6b51h0537c-gtest-1.17.0' from 'https://cache.numtide.com'...
copying path '/nix/store/20kpc9kh52cqdyfg1mccik9waq43q2rk-icu4c-74.2' from 'https://cache.nixos.org'...
copying path '/nix/store/yg7h23dlja3cjprl65z66aniw0xnn29r-flac-1.5.0' from 'https://cache.numtide.com'...
copying path '/nix/store/cp7wjv1pl4wapfk48svvizxd089v9h0a-coreutils-9.11' from 'https://cache.numtide.com'...
copying path '/nix/store/x3fjniif504vhp099s91jl733kidr32f-icu4c-76.1' from 'https://cache.numtide.com'...
copying path '/nix/store/9w5v0lslqblshmjqz05k21dcijx3rlzi-imath-3.2.2' from 'https://cache.numtide.com'...
copying path '/nix/store/jh4w8x8djc9hgiln92kp91b0pk71n5h9-lerc-4.1.0' from 'https://cache.numtide.com'...
copying path '/nix/store/9qzaxjyzc94rsccl7h7xd98fd79xir1k-libbacktrace-0-unstable-2026-05-03' from 'https://cache.numtide.com'...
copying path '/nix/store/0qr60sqh0rxv8vjcwjxc8jjkd87c533s-libbsd-0.12.2' from 'https://cache.numtide.com'...
copying path '/nix/store/8wsf66fq6j3yjn9qgrrhhrbaq7vhkqyp-libconfig-1.8.2' from 'https://cache.numtide.com'...
copying path '/nix/store/ib1yrxxiqifzn5cw8nq34id66r16ahwh-libde265-1.1.1' from 'https://cache.numtide.com'...
copying path '/nix/store/pqcl0vm6yjll56wfcbgv9xjbhgd579bd-libdvdread-7.0.1' from 'https://cache.numtide.com'...
copying path '/nix/store/815g54b18792lxahwyinhcxynb5spplx-libgcrypt-1.12.2-lib' from 'https://cache.numtide.com'...
copying path '/nix/store/x90w8bcl58l9va6xhvfjgwmwl45vjf0n-diffutils-3.12' from 'https://cache.numtide.com'...
copying path '/nix/store/f4bixss3h2i80asiz45aj4qmplvmam4k-findutils-4.10.0' from 'https://cache.numtide.com'...
copying path '/nix/store/0kfsfwi8cn0ahf0hh70ax2ijdpbqp28l-libmodplug-0.8.9.0' from 'https://cache.numtide.com'...
copying path '/nix/store/krkb4lcf4mjp2kwx8bixxzvq5hbz0034-libpciaccess-0.19' from 'https://cache.numtide.com'...
copying path '/nix/store/anavjlmbp1jhwmmxck5vsrmj609pysr0-libpsl-0.21.5' from 'https://cache.numtide.com'...
copying path '/nix/store/c847a0zia2hfql6lx60f4gdk83gy8mnz-libraw1394-2.1.2' from 'https://cache.numtide.com'...
copying path '/nix/store/ha8xmkjj8ajnsrphsqaqdbyzwavys0m9-libsamplerate-0.2.2' from 'https://cache.numtide.com'...
copying path '/nix/store/60mgfm1kajanv0h9wycwy99v4xar7x8f-libseccomp-2.6.0-lib' from 'https://cache.numtide.com'...
copying path '/nix/store/wfa1759hpahpfv9nyr1dqn967kzx77ka-libsigc++-2.12.1' from 'https://cache.numtide.com'...
copying path '/nix/store/kasygibjxcrblwav73yhafrndxambf7l-libtasn1-4.21.0' from 'https://cache.numtide.com'...
copying path '/nix/store/sn0yvw1vj9zmxbjhj8dz44ha9a52ckhy-libthai-0.1.30' from 'https://cache.numtide.com'...
copying path '/nix/store/5zrqjfd5rvvi65gmi8rbihh03z54bh6h-libtheora-1.2.0' from 'https://cache.numtide.com'...
copying path '/nix/store/s1bkk4586hms9xg1isbr9a5p4d6d237x-libtool-2.5.4-lib' from 'https://cache.numtide.com'...
copying path '/nix/store/dm01jl9bxf2wi55pcwrx2mx6s3ja9v68-abseil-cpp-20260107.1' from 'https://cache.numtide.com'...
copying path '/nix/store/vc8g28d6ywh8sjh22bvgn57sw4d206w0-gtest-1.17.0-dev' from 'https://cache.numtide.com'...
copying path '/nix/store/w43j2ybn8yi6q1jvlhgrqag7h5q3wa43-libuv-1.52.1' from 'https://cache.numtide.com'...
copying path '/nix/store/b2dlgdzn0wibj66nrg8wkczrr59yrvl5-libvmaf-3.0.0' from 'https://cache.numtide.com'...
copying path '/nix/store/9jnf87f29r70h8gnhgzm1n2jhqjx3qhw-libdvdnav-6.1.1' from 'https://cache.numtide.com'...
copying path '/nix/store/i7j9cxklwxjm54qx1y2s172bz4irqfbh-libdrm-2.4.134' from 'https://cache.numtide.com'...
copying path '/nix/store/10l732bi261wm8l855mzfimaw48vcqv2-libvorbis-1.3.7' from 'https://cache.numtide.com'...
copying path '/nix/store/8q44mcmqddhbjp0rsx0sn9w7pkqj0zwy-libvpx-1.16.0' from 'https://cache.numtide.com'...
copying path '/nix/store/4shkpw9q0f12z737zjvh89246zszkiq8-libxau-1.0.12' from 'https://cache.numtide.com'...
copying path '/nix/store/s8bvq48mqjiw3firz3l9wx19h55vldy4-libxcrypt-4.5.2' from 'https://cache.numtide.com'...
copying path '/nix/store/fgbrpz911jb9pxw0ys4cp5cv2rr7yh6p-libxdmcp-1.1.5' from 'https://cache.numtide.com'...
copying path '/nix/store/b7mmwfcy55r0b82naq3d77s2wcqpfy94-libavc1394-0.5.4' from 'https://cache.numtide.com'...
copying path '/nix/store/4r6x0471c5697fxi3fjjav2slb1h2fnp-libdc1394-2.2.7' from 'https://cache.numtide.com'...
copying path '/nix/store/8svin00szy3gcp43x7afkkn8gbczb50j-libiec61883-1.2.0' from 'https://cache.numtide.com'...
copying path '/nix/store/ms9m44dg1h6a3bgkg0iwhnrirvf7z1dr-libuv-1.52.1-dev' from 'https://cache.numtide.com'...
copying path '/nix/store/74c195cihsx6651g5q0gbpsp1lw0rz2w-libxml2-2.13.9' from 'https://cache.nixos.org'...
copying path '/nix/store/xdj75qn68sq2sba1w3dbmhi7xkzqhaw7-libxml2-2.15.3' from 'https://cache.numtide.com'...
copying path '/nix/store/pi8ja7r4609zi3jkqv4cygjay00bysp0-libyaml-0.2.5' from 'https://cache.numtide.com'...
copying path '/nix/store/n0j6h9wwy9ladp4r1jc07igmfyrp2i52-libyuv-1908' from 'https://cache.numtide.com'...
copying path '/nix/store/zyvz6mkqf6iihqr5yfvmfr2inafxdlq4-libxcb-1.17.0' from 'https://cache.numtide.com'...
copying path '/nix/store/rj1r78hwc3hc5pzf5yrp0rls8pnaxq2p-libaom-3.12.1' from 'https://cache.numtide.com'...
copying path '/nix/store/midfifcnyd332zmgl8lvysaqbaaijx46-llhttp-9.4.2' from 'https://cache.numtide.com'...
copying path '/nix/store/ybmx8a9i4fqk1nbjs7adfhv73rzk003k-libdrm-2.4.134-bin' from 'https://cache.numtide.com'...
copying path '/nix/store/7vyr0h3zpk562xcn8z5ca22a4da4sqd9-libva-minimal-2.23.0' from 'https://cache.numtide.com'...
copying path '/nix/store/5cd6knx9knjfdy0958ya8v4cljx9q4fz-lndir-1.0.5' from 'https://cache.nixos.org'...
copying path '/nix/store/dgvljgg6p7czrxhikzb54jlfwaw4hxqn-icu4c-76.1-dev' from 'https://cache.numtide.com'...
copying path '/nix/store/arpk7prynk6iqwbh0204k878nv1ypyg2-libx11-1.8.13' from 'https://cache.numtide.com'...
copying path '/nix/store/bm4pivdwjjnp02xzjflz8z4zlls5cpx7-lz4-1.10.0-lib' from 'https://cache.numtide.com'...
copying path '/nix/store/2jlqv4a4hvn6pw4pjs7vylnz68sjfp8k-lzo-2.10' from 'https://cache.numtide.com'...
copying path '/nix/store/apxdpwljks84kwffdqv8dd8gqljqk1lp-mbedtls-3.6.6' from 'https://cache.numtide.com'...
copying path '/nix/store/p5219bn1m6yr6q5nkx69h0aw7qijq8rw-mpdecimal-4.0.1' from 'https://cache.numtide.com'...
copying path '/nix/store/83888ahq5wnfc2bd6rs2hnckbhgjwwwy-libxslt-1.1.45' from 'https://cache.numtide.com'...
copying path '/nix/store/4fpcmwz3k7scc5sxlfz07rb5fgaj1v5x-llhttp-9.4.2-dev' from 'https://cache.numtide.com'...
copying path '/nix/store/6lqdk6hy2gy62idd9rwhsf3cy8v8l6s0-mpfr-4.2.2' from 'https://cache.numtide.com'...
copying path '/nix/store/qp6cf9ff5a4av4fh4bybz8153k19kkcd-libsndfile-1.2.2' from 'https://cache.numtide.com'...
copying path '/nix/store/v51zzcsh5gc8ly5lvvz8b67q4iba3nkl-nbytes-0.1.4' from 'https://cache.numtide.com'...
copying path '/nix/store/62qhvy2m2lpqj7ca39j9wvp2kkcxwdcg-ncurses-6.6' from 'https://cache.numtide.com'...
copying path '/nix/store/msfrj5vvllf79hnkqki8gb1j9w6xzi78-libxcomposite-0.4.7' from 'https://cache.numtide.com'...
copying path '/nix/store/was9mzb163p78zw2a1abv9zqcx5qm30b-libmpc-1.4.1' from 'https://cache.numtide.com'...
copying path '/nix/store/3lhr3884dxnfks82vzbpsg60yfq64d5p-libxext-1.3.7' from 'https://cache.numtide.com'...
copying path '/nix/store/saa2pa0w6alzxg9bzvfvvw7fjny51i1x-libxfixes-6.0.2' from 'https://cache.numtide.com'...
copying path '/nix/store/2d66s80gf82kkyy6kdh5x3qkmazwjzb4-libxrender-0.9.12' from 'https://cache.numtide.com'...
copying path '/nix/store/j7z18x61092zkpbvrq0md5391r5vb4z5-nettle-3.10.2' from 'https://cache.numtide.com'...
copying path '/nix/store/9580j5k2yxyd94rsd89hxrsgxpkk7kpr-nghttp2-1.69.0-lib' from 'https://cache.numtide.com'...
copying path '/nix/store/2cn1nha5vx0lbs9yfsik9gbsppjv5p8x-nghttp3-1.16.0' from 'https://cache.numtide.com'...
copying path '/nix/store/61r27mcb9am79xvjxldz41yjivbsdam3-nspr-4.39' from 'https://cache.numtide.com'...
copying path '/nix/store/gi4ywbrzi8fkcbkr0glcmyjx2dvwqfna-libbs2b-3.1.0' from 'https://cache.numtide.com'...
copying path '/nix/store/51bryd6zjk96w46s7g30azhbfrwhbh76-numactl-2.0.18' from 'https://cache.numtide.com'...
copying path '/nix/store/flfs8saab9nfiwhi03r7jzb5p3y0d18i-libdrm-2.4.134-dev' from 'https://cache.numtide.com'...
copying path '/nix/store/l7ayq9dqqjha80fqh61ck86lcrz2i3wq-nuspell-5.1.7-lib' from 'https://cache.numtide.com'...
copying path '/nix/store/39ys86asb0xhp43smmr80mvcs7hxq1l7-ocl-icd-2.3.5' from 'https://cache.numtide.com'...
copying path '/nix/store/9dzxzykvrcg0270m4b1dvqlnmclpdjvc-oniguruma-6.9.10-lib' from 'https://cache.numtide.com'...
copying path '/nix/store/9xh1vfypwgri3mgrmsxmzsaw41zqywdd-openapv-0.2.1.3' from 'https://cache.numtide.com'...
copying path '/nix/store/ynbjqd7zahas1z5lpjka4b1hqnafmnnp-openexr-3.4.11' from 'https://cache.numtide.com'...
copying path '/nix/store/9asdbcw5av7p0am8n0v58ch2ldzgzmrk-nghttp3-1.16.0-dev' from 'https://cache.numtide.com'...
copying path '/nix/store/0jk9iz2myxmzqdf6vafg696f3jdqwdf9-openfec-1.4.2.12' from 'https://cache.numtide.com'...
copying path '/nix/store/fra18zrl775zm4x2r39mnszd06alrli3-openh264-2.6.0' from 'https://cache.numtide.com'...
copying path '/nix/store/xdh2mia7m9lzbpdw4rf03jwh8aiw8lhf-librist-0.2.11' from 'https://cache.numtide.com'...
copying path '/nix/store/ja3h2cmxcdwg03fbiycrabi1mksdz2g8-libxcursor-1.2.3' from 'https://cache.numtide.com'...
copying path '/nix/store/mgrb1j6chhwmb7jwd6cjwihbni2szz1d-jq-1.8.2' from 'https://cache.numtide.com'...
copying path '/nix/store/pi7z4dpcgzm29hc6rak5dha7757paypf-libxdamage-1.1.7' from 'https://cache.numtide.com'...
copying path '/nix/store/adas3ix7v8zry5i1nqagc2j76y0ka7rx-libglvnd-1.7.0' from 'https://cache.numtide.com'...
copying path '/nix/store/xfpyv9rxq0bx44kpgd1hh3a02z3rn734-libxi-1.8.3' from 'https://cache.numtide.com'...
copying path '/nix/store/1fdpddjd2qswwmdib3w4l21q6ldl58xj-libxinerama-1.1.6' from 'https://cache.numtide.com'...
copying path '/nix/store/cm72xvi6241dx43xs1cx5l8wzwhpjrb4-libxrandr-1.5.5' from 'https://cache.numtide.com'...
copying path '/nix/store/s7m44fgmxmfyd9hr1kcpqldf79r5dnq3-libxv-1.0.13' from 'https://cache.numtide.com'...
copying path '/nix/store/wxqcgkadfax1vhpfwdyj27wabj09zbb4-lttng-ust-2.15.1' from 'https://cache.numtide.com'...
copying path '/nix/store/h203q41kcnhjk9sgimxrh8ahpnxs80ql-mesa-libgbm-26.1.3' from 'https://cache.numtide.com'...
copying path '/nix/store/1bp02949k0xdihbgphpwbzba1741pknk-jq-1.8.2-bin' from 'https://cache.numtide.com'...
copying path '/nix/store/k1pyl18ryjq30id4cjw2yya5sws8lsgr-hunspell-1.7.3' from 'https://cache.numtide.com'...
copying path '/nix/store/7wd341z35pfv2ki8jrvn0fn8bvxqh78d-libedit-20260508-3.1' from 'https://cache.numtide.com'...
copying path '/nix/store/1p2gjq4x396yj65rig8fyzhrdza0psd6-openssl-3.6.3' from 'https://cache.numtide.com'...
copying path '/nix/store/9jlw4ym7cp0gnn539fkq6xfdwnjyyibw-orc-0.4.42' from 'https://cache.numtide.com'...
copying path '/nix/store/xydzyfil8zcmr90ycn654shsw4ypif26-p11-kit-0.26.2' from 'https://cache.numtide.com'...
copying path '/nix/store/bx13mhzpi1va0gccy86ycpbdj9agaw46-patch-2.8' from 'https://cache.numtide.com'...
copying path '/nix/store/if2h609psbpg1ysf1m27dpshjk2wzpk4-patchelf-0.15.2' from 'https://cache.numtide.com'...
copying path '/nix/store/n2r7cb0l9w9wx02k2hpwgzzp5vmb216a-pcre2-10.46' from 'https://cache.numtide.com'...
copying path '/nix/store/gfgr11fc6rd0rnbalj2qk69s4jyy5rsb-jq-1.8.2-dev' from 'https://cache.numtide.com'...
copying path '/nix/store/fsxv9lig5w64bk370cza54ka7bnr66ml-libxtst-1.2.5' from 'https://cache.numtide.com'...
copying path '/nix/store/1hnla84yxyb9n6kx1gaa7r48fxxpwhgk-pcsclite-2.4.1-lib' from 'https://cache.numtide.com'...
copying path '/nix/store/6cb7wx69cn0wislifq716mgm4dl9gq82-pixman-0.46.4' from 'https://cache.numtide.com'...
copying path '/nix/store/g9ac3mzy8ngbx7q5r887x6956f5j3kaf-libepoxy-1.5.10' from 'https://cache.numtide.com'...
copying path '/nix/store/3niwx8kshf71ls3cyhx42nl296wnf94j-popt-1.19' from 'https://cache.numtide.com'...
copying path '/nix/store/hlh0l88m7sqv1gdhnc4b6lbv2saij54p-qrencode-4.1.1' from 'https://cache.numtide.com'...
copying path '/nix/store/3yfiiflma4rfll7fyjzk5f2k58j859jq-readline-8.3p3' from 'https://cache.numtide.com'...
copying path '/nix/store/m7g50x4r68b2yz9498asl91dqmzsp88x-sbc-2.2' from 'https://cache.numtide.com'...
copying path '/nix/store/bbzjxfam8vv1nyikn5dsrazsw4ya5vzx-bash-interactive-5.3p9' from 'https://cache.numtide.com'...
copying path '/nix/store/p48bl1kiw42fakak404srawmlr730b7j-gnugrep-3.12' from 'https://cache.numtide.com'...
copying path '/nix/store/cb5yp2g2hvx9dd40j6qx78c1778crrfi-libselinux-3.10' from 'https://cache.numtide.com'...
copying path '/nix/store/9nkhm6lznbd58x0g7iq3xyg4s43ax351-serd-0.32.8' from 'https://cache.numtide.com'...
copying path '/nix/store/6pn2qxmbsn41rwvv1kx32f3anx4la213-simdjson-4.6.4' from 'https://cache.numtide.com'...
copying path '/nix/store/nvp5yi4v24054615ipz6mvn6dlqf4bjj-simdutf-6.5.0' from 'https://cache.numtide.com'...
copying path '/nix/store/aqfhgisqgzvhpnkhk70bb4ljldm8hw03-simdutf-9.0.0' from 'https://cache.numtide.com'...
copying path '/nix/store/fc70bn2wmyiyra4vgjp2jr9dg5rxckm3-krb5-1.22.2-lib' from 'https://cache.numtide.com'...
copying path '/nix/store/g5fr9yilsxzga6zr7ps51ix49wqnz8aw-ldns-1.9.2' from 'https://cache.numtide.com'...
copying path '/nix/store/g6q2hlnzri61h3c8ml836h6i9bi95nf6-libsrtp-2.8.0' from 'https://cache.numtide.com'...
copying path '/nix/store/agjaky3sk5lndja37a5w80n146pqpdlv-libtpms-0.10.2-unstable-2026-05-06' from 'https://cache.numtide.com'...
copying path '/nix/store/b6l94phwchvacbgaw80l7jn3qv1xkqm2-nghttp2-1.69.0' from 'https://cache.numtide.com'...
copying path '/nix/store/ig1dybzs8qr3vwfsqlj1dcszbag1crpk-ngtcp2-1.23.0' from 'https://cache.numtide.com'...
copying path '/nix/store/xq2vp20ar9vq7awvgacwqsj6z96r0xg7-openssl-3.6.3-bin' from 'https://cache.numtide.com'...
copying path '/nix/store/nvdhs8b5q4cwzh9ivzgim809wn5syv8y-libdv-1.0.0' from 'https://cache.numtide.com'...
copying path '/nix/store/0ag7nvd1kw5fjqy3nszhy8qsh6ypg52d-opusfile-0.12' from 'https://cache.numtide.com'...
copying path '/nix/store/6i59wxpbi2jjna54rv6yx0srqly310zv-soundtouch-2.4.1' from 'https://cache.numtide.com'...
copying path '/nix/store/22a3jbi4yhsz18dqm5qridiwggij18r3-soxr-0.1.3' from 'https://cache.numtide.com'...
copying path '/nix/store/0mzbcx8w1h0gc1hs60c6kr2cp69b4bp3-speex-1.2.1' from 'https://cache.numtide.com'...
copying path '/nix/store/dbbfnxh0308rbli2jblm19l6pcdk25sd-ngtcp2-1.23.0-dev' from 'https://cache.numtide.com'...
copying path '/nix/store/p51s9bcmbi3lzqb6n1f78ib3r1qg6bdd-speexdsp-1.2.1' from 'https://cache.numtide.com'...
copying path '/nix/store/qdny790rmmsqpbrxzbx56z65jqvabkx4-srt-1.5.5' from 'https://cache.numtide.com'...
copying path '/nix/store/bpd0s0xnsa9jhyghvx2qcjhaiw1sdfrj-ada-3.4.4' from 'https://cache.numtide.com'...
copying path '/nix/store/2khall7z7v8304j4rjzjkdm9zy3dairq-svt-av1-4.1.0' from 'https://cache.numtide.com'...
copying path '/nix/store/jvnhc1z9c04n4a7b2z2hzbajsa5i6ygd-openssl-3.6.3-dev' from 'https://cache.numtide.com'...
copying path '/nix/store/jc2h41mlibm4jw2inb8l87ly549jykgn-tremor-unstable-2018-03-16' from 'https://cache.numtide.com'...
copying path '/nix/store/614rcv0ddpsrk1prfln6wnsfdjba182h-nghttp2-1.69.0-dev' from 'https://cache.numtide.com'...
copying path '/nix/store/mdhswwpw301miwazqrfxc5xwm0qlm0wh-unbound-1.25.1-lib' from 'https://cache.numtide.com'...
copying path '/nix/store/fmqgdrf01lbbw8jkscy1y1fasn7m8jvm-mjpegtools-2.2.1-lib' from 'https://cache.numtide.com'...
copying path '/nix/store/bnz12q7krhpam19qyy7my8vyy2fq9vkx-util-linux-minimal-2.42.2-lib' from 'https://cache.numtide.com'...
copying path '/nix/store/4ksxs7pb2k4jbm9ivk1nyhcb9ay33irk-util-linux-minimal-2.42.2-login' from 'https://cache.numtide.com'...
copying path '/nix/store/5b6ksplwlnqavnl44rrdphr9sb7dbagp-uvwasi-0.0.23' from 'https://cache.numtide.com'...
copying path '/nix/store/kwy4x1b78hsb5ddqr1slr8q0w4gipz1n-vid.stab-1.1.1-unstable-2025-08-21' from 'https://cache.numtide.com'...
copying path '/nix/store/s72pl2fa919h81zy68g7acqm0k6jbpfc-vo-aacenc-0.1.3' from 'https://cache.numtide.com'...
copying path '/nix/store/xin0b9mlvl6w1qqhvr2nfdcv5qns1b13-vulkan-loader-1.4.350.0' from 'https://cache.numtide.com'...
copying path '/nix/store/jhii1129pvh9z64z2rvrq52vjb96g7ih-wavpack-5.9.0' from 'https://cache.numtide.com'...
copying path '/nix/store/b4r5xlxclsvy3z6fvvwf74vln5l1hw4y-wayland-1.25.0' from 'https://cache.numtide.com'...
copying path '/nix/store/k27qln2h7m4qdd4dq2rrggi7xhydc7vc-webrtc-audio-processing-1.3' from 'https://cache.numtide.com'...
copying path '/nix/store/6mfdz3yr7zrw20z7sgipp8n4dznblgs1-webrtc-audio-processing-2.1' from 'https://cache.numtide.com'...
copying path '/nix/store/h9df8dpgxlf3wj2i6pdkqlxisdxzhxkb-woff2-1.0.2-lib' from 'https://cache.nixos.org'...
copying path '/nix/store/hzh1xd59v8qb7w47lmg5zj98aswf8fl9-x264-0-unstable-2025-01-03-lib' from 'https://cache.numtide.com'...
copying path '/nix/store/hy3zs4fnch2kgfrhl21fzvv0pifwinv7-x265-4.2' from 'https://cache.numtide.com'...
copying path '/nix/store/5qzk211j0jzwnvvwkj61c7b6vv3g3dsx-gnutls-3.8.13' from 'https://cache.numtide.com'...
copying path '/nix/store/mb1mnmbywqrdl4dlr4nbc85zsn0w7qb3-xvidcore-1.3.7' from 'https://cache.numtide.com'...
copying path '/nix/store/q7fhx54vz7hs8yr9jph2q8qq8pbg9crz-xz-5.8.3' from 'https://cache.numtide.com'...
copying path '/nix/store/agbxw5715rdxf4zhdkq6m6bcw0bfw01s-libva-2.23.0' from 'https://cache.numtide.com'...
copying path '/nix/store/xg73b708qsrdvb82vdwvir097p9w7vr3-libxkbcommon-1.13.2' from 'https://cache.numtide.com'...
copying path '/nix/store/s5n27jdfikq95618hl8x1mz9rnb9hsl8-systemd-minimal-libs-261' from 'https://cache.numtide.com'...
copying path '/nix/store/7x5j08md1jm7q2xph4xszq7i4qrxhp87-zimg-3.0.6' from 'https://cache.numtide.com'...
copying path '/nix/store/nh78yrmwvgq3slrjhh3a2242hz5pwvaw-zix-0.6.2' from 'https://cache.numtide.com'...
copying path '/nix/store/b2swxfi8srrbsafvh9iyyhd26mz9giwf-zlib-1.3.2' from 'https://cache.numtide.com'...
copying path '/nix/store/vx2aqxs99ii6pkzndddnbrsqbc4jwpb6-glib-2.88.1' from 'https://cache.numtide.com'...
copying path '/nix/store/as9c067rglzrz46xs1c1kpqbpj2x77r1-libunwind-1.8.3' from 'https://cache.numtide.com'...
copying path '/nix/store/gx5j2bb6d9jvy1j84ap9v2n1j170d4m5-util-linux-minimal-2.42.2-mount' from 'https://cache.numtide.com'...
copying path '/nix/store/wy0kg2p9k0k4ip5c1xpx952l75wszacq-util-linux-minimal-2.42.2-swap' from 'https://cache.numtide.com'...
copying path '/nix/store/68hf1657rfhnzi3s0l3gmqjjh1pr54dy-xz-5.8.3-bin' from 'https://cache.numtide.com'...
copying path '/nix/store/qv6q79r6jwpzi6qm178ifdckavbpq9dq-zstd-1.5.7' from 'https://cache.numtide.com'...
copying path '/nix/store/xaqccxraxpc59f7nax7fa1na9pnjsy68-zvbi-0.2.44' from 'https://cache.numtide.com'...
copying path '/nix/store/nfklic27g0vaygbpgshwpr43757jr1kd-libmicrohttpd-1.0.5' from 'https://cache.numtide.com'...
copying path '/nix/store/g1s34kbai0ccbq8s3hvqwh10zs9as5dc-binutils-2.46-lib' from 'https://cache.numtide.com'...
copying path '/nix/store/hlyrsfjpwj321w7prpll63vp92p9nv7r-cracklib-2.10.3' from 'https://cache.numtide.com'...
copying path '/nix/store/5p2d3z74570j4mlwrfh35i9vqizb00w1-file-5.48' from 'https://cache.numtide.com'...
copying path '/nix/store/cqzmdgzwvi3xv3pfl4zymj7yaprkp7c8-file-5.48' from 'https://cache.numtide.com'...
copying path '/nix/store/7044psd9fqb4jcs4v1js0v0r6gyrkvys-game-music-emu-0.6.5' from 'https://cache.numtide.com'...
copying path '/nix/store/0axpqqmj1rcanmm2i8vzpd8xxwkmq2jf-gcc-15.2.0' from 'https://cache.numtide.com'...
copying path '/nix/store/zl38jwyrv0z2ynvsc66jdhhsxbrl3zxj-hdrhistogram_c-0.11.9' from 'https://cache.numtide.com'...
copying path '/nix/store/g02dzjg0fxqyccj50sqxg7hkqplcg40q-gperftools-2.18.1' from 'https://cache.nixos.org'...
copying path '/nix/store/0vmjdcayzxsk0mrvgqd7ggk1c7pa3ifz-kbd-2.9.0' from 'https://cache.numtide.com'...
copying path '/nix/store/cla3wavh3w44h816p1mjs8883g4cbvnr-kexec-tools-2.0.32' from 'https://cache.numtide.com'...
copying path '/nix/store/n2vvdz8gkdfi4w6fql13kg7h6xb23s47-kmod-31' from 'https://cache.numtide.com'...
copying path '/nix/store/h521k4m9w7qph7vhxvc2f9rd3k1b9686-kmod-31-lib' from 'https://cache.numtide.com'...
copying path '/nix/store/zp3kyaqq5jiaj02n0kwhlj7n1sb5cmmy-libajantv2-17.5.0' from 'https://cache.numtide.com'...
copying path '/nix/store/m2yj6vyavwwmsqgzs5bl0zpwqg7kc0vz-libarchive-3.8.8-lib' from 'https://cache.numtide.com'...
copying path '/nix/store/33kr10rbzbqanvbbplxfkw4v1clx2yaj-libfido2-1.17.0' from 'https://cache.numtide.com'...
copying path '/nix/store/sqmwx813v11mi3ilr1fjd9z9awkv36wd-libmysofa-1.3.3' from 'https://cache.numtide.com'...
copying path '/nix/store/p2qkymfwxislcs4dfsw1hl8pia59q8pz-libpng-apng-1.6.58' from 'https://cache.numtide.com'...
copying path '/nix/store/8c6m5w7blawqlwcnhad0fdn3sqkcligf-libssh-0.12.0' from 'https://cache.numtide.com'...
copying path '/nix/store/x2si3p3yj72i4q2infk82w5wc23a549g-libssh2-1.11.1' from 'https://cache.numtide.com'...
copying path '/nix/store/rxxv0mihq0j1vcqy6jiby14d48fvnv97-libusb-1.0.30' from 'https://cache.numtide.com'...
copying path '/nix/store/ddk8rvjihg4vhh1k6x9rc65y1zb1kx34-binutils-2.46' from 'https://cache.numtide.com'...
copying path '/nix/store/7xk8kbly1sa3ryax7zf3hsbhc2arxiwj-linux-pam-1.7.2' from 'https://cache.numtide.com'...
copying path '/nix/store/z44pj74xazwcfb15qb7md157fsqqi9ri-alsa-ucm-conf-1.2.16' from 'https://cache.numtide.com'...
copying path '/nix/store/xvi03yby595s37rvcwplvfcrc1qs6qg9-lvm2-2.03.41-lib' from 'https://cache.numtide.com'...
copying path '/nix/store/lk6wxqrkmj0mass5c2cf6iwga0l2rmvk-neon-0.37.1' from 'https://cache.numtide.com'...
copying path '/nix/store/rj77rczpp20inm6khn8wcmaygpazayvz-hfst-ospell-0.5.4' from 'https://cache.numtide.com'...
copying path '/nix/store/fn0k2qlkgicm4z1s53z6132kkzi5izlr-curl-8.21.0' from 'https://cache.numtide.com'...
copying path '/nix/store/3jg5gw4pcg25jdaa0kl78q63ibiylrbs-pciutils-3.15.0' from 'https://cache.numtide.com'...
copying path '/nix/store/09gac8c1amws12ysg2d8lbhd6ya0rwwa-freetype-2.14.3' from 'https://cache.numtide.com'...
copying path '/nix/store/0n517hiwwwja7dmaz536f6rdanfs0gdc-libwebp-1.6.0' from 'https://cache.numtide.com'...
copying path '/nix/store/cc9zsahxyx5my7bqid4dzkljw2dd9ygm-perl-5.42.0' from 'https://cache.numtide.com'...
copying path '/nix/store/5l0r36qjyy1lnrfvkc6gvs8qb0dx6vmb-dconf-0.49.0-lib' from 'https://cache.numtide.com'...
copying path '/nix/store/cvkawav05xab32c6ljsx32vazvjzmns5-glibmm-2.66.8' from 'https://cache.numtide.com'...
copying path '/nix/store/p4j27d0562xma7y3hpls2lm6v20sbfcv-curl-8.21.0-bin' from 'https://cache.numtide.com'...
copying path '/nix/store/hkxx26hifhkm5xsfwk1khwi1bkal3i9k-elfutils-0.195' from 'https://cache.numtide.com'...
copying path '/nix/store/6p97959dzbf5f8yy19cx99xnz5jhq9wg-cryptsetup-2.8.6' from 'https://cache.numtide.com'...
copying path '/nix/store/61p1cfjll7ihdmpki7swddwfincymg0d-graphene-1.10.8' from 'https://cache.numtide.com'...
copying path '/nix/store/6v3x79khipmf0zbn2yivvx7n15jccv47-alsa-lib-1.2.16' from 'https://cache.numtide.com'...
copying path '/nix/store/dgg0895w9jm1map19bahsb05d0ykn5b2-harfbuzz-icu-13.2.1' from 'https://cache.numtide.com'...
copying path '/nix/store/52gyhzb5zldg9j8vfz0rn9rwd0s0fnsh-json-glib-1.10.8' from 'https://cache.numtide.com'...
copying path '/nix/store/1jcjkhs4fl8nlmsdrlzx7dcxrvxx1bzd-libgudev-238' from 'https://cache.numtide.com'...
copying path '/nix/store/d6zvljhpks5p59a192wq90pr8ynknixx-libical-3.0.20' from 'https://cache.numtide.com'...
copying path '/nix/store/24r7mzlkjlmz2vwblx898sjqk1v23290-libproxy-0.5.12' from 'https://cache.numtide.com'...
copying path '/nix/store/iwidbf2cyjcsgjmqw1znn5l9hpgzldz8-libpwquality-1.4.5-lib' from 'https://cache.numtide.com'...
copying path '/nix/store/bviwi9lin0hv2dnqhcc6d63cc91sgn2c-libtiff-4.7.1' from 'https://cache.numtide.com'...
copying path '/nix/store/g71zvvjz6h8rf7cz8z8v7j8ijw25s6km-fontconfig-2.18.1-lib' from 'https://cache.numtide.com'...
copying path '/nix/store/sqnii8dl55xsjyyp11z8yj8kn4m98arv-harfbuzz-13.2.1' from 'https://cache.numtide.com'...
copying path '/nix/store/vxpy4fnnspsfya8m8i11pzxkydkaykxx-libvoikko-4.3.3' from 'https://cache.numtide.com'...
copying path '/nix/store/x7bgc8hc705pndn7dqnlfmi901q76xgi-libbpf-1.7.0' from 'https://cache.numtide.com'...
copying path '/nix/store/rb39674h9zj3v56r2w5xrr02ga53anmh-libxml++-3.2.5' from 'https://cache.numtide.com'...
copying path '/nix/store/71zy9jmcszcfmmn4zf68sm8vywryybhp-openssh-10.3p1' from 'https://cache.numtide.com'...
copying path '/nix/store/c41f23fypz4sm6f4588vy82d03ks1c54-procps-4.0.6' from 'https://cache.numtide.com'...
copying path '/nix/store/pnqnq9ilah41f816ls1gzvc62h52x68g-raptor2-2.0.16' from 'https://cache.numtide.com'...
copying path '/nix/store/nhjmc8clp6igx6n6zrjxlh7zri78p7ng-binutils-wrapper-2.46' from 'https://cache.numtide.com'...
copying path '/nix/store/ndsghg0fsahw01qjgyazcvhgxgywp9nl-cairo-1.18.4' from 'https://cache.numtide.com'...
copying path '/nix/store/sjxlsjqpzc40xfsaj3xghzdp7hixmc8z-fontconfig-2.18.1-bin' from 'https://cache.numtide.com'...
copying path '/nix/store/2s06jnjp7gz3fvhk4wl3jisg05ahi1kg-glib-networking-2.80.1' from 'https://cache.numtide.com'...
copying path '/nix/store/qjhvmcbysvdvvrxc26bgz0b28jhikqs5-gdk-pixbuf-2.44.6' from 'https://cache.numtide.com'...
copying path '/nix/store/lyw2ih0cyv63lrr7pa45g8hy0lazfc49-ffado-2.4.9' from 'https://cache.numtide.com'...
copying path '/nix/store/8650lsm4fwhc5s9rhqis2ghrpvaj0qax-libbluray-1.4.1' from 'https://cache.numtide.com'...
copying path '/nix/store/aycbdmpzrfbi77nixn4022clp6vzg129-libass-0.17.4' from 'https://cache.numtide.com'...
copying path '/nix/store/9b7m5d94b7kf545arjmvwix2j04ya91l-libwebp-1.6.0' from 'https://cache.numtide.com'...
copying path '/nix/store/63cfg8v0qaaqfhxc0nm1kldc0ddlv6a9-libxft-2.3.9' from 'https://cache.numtide.com'...
copying path '/nix/store/cwp1j9nxsjg397wm4qsrn8vg9wksgbdi-lrdf-0.6.1' from 'https://cache.numtide.com'...
copying path '/nix/store/hgx6371r4z6pd0n2clnipi5ibp09kvxy-openjpeg-2.5.4' from 'https://cache.numtide.com'...
copying path '/nix/store/ycrzd3wwpgxqqn2ppygacjd6vscybvkk-procps-4.0.6-dev' from 'https://cache.nixos.org'...
copying path '/nix/store/3xhc1p6b6mib2125myiah2n0rlpdggd7-rtmpdump-2.6' from 'https://cache.numtide.com'...
copying path '/nix/store/k5zrvznvg3h4b7spivvflxsb1xxw1i0k-ruby-3.4.9' from 'https://cache.nixos.org'...
copying path '/nix/store/ixvpvkr2s92pbi6si1ki8yk3fs1gvlf2-shellcheck-0.11.0-bin' from 'https://cache.numtide.com'...
copying path '/nix/store/cbk3hnxpb22x2qicxm958p5ljp54bznp-gobject-introspection-1.86.0' from 'https://cache.numtide.com'...
copying path '/nix/store/v7gf9rkgi5zw2xql4zgbrzyvfgjdpw89-sord-0.16.22' from 'https://cache.numtide.com'...
copying path '/nix/store/6qc7j21bbm7s8434g099waz1lmwf262v-spandsp-0.0.6' from 'https://cache.numtide.com'...
copying path '/nix/store/ys77wd39wlgzrwqz9gfw1c45bc1mmklh-sqlite-3.53.1' from 'https://cache.numtide.com'...
copying path '/nix/store/0mp29iwi73bx0kvkrdv8hpkzya4zhp99-aspell-0.60.8.2' from 'https://cache.numtide.com'...
copying path '/nix/store/0m51z75bs4w8palk1a5a2sgykazqrfcw-hspell-1.4' from 'https://cache.numtide.com'...
copying path '/nix/store/5x3899zr68zkavkq8lcl539ny9mzr1ml-pango-1.57.1' from 'https://cache.numtide.com'...
copying path '/nix/store/039a76ld66lja5991ryh4xps79fq379q-sqlite-3.53.1-bin' from 'https://cache.numtide.com'...
copying path '/nix/store/gikfyrrg5a864lkr2px8rgkgd4b61ri2-stdenv-linux-no-cc' from 'https://cache.numtide.com'...
copying path '/nix/store/310a5dkk208avcssn660rwlbh37kxd8h-libavif-1.4.2' from 'https://cache.numtide.com'...
copying path '/nix/store/zwxznyhy5bhj670bkznlyl5byifc5y42-openssh-10.3p1-dev' from 'https://cache.nixos.org'...
copying path '/nix/store/brkafranc7dph4p1brbnx8z70b0yl6l6-shellcheck-0.11.0' from 'https://cache.nixos.org'...
copying path '/nix/store/aasxphn29fli1djhbgh7pydw1rihv9y6-libjxl-0.8.2' from 'https://cache.nixos.org'...
copying path '/nix/store/c4bk50l40xii6bdgjx9ahj1h52diawjw-systemd-minimal-261' from 'https://cache.numtide.com'...
copying path '/nix/store/hrjjv5zcf0qpm5vz8hbzml8gvlydpjgb-tcb-1.2' from 'https://cache.numtide.com'...
copying path '/nix/store/x0kj54d5dcmvv8f4z2zdy3hpni6pl9sz-tpm2-tss-4.1.3' from 'https://cache.numtide.com'...
building '/nix/store/gkk4zhx01bpphkw580a3cjg3lbm5yvli-builder.pl.drv'...
copying path '/nix/store/0lk7hvc5b7955gdfki77mkjsryhjdmrn-v4l-utils-1.32.0' from 'https://cache.numtide.com'...
copying path '/nix/store/l589hy9k5ya3myvwpj408if997argqs0-zstd-1.5.7-bin' from 'https://cache.numtide.com'...
copying path '/nix/store/qc4hj5kb6fjcm2ng8ircxd5hbjm677lc-zxing-cpp-2.3.0' from 'https://cache.numtide.com'...
copying path '/nix/store/ymljs7syalr09if9317b9bn13qfwn506-wildmidi-0.4.6' from 'https://cache.numtide.com'...
copying path '/nix/store/fjas1zgi2xawi1aldkyn2d920jc1avcf-zlib-1.3.2-dev' from 'https://cache.numtide.com'...
copying path '/nix/store/72ilr5mwj9wyfam56lf4f5cf6m6g3wad-libsoup-3.6.6' from 'https://cache.numtide.com'...
copying path '/nix/store/asams9pxmvyf0b1z604rckjlcwsqfjsz-librsvg-2.62.3' from 'https://cache.numtide.com'...
copying path '/nix/store/xlkc4vn33rgfrsyxbsh5p5y43rn9r6qz-nss-3.112.5' from 'https://cache.numtide.com'...
copying path '/nix/store/jxyrvv4gbpnp3ap5iy7wxwl1sg4x2x88-python3-3.14.6' from 'https://cache.numtide.com'...
copying path '/nix/store/bmmqgl4ia8krjzw8rb2wwcdjcknafcrs-shadow-4.19.4' from 'https://cache.numtide.com'...
copying path '/nix/store/ayljf8nj74y6nkjvj8s8yy2dm79xfm5x-enchant-2.6.9' from 'https://cache.numtide.com'...
copying path '/nix/store/gfkx12n2ph1j6wpq8dp8h6mdfgw0kxn2-sqlite-3.53.1-dev' from 'https://cache.numtide.com'...
copying path '/nix/store/gz0nl88yk751l7h5pdhif83j1bd5rf65-sratom-0.6.22' from 'https://cache.numtide.com'...
copying path '/nix/store/1d6bkrgx8igdjrkyxk1sgcaw702a8bv0-libpng-apng-1.6.58-dev' from 'https://cache.numtide.com'...
copying path '/nix/store/3v7kqg55hx4awhy5hdckniypbgqbqfmx-systemd-261' from 'https://cache.numtide.com'...
copying path '/nix/store/24s8pmskic0hcjy0w5vbvx5lqpf4915r-util-linux-2.42.2-lib' from 'https://cache.numtide.com'...
copying path '/nix/store/zx7b60hx5zaxn1l3h2gh6ybaf0px2vm9-gssdp-1.6.5' from 'https://cache.numtide.com'...
copying path '/nix/store/0n024dhzxyg45w8wzfshqx36gjggmqd2-zstd-1.5.7-dev' from 'https://cache.numtide.com'...
copying path '/nix/store/480gg1nnnww6wy8hd22n5y8msddr749m-lilv-0.28.0' from 'https://cache.numtide.com'...
copying path '/nix/store/f7symbs7clrx8sjm1fkvmsnis6lq635n-freetype-2.14.3-dev' from 'https://cache.numtide.com'...
copying path '/nix/store/lr7r41r0p40yj3lyxvlcnl18qcahri8v-gupnp-1.6.10' from 'https://cache.numtide.com'...
copying path '/nix/store/0nbp03038s33ck712yx9219gcj3a2sqm-nodejs-slim-24.18.0' from 'https://cache.numtide.com'...
copying path '/nix/store/93vg59k99hwa17z57vphd5ik6fiwmsh8-dbus-1.16.2-lib' from 'https://cache.numtide.com'...
copying path '/nix/store/6pvhn3x8dcc9jffbslndaaps905n3yj7-fontconfig-2.18.1-dev' from 'https://cache.numtide.com'...
copying path '/nix/store/n8rkxsazccpbqka5w51d4a850nl4fvc0-at-spi2-core-2.60.4' from 'https://cache.numtide.com'...
copying path '/nix/store/6bkmxzmvvy1iw3y2637qvlv6z8dnwy8p-avahi-0.8' from 'https://cache.numtide.com'...
copying path '/nix/store/dlg9rq1zqrrbvhvdhwr5bvl53j4j2imm-bluez-5.86' from 'https://cache.numtide.com'...
copying path '/nix/store/balx6s8vqjn4gv99xjd1smmgc2mf0ig7-libjack2-1.9.22' from 'https://cache.numtide.com'...
copying path '/nix/store/rydq1gn4xf5mw13xww5drbsssdzrwx3i-libpulseaudio-17.0' from 'https://cache.numtide.com'...
copying path '/nix/store/hb19ck5msfdv0vkqd8ph9dpxbr8l4z32-util-linux-2.42.2-lastlog' from 'https://cache.numtide.com'...
copying path '/nix/store/kbch6pcaqg5yjnr29j53x4j587pgfm15-util-linux-2.42.2-login' from 'https://cache.numtide.com'...
copying path '/nix/store/xbrrl9b21r0czlzmzw49wdc2r8qz4cnc-util-linux-2.42.2-mount' from 'https://cache.numtide.com'...
copying path '/nix/store/3zwagjqbqqcc9lvckiibkp5na02as77c-util-linux-2.42.2-swap' from 'https://cache.numtide.com'...
copying path '/nix/store/fvgxqdb0ln8h2jp7wda4043h2758hmg0-gupnp-igd-1.6.0' from 'https://cache.numtide.com'...
copying path '/nix/store/br1vpqmmx8zvvhcvkxlh9cxf3p5vv468-bundler-2.7.2' from 'https://cache.nixos.org'...
copying path '/nix/store/rp1q6qn7i102dhm3hkqvwgzz2nbvkghp-gen-bin-stubs' from 'https://cache.nixos.org'...
copying path '/nix/store/hqglba4mskndc55mc5ipcgh6pghgjh79-ruby3.4-bigdecimal-3.1.8' from 'https://cache.nixos.org'...
copying path '/nix/store/k6lgr9ap1hnd6y22fyc5a39bi5kzjpxs-ruby3.4-curses-1.4.6' from 'https://cache.nixos.org'...
copying path '/nix/store/47sci83xkqsq8ri2fs70hxfz6vk4f8z9-ruby3.4-domain_name-0.6.20240107' from 'https://cache.nixos.org'...
copying path '/nix/store/kd19b79cfbj56p65x78hwf4icignigvs-ruby3.4-io-console-0.7.2' from 'https://cache.nixos.org'...
copying path '/nix/store/lm9b4i6frcqgjxn8v9wwykkzr9b1s2b1-ruby3.4-json-2.7.2' from 'https://cache.nixos.org'...
copying path '/nix/store/grnjs2kl3fakhxiprk1dyaf0yf7sfjxc-ruby3.4-ruby-progressbar-1.13.0' from 'https://cache.nixos.org'...
copying path '/nix/store/amq08df64pdv8dy54vk72918v2m525c2-ruby3.4-securerandom-0.3.1' from 'https://cache.nixos.org'...
copying path '/nix/store/7wmfgd0bhyvv3gdasr15b0h1g97dvr2l-ruby3.4-reline-0.5.10' from 'https://cache.nixos.org'...
copying path '/nix/store/wmqzgxjga7vnx1j7w4n6161pkgkkqcl7-ruby3.4-http-cookie-1.0.7' from 'https://cache.nixos.org'...
copying path '/nix/store/agcrh1swimq6y60b4npra1ldmg0620cx-ruby3.4-activesupport-7.2.1' from 'https://cache.nixos.org'...
copying path '/nix/store/c9bwd1cn35d0954rvvj6vcd2rwifvh2x-ruby3.4-rest-client-2.1.0' from 'https://cache.nixos.org'...
copying path '/nix/store/xkq37i5382d249a74s1bdsh5hk4kp5yf-cups-2.4.19-lib' from 'https://cache.numtide.com'...
copying path '/nix/store/yjfci7bnbc7zsm14y9zb6lp3vkwmjr4h-tinysparql-3.11.1' from 'https://cache.numtide.com'...
copying path '/nix/store/7q54jqrip0q391vvmbyh2k9c7jpj9fnn-ruby3.4-highline-3.1.1' from 'https://cache.nixos.org'...
copying path '/nix/store/0zny6ldfisrpgizb87j1igva6s13xk8f-playwright-chromium-headless-shell' from 'https://cache.nixos.org'...
copying path '/nix/store/b72p7qifdfck19a7lylqcgwhnlz8h34j-util-linux-2.42.2-bin' from 'https://cache.numtide.com'...
copying path '/nix/store/9lrzp73zz8hffiym739lrcl8rzi25nwa-ruby3.4-haveapi-client-0.23.7' from 'https://cache.nixos.org'...
copying path '/nix/store/r5n4br2b4rbsy1qz3gj2ix342ha5fizv-flite-2.2-lib' from 'https://cache.numtide.com'...
copying path '/nix/store/kbpv79q9aqbz4xm9df81w6hwxk8fkypz-fluidsynth-2.5.5' from 'https://cache.numtide.com'...
copying path '/nix/store/v87724r0icypyk8zcphcf2xwx7706vb1-mpg123-1.33.5' from 'https://cache.numtide.com'...
copying path '/nix/store/zkvyyl7l7pnyh6862ddrqs8c34fpmib0-libao-1.2.2' from 'https://cache.numtide.com'...
copying path '/nix/store/6rya66gyk9g9mqrz2rdn0i3p56376bkc-ruby3.4-vpsadmin-client-4.0.0' from 'https://cache.nixos.org'...
copying path '/nix/store/8ijrjcx54vlmdph66f3y7r046vvgg0bb-sox-unstable-2021-05-09-lib' from 'https://cache.numtide.com'...
copying path '/nix/store/6qv40p5vmxqg9yr55qm2hibrxny7i553-playwright-chromium' from 'https://cache.nixos.org'...
copying path '/nix/store/2s390ny0h0mk176dmqhy7x41rw6crlb0-gtk+3-3.24.52' from 'https://cache.numtide.com'...
copying path '/nix/store/vvvvjj6svggmvbmhlnzv967kx7g89zc8-libopenmpt-0.8.7' from 'https://cache.numtide.com'...
copying path '/nix/store/x6rd6iqbg5c7h6xh0ihyi78jv9y9c8wl-ruby3.4-vpsfree-client-0.19.0' from 'https://cache.nixos.org'...
copying path '/nix/store/kbrq4nh1fdh9z8hfyk8389q8ycpbg14n-util-linux-2.42.2-dev' from 'https://cache.numtide.com'...
copying path '/nix/store/fpss3v29k1qgw8aslic99wbrqyhvk5y4-roc-toolkit-0.4.0' from 'https://cache.numtide.com'...
building '/nix/store/08v5x2rmqchjf4jnrfnkcjpzzgwfby7m-vpsfree-client-0.19.0.drv'...
copying path '/nix/store/2dvg1rk810zsvj12nc6yq13ra9j5yr0z-nodejs-slim-24.18.0-corepack' from 'https://cache.numtide.com'...
copying path '/nix/store/37mb0wx26g4n9fs8ymm2cw5f899xph4i-nodejs-slim-24.18.0-npm' from 'https://cache.numtide.com'...
copying path '/nix/store/vdaz6sk455r8sbpi7wzaf9vlz5i9yyvx-gcc-wrapper-15.2.0' from 'https://cache.numtide.com'...
copying path '/nix/store/kpm6vrxbd98i97gz7c35a7ff92497gqr-ffmpeg-headless-8.1.2-lib' from 'https://cache.numtide.com'...
building '/nix/store/9a8db0xb9vgnkwj6y1az9zms1fkqgv0d-vpsfree-client-0.19.0.drv'...
copying path '/nix/store/sg7xjcivmh51ckjdr7bjik3lghd8kjax-stdenv-linux' from 'https://cache.numtide.com'...
copying path '/nix/store/lnfxdsvvm1srsa9kk94s7jqw06yq1h2d-nodejs-24.18.0' from 'https://cache.numtide.com'...
copying path '/nix/store/slchgz7fksbhc0fb19rniwknlp4jg232-chromaprint-1.6.0' from 'https://cache.numtide.com'...
copying path '/nix/store/j3l7caclyf0p5679njgznjk9ia0bmdsb-gstreamer-1.28.4' from 'https://cache.numtide.com'...
copying path '/nix/store/bskx7mjzsna7ciwx5fnvw9937p5ygijk-gst-plugins-base-1.28.4' from 'https://cache.numtide.com'...
copying path '/nix/store/xm0mqnyv9k7bamzpd9p66sxla3rx6na8-libcanberra-0.30' from 'https://cache.numtide.com'...
copying path '/nix/store/savcbh1jd5cjv0rqsy0gj51zmd71nx6w-libnice-0.1.23' from 'https://cache.numtide.com'...
copying path '/nix/store/v7y51qsgb0y3j7n26l7qgnb24lsawsp5-libcamera-0.7.0' from 'https://cache.numtide.com'...
copying path '/nix/store/mnb6gpwx37k6vc66xhgha2d56llbshcv-pipewire-1.6.7' from 'https://cache.numtide.com'...
copying path '/nix/store/vv4zp6i5l1sm8r5lq4zmg21lja7swl1a-openal-soft-1.24.3' from 'https://cache.numtide.com'...
copying path '/nix/store/nvqkhvdw9xqk948rq5rx8nwb5rwmkzry-playwright-firefox' from 'https://cache.nixos.org'...
copying path '/nix/store/jyklr8yr8xvhc6sc9894rma8i6y3wdb6-gst-plugins-bad-1.28.4' from 'https://cache.numtide.com'...
copying path '/nix/store/y1zbrgz4mhnlig9pgrvxpapkz5aydbhd-playwright-webkit' from 'https://cache.nixos.org'...
copying path '/nix/store/bcf8w1529mgspizwjsp3iwvaq26plrgj-playwright-browsers' from 'https://cache.nixos.org'...
copying path '/nix/store/5cwkzbaxg65vbbnjvz05w8jm9m9kbam7-playwright-test-1.61.1' from 'https://cache.nixos.org'...
building '/nix/store/qzyprj8210d90h8r7d88b153wjy8dvjf-nix-shell-env.drv'...
warning: Git tree '/home/aither/workspace/ai/vpsfree.cz/worktrees/2026-09-14-kernel-history-fix/vpsfree-kb-contracts' is dirty
Syntax OK
Syntax OK
Syntax OK
Syntax OK
Syntax OK
Syntax OK
Syntax OK
Valid documentation contract: 45 controls, 36 paths, 35 capture concepts, 3 semantic selectors
Valid KB annotation inventory: 94 bindings, 9 exceptions
Valid page contract: 4 pages, 8 variants, 12 tests, 21 executable samples
Valid managed page sources: no reader-visible DEBIAN_FRONTEND
Run options: --seed 62637

# Running:

........

Finished in 4.215703s, 1.8977 runs/s, 11.8604 assertions/s.

8 runs, 50 assertions, 0 failures, 0 errors, 0 skips
Run options: --seed 6906

# Running:

..........

Finished in 2.025408s, 4.9373 runs/s, 10.8620 assertions/s.

10 runs, 22 assertions, 0 failures, 0 errors, 0 skips
Run options: --seed 25954

# Running:

......................................

Finished in 12.048123s, 3.1540 runs/s, 9.2961 assertions/s.

38 runs, 112 assertions, 0 failures, 0 errors, 0 skips
Run options: --seed 25425

# Running:

....

Finished in 1.188808s, 3.3647 runs/s, 8.4118 assertions/s.

4 runs, 10 assertions, 0 failures, 0 errors, 0 skips
Valid inventory: 60 concepts, 120 variants, 66 Czech references, 61 English references, 120 PNGs
