warning: Git tree '/home/aither/workspace/ai/vpsfree.cz/worktrees/2026-09-14-kernel-history-fix/vpsadmin' is dirty
Bundle complete! 30 Gemfile dependencies, 117 gems now installed.
Bundled gems are installed into `./.gems`
Started local MariaDB test database at mysql2://root:root@127.0.0.1:40517/vpsadmin_test?encoding=utf8mb3&collation=utf8mb3_unicode_ci
-- create_table("auth_tokens", {id: {type: :integer, unsigned: true}, charset: "utf8mb3", collation: "utf8mb3_czech_ci", force: :cascade})
   -> 0.0659s
-- create_table("branches", {id: {type: :integer, unsigned: true}, charset: "utf8mb3", collation: "utf8mb3_czech_ci", force: :cascade})
   -> 0.0395s
-- create_table("cluster_resource_package_items", {id: {type: :integer, unsigned: true}, charset: "utf8mb3", collation: "utf8mb3_czech_ci", force: :cascade})
   -> 0.0467s
-- create_table("cluster_resource_packages", {id: {type: :integer, unsigned: true}, charset: "utf8mb3", collation: "utf8mb3_czech_ci", force: :cascade})
   -> 0.0471s
-- create_table("cluster_resource_uses", {id: {type: :integer, unsigned: true}, charset: "utf8mb3", collation: "utf8mb3_czech_ci", force: :cascade})
   -> 0.0525s
-- create_table("cluster_resources", {id: {type: :integer, unsigned: true}, charset: "utf8mb3", collation: "utf8mb3_czech_ci", force: :cascade})
   -> 0.0575s
-- create_table("components", {charset: "utf8mb3", collation: "utf8mb3_czech_ci", force: :cascade})
   -> 0.0419s
-- create_table("dataset_actions", {id: {type: :integer, unsigned: true}, charset: "utf8mb3", collation: "utf8mb3_czech_ci", force: :cascade})
   -> 0.0295s
-- create_table("dataset_expansion_events", {charset: "utf8mb3", collation: "utf8mb3_czech_ci", force: :cascade})
   -> 0.0392s
-- create_table("dataset_expansion_histories", {charset: "utf8mb3", collation: "utf8mb3_czech_ci", force: :cascade})
   -> 0.0495s
-- create_table("dataset_expansions", {charset: "utf8mb3", collation: "utf8mb3_czech_ci", force: :cascade})
   -> 0.0505s
-- create_table("dataset_in_pool_plans", {id: {type: :integer, unsigned: true}, charset: "utf8mb3", collation: "utf8mb3_czech_ci", force: :cascade})
   -> 0.0283s
-- create_table("dataset_in_pools", {id: {type: :integer, unsigned: true}, charset: "utf8mb3", collation: "utf8mb3_czech_ci", force: :cascade})
   -> 0.0367s
-- create_table("dataset_plans", {id: {type: :integer, unsigned: true}, charset: "utf8mb3", collation: "utf8mb3_czech_ci", force: :cascade})
   -> 0.0343s
-- create_table("dataset_properties", {id: {type: :integer, unsigned: true}, charset: "utf8mb3", collation: "utf8mb3_czech_ci", force: :cascade})
   -> 0.0556s
-- create_table("dataset_property_histories", {id: {type: :integer, unsigned: true}, charset: "utf8mb3", collation: "utf8mb3_czech_ci", force: :cascade})
   -> 0.0348s
-- create_table("dataset_trees", {id: {type: :integer, unsigned: true}, charset: "utf8mb3", collation: "utf8mb3_czech_ci", force: :cascade})
   -> 0.0364s
-- create_table("datasets", {id: {type: :integer, unsigned: true}, charset: "utf8mb3", collation: "utf8mb3_czech_ci", force: :cascade})
   -> 0.0816s
-- create_table("default_lifetime_values", {id: {type: :integer, unsigned: true}, charset: "utf8mb3", collation: "utf8mb3_czech_ci", force: :cascade})
   -> 0.0291s
-- create_table("default_object_cluster_resources", {id: {type: :integer, unsigned: true}, charset: "utf8mb3", collation: "utf8mb3_czech_ci", force: :cascade})
   -> 0.0283s
-- create_table("default_user_cluster_resource_packages", {id: {type: :integer, unsigned: true}, charset: "utf8mb3", collation: "utf8mb3_czech_ci", force: :cascade})
   -> 0.0376s
-- create_table("dns_record_logs", {charset: "utf8mb3", collation: "utf8mb3_czech_ci", force: :cascade})
   -> 0.0335s
-- create_table("dns_records", {charset: "utf8mb3", collation: "utf8mb3_czech_ci", force: :cascade})
   -> 0.0694s
-- create_table("dns_resolvers", {id: {type: :integer, unsigned: true}, charset: "utf8mb3", collation: "utf8mb3_czech_ci", force: :cascade})
   -> 0.0372s
-- create_table("dns_server_zone_transfer_logs", {charset: "utf8mb3", collation: "utf8mb3_czech_ci", force: :cascade})
   -> 0.0406s
-- create_table("dns_server_zones", {charset: "utf8mb3", collation: "utf8mb3_czech_ci", force: :cascade})
   -> 0.0799s
-- create_table("dns_servers", {charset: "utf8mb3", collation: "utf8mb3_czech_ci", force: :cascade})
   -> 0.0423s
-- create_table("dns_tsig_keys", {charset: "utf8mb3", collation: "utf8mb3_czech_ci", force: :cascade})
   -> 0.0332s
-- create_table("dns_zone_transfers", {charset: "utf8mb3", collation: "utf8mb3_czech_ci", force: :cascade})
   -> 0.0500s
-- create_table("dns_zones", {charset: "utf8mb3", collation: "utf8mb3_czech_ci", force: :cascade})
   -> 0.0472s
-- create_table("dnssec_records", {charset: "utf8mb3", collation: "utf8mb3_czech_ci", force: :cascade})
   -> 0.0230s
-- create_table("environment_dataset_plans", {id: {type: :integer, unsigned: true}, charset: "utf8mb3", collation: "utf8mb3_czech_ci", force: :cascade})
   -> 0.0196s
-- create_table("environment_user_configs", {id: {type: :integer, unsigned: true}, charset: "utf8mb3", collation: "utf8mb3_czech_ci", force: :cascade})
   -> 0.0265s
-- create_table("environments", {id: {type: :integer, unsigned: true}, charset: "utf8mb3", collation: "utf8mb3_czech_ci", force: :cascade})
   -> 0.0254s
-- create_table("export_hosts", {id: {type: :integer, unsigned: true}, charset: "utf8mb3", collation: "utf8mb3_czech_ci", force: :cascade})
   -> 0.0246s
-- create_table("export_mounts", {charset: "utf8mb3", collation: "utf8mb3_czech_ci", force: :cascade})
   -> 0.0314s
-- create_table("exports", {id: {type: :integer, unsigned: true}, charset: "utf8mb3", collation: "utf8mb3_czech_ci", force: :cascade})
   -> 0.0311s
-- create_table("group_snapshots", {id: {type: :integer, unsigned: true}, charset: "utf8mb3", collation: "utf8mb3_czech_ci", force: :cascade})
   -> 0.0233s
-- create_table("host_ip_addresses", {id: {type: :integer, unsigned: true}, charset: "utf8mb3", collation: "utf8mb3_czech_ci", force: :cascade})
   -> 0.0323s
-- create_table("incident_reports", {charset: "utf8mb3", collation: "utf8mb3_czech_ci", force: :cascade})
   -> 0.0539s
-- create_table("ip_address_assignments", {charset: "utf8mb3", collation: "utf8mb3_czech_ci", force: :cascade})
   -> 0.0463s
-- create_table("ip_addresses", {id: {type: :integer, unsigned: true}, charset: "utf8mb3", collation: "utf8mb3_czech_ci", force: :cascade})
   -> 0.0343s
-- create_table("ip_traffic_monthly_summaries", {id: {type: :integer, unsigned: true}, charset: "utf8mb3", collation: "utf8mb3_czech_ci", force: :cascade})
   -> 0.0552s
-- create_table("languages", {id: {type: :integer, unsigned: true}, charset: "utf8mb3", collation: "utf8mb3_czech_ci", force: :cascade})
   -> 0.0255s
-- create_table("location_networks", {id: {type: :integer, unsigned: true}, charset: "utf8mb3", collation: "utf8mb3_czech_ci", force: :cascade})
   -> 0.0285s
-- create_table("locations", {id: {type: :integer, unsigned: true}, charset: "utf8mb3", collation: "utf8mb3_czech_ci", force: :cascade})
   -> 0.0211s
-- create_table("mail_logs", {id: {type: :integer, unsigned: true}, charset: "utf8mb3", collation: "utf8mb3_czech_ci", force: :cascade})
   -> 0.0269s
-- create_table("mail_recipients", {id: {type: :integer, unsigned: true}, charset: "utf8mb3", collation: "utf8mb3_czech_ci", force: :cascade})
   -> 0.0222s
-- create_table("mail_template_recipients", {id: {type: :integer, unsigned: true}, charset: "utf8mb3", collation: "utf8mb3_czech_ci", force: :cascade})
   -> 0.0239s
-- create_table("mail_template_translations", {id: {type: :integer, unsigned: true}, charset: "utf8mb3", collation: "utf8mb3_czech_ci", force: :cascade})
   -> 0.0306s
-- create_table("mail_templates", {id: {type: :integer, unsigned: true}, charset: "utf8mb3", collation: "utf8mb3_czech_ci", force: :cascade})
   -> 0.0275s
-- create_table("mailbox_handlers", {charset: "utf8mb3", collation: "utf8mb3_czech_ci", force: :cascade})
   -> 0.0323s
-- create_table("mailboxes", {charset: "utf8mb3", collation: "utf8mb3_czech_ci", force: :cascade})
   -> 0.0209s
-- create_table("maintenance_locks", {id: {type: :integer, unsigned: true}, charset: "utf8mb3", collation: "utf8mb3_czech_ci", force: :cascade})
   -> 0.0261s
-- create_table("metrics_access_tokens", {charset: "utf8mb3", collation: "utf8mb3_czech_ci", force: :cascade})
   -> 0.0259s
-- create_table("migration_plans", {id: {type: :integer, unsigned: true}, charset: "utf8mb3", collation: "utf8mb3_czech_ci", force: :cascade})
   -> 0.0188s
-- create_table("mirrors", {id: {type: :integer, unsigned: true}, charset: "utf8mb3", collation: "utf8mb3_czech_ci", force: :cascade})
   -> 0.0163s
-- create_table("mounts", {id: {type: :integer, unsigned: true}, charset: "utf8mb3", collation: "utf8mb3_czech_ci", force: :cascade})
   -> 0.0286s
-- create_table("network_interface_daily_accountings", {primary_key: ["network_interface_id", "user_id", "year", "month", "day"], charset: "utf8mb3", collation: "utf8mb3_czech_ci", force: :cascade})
   -> 0.0361s
-- create_table("network_interface_monitors", {primary_key: "network_interface_id", id: :bigint, default: nil, charset: "utf8mb3", collation: "utf8mb3_czech_ci", force: :cascade})
   -> 0.0195s
-- create_table("network_interface_monthly_accountings", {primary_key: ["network_interface_id", "user_id", "year", "month"], charset: "utf8mb3", collation: "utf8mb3_czech_ci", force: :cascade})
   -> 0.0286s
-- create_table("network_interface_yearly_accountings", {primary_key: ["network_interface_id", "user_id", "year"], charset: "utf8mb3", collation: "utf8mb3_czech_ci", force: :cascade})
   -> 0.0309s
-- create_table("network_interfaces", {id: {type: :integer, unsigned: true}, charset: "utf8mb3", collation: "utf8mb3_czech_ci", force: :cascade})
   -> 0.0328s
-- create_table("networks", {id: {type: :integer, unsigned: true}, charset: "utf8mb3", collation: "utf8mb3_czech_ci", force: :cascade})
   -> 0.0345s
-- create_table("node_current_statuses", {id: {type: :integer, unsigned: true}, charset: "utf8mb3", collation: "utf8mb3_czech_ci", force: :cascade})
   -> 0.0391s
-- create_table("node_ebpf_program_links", {charset: "utf8mb3", collation: "utf8mb3_bin", force: :cascade})
   -> 0.0313s
-- create_table("node_ebpf_program_objects", {charset: "utf8mb3", collation: "utf8mb3_bin", force: :cascade})
   -> 0.0461s
-- create_table("node_ebpf_programs", {charset: "utf8mb3", collation: "utf8mb3_bin", force: :cascade})
   -> 0.0392s
-- create_table("node_kernel_configuration_options", {charset: "utf8mb3", collation: "utf8mb3_bin", force: :cascade})
   -> 0.0334s
-- create_table("node_kernel_configurations", {charset: "utf8mb3", collation: "utf8mb3_bin", force: :cascade})
   -> 0.0396s
-- create_table("node_kernel_events", {charset: "utf8mb3", collation: "utf8mb3_czech_ci", force: :cascade})
   -> 0.0444s
-- create_table("node_kernel_evidence_errors", {charset: "utf8mb3", collation: "utf8mb3_bin", force: :cascade})
   -> 0.0235s
-- create_table("node_kernel_evidences", {charset: "utf8mb3", collation: "utf8mb3_bin", force: :cascade})
   -> 0.0333s
-- create_table("node_kernel_history_gaps", {charset: "utf8mb3", collation: "utf8mb3_czech_ci", force: :cascade})
   -> 0.0227s
-- create_table("node_kernel_history_states", {charset: "utf8mb3", collation: "utf8mb3_czech_ci", force: :cascade})
   -> 0.0156s
-- create_table("node_kernel_livepatch_patches", {charset: "utf8mb3", collation: "utf8mb3_bin", force: :cascade})
   -> 0.0226s
-- create_table("node_kernel_livepatches", {charset: "utf8mb3", collation: "utf8mb3_bin", force: :cascade})
   -> 0.0264s
-- create_table("node_kernel_modules", {charset: "utf8mb3", collation: "utf8mb3_bin", force: :cascade})
   -> 0.0277s
-- create_table("node_kernel_parameters", {charset: "utf8mb3", collation: "utf8mb3_bin", force: :cascade})
   -> 0.0304s
-- create_table("node_software_changes", {charset: "utf8mb3", collation: "utf8mb3_bin", force: :cascade})
   -> 0.0293s
-- create_table("node_software_versions", {charset: "utf8mb3", collation: "utf8mb3_bin", force: :cascade})
   -> 0.0372s
-- create_table("node_statuses", {id: {type: :integer, unsigned: true}, charset: "utf8mb3", collation: "utf8mb3_czech_ci", force: :cascade})
   -> 0.0241s
-- create_table("node_sysctl_changes", {charset: "utf8mb3", collation: "utf8mb3_bin", force: :cascade})
   -> 0.0281s
-- create_table("node_sysctls", {charset: "utf8mb3", collation: "utf8mb3_bin", force: :cascade})
   -> 0.0276s
-- create_table("node_system_history_states", {charset: "utf8mb3", collation: "utf8mb3_czech_ci", force: :cascade})
   -> 0.0344s
-- create_table("node_system_states", {charset: "utf8mb3", collation: "utf8mb3_czech_ci", force: :cascade})
   -> 0.0339s
-- create_table("node_transfer_connections", {charset: "utf8mb3", collation: "utf8mb3_czech_ci", force: :cascade})
   -> 0.0263s
-- create_table("nodes", {id: {type: :integer, unsigned: true}, charset: "utf8mb3", collation: "utf8mb3_czech_ci", force: :cascade})
   -> 0.0411s
-- create_table("oauth2_authorizations", {charset: "utf8mb3", collation: "utf8mb3_czech_ci", force: :cascade})
   -> 0.0404s
-- create_table("oauth2_clients", {charset: "utf8mb3", collation: "utf8mb3_czech_ci", force: :cascade})
   -> 0.0276s
-- create_table("object_histories", {id: {type: :integer, unsigned: true}, charset: "utf8mb3", collation: "utf8mb3_czech_ci", force: :cascade})
   -> 0.0272s
-- create_table("object_states", {id: {type: :integer, unsigned: true}, charset: "utf8mb3", collation: "utf8mb3_czech_ci", force: :cascade})
   -> 0.0211s
-- create_table("oom_preventions", {charset: "utf8mb3", collation: "utf8mb3_czech_ci", force: :cascade})
   -> 0.0234s
-- create_table("oom_report_counters", {charset: "utf8mb3", collation: "utf8mb3_czech_ci", force: :cascade})
   -> 0.0255s
-- create_table("oom_report_rules", {charset: "utf8mb3", collation: "utf8mb3_czech_ci", force: :cascade})
   -> 0.0218s
-- create_table("oom_report_stats", {id: {type: :integer, unsigned: true}, charset: "utf8mb3", collation: "utf8mb3_czech_ci", force: :cascade})
   -> 0.0222s
-- create_table("oom_report_tasks", {id: {type: :integer, unsigned: true}, charset: "utf8mb3", collation: "utf8mb3_czech_ci", force: :cascade})
   -> 0.0239s
-- create_table("oom_report_usages", {id: {type: :integer, unsigned: true}, charset: "utf8mb3", collation: "utf8mb3_czech_ci", force: :cascade})
   -> 0.0265s
-- create_table("oom_reports", {id: {type: :integer, unsigned: true}, charset: "utf8mb3", collation: "utf8mb3_czech_ci", force: :cascade})
   -> 0.0382s
-- create_table("os_families", {charset: "utf8mb3", collation: "utf8mb3_czech_ci", force: :cascade})
   -> 0.0185s
-- create_table("os_templates", {id: {type: :integer, unsigned: true}, charset: "utf8mb3", collation: "utf8mb3_czech_ci", force: :cascade})
   -> 0.0331s
-- create_table("password_change_logs", {charset: "utf8mb3", collation: "utf8mb3_czech_ci", force: :cascade})
   -> 0.0390s
-- create_table("password_event_counters", {charset: "utf8mb3", collation: "utf8mb3_czech_ci", force: :cascade})
   -> 0.0383s
-- create_table("password_recoveries", {charset: "utf8mb3", collation: "utf8mb3_czech_ci", force: :cascade})
   -> 0.0512s
-- create_table("password_recovery_requests", {charset: "utf8mb3", collation: "utf8mb3_czech_ci", force: :cascade})
   -> 0.0432s
-- create_table("password_recovery_submissions", {charset: "utf8mb3", collation: "utf8mb3_czech_ci", force: :cascade})
   -> 0.0434s
-- create_table("pools", {id: {type: :integer, unsigned: true}, charset: "utf8mb3", collation: "utf8mb3_czech_ci", force: :cascade})
   -> 0.0166s
-- create_table("port_reservations", {id: {type: :integer, unsigned: true}, charset: "utf8mb3", collation: "utf8mb3_czech_ci", force: :cascade})
   -> 0.0251s
-- create_table("repeatable_tasks", {id: {type: :integer, unsigned: true}, charset: "utf8mb3", collation: "utf8mb3_czech_ci", force: :cascade})
   -> 0.0174s
-- create_table("resource_locks", {id: {type: :integer, unsigned: true}, charset: "utf8mb3", collation: "utf8mb3_czech_ci", force: :cascade})
   -> 0.0252s
-- create_table("security_advisories", {charset: "utf8mb3", collation: "utf8mb3_czech_ci", force: :cascade})
   -> 0.0338s
-- create_table("security_advisory_cves", {charset: "utf8mb3", collation: "utf8mb3_czech_ci", force: :cascade})
   -> 0.0244s
-- create_table("security_advisory_node_status_translations", {charset: "utf8mb3", collation: "utf8mb3_czech_ci", force: :cascade})
   -> 0.0246s
-- create_table("security_advisory_node_statuses", {charset: "utf8mb3", collation: "utf8mb3_czech_ci", force: :cascade})
   -> 0.0232s
-- create_table("security_advisory_translations", {charset: "utf8mb3", collation: "utf8mb3_czech_ci", force: :cascade})
   -> 0.0250s
-- create_table("security_advisory_updates", {charset: "utf8mb3", collation: "utf8mb3_czech_ci", force: :cascade})
   -> 0.0287s
-- create_table("security_advisory_users", {charset: "utf8mb3", collation: "utf8mb3_czech_ci", force: :cascade})
   -> 0.0165s
-- create_table("security_advisory_vpses", {charset: "utf8mb3", collation: "utf8mb3_czech_ci", force: :cascade})
   -> 0.0270s
-- create_table("single_sign_ons", {charset: "utf8mb3", collation: "utf8mb3_czech_ci", force: :cascade})
   -> 0.0218s
-- create_table("snapshot_downloads", {id: {type: :integer, unsigned: true}, charset: "utf8mb3", collation: "utf8mb3_czech_ci", force: :cascade})
   -> 0.0276s
-- create_table("snapshot_in_pool_clones", {id: {type: :integer, unsigned: true}, charset: "utf8mb3", collation: "utf8mb3_czech_ci", force: :cascade})
   -> 0.0240s
-- create_table("snapshot_in_pool_in_branches", {id: {type: :integer, unsigned: true}, charset: "utf8mb3", collation: "utf8mb3_czech_ci", force: :cascade})
   -> 0.0330s
-- create_table("snapshot_in_pools", {id: {type: :integer, unsigned: true}, charset: "utf8mb3", collation: "utf8mb3_czech_ci", force: :cascade})
   -> 0.0392s
-- create_table("snapshots", {id: {type: :integer, unsigned: true}, charset: "utf8mb3", collation: "utf8mb3_czech_ci", force: :cascade})
   -> 0.0337s
-- create_table("sysconfig", {id: {type: :integer, unsigned: true}, charset: "utf8mb3", collation: "utf8mb3_czech_ci", force: :cascade})
   -> 0.0327s
-- create_table("tokens", {id: {type: :integer, unsigned: true}, charset: "utf8mb3", collation: "utf8mb3_czech_ci", force: :cascade})
   -> 0.0381s
-- create_table("transaction_chain_concerns", {id: {type: :integer, unsigned: true}, charset: "utf8mb3", collation: "utf8mb3_czech_ci", force: :cascade})
   -> 0.0450s
-- create_table("transaction_chains", {id: {type: :integer, unsigned: true}, charset: "utf8mb3", collation: "utf8mb3_czech_ci", force: :cascade})
   -> 0.0572s
-- create_table("transaction_confirmations", {id: {type: :integer, unsigned: true}, charset: "utf8mb3", collation: "utf8mb3_czech_ci", force: :cascade})
   -> 0.0408s
-- create_table("transactions", {id: {type: :integer, unsigned: true}, charset: "utf8mb3", collation: "utf8mb3_czech_ci", force: :cascade})
   -> 0.0568s
-- create_table("user_agents", {id: {type: :integer, unsigned: true}, charset: "utf8mb3", collation: "utf8mb3_czech_ci", force: :cascade})
   -> 0.0255s
-- create_table("user_cluster_resource_packages", {id: {type: :integer, unsigned: true}, charset: "utf8mb3", collation: "utf8mb3_czech_ci", force: :cascade})
   -> 0.0367s
-- create_table("user_cluster_resources", {id: {type: :integer, unsigned: true}, charset: "utf8mb3", collation: "utf8mb3_czech_ci", force: :cascade})
   -> 0.0328s
-- create_table("user_devices", {charset: "utf8mb3", collation: "utf8mb3_czech_ci", force: :cascade})
   -> 0.0350s
-- create_table("user_failed_logins", {id: {type: :integer, unsigned: true}, charset: "utf8mb3", collation: "utf8mb3_czech_ci", force: :cascade})
   -> 0.0282s
-- create_table("user_mail_role_recipients", {id: {type: :integer, unsigned: true}, charset: "utf8mb3", collation: "utf8mb3_czech_ci", force: :cascade})
   -> 0.0284s
-- create_table("user_mail_template_recipients", {id: {type: :integer, unsigned: true}, charset: "utf8mb3", collation: "utf8mb3_czech_ci", force: :cascade})
   -> 0.0348s
-- create_table("user_namespace_blocks", {id: {type: :integer, unsigned: true}, charset: "utf8mb3", collation: "utf8mb3_czech_ci", force: :cascade})
   -> 0.0337s
-- create_table("user_namespace_map_entries", {id: {type: :integer, unsigned: true}, charset: "utf8mb3", collation: "utf8mb3_czech_ci", force: :cascade})
   -> 0.0290s
-- create_table("user_namespace_maps", {id: {type: :integer, unsigned: true}, charset: "utf8mb3", collation: "utf8mb3_czech_ci", force: :cascade})
   -> 0.0273s
-- create_table("user_namespaces", {id: {type: :integer, unsigned: true}, charset: "utf8mb3", collation: "utf8mb3_czech_ci", force: :cascade})
   -> 0.0372s
-- create_table("user_public_keys", {id: {type: :integer, unsigned: true}, charset: "utf8mb3", collation: "utf8mb3_czech_ci", force: :cascade})
   -> 0.0241s
-- create_table("user_sessions", {id: {type: :integer, unsigned: true}, charset: "utf8mb3", collation: "utf8mb3_czech_ci", force: :cascade})
   -> 0.0264s
-- create_table("user_totp_devices", {id: {type: :integer, unsigned: true}, charset: "utf8mb3", collation: "utf8mb3_czech_ci", force: :cascade})
   -> 0.0322s
-- create_table("users", {id: {type: :integer, unsigned: true}, charset: "utf8mb3", collation: "utf8mb3_czech_ci", force: :cascade})
   -> 0.0337s
-- create_table("uuids", {charset: "utf8mb3", collation: "utf8mb3_czech_ci", force: :cascade})
   -> 0.0270s
-- create_table("versions", {id: {type: :integer, unsigned: true}, charset: "utf8mb3", collation: "utf8mb3_czech_ci", force: :cascade})
   -> 0.0267s
-- create_table("vps_consoles", {id: {type: :integer, unsigned: true}, charset: "utf8mb3", collation: "utf8mb3_czech_ci", force: :cascade})
   -> 0.0223s
-- create_table("vps_current_statuses", {id: {type: :integer, unsigned: true}, charset: "utf8mb3", collation: "utf8mb3_czech_ci", force: :cascade})
   -> 0.0288s
-- create_table("vps_features", {id: {type: :integer, unsigned: true}, charset: "utf8mb3", collation: "utf8mb3_czech_ci", force: :cascade})
   -> 0.0264s
-- create_table("vps_maintenance_windows", {id: {type: :integer, unsigned: true}, charset: "utf8mb3", collation: "utf8mb3_czech_ci", force: :cascade})
   -> 0.0222s
-- create_table("vps_migrations", {id: {type: :integer, unsigned: true}, charset: "utf8mb3", collation: "utf8mb3_czech_ci", force: :cascade})
   -> 0.0220s
-- create_table("vps_os_processes", {primary_key: ["vps_id", "state"], charset: "utf8mb3", collation: "utf8mb3_czech_ci", force: :cascade})
   -> 0.0269s
-- create_table("vps_ssh_host_keys", {charset: "utf8mb3", collation: "utf8mb3_czech_ci", force: :cascade})
   -> 0.0212s
-- create_table("vps_statuses", {id: {type: :integer, unsigned: true}, charset: "utf8mb3", collation: "utf8mb3_czech_ci", force: :cascade})
   -> 0.0286s
-- create_table("vps_user_data", {charset: "utf8mb3", collation: "utf8mb3_czech_ci", force: :cascade})
   -> 0.0231s
-- create_table("vpses", {id: {type: :integer, unsigned: true}, charset: "utf8mb3", collation: "utf8mb3_czech_ci", force: :cascade})
   -> 0.0425s
-- create_table("webauthn_challenges", {charset: "utf8mb3", collation: "utf8mb3_czech_ci", force: :cascade})
   -> 0.0249s
-- create_table("webauthn_credentials", {charset: "utf8mb3", collation: "utf8mb3_czech_ci", force: :cascade})
   -> 0.0202s
-- add_foreign_key("node_current_statuses", "node_kernel_evidences", {on_delete: :nullify})
   -> 0.0334s
-- add_foreign_key("node_ebpf_program_links", "node_ebpf_programs", {on_delete: :cascade})
   -> 0.0294s
-- add_foreign_key("node_ebpf_program_objects", "node_ebpf_programs", {on_delete: :cascade})
   -> 0.0358s
-- add_foreign_key("node_ebpf_programs", "node_kernel_evidences", {on_delete: :cascade})
   -> 0.0297s
-- add_foreign_key("node_kernel_configuration_options", "node_kernel_configurations", {on_delete: :cascade})
   -> 0.0295s
-- add_foreign_key("node_kernel_events", "node_kernel_evidences", {on_delete: :nullify})
   -> 0.0478s
-- add_foreign_key("node_kernel_evidence_errors", "node_kernel_evidences", {on_delete: :cascade})
   -> 0.0286s
-- add_foreign_key("node_kernel_history_gaps", "node_kernel_history_states", {on_delete: :cascade})
   -> 0.0423s
-- add_foreign_key("node_kernel_livepatch_patches", "node_kernel_livepatches", {on_delete: :cascade})
   -> 0.0313s
-- add_foreign_key("node_kernel_livepatches", "node_kernel_evidences", {on_delete: :cascade})
   -> 0.0382s
-- add_foreign_key("node_kernel_modules", "node_kernel_evidences", {on_delete: :cascade})
   -> 0.0485s
-- add_foreign_key("node_kernel_parameters", "node_kernel_evidences", {on_delete: :cascade})
   -> 0.0356s
-- add_foreign_key("node_software_changes", "node_kernel_events", {on_delete: :cascade})
   -> 0.0401s
-- add_foreign_key("node_software_versions", "node_kernel_evidences", {on_delete: :cascade})
   -> 0.0445s
-- add_foreign_key("node_sysctl_changes", "node_kernel_events", {on_delete: :cascade})
   -> 0.0387s
-- add_foreign_key("node_sysctls", "node_kernel_evidences", {on_delete: :cascade})
   -> 0.0367s
Run options: exclude {generator: true}

Randomized with seed 40250
== 20170223191015 Setup: migrating ============================================
-- create_table(:outages, {options: "ENGINE=InnoDB", id: :integer})
   -> 0.0351s
-- add_index(:outages, :state, {name: "index_outages_on_state"})
   -> 0.0345s
-- add_index(:outages, :outage_type, {name: "index_outages_on_outage_type"})
   -> 0.0271s
-- add_index(:outages, :planned, {name: "index_outages_on_planned"})
   -> 0.0202s
-- create_table(:outage_entities, {options: "ENGINE=InnoDB", id: :integer})
   -> 0.0141s
-- add_index(:outage_entities, :outage_id, {name: "index_outage_entities_on_outage_id"})
   -> 0.0263s
-- add_index(:outage_entities, :name, {name: "index_outage_entities_on_name"})
   -> 0.0277s
-- add_index(:outage_entities, :row_id, {name: "index_outage_entities_on_row_id"})
   -> 0.0289s
-- add_index(:outage_entities, [:outage_id, :name, :row_id], {unique: true, name: "index_outage_entities_on_outage_id_and_name_and_row_id"})
   -> 0.0420s
-- create_table(:outage_handlers, {options: "ENGINE=InnoDB", id: :integer})
   -> 0.0184s
-- add_index(:outage_handlers, :outage_id, {name: "index_outage_handlers_on_outage_id"})
   -> 0.0258s
-- add_index(:outage_handlers, :user_id, {name: "index_outage_handlers_on_user_id"})
   -> 0.0309s
-- add_index(:outage_handlers, [:outage_id, :user_id], {unique: true, name: "index_outage_handlers_on_outage_id_and_user_id"})
   -> 0.0409s
-- create_table(:outage_updates, {options: "ENGINE=InnoDB", id: :integer})
   -> 0.0163s
-- add_index(:outage_updates, :outage_id, {name: "index_outage_updates_on_outage_id"})
   -> 0.0267s
-- add_index(:outage_updates, :reported_by_id, {name: "index_outage_updates_on_reported_by_id"})
   -> 0.0269s
-- add_index(:outage_updates, :state, {name: "index_outage_updates_on_state"})
   -> 0.0308s
-- add_index(:outage_updates, :outage_type, {name: "index_outage_updates_on_outage_type"})
   -> 0.0302s
-- create_table(:outage_translations, {options: "ENGINE=InnoDB", id: :integer})
   -> 0.0270s
-- add_index(:outage_translations, :outage_id, {name: "index_outage_translations_on_outage_id"})
   -> 0.0428s
-- add_index(:outage_translations, :outage_update_id, {name: "index_outage_translations_on_outage_update_id"})
   -> 0.0291s
-- add_index(:outage_translations, :language_id, {name: "index_outage_translations_on_language_id"})
   -> 0.0233s
-- add_index(:outage_translations, [:outage_id, :language_id], {unique: true, name: "index_outage_translations_on_outage_id_and_language_id"})
   -> 0.0287s
-- add_index(:outage_translations, [:outage_update_id, :language_id], {unique: true, name: "index_outage_translations_on_outage_update_id_and_language_id"})
   -> 0.0308s
-- create_table(:outage_vpses, {options: "ENGINE=InnoDB", id: :integer})
   -> 0.0151s
-- add_index(:outage_vpses, [:outage_id, :vps_id], {unique: true, name: "index_outage_vpses_on_outage_id_and_vps_id"})
   -> 0.0226s
-- add_index(:outage_vpses, :outage_id, {name: "index_outage_vpses_on_outage_id"})
   -> 0.0222s
-- add_index(:outage_vpses, :vps_id, {name: "index_outage_vpses_on_vps_id"})
   -> 0.0260s
-- add_index(:outage_vpses, :user_id, {name: "index_outage_vpses_on_user_id"})
   -> 0.0258s
-- add_index(:outage_vpses, :environment_id, {name: "index_outage_vpses_on_environment_id"})
   -> 0.0190s
-- add_index(:outage_vpses, :location_id, {name: "index_outage_vpses_on_location_id"})
   -> 0.0252s
-- add_index(:outage_vpses, :node_id, {name: "index_outage_vpses_on_node_id"})
   -> 0.0417s
-- create_table(:outage_vps_mounts, {options: "ENGINE=InnoDB", id: :integer})
   -> 0.0237s
-- add_index(:outage_vps_mounts, [:outage_vps_id, :mount_id], {unique: true, name: "index_outage_vps_mounts_on_outage_vps_id_and_mount_id"})
   -> 0.0229s
-- add_index(:outage_vps_mounts, :outage_vps_id, {name: "index_outage_vps_mounts_on_outage_vps_id"})
   -> 0.0183s
-- add_index(:outage_vps_mounts, :mount_id, {name: "index_outage_vps_mounts_on_mount_id"})
   -> 0.0161s
== 20170223191015 Setup: migrated (0.9741s) ===================================

== 20201129113300 AddOutageExports: migrating =================================
-- create_table(:outage_users, {options: "ENGINE=InnoDB", id: :integer})
   -> 0.0132s
-- add_index(:outage_users, [:outage_id, :user_id], {unique: true, name: "index_outage_users_on_outage_id_and_user_id"})
   -> 0.0214s
-- add_index(:outage_users, :outage_id, {name: "index_outage_users_on_outage_id"})
   -> 0.0248s
-- add_index(:outage_users, :user_id, {name: "index_outage_users_on_user_id"})
   -> 0.0296s
-- create_table(:outage_exports, {options: "ENGINE=InnoDB", id: :integer})
   -> 0.0149s
-- add_index(:outage_exports, [:outage_id, :export_id], {unique: true, name: "index_outage_exports_on_outage_id_and_export_id"})
   -> 0.0381s
-- add_index(:outage_exports, :outage_id, {name: "index_outage_exports_on_outage_id"})
   -> 0.0215s
-- add_index(:outage_exports, :export_id, {name: "index_outage_exports_on_export_id"})
   -> 0.0224s
-- add_index(:outage_exports, :user_id, {name: "index_outage_exports_on_user_id"})
   -> 0.0234s
-- add_index(:outage_exports, :environment_id, {name: "index_outage_exports_on_environment_id"})
   -> 0.0266s
-- add_index(:outage_exports, :location_id, {name: "index_outage_exports_on_location_id"})
   -> 0.0327s
-- add_index(:outage_exports, :node_id, {name: "index_outage_exports_on_node_id"})
   -> 0.0316s
== 20201129113300 AddOutageExports: migrated (0.3100s) ========================

== 20240123092400 RemoveVpsOutageMounts: migrating ============================
-- remove_index(:outage_vps_mounts, [:outage_vps_id, :mount_id], {unique: true})
   -> 0.0218s
-- drop_table(:outage_vps_mounts)
   -> 0.0100s
== 20240123092400 RemoveVpsOutageMounts: migrated (0.0323s) ===================

== 20240124093200 AddImpactType: migrating ====================================
-- add_column(:outages, :impact_type, :integer, {null: false, default: 0})
   -> 0.0160s
-- add_index(:outages, :impact_type)
   -> 0.0229s
-- remove_index(:outages, :planned)
   -> 0.0215s
-- remove_column(:outages, :planned, :boolean, {null: false, default: false})
   -> 0.0238s
-- remove_index(:outage_updates, :outage_type)
   -> 0.0193s
-- rename_column(:outage_updates, :outage_type, :impact_type)
   -> 0.0184s
-- add_index(:outage_updates, :impact_type)
   -> 0.0306s
== 20240124093200 AddImpactType: migrated (0.1589s) ===========================

== 20240124185400 AddAutoResolve: migrating ===================================
-- add_column(:outages, :auto_resolve, :boolean, {null: false, default: true})
   -> 0.0226s
== 20240124185400 AddAutoResolve: migrated (0.0228s) ==========================

== 20260601121000 AddOutageSecurityAdvisories: migrating ======================
-- create_table(:outage_security_advisories)
   -> 0.0115s
-- add_index(:outage_security_advisories, [:outage_id, :security_advisory_id], {unique: true, name: "index_osa_on_outage_advisory"})
   -> 0.0218s
-- add_index(:outage_security_advisories, :security_advisory_id)
   -> 0.0246s
== 20260601121000 AddOutageSecurityAdvisories: migrated (0.0587s) =============

== 20170121214350 Setup: migrating ============================================
-- create_table(:incoming_payments, {options: "ENGINE=InnoDB", id: :integer})
   -> 0.0220s
-- add_index(:incoming_payments, :transaction_id, {unique: true, name: "index_incoming_payments_on_transaction_id"})
   -> 0.0251s
-- add_index(:incoming_payments, :vs, {name: "index_incoming_payments_on_vs"})
   -> 0.0202s
-- add_index(:incoming_payments, :ks, {name: "index_incoming_payments_on_ks"})
   -> 0.0226s
-- add_index(:incoming_payments, :ss, {name: "index_incoming_payments_on_ss"})
   -> 0.0222s
-- create_table(:user_accounts, {options: "ENGINE=InnoDB", id: :integer})
   -> 0.0146s
-- add_index(:user_accounts, :user_id, {unique: true, name: "index_user_accounts_on_user_id"})
   -> 0.0311s
-- create_table(:user_payments, {options: "ENGINE=InnoDB", id: :integer})
   -> 0.0225s
-- add_index(:user_payments, :incoming_payment_id, {unique: true, name: "index_user_payments_on_incoming_payment_id"})
   -> 0.0251s
-- add_index(:user_payments, :user_id, {name: "index_user_payments_on_user_id"})
   -> 0.0271s
-- add_index(:user_payments, :accounted_by_id, {name: "index_user_payments_on_accounted_by_id"})
   -> 0.0292s
== 20170121214350 Setup: migrated (0.2681s) ===================================

== 20260706212000 LocalizePaymentInstructionsSysconfig: migrating =============
== 20260706212000 LocalizePaymentInstructionsSysconfig: migrated (0.0089s) ====

== 20260905180000 AddUserPaymentsCreatedAtIndex: migrating ====================
-- add_index(:user_payments, :created_at)
   -> 0.0226s
== 20260905180000 AddUserPaymentsCreatedAtIndex: migrated (0.0229s) ===========

== 20170122083340 Setup: migrating ============================================
-- create_table(:user_requests, {options: "ENGINE=InnoDB", id: :integer})
   -> 0.0236s
-- add_index(:user_requests, :user_id, {name: "index_user_requests_on_user_id"})
   -> 0.0184s
-- add_index(:user_requests, :type, {name: "index_user_requests_on_type"})
   -> 0.0147s
-- add_index(:user_requests, :state, {name: "index_user_requests_on_state"})
   -> 0.0130s
-- add_index(:user_requests, :admin_id, {name: "index_user_requests_on_admin_id"})
   -> 0.0177s
-- table_exists?(:members_changes)
   -> 0.0029s
== 20170122083340 Setup: migrated (0.0921s) ===================================

== 20170908165000 AddAccessToken: migrating ===================================
-- add_column(:user_requests, :access_token, :string, {null: true, limit: 40})
   -> 0.0142s
== 20170908165000 AddAccessToken: migrated (0.0145s) ==========================

== 20201126142500 AddIpMailChecks: migrating ==================================
-- add_column(:user_requests, :ip_checked, :boolean, {null: true})
   -> 0.0148s
-- add_column(:user_requests, :ip_request_id, :string, {limit: 50, null: true})
   -> 0.0156s
-- add_column(:user_requests, :ip_success, :boolean, {null: true})
   -> 0.0181s
-- add_column(:user_requests, :ip_message, :string, {limit: 255, null: true})
   -> 0.0177s
-- add_column(:user_requests, :ip_errors, :text, {null: true})
   -> 0.0238s
-- add_column(:user_requests, :ip_proxy, :boolean, {null: true})
   -> 0.0245s
-- add_column(:user_requests, :ip_crawler, :boolean, {null: true})
   -> 0.0246s
-- add_column(:user_requests, :ip_recent_abuse, :boolean, {null: true})
   -> 0.0188s
-- add_column(:user_requests, :ip_vpn, :boolean, {null: true})
   -> 0.0148s
-- add_column(:user_requests, :ip_tor, :boolean, {null: true})
   -> 0.0152s
-- add_column(:user_requests, :ip_fraud_score, :integer, {null: true})
   -> 0.0187s
-- add_column(:user_requests, :mail_checked, :boolean, {null: true})
   -> 0.0182s
-- add_column(:user_requests, :mail_request_id, :string, {limit: 50, null: true})
   -> 0.0171s
-- add_column(:user_requests, :mail_success, :boolean, {null: true})
   -> 0.0190s
-- add_column(:user_requests, :mail_message, :string, {limit: 255, null: true})
   -> 0.0196s
-- add_column(:user_requests, :mail_errors, :text, {null: true})
   -> 0.0211s
-- add_column(:user_requests, :mail_valid, :boolean, {null: true})
   -> 0.0182s
-- add_column(:user_requests, :mail_disposable, :boolean, {null: true})
   -> 0.0160s
-- add_column(:user_requests, :mail_timed_out, :boolean, {null: true})
   -> 0.0165s
-- add_column(:user_requests, :mail_deliverability, :string, {limit: 20, null: true})
   -> 0.0142s
-- add_column(:user_requests, :mail_catch_all, :boolean, {null: true})
   -> 0.0159s
-- add_column(:user_requests, :mail_leaked, :boolean, {null: true})
   -> 0.0153s
-- add_column(:user_requests, :mail_suspect, :boolean, {null: true})
   -> 0.0156s
-- add_column(:user_requests, :mail_smtp_score, :integer, {null: true})
   -> 0.0165s
-- add_column(:user_requests, :mail_overall_score, :integer, {null: true})
   -> 0.0185s
-- add_column(:user_requests, :mail_fraud_score, :integer, {null: true})
   -> 0.0173s
-- add_column(:user_requests, :mail_dns_valid, :boolean, {null: true})
   -> 0.0162s
-- add_column(:user_requests, :mail_honeypot, :boolean, {null: true})
   -> 0.0183s
-- add_column(:user_requests, :mail_spam_trap_score, :string, {limit: 20, null: true})
   -> 0.0242s
-- add_column(:user_requests, :mail_recent_abuse, :boolean, {null: true})
   -> 0.0175s
-- add_column(:user_requests, :mail_frequent_complainer, :boolean, {null: true})
   -> 0.0177s
== 20201126142500 AddIpMailChecks: migrated (0.5708s) =========================

== 20260606223100 AddUserRequestsTimeZone: migrating ==========================
-- add_column(:user_requests, :time_zone, :string, {null: true})
   -> 0.0174s
== 20260606223100 AddUserRequestsTimeZone: migrated (0.0176s) =================

== 20170408184500 Setup: migrating ============================================
-- create_table(:monitored_events, {options: "ENGINE=InnoDB", id: :integer})
   -> 0.0156s
-- add_index(:monitored_events, :monitor_name, {name: "index_monitored_events_on_monitor_name"})
   -> 0.0195s
-- add_index(:monitored_events, :class_name, {name: "index_monitored_events_on_class_name"})
   -> 0.0200s
-- add_index(:monitored_events, :row_id, {name: "index_monitored_events_on_row_id"})
   -> 0.0208s
-- add_index(:monitored_events, :state, {name: "index_monitored_events_on_state"})
   -> 0.0319s
-- add_index(:monitored_events, :user_id, {name: "index_monitored_events_on_user_id"})
   -> 0.0184s
-- create_table(:monitored_event_states, {options: "ENGINE=InnoDB", id: :integer})
   -> 0.0104s
-- add_index(:monitored_event_states, :monitored_event_id, {name: "index_monitored_event_states_on_monitored_event_id"})
   -> 0.0151s
-- create_table(:monitored_event_logs, {options: "ENGINE=InnoDB", id: :integer})
   -> 0.0090s
-- add_index(:monitored_event_logs, :monitored_event_id, {name: "index_monitored_event_logs_on_monitored_event_id"})
   -> 0.0179s
-- add_index(:monitored_event_logs, :passed, {name: "index_monitored_event_logs_on_passed"})
   -> 0.0189s
== 20170408184500 Setup: migrated (0.2008s) ===================================

== 20230123085900 AddMonitoredEventActionState: migrating =====================
-- add_column(:monitored_events, :action_state, :text, {null: true})
   -> 0.0139s
== 20230123085900 AddMonitoredEventActionState: migrated (0.0142s) ============

== 20231105124400 AddMonitoredEventAlertCount: migrating ======================
-- add_column(:monitored_events, :alert_count, :integer, {null: false, default: 0})
   -> 0.0214s
== 20231105124400 AddMonitoredEventAlertCount: migrated (0.0216s) =============

== 20170201082030 Setup: migrating ============================================
-- create_table(:news_logs, {options: "ENGINE=InnoDB", id: :integer})
   -> 0.0112s
== 20170201082030 Setup: migrated (0.0115s) ===================================

== 20260706210000 LocalizeNewsLogMessages: migrating ==========================
-- create_table(:news_log_translations)
   -> 0.0097s
-- add_index(:news_log_translations, :news_log_id)
   -> 0.0248s
-- add_index(:news_log_translations, :language_id)
   -> 0.0167s
-- add_index(:news_log_translations, [:news_log_id, :language_id], {unique: true, name: "news_log_translation_unique"})
   -> 0.0187s
== 20260706210000 LocalizeNewsLogMessages: migrated (0.0868s) =================

== 20170201093720 Setup: migrating ============================================
-- create_table(:help_boxes, {options: "ENGINE=InnoDB", id: :integer})
   -> 0.0147s
-- add_index(:help_boxes, :page, {name: "index_help_boxes_on_page"})
   -> 0.0177s
-- add_index(:help_boxes, :action, {name: "index_help_boxes_on_action"})
   -> 0.0167s
-- add_index(:help_boxes, [:page, :action], {name: "index_help_boxes_on_page_and_action"})
   -> 0.0170s
== 20170201093720 Setup: migrated (0.0672s) ===================================

== 20260607190000 AddWebuiUserSettings: migrating =============================
-- create_table(:webui_user_settings)
   -> 0.0102s
-- add_index(:webui_user_settings, [:user_id, :namespace, :key], {unique: true, name: "index_webui_user_settings_unique_key"})
   -> 0.0173s
-- add_index(:webui_user_settings, [:user_id, :namespace], {name: "index_webui_user_settings_on_user_namespace"})
   -> 0.0197s
== 20260607190000 AddWebuiUserSettings: migrated (0.0476s) ====================

== 20260706211000 LocalizeWebuiSysconfig: migrating ===========================
== 20260706211000 LocalizeWebuiSysconfig: migrated (0.0262s) ==================


Exact synthetic integration payload preflight
  reproduces the fixture database error
Node 1: apply, 2 candidates, batch size 1
event=1 old=(-, 2026-09-14T10:03:38.000000Z] proposed=(-, 2026-09-14T10:03:38.000000Z] evidence=- skip: boot event
event=5 old=(2026-09-14T10:03:38.000000Z, 2026-09-14T10:06:38.000000Z] proposed=(2026-09-14T10:05:08.000000Z, 2026-09-14T10:06:38.000000Z] evidence=3 applied
Totals: candidates=2 proposed=1 applied=1 skipped=1
  ingests the corrected complete state, transitions and repair

VpsAdmin::API::Operations::Node::RepairKernelHistoryBounds
  skips ineligible source=:reconstructed_node_status
  applies only the lower bound, invalidates the public revision, and is idempotent
  skips a concurrent change to evidence_contents
  rejects evidence and targets from another boot
  skips ineligible event_type=:livepatch_change
  ignores current snapshots, raw status samples, and snapshots outside the open interval
  skips a concurrent change to predecessor
  repairs an explicitly classified livepatch applied event
  does not treat a legacy inventory hiding the active patch as confirmation
  rejects preexisting integrity drift in the target snapshot
  skips ineligible observed_after=nil
  skips a concurrent change to target
  skips a concurrent change to evidence
  skips ineligible confidence=:exact
  rejects preexisting integrity drift in the baseline snapshot
  repairs an explicitly classified livepatch removed event
  chooses the latest positive confirmation, excluding transitioning and incomplete samples
  leaves history unchanged if the only newer confirmation fails its stored digest
  keeps a fixed candidate set when history is appended during a batch
  uses the immediate public predecessor rather than an older matching baseline
  skips a changed supporting snapshot and uses the latest intact proof
  previews a tighter interval from an internal immutable event without writing
  task arguments
    requires exactly one positive node ID
    accepts only unset, 0, or 1 for APPLY and positive batch sizes
    dispatches the public rake task for preview, apply, and an idempotent rerun
    rejects service-only nodes

Finished in 34.75 seconds (files took 17.07 seconds to load)
28 examples, 0 failures

Randomized with seed 40250

Inspecting 2 files
..

2 files inspected, no offenses detected
rake aborted!
ActiveRecord::ConnectionNotDefined: No database connection defined. (ActiveRecord::ConnectionNotDefined)
/home/aither/workspace/ai/vpsfree.cz/worktrees/2026-09-14-kernel-history-fix/vpsadmin/api/.gems/ruby/3.4.0/gems/activerecord-8.1.3.1/lib/active_record/connection_adapters/abstract/connection_handler.rb:231:in 'ActiveRecord::ConnectionAdapters::ConnectionHandler#retrieve_connection_pool'
/home/aither/workspace/ai/vpsfree.cz/worktrees/2026-09-14-kernel-history-fix/vpsadmin/api/.gems/ruby/3.4.0/gems/activerecord-8.1.3.1/lib/active_record/connection_handling.rb:346:in 'ActiveRecord::ConnectionHandling#connection_pool'
/home/aither/workspace/ai/vpsfree.cz/worktrees/2026-09-14-kernel-history-fix/vpsadmin/api/.gems/ruby/3.4.0/gems/activerecord-8.1.3.1/lib/active_record/connection_handling.rb:372:in 'ActiveRecord::ConnectionHandling#schema_cache'
/home/aither/workspace/ai/vpsfree.cz/worktrees/2026-09-14-kernel-history-fix/vpsadmin/api/.gems/ruby/3.4.0/gems/activerecord-8.1.3.1/lib/active_record/model_schema.rb:609:in 'ActiveRecord::ModelSchema::ClassMethods#load_schema!'
/home/aither/workspace/ai/vpsfree.cz/worktrees/2026-09-14-kernel-history-fix/vpsadmin/api/.gems/ruby/3.4.0/gems/activerecord-8.1.3.1/lib/active_record/counter_cache.rb:212:in 'ActiveRecord::CounterCache::ClassMethods#load_schema!'
/home/aither/workspace/ai/vpsfree.cz/worktrees/2026-09-14-kernel-history-fix/vpsadmin/api/.gems/ruby/3.4.0/gems/activerecord-8.1.3.1/lib/active_record/encryption/encryptable_record.rb:127:in 'ActiveRecord::Encryption::EncryptableRecord::ClassMethods#load_schema!'
/home/aither/workspace/ai/vpsfree.cz/worktrees/2026-09-14-kernel-history-fix/vpsadmin/api/.gems/ruby/3.4.0/gems/activerecord-8.1.3.1/lib/active_record/model_schema.rb:555:in 'block in ActiveRecord::ModelSchema::ClassMethods#load_schema'
/home/aither/workspace/ai/vpsfree.cz/worktrees/2026-09-14-kernel-history-fix/vpsadmin/api/.gems/ruby/3.4.0/gems/activerecord-8.1.3.1/lib/active_record/model_schema.rb:552:in 'Monitor#synchronize'
/home/aither/workspace/ai/vpsfree.cz/worktrees/2026-09-14-kernel-history-fix/vpsadmin/api/.gems/ruby/3.4.0/gems/activerecord-8.1.3.1/lib/active_record/model_schema.rb:552:in 'ActiveRecord::ModelSchema::ClassMethods#load_schema'
/home/aither/workspace/ai/vpsfree.cz/worktrees/2026-09-14-kernel-history-fix/vpsadmin/api/.gems/ruby/3.4.0/gems/activerecord-8.1.3.1/lib/active_record/model_schema.rb:444:in 'ActiveRecord::ModelSchema::ClassMethods#columns_hash'
/home/aither/workspace/ai/vpsfree.cz/worktrees/2026-09-14-kernel-history-fix/vpsadmin/api/.gems/ruby/3.4.0/gems/activerecord-8.1.3.1/lib/active_record/core.rb:319:in 'block in ActiveRecord::Core::ClassMethods#find_by'
/home/aither/workspace/ai/vpsfree.cz/worktrees/2026-09-14-kernel-history-fix/vpsadmin/api/.gems/ruby/3.4.0/gems/activerecord-8.1.3.1/lib/active_record/core.rb:288:in 'Hash#each'
/home/aither/workspace/ai/vpsfree.cz/worktrees/2026-09-14-kernel-history-fix/vpsadmin/api/.gems/ruby/3.4.0/gems/activerecord-8.1.3.1/lib/active_record/core.rb:288:in 'Enumerable#each_with_object'
/home/aither/workspace/ai/vpsfree.cz/worktrees/2026-09-14-kernel-history-fix/vpsadmin/api/.gems/ruby/3.4.0/gems/activerecord-8.1.3.1/lib/active_record/core.rb:288:in 'ActiveRecord::Core::ClassMethods#find_by'
/home/aither/workspace/ai/vpsfree.cz/worktrees/2026-09-14-kernel-history-fix/vpsadmin/api/models/sys_config.rb:108:in 'SysConfig.register'
/home/aither/workspace/ai/vpsfree.cz/worktrees/2026-09-14-kernel-history-fix/vpsadmin/api/models/sys_config.rb:143:in '<class:SysConfig>'
/home/aither/workspace/ai/vpsfree.cz/worktrees/2026-09-14-kernel-history-fix/vpsadmin/api/models/sys_config.rb:1:in '<top (required)>'
<internal:/nix/store/nin40kn7prvsn7pmbl7k576hhwcpp9x1-ruby-3.4.9/lib/ruby/3.4.0/rubygems/core_ext/kernel_require.rb>:37:in 'Kernel#require'
<internal:/nix/store/nin40kn7prvsn7pmbl7k576hhwcpp9x1-ruby-3.4.9/lib/ruby/3.4.0/rubygems/core_ext/kernel_require.rb>:37:in 'Kernel#require'
/home/aither/workspace/ai/vpsfree.cz/worktrees/2026-09-14-kernel-history-fix/vpsadmin/api/.gems/ruby/3.4.0/gems/require_all-2.0.0/lib/require_all.rb:208:in 'RequireAll#__require'
/home/aither/workspace/ai/vpsfree.cz/worktrees/2026-09-14-kernel-history-fix/vpsadmin/api/.gems/ruby/3.4.0/gems/require_all-2.0.0/lib/require_all.rb:98:in 'block in RequireAll#require_all'
/home/aither/workspace/ai/vpsfree.cz/worktrees/2026-09-14-kernel-history-fix/vpsadmin/api/.gems/ruby/3.4.0/gems/require_all-2.0.0/lib/require_all.rb:96:in 'Array#each'
/home/aither/workspace/ai/vpsfree.cz/worktrees/2026-09-14-kernel-history-fix/vpsadmin/api/.gems/ruby/3.4.0/gems/require_all-2.0.0/lib/require_all.rb:96:in 'RequireAll#require_all'
/home/aither/workspace/ai/vpsfree.cz/worktrees/2026-09-14-kernel-history-fix/vpsadmin/api/.gems/ruby/3.4.0/gems/require_all-2.0.0/lib/require_all.rb:118:in 'block in RequireAll#require_rel'
/home/aither/workspace/ai/vpsfree.cz/worktrees/2026-09-14-kernel-history-fix/vpsadmin/api/.gems/ruby/3.4.0/gems/require_all-2.0.0/lib/require_all.rb:117:in 'Array#each'
/home/aither/workspace/ai/vpsfree.cz/worktrees/2026-09-14-kernel-history-fix/vpsadmin/api/.gems/ruby/3.4.0/gems/require_all-2.0.0/lib/require_all.rb:117:in 'RequireAll#require_rel'
/home/aither/workspace/ai/vpsfree.cz/worktrees/2026-09-14-kernel-history-fix/vpsadmin/api/lib/vpsadmin.rb:43:in '<top (required)>'
/home/aither/workspace/ai/vpsfree.cz/worktrees/2026-09-14-kernel-history-fix/vpsadmin/api/Rakefile:10:in '<top (required)>'
/home/aither/workspace/ai/vpsfree.cz/worktrees/2026-09-14-kernel-history-fix/vpsadmin/api/.gems/ruby/3.4.0/gems/rake-13.4.2/exe/rake:27:in '<top (required)>'
/home/aither/workspace/ai/vpsfree.cz/worktrees/2026-09-14-kernel-history-fix/vpsadmin/api/.gems/gems/bundler-4.0.20/lib/bundler/cli/exec.rb:61:in 'Kernel.load'
/home/aither/workspace/ai/vpsfree.cz/worktrees/2026-09-14-kernel-history-fix/vpsadmin/api/.gems/gems/bundler-4.0.20/lib/bundler/cli/exec.rb:61:in 'Bundler::CLI::Exec#kernel_load'
/home/aither/workspace/ai/vpsfree.cz/worktrees/2026-09-14-kernel-history-fix/vpsadmin/api/.gems/gems/bundler-4.0.20/lib/bundler/cli/exec.rb:24:in 'Bundler::CLI::Exec#run'
/home/aither/workspace/ai/vpsfree.cz/worktrees/2026-09-14-kernel-history-fix/vpsadmin/api/.gems/gems/bundler-4.0.20/lib/bundler/cli.rb:509:in 'Bundler::CLI#exec'
/home/aither/workspace/ai/vpsfree.cz/worktrees/2026-09-14-kernel-history-fix/vpsadmin/api/.gems/gems/bundler-4.0.20/lib/bundler/vendor/thor/lib/thor/command.rb:28:in 'Bundler::Thor::Command#run'
/home/aither/workspace/ai/vpsfree.cz/worktrees/2026-09-14-kernel-history-fix/vpsadmin/api/.gems/gems/bundler-4.0.20/lib/bundler/vendor/thor/lib/thor/invocation.rb:127:in 'Bundler::Thor::Invocation#invoke_command'
/home/aither/workspace/ai/vpsfree.cz/worktrees/2026-09-14-kernel-history-fix/vpsadmin/api/.gems/gems/bundler-4.0.20/lib/bundler/vendor/thor/lib/thor.rb:538:in 'Bundler::Thor.dispatch'
/home/aither/workspace/ai/vpsfree.cz/worktrees/2026-09-14-kernel-history-fix/vpsadmin/api/.gems/gems/bundler-4.0.20/lib/bundler/cli.rb:35:in 'Bundler::CLI.dispatch'
/home/aither/workspace/ai/vpsfree.cz/worktrees/2026-09-14-kernel-history-fix/vpsadmin/api/.gems/gems/bundler-4.0.20/lib/bundler/vendor/thor/lib/thor/base.rb:584:in 'Bundler::Thor::Base::ClassMethods#start'
/home/aither/workspace/ai/vpsfree.cz/worktrees/2026-09-14-kernel-history-fix/vpsadmin/api/.gems/gems/bundler-4.0.20/lib/bundler/cli.rb:29:in 'Bundler::CLI.start'
/home/aither/workspace/ai/vpsfree.cz/worktrees/2026-09-14-kernel-history-fix/vpsadmin/api/.gems/gems/bundler-4.0.20/exe/bundle:28:in 'block in <top (required)>'
/home/aither/workspace/ai/vpsfree.cz/worktrees/2026-09-14-kernel-history-fix/vpsadmin/api/.gems/gems/bundler-4.0.20/lib/bundler/friendly_errors.rb:118:in 'Bundler.with_friendly_errors'
/home/aither/workspace/ai/vpsfree.cz/worktrees/2026-09-14-kernel-history-fix/vpsadmin/api/.gems/gems/bundler-4.0.20/exe/bundle:20:in '<top (required)>'
/nix/store/nin40kn7prvsn7pmbl7k576hhwcpp9x1-ruby-3.4.9/bin/bundle:25:in '<main>'
(See full trace by running task with --trace)
