warning: Git tree '/home/aither/workspace/ai/vpsfree.cz/worktrees/2026-09-14-kernel-history-fix/vpsadmin' is dirty
Successfully installed bundler-4.0.20
1 gem installed
Bundle complete! 7 Gemfile dependencies, 46 gems now installed.
Use `bundle info [gemname]` to see where a bundled gem is installed.
OK: added migrations have matching specs.
warning: Git tree '/home/aither/workspace/ai/vpsfree.cz/worktrees/2026-09-14-kernel-history-fix/vpsadmin' is dirty
these 5 derivations will be built:
  /nix/store/33n4g66801yyqaxnby2936pv91lf75hc-gen-bin-stubs.drv
  /nix/store/zk5dy29qizrwv5y77wlhr63pizqwiynr-ruby3.4-osvm-26.05.0.drv
  /nix/store/wsnmvyy60kr2jnbyngjbaiz25srn1shz-ruby3.4-test-runner-26.05.0.drv
  /nix/store/ijrai0i3adrp89gfd07ybmj1iv5ilp9i-test-runner-deps.drv
  /nix/store/88cifs3zcrd25xqx63h3k5ackdcjdpiw-test-runner.drv
building '/nix/store/33n4g66801yyqaxnby2936pv91lf75hc-gen-bin-stubs.drv'...
building '/nix/store/zk5dy29qizrwv5y77wlhr63pizqwiynr-ruby3.4-osvm-26.05.0.drv'...
building '/nix/store/wsnmvyy60kr2jnbyngjbaiz25srn1shz-ruby3.4-test-runner-26.05.0.drv'...
building '/nix/store/ijrai0i3adrp89gfd07ybmj1iv5ilp9i-test-runner-deps.drv'...
building '/nix/store/88cifs3zcrd25xqx63h3k5ackdcjdpiw-test-runner.drv'...
this derivation will be built:
  /nix/store/vwg7jq5z430z895mcc5axar6v6a0rmhc-test-runner-repository-source.drv
building '/nix/store/vwg7jq5z430z895mcc5axar6v6a0rmhc-test-runner-repository-source.drv'...
alerts/oom-report-notify-and-prune
supervisor/runtime-ingestion
