
confctl config dev shell ready (tools)
Skipping swpins auto updates for flake config
Skipping swpins checks for flake config
Evaluating inputs for 1 machines...

Machines will be built in 1 groups

Build log: /home/aither/workspace/ai/vpsfree.cz/worktrees/2026-10-04-upload-display-limits/vpsfree-cz-configuration/.confctl/logs/2026-10-04--22-50-36-confctl-build.log

Building machines
  cz.vpsfree/machines/aitherdev
with inputs
Command: confctl build -y cz.vpsfree/machines/aitherdev
Build group: 1/1 (1 machines)
Full log:    .confctl/logs/2026-10-04--22-50-36-confctl-build.log

[fetch] 1/8 /nix/store/na8n3qdqf1fs7lwads81ra9nlh1hqc9w-linux-6.18.55
[fetch] 2/8 /nix/store/y2bpr6q7ydzbn1i8siabqy3ab232ljvx-linux-6.18.55-modules
[fetch] 3/8 /nix/store/52wrsl51w1vhhsnsjqf4ssf0a893q93p-55-nixos-aslr-entropy.conf
[fetch] 4/8 /nix/store/309y7r7qkhqmgmf27i6nhgy1v21bdp1w-linux-6.18.55-modules-shrunk
[build] 1/49 /nix/store/hn92d73d447d2rg0bhp6fa5yah09kyss-check-sshd-config.drv
[build] 2/49 /nix/store/xa55vcg64bls2nm9zjcclq6czl71d0bi-dry-activate.drv
[build] 3/49 /nix/store/1akrs0km21rr671zryf8pdx1cgl3yfv7-ensure-all-wrappers-paths-exist.drv
[fetch] 5/8 /nix/store/99pkxh84m14qy698qhlra3az1irzn0as-apache-httpd-2.4.69
[build] 4/49 /nix/store/xsw5v3gi6b4rrv3pal5zf392kv5d3ga0-etc-confctl-configuration-info.json.drv
[build] 5/49 /nix/store/7blsryn4nz8fwfg204vxa28080x9gz1j-etc-confctl-inputs-info.json.drv
[build] 6/49 /nix/store/0qs2j9nm3v3vcp2bqby24rwrg44r8rmx-etc-nix-registry.json.drv
[build] 7/49 /nix/store/n6g861qqwj3x2b5912lhvrqzrx9khj67-etc-os-release.drv
[build] 8/49 /nix/store/a19pv03pz7f435f4f0z6k2kwi9r55idn-etc-pam-environment.drv
[build] 9/49 /nix/store/jyrspn7khks8l92m3dhirlb62mbvxc94-initrd-fstab.drv
[build] 10/49 /nix/store/8acs4r0l0zwddgnh0vj5y76lcjds4sdl-initrd-hostname.drv
[build] 11/49 /nix/store/kpjakxiqpg16zdq54kfwjcnjpganyfpd-issue.drv
[build] 12/49 /nix/store/h1gzn9v69y16p973l4afiq85dj0xzslm-nixos-version.drv
[build] 13/49 /nix/store/yq9y1fmnhw0pvq6qlqyvq3vz15m8rh06-set-environment.drv
[build] 14/49 /nix/store/7ly3gp8p80xvadd94clgk3n2rc8drmm6-stage-2-init.sh.drv
[build] 15/49 /nix/store/mgfh0gazqv5vg56lnngim8d4bc3a24h8-dry-activate.drv
[build] 16/49 /nix/store/0c199qcqgd0qsczvalq2hj8851g5dch8-dummy-xdg-mime-dirs1.drv
[build] 17/49 /nix/store/sm06k1ymlkcx8s1mnpvvmb4yhsi0qn7n-dummy-xdg-mime-dirs2.drv
[fetch] 6/8 /nix/store/xxgz1avc167d6z12kdfl6g6wa9w1j2g8-python3.13-markdown-it-py-4.0.0
[build] 18/49 /nix/store/hsf1hrz617ps4fh6jsp132p80l5nm0hh-options.json.drv
[fetch] 7/8 /nix/store/fv2ib966wvrvcz6alvaaq7gy2nirmagj-python3.13-mdit-py-plugins-0.5.0
[build] 19/49 /nix/store/92c1r7hpnmv0mddp0saljm5mf4b8qn91-etc-profile.drv
[build] 20/49 /nix/store/xl3z2gll8r863wd4myzw6q15a3xn353y-etc.drv
[build] 21/49 /nix/store/9vf552909w4mgza9mnl0wl3zqi29si63-initrd-system.conf.drv
[build] 22/49 /nix/store/zvpwhigwmrxlk2vcl65nl1sqdi9biz6a-shutdown-ramfs-contents.json.drv
[build] 23/49 /nix/store/05bsbrgj8r89hj9fj9xjrvcrhbm68ga9-unit-initrd-parse-etc.service.drv
[build] 24/49 /nix/store/0c4skv93ysq4l5xlsv8m4xx66kyjrw38-workspace-portal-substrate-reconcile.drv
[fetch] 8/8 /nix/store/z3m27fd4agyxjibfpq6hdx7gbs27f3qc-nixos-render-docs-0.0
[build] 25/49 /nix/store/v121qj875ikgifpz0c3b965c88k80kb8-linux-6.18.55-modules.drv
[build] 26/49 /nix/store/dw8gafb9w7hc39s1v77jsjqszkyczpbh-unit-generate-shutdown-ramfs.service.drv
[build] 27/49 /nix/store/whmk0lszj2ww3vjb1klg22rj7p3y8bb8-home-configuration-reference-manpage.drv
[build] 28/49 /nix/store/ann70czmbry8ja1yh5m5scs7ha6afjyh-initrd-units.drv
[build] 29/49 /nix/store/qy13vyz3nkqxbz04bw0g1rv1q84jl6g4-system-path.drv
[build] 30/49 /nix/store/zvhl72h0cp9q2ri00w3qfdz4wxgyss7c-unit-script-workspace-portal-certificate-renewal-start.drv
[build] 31/49 /nix/store/h8ay5cb7nxxvzdchbjd79qcj6ni9720r-activate.drv
[build] 32/49 /nix/store/j3ich2w9ldw2cb73c9v58adrbj408v53-unit-workspace-portal-certificate-renewal.service.drv
[build] 33/49 /nix/store/dlibfd4fx0ld1ixvlw8v37pig0m1g4z5-nixos-system-kb-staging-26.05pre-git.drv
[build] 34/49 /nix/store/sbggm4gdh8ff14cdv17rjflj1r810sm3-etc-nixos-containers-kb-staging.conf.drv
[build] 35/49 /nix/store/d39kg49az47kyi1k580p5jgk579k1hs7-home-manager-path.drv
[build] 36/49 /nix/store/08r1gyy0yjzv5arh4p8fp9pcb72bdccy-initrd-linux-6.18.55.drv
[build] 37/49 /nix/store/3f9avymc2za29qc4mkjjw03ivd649kmn-dbus-1.drv
[build] 38/49 /nix/store/22008a29wza1xf9nyj5ffnrqh40518jd-activation-script.drv
[build] 39/49 /nix/store/k5yzzslp4csrz9bd4mlv804fgs29wzn2-X-Restart-Triggers-dbus-broker.drv
[build] 40/49 /nix/store/byki663pam0sh0xxg9kvrkklh41zw6vp-boot.json.drv
[build] 41/49 /nix/store/i7qjry3hh8h0qn2vj17j70yk37h35flr-home-manager-generation.drv
[build] 42/49 /nix/store/cii36pnw448snj46djaqrry6qzqxr985-unit-dbus-broker.service.drv
[build] 43/49 /nix/store/s8xpsazsgfbmrpfjzl7xsifhydgy6565-unit-dbus-broker.service.drv
[build] 44/49 /nix/store/id7gamv7zbi954isjw3hs1fmvpm2z4jp-unit-home-manager-aither.service.drv
[build] 45/49 /nix/store/lh30y5lbrznvg1d1h9h55m1kzcif9a1l-user-units.drv
[build] 46/49 /nix/store/yvg5f1fivckv1sqs1d1h5777c9pc94c1-system-units.drv
[build] 47/49 /nix/store/03rir85q2wglp8pp6fkbyafg5i08jl29-etc.drv
[build] 48/49 /nix/store/0hijc4wn1qzb7hwfphkp24010vz58plf-activate.drv
[build] 49/49 /nix/store/p0sla6pxlrd3zl2sdfmk49s3d4w9np60-nixos-system-aitherdev-26.05.20261003.825e202.drv

Built generations:
2026-10-04--22-50-54
  cz.vpsfree/machines/aitherdev
