
confctl config dev shell ready (tools)
Skipping swpins auto updates for flake config
Skipping swpins checks for flake config
Evaluating inputs for 1 machines...

Machines will be built in 1 groups

Build log: /home/aither/workspace/ai/vpsfree.cz/worktrees/2026-10-04-upload-display-limits/vpsfree-cz-configuration/.confctl/logs/2026-10-04--23-00-00-confctl-deploy.log

Building machines
  cz.vpsfree/machines/aitherdev
with inputs
Command: confctl deploy -y cz.vpsfree/machines/aitherdev switch
Build group: 1/1 (1 machines)
Full log:    .confctl/logs/2026-10-04--23-00-00-confctl-deploy.log


Built generations:
2026-10-04--22-50-54
  cz.vpsfree/machines/aitherdev
Activating configuration on cz.vpsfree/machines/aitherdev (172.16.106.40): switch
Running health checks on cz.vpsfree/machines/aitherdev
Full log: .confctl/logs/2026-10-04--23-00-00-confctl-deploy.log
[1/2] cz.vpsfree/machines/aitherdev> systemd: SystemState=running
[2/2] cz.vpsfree/machines/aitherdev> firewall.service: ActiveState=active
[2/2] cz.vpsfree/machines/aitherdev> succeeded
[1/2] cz.vpsfree/machines/aitherdev> succeeded
2 checks passed, 0 failed

/nix/store/ihrndjkq7sh2i6ldl5kh4m6cvbb192di-nixos-system-aitherdev-26.05.20261003.825e202
