previous=6a972b9ab01077611b2c60e0fc726c185e050315 current=3edc605d81a30a4d49560426e0128b388b856493
go version go1.26.6 linux/amd64
v24.19.0
{"Time":"2026-10-04T22:21:43.587871436+02:00","Action":"start","Package":"github.com/aither64/dev-workspace/portal/internal/web"}
{"Time":"2026-10-04T22:21:43.629352331+02:00","Action":"run","Package":"github.com/aither64/dev-workspace/portal/internal/web","Test":"TestUploadReaderExperimentWriteFifty"}
{"Time":"2026-10-04T22:21:43.629452429+02:00","Action":"output","Package":"github.com/aither64/dev-workspace/portal/internal/web","Test":"TestUploadReaderExperimentWriteFifty","Output":"=== RUN   TestUploadReaderExperimentWriteFifty\n"}
{"Time":"2026-10-04T22:21:44.770795647+02:00","Action":"output","Package":"github.com/aither64/dev-workspace/portal/internal/web","Test":"TestUploadReaderExperimentWriteFifty","Output":"    upload_reader_experiment_current_test.go:86: current flow durably accepted 50 ready attachments; request=00000000-0000-4000-8000-000000000001 receipt=efad4606a43e7ffacb3881d12b0bb57dd07d8ff32875a96ec97df33a78551184 inputDigest=e580e9fafef4bbc738a6b74c94991fb056961d651baa7897e7b9dfb830bb7571\n"}
{"Time":"2026-10-04T22:21:44.770910012+02:00","Action":"output","Package":"github.com/aither64/dev-workspace/portal/internal/web","Test":"TestUploadReaderExperimentWriteFifty","Output":"--- PASS: TestUploadReaderExperimentWriteFifty (1.14s)\n"}
{"Time":"2026-10-04T22:21:44.770922055+02:00","Action":"pass","Package":"github.com/aither64/dev-workspace/portal/internal/web","Test":"TestUploadReaderExperimentWriteFifty","Elapsed":1.14}
{"Time":"2026-10-04T22:21:44.770939487+02:00","Action":"output","Package":"github.com/aither64/dev-workspace/portal/internal/web","Output":"PASS\n"}
{"Time":"2026-10-04T22:21:44.778859754+02:00","Action":"output","Package":"github.com/aither64/dev-workspace/portal/internal/web","Output":"ok  \tgithub.com/aither64/dev-workspace/portal/internal/web\t1.190s\n"}
{"Time":"2026-10-04T22:21:44.778976884+02:00","Action":"pass","Package":"github.com/aither64/dev-workspace/portal/internal/web","Elapsed":1.191}
Nonzero phase verified: TestUploadReaderExperimentWriteFifty (1 test, passed, no skips)
{"Time":"2026-10-04T22:21:51.049825484+02:00","Action":"start","Package":"github.com/aither64/dev-workspace/portal/internal/web"}
{"Time":"2026-10-04T22:21:51.089819885+02:00","Action":"run","Package":"github.com/aither64/dev-workspace/portal/internal/web","Test":"TestUploadReaderExperimentPreviousRejectsFifty"}
{"Time":"2026-10-04T22:21:51.089927556+02:00","Action":"output","Package":"github.com/aither64/dev-workspace/portal/internal/web","Test":"TestUploadReaderExperimentPreviousRejectsFifty","Output":"=== RUN   TestUploadReaderExperimentPreviousRejectsFifty\n"}
{"Time":"2026-10-04T22:21:51.101006022+02:00","Action":"output","Package":"github.com/aither64/dev-workspace/portal/internal/web","Test":"TestUploadReaderExperimentPreviousRejectsFifty","Output":"    upload_reader_experiment_previous_test.go:50: exact prior reader rejected the 50-file snapshot and directory load; request=00000000-0000-4000-8000-000000000001; persistent-state fingerprint unchanged: 1c11a0000f4216b81a0afc01804ed31a266eb3ea8ca25b73f506fd657c525c0f\n"}
{"Time":"2026-10-04T22:21:51.101125497+02:00","Action":"output","Package":"github.com/aither64/dev-workspace/portal/internal/web","Test":"TestUploadReaderExperimentPreviousRejectsFifty","Output":"--- PASS: TestUploadReaderExperimentPreviousRejectsFifty (0.01s)\n"}
{"Time":"2026-10-04T22:21:51.101144523+02:00","Action":"pass","Package":"github.com/aither64/dev-workspace/portal/internal/web","Test":"TestUploadReaderExperimentPreviousRejectsFifty","Elapsed":0.01}
{"Time":"2026-10-04T22:21:51.101167556+02:00","Action":"output","Package":"github.com/aither64/dev-workspace/portal/internal/web","Output":"PASS\n"}
{"Time":"2026-10-04T22:21:51.106091727+02:00","Action":"output","Package":"github.com/aither64/dev-workspace/portal/internal/web","Output":"ok  \tgithub.com/aither64/dev-workspace/portal/internal/web\t0.055s\n"}
{"Time":"2026-10-04T22:21:51.10620463+02:00","Action":"pass","Package":"github.com/aither64/dev-workspace/portal/internal/web","Elapsed":0.056}
Nonzero phase verified: TestUploadReaderExperimentPreviousRejectsFifty (1 test, passed, no skips)
{"Time":"2026-10-04T22:21:52.642977306+02:00","Action":"start","Package":"github.com/aither64/dev-workspace/portal/internal/web"}
{"Time":"2026-10-04T22:21:52.679477024+02:00","Action":"run","Package":"github.com/aither64/dev-workspace/portal/internal/web","Test":"TestUploadReaderExperimentCompactFifty"}
{"Time":"2026-10-04T22:21:52.679566772+02:00","Action":"output","Package":"github.com/aither64/dev-workspace/portal/internal/web","Test":"TestUploadReaderExperimentCompactFifty","Output":"=== RUN   TestUploadReaderExperimentCompactFifty\n"}
{"Time":"2026-10-04T22:21:52.903760036+02:00","Action":"output","Package":"github.com/aither64/dev-workspace/portal/internal/web","Test":"TestUploadReaderExperimentCompactFifty","Output":"    upload_reader_experiment_current_test.go:159: normal ready update compacted request=00000000-0000-4000-8000-000000000001 into terminal mapping for 2026-10-03-reader-boundary-experiment; all 50 uploaded files remain\n"}
{"Time":"2026-10-04T22:21:52.903951817+02:00","Action":"output","Package":"github.com/aither64/dev-workspace/portal/internal/web","Test":"TestUploadReaderExperimentCompactFifty","Output":"--- PASS: TestUploadReaderExperimentCompactFifty (0.22s)\n"}
{"Time":"2026-10-04T22:21:52.903970311+02:00","Action":"pass","Package":"github.com/aither64/dev-workspace/portal/internal/web","Test":"TestUploadReaderExperimentCompactFifty","Elapsed":0.22}
{"Time":"2026-10-04T22:21:52.90399078+02:00","Action":"output","Package":"github.com/aither64/dev-workspace/portal/internal/web","Output":"PASS\n"}
{"Time":"2026-10-04T22:21:52.911423188+02:00","Action":"output","Package":"github.com/aither64/dev-workspace/portal/internal/web","Output":"ok  \tgithub.com/aither64/dev-workspace/portal/internal/web\t0.268s\n"}
{"Time":"2026-10-04T22:21:52.911542583+02:00","Action":"pass","Package":"github.com/aither64/dev-workspace/portal/internal/web","Elapsed":0.269}
Nonzero phase verified: TestUploadReaderExperimentCompactFifty (1 test, passed, no skips)
{"Time":"2026-10-04T22:21:54.507537252+02:00","Action":"start","Package":"github.com/aither64/dev-workspace/portal/internal/web"}
{"Time":"2026-10-04T22:21:54.548149816+02:00","Action":"run","Package":"github.com/aither64/dev-workspace/portal/internal/web","Test":"TestUploadReaderExperimentPreviousAcceptsMapping"}
{"Time":"2026-10-04T22:21:54.548275551+02:00","Action":"output","Package":"github.com/aither64/dev-workspace/portal/internal/web","Test":"TestUploadReaderExperimentPreviousAcceptsMapping","Output":"=== RUN   TestUploadReaderExperimentPreviousAcceptsMapping\n"}
{"Time":"2026-10-04T22:21:54.561149435+02:00","Action":"output","Package":"github.com/aither64/dev-workspace/portal/internal/web","Test":"TestUploadReaderExperimentPreviousAcceptsMapping","Output":"    upload_reader_experiment_previous_test.go:74: exact prior reader accepted the normal terminal mapping and directory load; request=00000000-0000-4000-8000-000000000001 receipt=efad4606a43e7ffacb3881d12b0bb57dd07d8ff32875a96ec97df33a78551184; persistent-state fingerprint unchanged: 1c7178e88098bdf4cb7dc32f4e9bcffce7704898c7a88361ca2a99e47e10d09c\n"}
{"Time":"2026-10-04T22:21:54.56122683+02:00","Action":"output","Package":"github.com/aither64/dev-workspace/portal/internal/web","Test":"TestUploadReaderExperimentPreviousAcceptsMapping","Output":"--- PASS: TestUploadReaderExperimentPreviousAcceptsMapping (0.01s)\n"}
{"Time":"2026-10-04T22:21:54.561244252+02:00","Action":"pass","Package":"github.com/aither64/dev-workspace/portal/internal/web","Test":"TestUploadReaderExperimentPreviousAcceptsMapping","Elapsed":0.01}
{"Time":"2026-10-04T22:21:54.5612695+02:00","Action":"output","Package":"github.com/aither64/dev-workspace/portal/internal/web","Output":"PASS\n"}
{"Time":"2026-10-04T22:21:54.567769886+02:00","Action":"output","Package":"github.com/aither64/dev-workspace/portal/internal/web","Output":"ok  \tgithub.com/aither64/dev-workspace/portal/internal/web\t0.059s\n"}
{"Time":"2026-10-04T22:21:54.567886155+02:00","Action":"pass","Package":"github.com/aither64/dev-workspace/portal/internal/web","Elapsed":0.06}
Nonzero phase verified: TestUploadReaderExperimentPreviousAcceptsMapping (1 test, passed, no skips)
Upload reader experiment passed: four nonzero phases; prior full reader rejects 50-file snapshot without state mutation; prior reader accepts normally compacted terminal mapping without state mutation.
