Refreshing run status every 30 seconds. Press Ctrl+C to quit.

* 2026-10-07-workspace-file-links Check · 37586905151
Triggered via push about 6 minutes ago

JOBS
* fast (ID 112679034654)
  ✓ Set up job
  ✓ Run actions/checkout@v7.0.1
  ✓ Run cachix/install-nix-action@v31.11.1
  ✓ Evaluate all checks
  * Build package and focused checks
  * Post Run actions/checkout@v7.0.1
- host (ID 112679036105)
Refreshing run status every 30 seconds. Press Ctrl+C to quit.

* 2026-10-07-workspace-file-links Check · 37586905151
Triggered via push about 6 minutes ago

JOBS
* fast (ID 112679034654)
  ✓ Set up job
  ✓ Run actions/checkout@v7.0.1
  ✓ Run cachix/install-nix-action@v31.11.1
  ✓ Evaluate all checks
  * Build package and focused checks
  * Post Run actions/checkout@v7.0.1
- host (ID 112679036105)
Refreshing run status every 30 seconds. Press Ctrl+C to quit.

* 2026-10-07-workspace-file-links Check · 37586905151
Triggered via push about 7 minutes ago

JOBS
* fast (ID 112679034654)
  ✓ Set up job
  ✓ Run actions/checkout@v7.0.1
  ✓ Run cachix/install-nix-action@v31.11.1
  ✓ Evaluate all checks
  * Build package and focused checks
  * Post Run actions/checkout@v7.0.1
- host (ID 112679036105)
✓ 2026-10-07-workspace-file-links Check · 37586905151
Triggered via push about 7 minutes ago

JOBS
✓ fast in 7m19s (ID 112679034654)
  ✓ Set up job
  ✓ Run actions/checkout@v7.0.1
  ✓ Run cachix/install-nix-action@v31.11.1
  ✓ Evaluate all checks
  ✓ Build package and focused checks
  ✓ Post Run actions/checkout@v7.0.1
  ✓ Complete job
- host (ID 112679036105)
