Refreshing run status every 30 seconds. Press Ctrl+C to quit.

* 2026-10-07-workspace-file-links Check · 37585421799
Triggered via push about 8 minutes ago

JOBS
* fast (ID 112674308587)
  ✓ Set up job
  ✓ Run actions/checkout@v7.0.1
  ✓ Run cachix/install-nix-action@v31.11.1
  ✓ Evaluate all checks
  * Build package and focused checks
  * Post Run actions/checkout@v7.0.1
- host in 0s (ID 112674310550)
Refreshing run status every 30 seconds. Press Ctrl+C to quit.

* 2026-10-07-workspace-file-links Check · 37585421799
Triggered via push about 9 minutes ago

JOBS
* fast (ID 112674308587)
  ✓ Set up job
  ✓ Run actions/checkout@v7.0.1
  ✓ Run cachix/install-nix-action@v31.11.1
  ✓ Evaluate all checks
  * Build package and focused checks
  * Post Run actions/checkout@v7.0.1
- host in 0s (ID 112674310550)
Refreshing run status every 30 seconds. Press Ctrl+C to quit.

* 2026-10-07-workspace-file-links Check · 37585421799
Triggered via push about 9 minutes ago

JOBS
* fast (ID 112674308587)
  ✓ Set up job
  ✓ Run actions/checkout@v7.0.1
  ✓ Run cachix/install-nix-action@v31.11.1
  ✓ Evaluate all checks
  * Build package and focused checks
  * Post Run actions/checkout@v7.0.1
- host in 0s (ID 112674310550)
Refreshing run status every 30 seconds. Press Ctrl+C to quit.

* 2026-10-07-workspace-file-links Check · 37585421799
Triggered via push about 10 minutes ago

JOBS
* fast (ID 112674308587)
  ✓ Set up job
  ✓ Run actions/checkout@v7.0.1
  ✓ Run cachix/install-nix-action@v31.11.1
  ✓ Evaluate all checks
  * Build package and focused checks
  * Post Run actions/checkout@v7.0.1
- host in 0s (ID 112674310550)
✓ 2026-10-07-workspace-file-links Check · 37585421799
Triggered via push about 10 minutes ago

JOBS
✓ fast in 10m31s (ID 112674308587)
  ✓ Set up job
  ✓ Run actions/checkout@v7.0.1
  ✓ Run cachix/install-nix-action@v31.11.1
  ✓ Evaluate all checks
  ✓ Build package and focused checks
  ✓ Post Run actions/checkout@v7.0.1
  ✓ Complete job
- host in 0s (ID 112674310550)
