
confctl config dev shell ready (tools)
Skipping swpins auto updates for flake config
Skipping swpins checks for flake config
Evaluating inputs for 1 machines...

Machines will be built in 1 groups

Build log: /home/aither/workspace/ai/vpsfree.cz/worktrees/2026-10-07-workspace-file-links/vpsfree-cz-configuration/.confctl/logs/2026-10-07--09-28-27-confctl-build.log

Building machines
  cz.vpsfree/machines/aitherdev
with inputs
Command: confctl build --yes cz.vpsfree/machines/aitherdev
Build group: 1/1 (1 machines)
Full log:    .confctl/logs/2026-10-07--09-28-27-confctl-build.log

[build] 1/5 /nix/store/41im95f6ymplsw0mz7yc7vzqyg7pnyx2-etc-confctl-configuration-info.json.drv
[build] 2/5 /nix/store/mk1jgn8ii1b39m2nc1lbaym0vfw94pd8-etc-confctl-inputs-info.json.drv
[build] 3/5 /nix/store/pr65zcgdgnbrbhrg8nbi3dh3b3af2kxh-etc.drv
[build] 4/5 /nix/store/m5x917hhdzyyq71qgzwbjif5fpw3kgba-activate.drv
[build] 5/5 /nix/store/z811qkl5g9c9c65a2lmj7lmzdpglr7y0-nixos-system-aitherdev-26.05.20261006.b253099.drv

Built generations:
2026-10-07--09-28-40
  cz.vpsfree/machines/aitherdev
