
confctl config dev shell ready (tools)
Skipping swpins auto updates for flake config
Skipping swpins checks for flake config
Evaluating inputs for 1 machines...

Machines will be built in 1 groups

Build log: /home/aither/workspace/ai/vpsfree.cz/worktrees/2026-10-07-workspace-file-links/vpsfree-cz-configuration/.confctl/logs/2026-10-07--09-16-28-confctl-build.log

Building machines
  cz.vpsfree/machines/aitherdev
with inputs
Command: confctl build --yes cz.vpsfree/machines/aitherdev
Build group: 1/1 (1 machines)
Full log:    .confctl/logs/2026-10-07--09-16-28-confctl-build.log

[fetch] 1/0 /nix/store/6xr58mfvs42ixw6428x3vm9l5h88l2z7-source
[fetch] 2/0 /nix/store/i1brh5cz5nli5dzvy4mbvpbwnh908xza-source
[fetch] 3/0 /nix/store/3wgddllhk35g2vr8ybjczx2lkqnrsjw5-source
[build] 1/10 /nix/store/q332pdh0r8zigm3ngs1zy74ascz3liln-boot.json.drv
[build] 2/10 /nix/store/hn92d73d447d2rg0bhp6fa5yah09kyss-check-sshd-config.drv
[build] 3/10 /nix/store/sqrc7hgwms7p4b4ydqm4y0lx23ppcrvv-stage-2-init.sh.drv
[build] 4/10 /nix/store/xa55vcg64bls2nm9zjcclq6czl71d0bi-dry-activate.drv
[build] 5/10 /nix/store/1akrs0km21rr671zryf8pdx1cgl3yfv7-ensure-all-wrappers-paths-exist.drv
[build] 6/10 /nix/store/qw2j52z357l3pbdwncagjjcv9636xz6r-etc-confctl-configuration-info.json.drv
[build] 7/10 /nix/store/5x6fqmzl46hhk3g8hays70zdvi8lxkcx-etc-confctl-inputs-info.json.drv
[build] 8/10 /nix/store/4ljp6d8yi4vrcg8cbnm199y7pmxa03jf-etc.drv
[build] 9/10 /nix/store/qqj4w4mm68r7m7igllvz0pnrwckph9r6-activate.drv
[build] 10/10 /nix/store/rf5ppv55sm3h3ykjm1dchal63vh28lfp-nixos-system-aitherdev-26.05.20261006.b253099.drv

Built generations:
2026-10-07--09-16-43
  cz.vpsfree/machines/aitherdev
