
confctl config dev shell ready (tools)
Skipping swpins auto updates for flake config
Skipping swpins checks for flake config
Evaluating inputs for 1 machines...

Machines will be built in 1 groups

Build log: /home/aither/workspace/ai/vpsfree.cz/worktrees/2026-10-07-workspace-file-links/vpsfree-cz-configuration/.confctl/logs/2026-10-07--09-44-51-confctl-deploy.log

Building machines
  cz.vpsfree/machines/aitherdev
with inputs
Command: confctl deploy --yes --no-interactive --dry-activate-first cz.vpsfr...
Build group: 1/1 (1 machines)
Full log:    .confctl/logs/2026-10-07--09-44-51-confctl-deploy.log


Built generations:
2026-10-07--09-28-40
  cz.vpsfree/machines/aitherdev
Trying to activate configuration on cz.vpsfree/machines/aitherdev (172.16.106.40)
Activating configuration on cz.vpsfree/machines/aitherdev (172.16.106.40): switch
Running health checks on cz.vpsfree/machines/aitherdev
Full log: .confctl/logs/2026-10-07--09-44-51-confctl-deploy.log
[1/2] cz.vpsfree/machines/aitherdev> systemd: SystemState=running
[2/2] cz.vpsfree/machines/aitherdev> firewall.service: ActiveState=active
[2/2] cz.vpsfree/machines/aitherdev> succeeded
[1/2] cz.vpsfree/machines/aitherdev> succeeded
2 checks passed, 0 failed

