=== Build 1 start: 2026-10-03T17:17:40+02:00 ===

confctl config dev shell ready (tools)
Skipping swpins auto updates for flake config
Skipping swpins checks for flake config
Evaluating inputs for 2 machines...

Machines will be built in 1 groups

Build log: /home/aither/workspace/ai/vpsfree.cz/worktrees/2026-10-03-infra-monitoring/vpsfree-cz-configuration/.confctl/logs/2026-10-03--17-17-53-confctl-build.log

Building machines
  cz.vpsfree/containers/prg/int.mon1
  cz.vpsfree/containers/prg/int.mon2
with inputs
Command: confctl build --yes cz.vpsfree/containers/prg/int.mon[12]
Build group: 1/1 (2 machines)
Full log:    .confctl/logs/2026-10-03--17-17-53-confctl-build.log

[fetch] 1/16 /nix/store/83z41w3364kb5cqcr0x34gppai9n29ib-ensure-all-wrappers-paths-exist
[build] 1/29 /nix/store/rh5yzc6l4dn7xmqzkhbssh471m4i1v3f-check-sshd-config.drv
[build] 2/29 /nix/store/54wxfwd384l8injnbsg5kkv9ximzqgdk-system-path.drv
[build] 3/29 /nix/store/ib93y5mdhg1k84wssnpgd17m6raif8s1-dry-activate.drv
[build] 4/29 /nix/store/k349plm0kv9rii2nlmr1djmqzld66mjk-etc-confctl-configuration-info.json.drv
[build] 5/29 /nix/store/kqagvp3f4h1sq75sfhqy85bwjczj44sx-etc-confctl-inputs-info.json.drv
[build] 6/29 /nix/store/2sgxx3spvl2kh643dp95d0r91gph5znw-etc-pam-environment.drv
[build] 7/29 /nix/store/rc65aadf91ssjd4n4g3y3rr0xkq6jyjz-set-environment.drv
[fetch] 2/16 /nix/store/y25sr4bz1jhs0mnkrbwbg9y94pn4sdnk-python3.13-cbor2-5.8.0
[fetch] 3/16 /nix/store/q1wkn7y59r6xxqffqfzyrx8jddzsm3w3-python3.13-colorama-0.4.6
[fetch] 4/16 /nix/store/p9lzw11wc1f1swfwdfhrr6clw949ir1p-python3.13-mdurl-0.1.2
[fetch] 5/16 /nix/store/8jzqnh5wdll7jzlm2yiji2ap19ayyp6a-python3.13-pygments-2.20.0
[fetch] 6/16 /nix/store/j39ng3q19y78f39gynx3q4rpj8xql1an-python3.13-python-dateutil-2.9.0.post0
[fetch] 7/16 /nix/store/fsv251dabkd00jmwkrra4am6dh40bc2n-python3.13-ruamel-base-1.0.0
[fetch] 8/16 /nix/store/q89zky62qi6ms9w13r70alywvqy5yybr-python3.13-pyyaml-6.0.3
[fetch] 9/16 /nix/store/hk3dwwqnni8qyaf6fiw3nbqqf2k1xhav-python3.13-tomlkit-0.12.5
[fetch] 10/16 /nix/store/afi82qcnc810p5idgkq1zrk63qdqkmby-python3.13-u-msgpack-python-2.8.0
[fetch] 11/16 /nix/store/9s4bd3syi66s10bc4faqaxqpp9217hlv-python3.13-ruamel-yaml-clib-0.2.15
[build] 8/29 /nix/store/9ac33vbh07fv8d1zbyg1wlpr9xrc75dp-prometheus-rules.drv
[fetch] 12/16 /nix/store/1dgx66mzvi8w5d56wz244l0ha1w2k11h-python3.13-markdown-it-py-4.0.0
[fetch] 13/16 /nix/store/ria0fn27w198ih3afmyg8bjgjxharsz0-python3.13-ruamel-yaml-0.19.1
[build] 9/29 /nix/store/hlyl556v17iiwdd1ckqx6q14b1vcvg8g-etc-profile.drv
[build] 10/29 /nix/store/v7ikz4av7r211qznad3w4lbfmxpyc438-rules-checkrules-checked.drv
[fetch] 14/16 /nix/store/8vk6n7msqm6fg6ahncwzf564509wh2bh-python3.13-rich-14.3.3
[fetch] 15/16 /nix/store/jjwrh6rrv395y33jnrhxzil26va2q7nn-python3.13-rich-argparse-1.7.2
[fetch] 16/16 /nix/store/mmhllck4iq32j31fjnhkf71rqwjb2lcc-remarshal-0.17.1
[build] 11/29 /nix/store/j47jnnpgddnj2fcbhx7d029asv1sraq5-prometheus.yml.drv
[build] 12/29 /nix/store/wc88cvyq1i6fjh7177xs1ckl31hnrqs1-prometheus.yml.drv
[build] 13/29 /nix/store/md27kfb9l06mq9p50206prz9ap91bhnf-dbus-1.drv
[build] 14/29 /nix/store/6il83ffs2lwl11n6b75ilbpw50a0msx2-prometheus.yml-checkconfig-checked.drv
[build] 15/29 /nix/store/f6g8yva6bp4qrp2nw2py30j6cspbiris-prometheus.yml-checkconfig-checked.drv
[build] 16/29 /nix/store/lmg1g8437sy1zcm58jlq926kn6wqjpqf-X-Restart-Triggers-dbus-broker.drv
[build] 17/29 /nix/store/84xdfgzxzbplcxs45i7krr7kabp488by-unit-dbus-broker.service.drv
[build] 18/29 /nix/store/hrh9ia3a5slkanzsr0426xghw0jlh5rv-unit-dbus-broker.service.drv
[build] 19/29 /nix/store/3ffimdxf2yyh6d7x29aa9l4hkbvxi82y-unit-prometheus.service.drv
[build] 20/29 /nix/store/jcbyl7kyr6kay4p7qqawd8h2s0qkjpvw-unit-prometheus.service.drv
[build] 21/29 /nix/store/i94snq5brqs17q0nis1hwrci0azl2108-user-units.drv
[build] 22/29 /nix/store/blzln2i4dbdpir0b5xj9yqhdq8d856n5-system-units.drv
[build] 23/29 /nix/store/v8dmlxy14pqj69y7mzxi0gmm3lzq9sgp-system-units.drv
[build] 24/29 /nix/store/g16f7vx213jkr19h0h2h9cjgihs84pbd-etc.drv
[build] 25/29 /nix/store/6gl40dbnscignmcarxjcabjr832g3whs-etc.drv
[build] 26/29 /nix/store/39mgp2zpl7bwhavlaqirmfrm9farpr06-activate.drv
[build] 27/29 /nix/store/n8yx08f146mwdlbazzhvaj00wsy5p5w3-activate.drv
[build] 28/29 /nix/store/pqavc84863w16fjamy0yyq3r4hmzpjln-nixos-system-mon1-26.05.20261002.774debe.drv
[build] 29/29 /nix/store/h83yp090rf16xcb398dfca1bb7mncc7i-nixos-system-mon2-26.05.20261002.774debe.drv

Built generations:
2026-10-03--17-18-19
  cz.vpsfree/containers/prg/int.mon1
  cz.vpsfree/containers/prg/int.mon2
=== Build 1 result: exit=0 elapsed_seconds=107 finished=2026-10-03T17:19:27+02:00 ===
=== Build 2 start: 2026-10-03T17:19:33+02:00 ===

confctl config dev shell ready (tools)
Skipping swpins auto updates for flake config
Skipping swpins checks for flake config
Evaluating inputs for 2 machines...

Machines will be built in 1 groups

Build log: /home/aither/workspace/ai/vpsfree.cz/worktrees/2026-10-03-infra-monitoring/vpsfree-cz-configuration/.confctl/logs/2026-10-03--17-19-45-confctl-build.log

Building machines
  cz.vpsfree/containers/prg/int.alerts1
  cz.vpsfree/containers/prg/int.alerts2
with inputs
Command: confctl build --yes cz.vpsfree/containers/prg/int.alerts[12]
Build group: 1/1 (2 machines)
Full log:    .confctl/logs/2026-10-03--17-19-45-confctl-build.log

[build] 1/42 /nix/store/iqlr4sjls19pz8jlgglwfm7x32zrwq0h-system-path.drv
[build] 2/42 /nix/store/3kyqsr0s6lpzr53p4207g38bx3c2d91l-etc-bashrc.drv
[build] 3/42 /nix/store/ln44524f0z0chj6q442di74067hdpzwm-etc-bashrc.drv
[build] 4/42 /nix/store/fkyzcjln4ckmvcp43r8cypl62b6ph5gl-etc-hostname.drv
[build] 5/42 /nix/store/gm5ail39glsa6xg6sdxclk3bqxy3p2n6-etc-hostname.drv
[build] 6/42 /nix/store/9p8168m20zmmqh6yz9vk2aj18szkpd82-haproxy.conf.drv
[build] 7/42 /nix/store/j55nxy65j7ixg9k5lqba6pamjz5v06xs-users-groups.json.drv
[build] 8/42 /nix/store/j5n2z1xz37cmjbafzj7qa7sw0m3p8qid-string-hosts.drv
[build] 9/42 /nix/store/pnxawz2mnpwr7ldjzl205pr7afy4pfnz-string-hosts.drv
[fetch] 1/1 /nix/store/3192cyn98cjqxxxrb7x9mi2j3c4pvzkw-envsubst-1.4.3
[build] 10/42 /nix/store/9nsrairfclsm5bfbkgb489ifakvk2bx5-firewall-start.drv
[build] 11/42 /nix/store/7s8l0lfbzssyrqrl5kwiq496w0cz42b0-syslog.conf.drv
[build] 12/42 /nix/store/sp0j3wxrl0vczqvy2sczkj0d78s7aa3l-syslog.conf.drv
[build] 13/42 /nix/store/cx4i353szs8frrg7765k8wx7pxi6dkwd-source.drv
[build] 14/42 /nix/store/73y8lxb2vqf8zrdhk90h0khhpgikp60x-telegram.tmpl.drv
[build] 15/42 /nix/store/99bw0ldb27ia7mvx7f5cahz9xq4kil89-dry-activate.drv
[build] 16/42 /nix/store/97d9gqscr4hzv70z73jip53zqr3p1ch8-firewall-reload.drv
[build] 17/42 /nix/store/92fd1363pb4wv79y9n46fggb7gzrdzhd-hosts.drv
[build] 18/42 /nix/store/dz4j2g6j4pgv2pjy2a9yaivv35c6jcl3-hosts.drv
[build] 19/42 /nix/store/n9pdbn7bsbh4ncwy7k6zbx24fmad2xy7-unit-haproxy.service.drv
[build] 20/42 /nix/store/mlh9di6qlrchi8r2iqkzn6l5vzx5si1q-unit-syslog.service.drv
[build] 21/42 /nix/store/yhsdsczalx5qzff5igfsrqxxcsqwq0hm-unit-syslog.service.drv
[build] 22/42 /nix/store/0r643630xh7k3r62kcaplgcv7vq79cqh-alertmanager.yml.drv
[build] 23/42 /nix/store/z51b477acrwm4vid8brx45ziil7bm5gn-unit-firewall.service.drv
[build] 24/42 /nix/store/fzm726jyhv2071d4jr9k6i5gzmf8xwp3-dbus-1.drv
[build] 25/42 /nix/store/plphdpkbj89vf343imnv7lf50baks618-checked-config.drv
[build] 26/42 /nix/store/93kj07v3qzarwssjnnp8bmjcbh78547x-X-Restart-Triggers-dbus-broker.drv
[build] 27/42 /nix/store/rmkfq7gqmbfblq3xh4xd0qgdynflx359-sachet-vpsfree-0.3.2.drv
[build] 28/42 /nix/store/m3230zv0nd3krclxkx4b23nd6wrrcgch-unit-script-alertmanager-pre-start.drv
[build] 29/42 /nix/store/mag4mwwl8ljxc53ri7zsk423g825460x-unit-dbus-broker.service.drv
[build] 30/42 /nix/store/vkn931azqbnd5vpcz41rkn7khfav1qvg-unit-dbus-broker.service.drv
[build] 31/42 /nix/store/d0zy8agwr5bnkmksyz1kii0dvacz84j5-unit-alertmanager.service.drv
[build] 32/42 /nix/store/qc7vcdq1r93bcwbw6rw5dijmin3flspx-unit-alertmanager.service.drv
[build] 33/42 /nix/store/pivcgb1rkpbdrww2bmcjlwwnm8x6q9i6-user-units.drv
[build] 34/42 /nix/store/xrkipfnaglv7zqg2icwx9vc3iqmc6ib7-unit-sachet.service.drv
[build] 35/42 /nix/store/2xrdgx7wyxys2x990prcxrg09gskrj20-system-units.drv
[build] 36/42 /nix/store/yxwzyynqvzy1wm8l2lw4m6i1iv29bjxy-system-units.drv
[build] 37/42 /nix/store/hs88h19s73vv859dd6pp7apxwk41nzp2-etc.drv
[build] 38/42 /nix/store/2jkrlvr064kqmlg2hr89z0wwp5jarssr-etc.drv
[build] 39/42 /nix/store/zr0qj96951cd930p0lj4swl2b0q3iayd-activate.drv
[build] 40/42 /nix/store/5ar10bvzla2z7dms7yi5hgjhsa9qmjp5-activate.drv
[build] 41/42 /nix/store/006g796npwrk3nxhnfiy52n9h5lagh83-nixos-system-alerts2-26.05.20261002.774debe.drv
[build] 42/42 /nix/store/l2g066xahd0l5wpgpx0v87lkadpwlbxj-nixos-system-alerts1-26.05.20261002.774debe.drv

Built generations:
2026-10-03--17-19-58
  cz.vpsfree/containers/prg/int.alerts1
  cz.vpsfree/containers/prg/int.alerts2
=== Build 2 result: exit=0 elapsed_seconds=139 finished=2026-10-03T17:21:52+02:00 ===
