tested_revision=b66c929bb7c202ad31bd8994a691ade14c40ebf0
tested_tree=406b654f992c65815806615e86c7a84fe267451c

=== batch 1 started 2026-10-03T14:46:38.617137+00:00 ===
$ nix build --no-write-lock-file --no-link .#checks.x86_64-linux.infra-monitoring-config .#checks.x86_64-linux.infra-monitoring-rules
warning: Git tree '/home/aither/workspace/ai/vpsfree.cz/worktrees/2026-10-03-infra-monitoring/vpsfree-cz-configuration' is dirty
these 7 derivations will be built:
  /nix/store/1gjbpg742vd3wxn2ykh1bq1cn816xprs-infra-monitoring-filesystem.json.drv
  /nix/store/fd9k3i54fw0iryg3njg4gvl12sjpan0y-infra-monitoring-cpu-rules.json.drv
  /nix/store/qagfw3j5k9cfwwxj2vridllcv5jh62x7-infra-monitoring-alertmanager.json.drv
  /nix/store/y0zw0xfp1q50y0gv8wfn2h23abzr3f09-infra-monitoring-filesystem.yml.drv
  /nix/store/fq1qz3n73llh5hliprlcf5ln7dpnr6ng-infra-monitoring-config.drv
  /nix/store/zhrcpjndkpjfbbh1wa0v99pann559krq-infra-monitoring-rules.yml.drv
  /nix/store/py49k63yny77rna5sj0crir683zkbckz-infra-monitoring-rules.drv
these 2 paths will be fetched (51.7 MiB download, 205.5 MiB unpacked):
  /nix/store/pcywnmi6lq90nvkz3w294fx72ynv7fdy-alertmanager-0.31.1
  /nix/store/fkhz240czj7a36qfhii2cf03kypsg1wd-prometheus-3.12.0-cli
copying path '/nix/store/pcywnmi6lq90nvkz3w294fx72ynv7fdy-alertmanager-0.31.1' from 'https://cache.nixos.org'...
copying path '/nix/store/fkhz240czj7a36qfhii2cf03kypsg1wd-prometheus-3.12.0-cli' from 'https://cache.nixos.org'...
building '/nix/store/qagfw3j5k9cfwwxj2vridllcv5jh62x7-infra-monitoring-alertmanager.json.drv'...
building '/nix/store/fd9k3i54fw0iryg3njg4gvl12sjpan0y-infra-monitoring-cpu-rules.json.drv'...
building '/nix/store/1gjbpg742vd3wxn2ykh1bq1cn816xprs-infra-monitoring-filesystem.json.drv'...
building '/nix/store/zhrcpjndkpjfbbh1wa0v99pann559krq-infra-monitoring-rules.yml.drv'...
building '/nix/store/y0zw0xfp1q50y0gv8wfn2h23abzr3f09-infra-monitoring-filesystem.yml.drv'...
building '/nix/store/fq1qz3n73llh5hliprlcf5ln7dpnr6ng-infra-monitoring-config.drv'...
building '/nix/store/py49k63yny77rna5sj0crir683zkbckz-infra-monitoring-rules.drv'...
=== batch 1 exit_status=0 elapsed_seconds=8.074 ended=2026-10-03T14:46:46.690692+00:00 ===

=== batch 2 started 2026-10-03T14:46:46.690919+00:00 ===
$ nix build --no-write-lock-file --no-link .#checks.x86_64-linux.vps-autostart-prometheus-rules .#checks.x86_64-linux.process-count-prometheus-rules
warning: Git tree '/home/aither/workspace/ai/vpsfree.cz/worktrees/2026-10-03-infra-monitoring/vpsfree-cz-configuration' is dirty
these 6 derivations will be built:
  /nix/store/h01llylbwcwy1isvv1n13ql6xqrvnzp9-vps-autostart-rules.json.drv
  /nix/store/1g4ghc4cl5gf8wns19zw3dnhhhxpjvs8-vps-autostart-rules.yml.drv
  /nix/store/r8nh329ivqvss72dchw0nz0m9znpfgxi-process-count-rules.json.drv
  /nix/store/j6cc7s3xbrk7nnbzqr1nhshkp48p2xn7-process-count-rules.yml.drv
  /nix/store/rh3imm95wwhn519vbnx9zqy9075m6var-process-count-prometheus-rules.drv
  /nix/store/sjshax5bp19zzq84f7bbsfi4v7nyrnxn-vps-autostart-prometheus-rules.drv
building '/nix/store/r8nh329ivqvss72dchw0nz0m9znpfgxi-process-count-rules.json.drv'...
building '/nix/store/h01llylbwcwy1isvv1n13ql6xqrvnzp9-vps-autostart-rules.json.drv'...
building '/nix/store/j6cc7s3xbrk7nnbzqr1nhshkp48p2xn7-process-count-rules.yml.drv'...
building '/nix/store/1g4ghc4cl5gf8wns19zw3dnhhhxpjvs8-vps-autostart-rules.yml.drv'...
building '/nix/store/rh3imm95wwhn519vbnx9zqy9075m6var-process-count-prometheus-rules.drv'...
building '/nix/store/sjshax5bp19zzq84f7bbsfi4v7nyrnxn-vps-autostart-prometheus-rules.drv'...
=== batch 2 exit_status=0 elapsed_seconds=6.710 ended=2026-10-03T14:46:53.400504+00:00 ===
