Operation identity: quick-checks watcher / this tool-owned sequential operation
Started UTC epoch: 1791038396
Working directory: /home/aither/workspace/ai/vpsfree.cz/worktrees/2026-10-03-infra-monitoring/vpsfree-cz-configuration
Tested HEAD: b66c929bb7c202ad31bd8994a691ade14c40ebf0
Tested staged index tree: f9dad7c34735c8d6e16c3ebc114bd0b2c462980c
Session current and environment identity matched 2026-10-03-infra-monitoring at /home/aither/workspace/ai/vpsfree.cz.

COMMAND 1 (exit 0; ~3s): nix eval --impure --no-write-lock-file --json .#confctl.machines --apply 'ms: builtins.mapAttrs (_: m: { inherit (m.metaConfig) machineType; }) ms'
Output: passed; returned machine metadata JSON (full output omitted from log to avoid large inventory duplication). Nix warned that the Git tree is dirty.

COMMAND 2 (exit 1; ~3s): nix build --no-write-lock-file --no-link .#checks.x86_64-linux.infra-monitoring-config .#checks.x86_64-linux.infra-monitoring-rules
Output:
error:
       … in the condition of the assert statement
         at tests/prometheus/infra-monitoring-config.nix:263:1:
          262| assert !(builtins.tryEval (metadataFixture "invalid")).success;
          263| assert checkMonitor "cz.vpsfree/containers/prg/int.mon1";
             | ^
       … in the left operand of the AND (&&) operator
         at tests/prometheus/infra-monitoring-config.nix:179:5:
          178|     && checkNodeJob "nodes-zfs-storage" "storage" 9134
          179|     && checkNodeJob "nodes-ipmi" null 9290;
             |     ^
          180|
       (stack trace truncated; use '--show-trace' to show the full, detailed trace)
       error: attribute 'monitor' missing
       at modules/clusterconf/monitor/default.nix:308:41:
        307|         sshExporterServices = flatten (
        308|           map (m: filterServices m (sv: sv.monitor == "ssh-exporter")) monitoredMachines
             |                                         ^

COMMAND 3: not run because command 2 failed; required stop-on-failure rule.
No build log indicated a local kernel build.
