First owning commit amendment:
`/home/aither` is not writable.
Bundler will use `/tmp/bundler20261003-8-qcds5u8' as your home directory temporarily.
Running pre-commit hooks
Run Nixfmt...................................................[Nixfmt] OK

✓ All pre-commit hooks passed

`/home/aither` is not writable.
Bundler will use `/tmp/bundler20261003-104-2t00o9104' as your home directory temporarily.
`/home/aither` is not writable.
Bundler will use `/tmp/bundler20261003-113-7pc03i113' as your home directory temporarily.
Running commit-msg hooks
Check subject line................................[SingleLineSubject] OK
Check for trailing periods in subject................[TrailingPeriod] OK
Check text width..........................................[TextWidth] OK

✓ All commit-msg hooks passed

`/home/aither` is not writable.
Bundler will use `/tmp/bundler20261003-204-pn2627204' as your home directory temporarily.
`/home/aither` is not writable.
Bundler will use `/tmp/bundler20261003-213-vj89tq213' as your home directory temporarily.
[detached HEAD e7b02916] monitoring: label machine types and suppress VPS disk sms
 Date: Sat Oct 3 16:49:12 2026 +0200
 12 files changed, 515 insertions(+), 4 deletions(-)
 create mode 100644 docs/services/monitoring.md
 create mode 100644 tests/prometheus/infra-monitoring-config.nix
 create mode 100644 tests/prometheus/infra-monitoring-filesystem.yml
 create mode 100644 tests/prometheus/infra-monitoring-routing.sh

Exit status: 0

CPU replay final amendment:
`/home/aither` is not writable.
Bundler will use `/tmp/bundler20261003-7-orbj7e7' as your home directory temporarily.
Running pre-commit hooks
Run Nixfmt...................................................[Nixfmt] OK

✓ All pre-commit hooks passed

`/home/aither` is not writable.
Bundler will use `/tmp/bundler20261003-103-bvmwcz103' as your home directory temporarily.
`/home/aither` is not writable.
Bundler will use `/tmp/bundler20261003-112-m9ow79112' as your home directory temporarily.
Running commit-msg hooks
Check subject line................................[SingleLineSubject] OK
Check for trailing periods in subject................[TrailingPeriod] OK
Check text width..........................................[TextWidth] OK

✓ All commit-msg hooks passed

`/home/aither` is not writable.
Bundler will use `/tmp/bundler20261003-203-c74lsl203' as your home directory temporarily.
`/home/aither` is not writable.
Bundler will use `/tmp/bundler20261003-212-8pgeue212' as your home directory temporarily.
[detached HEAD f725dd3f] monitoring: apply staging cpu alert policy to playground
 Date: Sat Oct 3 16:50:17 2026 +0200
 5 files changed, 296 insertions(+), 9 deletions(-)
 create mode 100644 tests/prometheus/infra-monitoring-rules.nix
 create mode 100644 tests/prometheus/infra-monitoring-rules.yml

Exit status: 0
