Preparing worktree (detached HEAD b66c929b)
HEAD is now at b66c929b inputs: set vpsadminWebui to f123a7fb

Feature publication with exact old-head lease
To github.com:vpsfreecz/vpsfree-cz-configuration.git
 + f725dd3f...657cc0a8 HEAD -> 2026-10-03-infra-monitoring (forced update)

Refresh before approved fast-forward default integration

Approved target fast-forward merge
Updating b66c929b..657cc0a8
Fast-forward
 cluster/cz.vpsfree/machines/aitherdev/module.nix |   1 +
 cluster/cz.vpsfree/machines/build/module.nix     |   1 +
 cluster/cz.vpsfree/machines/em1/module.nix       |   1 +
 docs/services/monitoring.md                      |  90 +++++
 flake.nix                                        |   7 +
 mkdocs.yml                                       |   1 +
 modules/cluster/default.nix                      |  10 +
 modules/clusterconf/monitor/default.nix          |  21 +-
 modules/clusterconf/monitor/rules/common.nix     |   2 +-
 modules/clusterconf/monitor/rules/nodes.nix      |  10 +-
 tests/prometheus/infra-monitoring-config.nix     | 373 +++++++++++++++++
 tests/prometheus/infra-monitoring-filesystem.yml | 483 +++++++++++++++++++++++
 tests/prometheus/infra-monitoring-routing.sh     |  33 ++
 tests/prometheus/infra-monitoring-rules.nix      |  35 ++
 tests/prometheus/infra-monitoring-rules.yml      | 235 +++++++++++
 15 files changed, 1292 insertions(+), 11 deletions(-)
 create mode 100644 docs/services/monitoring.md
 create mode 100644 tests/prometheus/infra-monitoring-config.nix
 create mode 100644 tests/prometheus/infra-monitoring-filesystem.yml
 create mode 100644 tests/prometheus/infra-monitoring-routing.sh
 create mode 100644 tests/prometheus/infra-monitoring-rules.nix
 create mode 100644 tests/prometheus/infra-monitoring-rules.yml

Normal non-forced push to refs/heads/master
To github.com:vpsfreecz/vpsfree-cz-configuration.git
   b66c929b..657cc0a8  HEAD -> master
