$ git rebase -i b66c929bb7c202ad31bd8994a691ade14c40ebf0
`/home/aither` is not writable.
Bundler will use `/tmp/bundler20261003-25-3zcz2i25' as your home directory temporarily.
fatal: cannot exec '/tmp/infra-monitoring-consolidation-ayx0k2fm/sequence-editor.py': No such file or directory
error: unable to start editor '/tmp/infra-monitoring-consolidation-ayx0k2fm/sequence-editor.py'
exit=1

$ git rebase -i b66c929bb7c202ad31bd8994a691ade14c40ebf0 (corrected editor interpreter)
`/home/aither` is not writable.
Bundler will use `/tmp/bundler20261003-7-86qwdj7' as your home directory temporarily.
`/home/aither` is not writable.
Bundler will use `/tmp/bundler20261003-17-kf7e4w17' as your home directory temporarily.
Rebasing (1/2)
Stopped at e7b02916...  # monitoring: label machine types and suppress VPS disk sms
You can amend the commit now, with

  git commit --amend 

Once you are satisfied with your changes, run

  git rebase --continue
exit=0

$ git commit --amend -F /tmp/infra-monitoring-consolidation-ayx0k2fm/first-message.txt
`/home/aither` is not writable.
Bundler will use `/tmp/bundler20261003-12-ngsa6b12' as your home directory temporarily.
Running pre-commit hooks
Run Nixfmt...................................................[Nixfmt] OK

✓ All pre-commit hooks passed

`/home/aither` is not writable.
Bundler will use `/tmp/bundler20261003-108-mgs86s108' as your home directory temporarily.
`/home/aither` is not writable.
Bundler will use `/tmp/bundler20261003-117-xoxwov117' as your home directory temporarily.
Running commit-msg hooks
Check subject line................................[SingleLineSubject] OK
Check for trailing periods in subject................[TrailingPeriod] OK
Check text width..........................................[TextWidth] WARNING
Commit message subject must be <= 60 characters

⚠ All commit-msg hooks passed, but with warnings

`/home/aither` is not writable.
Bundler will use `/tmp/bundler20261003-208-jubw74208' as your home directory temporarily.
`/home/aither` is not writable.
Bundler will use `/tmp/bundler20261003-217-b74pya217' as your home directory temporarily.
[detached HEAD 845958ac] monitoring: restrict critical filesystem alerts by machine type
 Date: Sat Oct 3 16:49:12 2026 +0200
 12 files changed, 999 insertions(+), 5 deletions(-)
 create mode 100644 docs/services/monitoring.md
 create mode 100644 tests/prometheus/infra-monitoring-config.nix
 create mode 100644 tests/prometheus/infra-monitoring-filesystem.yml
 create mode 100644 tests/prometheus/infra-monitoring-routing.sh
exit=0

$ git commit --amend -F /tmp/infra-monitoring-consolidation-ayx0k2fm/first-message.txt
`/home/aither` is not writable.
Bundler will use `/tmp/bundler20261003-6-lhhx26' as your home directory temporarily.
Running pre-commit hooks
Run Nixfmt...................................................[Nixfmt] OK

✓ All pre-commit hooks passed

`/home/aither` is not writable.
Bundler will use `/tmp/bundler20261003-102-ud0ia9102' as your home directory temporarily.
`/home/aither` is not writable.
Bundler will use `/tmp/bundler20261003-111-zepgp0111' as your home directory temporarily.
Running commit-msg hooks
Check subject line................................[SingleLineSubject] OK
Check for trailing periods in subject................[TrailingPeriod] OK
Check text width..........................................[TextWidth] OK

✓ All commit-msg hooks passed

`/home/aither` is not writable.
Bundler will use `/tmp/bundler20261003-202-q7iez3202' as your home directory temporarily.
`/home/aither` is not writable.
Bundler will use `/tmp/bundler20261003-211-iimkd1211' as your home directory temporarily.
[detached HEAD f53354de] monitoring: restrict critical filesystem alerts by type
 Date: Sat Oct 3 16:49:12 2026 +0200
 12 files changed, 999 insertions(+), 5 deletions(-)
 create mode 100644 docs/services/monitoring.md
 create mode 100644 tests/prometheus/infra-monitoring-config.nix
 create mode 100644 tests/prometheus/infra-monitoring-filesystem.yml
 create mode 100644 tests/prometheus/infra-monitoring-routing.sh
exit=0

$ git rebase --continue
Rebasing (2/2)
`/home/aither` is not writable.
Bundler will use `/tmp/bundler20261003-222-vs37ni222' as your home directory temporarily.
Successfully rebased and updated refs/heads/2026-10-03-infra-monitoring.
exit=0

$ git commit -F /tmp/infra-monitoring-consolidation-ayx0k2fm/cpu-message.txt
`/home/aither` is not writable.
Bundler will use `/tmp/bundler20261003-14-l40on814' as your home directory temporarily.
Running pre-commit hooks
Run Nixfmt...................................................[Nixfmt] OK

✓ All pre-commit hooks passed

`/home/aither` is not writable.
Bundler will use `/tmp/bundler20261003-110-fskvnv110' as your home directory temporarily.
`/home/aither` is not writable.
Bundler will use `/tmp/bundler20261003-119-ylduby119' as your home directory temporarily.
Running commit-msg hooks
Check subject line................................[SingleLineSubject] OK
Check for trailing periods in subject................[TrailingPeriod] OK
Check text width..........................................[TextWidth] OK

✓ All commit-msg hooks passed

`/home/aither` is not writable.
Bundler will use `/tmp/bundler20261003-210-6aye5d210' as your home directory temporarily.
[2026-10-03-infra-monitoring 657cc0a] monitoring: apply staging cpu alert policy to playground
 5 files changed, 298 insertions(+), 11 deletions(-)
 create mode 100644 tests/prometheus/infra-monitoring-rules.nix
 create mode 100644 tests/prometheus/infra-monitoring-rules.yml
exit=0
