Session: 2026-10-03-infra-monitoring
Workspace: /home/aither/workspace/ai/vpsfree.cz
Worktree: /home/aither/workspace/ai/vpsfree.cz/worktrees/2026-10-03-infra-monitoring/vpsfree-cz-configuration
HEAD: 657cc0a8e087f8c4bed7fe8d7176cb9f06a6e2da
Tree: c3a20ba419ff6bc8e2b3ed2a6d4600087d143af9

Command 1 (exit 0, elapsed 18.3s): nix develop --no-write-lock-file --command confctl ls 'cz.vpsfree/containers/prg/int.mon[12]'
NAME                                 SPIN    NODE.ROLE   HOST.NAME   HOST.LOCATION   HOST.DOMAIN
cz.vpsfree/containers/prg/int.mon1   nixos   -           mon1        int.prg         vpsfree.cz
cz.vpsfree/containers/prg/int.mon2   nixos   -           mon2        int.prg         vpsfree.cz

Command 2 (exit 0, elapsed 23.9s): nix develop --no-write-lock-file --command confctl ls 'cz.vpsfree/containers/prg/int.alerts[12]'
NAME                                    SPIN    NODE.ROLE   HOST.NAME   HOST.LOCATION   HOST.DOMAIN
cz.vpsfree/containers/prg/int.alerts1   nixos   -           alerts1     int.prg         vpsfree.cz
cz.vpsfree/containers/prg/int.alerts2   nixos   -           alerts2     int.prg         vpsfree.cz

Command 3 (exit 0, elapsed 74.2s): nix develop --no-write-lock-file --command confctl build --yes 'cz.vpsfree/containers/prg/int.mon[12]'
Build log: /home/aither/workspace/ai/vpsfree.cz/worktrees/2026-10-03-infra-monitoring/vpsfree-cz-configuration/.confctl/logs/2026-10-03--19-14-26-confctl-build.log
[build] 1/17 /nix/store/vk37szkniijfqm5yxz1mjjglmdkh2gh4-etc-confctl-configuration-info.json.drv
[build] 2/17 /nix/store/45gm5gz4p88amv01ffl3f4mw5nfjvm51-prometheus-rules.drv
[build] 3/17 /nix/store/vf1lhcnspjvf49dm1nbdr5k1xpnzbzmh-rules-checkrules-checked.drv
[build] 4/17 /nix/store/qmcnifp9l6y36nj17mqafpppzsxx5kks-prometheus.yml.drv
[build] 5/17 /nix/store/qr2waj4rk3rxy30v6n8acbz9zsyvni7y-prometheus.yml.drv
[build] 6/17 /nix/store/rqlcj1a7fzb40vrrxxmf7jzmkhx3gpm3-prometheus.yml-checkconfig-checked.drv
[build] 7/17 /nix/store/zpifnk33kmzd7yk76yy1zf3aabrsvn25-prometheus.yml-checkconfig-checked.drv
[build] 8/17 /nix/store/mfixal5picqvcpybkx6qgs9sjsvqfy1y-unit-prometheus.service.drv
[build] 9/17 /nix/store/gw0q5day18b2hv1fs7ni46q2m5ysb11c-unit-prometheus.service.drv
[build] 10/17 /nix/store/c3ngdd33l3b1wkcrl00vlbdk48l3mi2z-system-units.drv
[build] 11/17 /nix/store/0pqxm19a2l4qx3iyfpgvlaz6kgqnp5zc-system-units.drv
[build] 12/17 /nix/store/gxxj9wn292n9yddyzpxc0cdnrp6a2hb3-etc.drv
[build] 13/17 /nix/store/2z4qbijvl9l9jarivamdsczirfaz5nfr-etc.drv
[build] 14/17 /nix/store/cfi9rlsnnn63ms4mgh1hiky6zcd8ld5f-activate.drv
[build] 15/17 /nix/store/j2v0gf5znknq1qjax4sci2kpfi3yg17n-activate.drv
[build] 16/17 /nix/store/g9fv017khxmrvnjyrxdplcycjlbrsh30-nixos-system-mon1-26.05.20261002.774debe.drv
[build] 17/17 /nix/store/mlhpzim0sc57yw6vj9wqrd2gc3prg0bs-nixos-system-mon2-26.05.20261002.774debe.drv
Built generations:
2026-10-03--19-14-38
  cz.vpsfree/containers/prg/int.mon1
  cz.vpsfree/containers/prg/int.mon2

Command 4 (exit 0, elapsed 61.9s): nix develop --no-write-lock-file --command confctl build --yes 'cz.vpsfree/containers/prg/int.alerts[12]'
Build log: /home/aither/workspace/ai/vpsfree.cz/worktrees/2026-10-03-infra-monitoring/vpsfree-cz-configuration/.confctl/logs/2026-10-03--19-15-49-confctl-build.log
[build] 1/13 /nix/store/rvbi5vfsizl6m7mvljmag16ffzhv26na-alertmanager.yml.drv
[build] 2/13 /nix/store/285rvqcv6zh5cim2ldrq51an2j4w6hby-checked-config.drv
[build] 3/13 /nix/store/x0crkikfwqajwc14rv4vvvnjgc5q0j8b-unit-script-alertmanager-pre-start.drv
[build] 4/13 /nix/store/2iir9s8fa5i7bdrrjv5fwxspnkz5g4n0-unit-alertmanager.service.drv
[build] 5/13 /nix/store/fnlxl00k8q7fislrn81lqx15a16cgbwa-unit-alertmanager.service.drv
[build] 6/13 /nix/store/z1m2d9dl56vc0pnhp5dazb24f76plr63-system-units.drv
[build] 7/13 /nix/store/fcvplpfxz8vcrjd2301j7c6iv4cnz9f4-system-units.drv
[build] 8/13 /nix/store/7swhw19c0sf49vhhy6y5p4z4ji7fqjir-etc.drv
[build] 9/13 /nix/store/8k02xp7wfrrz09m651y12sj02fcrbdim-etc.drv
[build] 10/13 /nix/store/mvzk7siimg3dxl8i4djshw39f7jv0i13-activate.drv
[build] 11/13 /nix/store/gb2k6jp0vnxb10hj2finbpyz0i0df8ql-activate.drv
[build] 12/13 /nix/store/crkj96sz8lgg2gg7v3haaczh6139r4ma-nixos-system-alerts1-26.05.20261002.774debe.drv
[build] 13/13 /nix/store/ay6a6is1pcjcygr1d6jilww3rbxlzni4-nixos-system-alerts2-26.05.20261002.774debe.drv
Built generations:
2026-10-03--19-16-01
  cz.vpsfree/containers/prg/int.alerts1
  cz.vpsfree/containers/prg/int.alerts2
