Command: nix build --no-write-lock-file --no-link .#checks.x86_64-linux.infra-monitoring-config .#checks.x86_64-linux.infra-monitoring-rules
warning: Git tree '/home/aither/workspace/ai/vpsfree.cz/worktrees/2026-10-03-infra-monitoring/vpsfree-cz-configuration' is dirty
these 4 derivations will be built:
  /nix/store/8i8imk6yzry2p3cvfinn9rfzpg9mmrs5-infra-monitoring-alertmanager.json.drv
  /nix/store/ai471709xlzm5xxn00cq8jvnz4qi3zy8-infra-monitoring-filesystem.json.drv
  /nix/store/g9204vxgyg0v1w3w1jvw0bdkw8wgcbw0-infra-monitoring-filesystem.yml.drv
  /nix/store/6d37zmpk87fj9ddbc2md6j6k3jv5g9na-infra-monitoring-config.drv
building '/nix/store/8i8imk6yzry2p3cvfinn9rfzpg9mmrs5-infra-monitoring-alertmanager.json.drv'...
building '/nix/store/ai471709xlzm5xxn00cq8jvnz4qi3zy8-infra-monitoring-filesystem.json.drv'...
building '/nix/store/g9204vxgyg0v1w3w1jvw0bdkw8wgcbw0-infra-monitoring-filesystem.yml.drv'...
building '/nix/store/6d37zmpk87fj9ddbc2md6j6k3jv5g9na-infra-monitoring-config.drv'...
error: Cannot build '/nix/store/6d37zmpk87fj9ddbc2md6j6k3jv5g9na-infra-monitoring-config.drv'.
       Reason: builder failed with exit code 1.
       Output paths:
         /nix/store/3mm75r7d9612zqmf912l57sx30sh3rzl-infra-monitoring-config
       Last 25 log lines:
       > team-mail,team-telegram,sms-aither,sms-snajpa
       > team-mail,team-telegram,sms-aither,sms-snajpa
       > team-mail
       > team-mail,team-telegram,sms-aither,sms-snajpa
       > team-mail,team-telegram,sms-aither,sms-snajpa
       > team-mail
       > team-mail,team-telegram,sms-aither,sms-snajpa
       > team-mail,team-telegram,sms-aither,sms-snajpa
       > team-mail,team-telegram,sms-aither,sms-snajpa
       > team-mail,team-telegram,sms-aither,sms-snajpa
       > team-mail
       > blackhole
       > Checking /nix/store/fngvig1qj2542dx0r62rp695kn1yr7sh-infra-monitoring-filesystem.json
       >   SUCCESS: 2 rules found
       >
       >   FAILED:
       >     expr: "ALERTS{alertname=\"FilesystemLowFreeSpace\",alertstate=\"pending\",instance=~\"(vps|missing)-.*\"}", time: 4m40s,
       >         exp: {__name__="ALERTS", alertclass="fsavail", alertname="FilesystemLowFreeSpace", alertstate="pending", device="/dev/vda1", frequency="hourly", fstype="ext4", instance="missing-infra:9100", job="infra", mountpoint="/", severity="warning"} 1E+00, {__name__="ALERTS", alertclass="fsavail", alertname="FilesystemLowFreeSpace", alertstate="pending", device="/dev/vda1", frequency="hourly", fstype="ext4", instance="missing-meet-jvbs:9100", job="meet-jvbs", mountpoint="/", severity="warning"} 1E+00, {__name__="ALERTS", alertclass="fsavail", alertname="FilesystemLowFreeSpace", alertstate="pending", device="/dev/vda1", frequency="hourly", fstype="ext4", instance="missing-mon:9100", job="mon", mountpoint="/", severity="warning"} 1E+00, {__name__="ALERTS", alertclass="fsavail", alertname="FilesystemLowFreeSpace", alertstate="pending", device="/dev/vda1", frequency="hourly", fstype="ext4", instance="missing-nodes:9100", job="nodes", mountpoint="/", severity="warning"} 1E+00, {__name__="ALERTS", alertclass="fsavail", alertname="FilesystemLowFreeSpace", alertstate="pending", device="/dev/vda1", frequency="hourly", fstype="ext4", instance="vps-infra:9100", job="infra", machine_type="vps", mountpoint="/", severity="warning"} 1E+00, {__name__="ALERTS", alertclass="fsavail", alertname="FilesystemLowFreeSpace", alertstate="pending", device="/dev/vda1", frequency="hourly", fstype="ext4", instance="vps-meet-jvbs:9100", job="meet-jvbs", machine_type="vps", mountpoint="/", severity="warning"} 1E+00, {__name__="ALERTS", alertclass="fsavail", alertname="FilesystemLowFreeSpace", alertstate="pending", device="/dev/vda1", frequency="hourly", fstype="ext4", instance="vps-mon:9100", job="mon", machine_type="vps", mountpoint="/", severity="warning"} 1E+00, {__name__="ALERTS", alertclass="fsavail", alertname="FilesystemLowFreeSpace", alertstate="pending", device="/dev/vda1", frequency="hourly", fstype="ext4", instance="vps-nodes:9100", job="nodes", machine_type="vps", mountpoint="/", severity="warning"} 1E+00
       >         got: {__name__="ALERTS", alertclass="fsavail", alertname="FilesystemLowFreeSpace", alertstate="pending", device="/dev/vda1", frequency="hourly", fstype="ext4", instance="missing-infra:9100", job="infra", mountpoint="/", severity="warning"} 1E+00, {__name__="ALERTS", alertclass="fsavail", alertname="FilesystemLowFreeSpace", alertstate="pending", device="/dev/vda1", frequency="hourly", fstype="ext4", instance="missing-job:9100", machine_type="vm", mountpoint="/", severity="warning"} 1E+00, {__name__="ALERTS", alertclass="fsavail", alertname="FilesystemLowFreeSpace", alertstate="pending", device="/dev/vda1", frequency="hourly", fstype="ext4", instance="missing-meet-jvbs:9100", job="meet-jvbs", mountpoint="/", severity="warning"} 1E+00, {__name__="ALERTS", alertclass="fsavail", alertname="FilesystemLowFreeSpace", alertstate="pending", device="/dev/vda1", frequency="hourly", fstype="ext4", instance="missing-mon:9100", job="mon", mountpoint="/", severity="warning"} 1E+00, {__name__="ALERTS", alertclass="fsavail", alertname="FilesystemLowFreeSpace", alertstate="pending", device="/dev/vda1", frequency="hourly", fstype="ext4", instance="missing-nodes:9100", job="nodes", mountpoint="/", severity="warning"} 1E+00, {__name__="ALERTS", alertclass="fsavail", alertname="FilesystemLowFreeSpace", alertstate="pending", device="/dev/vda1", frequency="hourly", fstype="ext4", instance="vps-infra:9100", job="infra", machine_type="vps", mountpoint="/", severity="warning"} 1E+00, {__name__="ALERTS", alertclass="fsavail", alertname="FilesystemLowFreeSpace", alertstate="pending", device="/dev/vda1", frequency="hourly", fstype="ext4", instance="vps-meet-jvbs:9100", job="meet-jvbs", machine_type="vps", mountpoint="/", severity="warning"} 1E+00, {__name__="ALERTS", alertclass="fsavail", alertname="FilesystemLowFreeSpace", alertstate="pending", device="/dev/vda1", frequency="hourly", fstype="ext4", instance="vps-mon:9100", job="mon", machine_type="vps", mountpoint="/", severity="warning"} 1E+00, {__name__="ALERTS", alertclass="fsavail", alertname="FilesystemLowFreeSpace", alertstate="pending", device="/dev/vda1", frequency="hourly", fstype="ext4", instance="vps-nodes:9100", job="nodes", machine_type="vps", mountpoint="/", severity="warning"} 1E+00
       >
       >     expr: "ALERTS{alertname=\"FilesystemLowFreeSpace\",alertstate=\"firing\",instance=~\"(vps|missing)-.*\"}", time: 5m,
       >         exp: {__name__="ALERTS", alertclass="fsavail", alertname="FilesystemLowFreeSpace", alertstate="firing", device="/dev/vda1", frequency="hourly", fstype="ext4", instance="missing-infra:9100", job="infra", mountpoint="/", severity="warning"} 1E+00, {__name__="ALERTS", alertclass="fsavail", alertname="FilesystemLowFreeSpace", alertstate="firing", device="/dev/vda1", frequency="hourly", fstype="ext4", instance="missing-meet-jvbs:9100", job="meet-jvbs", mountpoint="/", severity="warning"} 1E+00, {__name__="ALERTS", alertclass="fsavail", alertname="FilesystemLowFreeSpace", alertstate="firing", device="/dev/vda1", frequency="hourly", fstype="ext4", instance="missing-mon:9100", job="mon", mountpoint="/", severity="warning"} 1E+00, {__name__="ALERTS", alertclass="fsavail", alertname="FilesystemLowFreeSpace", alertstate="firing", device="/dev/vda1", frequency="hourly", fstype="ext4", instance="missing-nodes:9100", job="nodes", mountpoint="/", severity="warning"} 1E+00, {__name__="ALERTS", alertclass="fsavail", alertname="FilesystemLowFreeSpace", alertstate="firing", device="/dev/vda1", frequency="hourly", fstype="ext4", instance="vps-infra:9100", job="infra", machine_type="vps", mountpoint="/", severity="warning"} 1E+00, {__name__="ALERTS", alertclass="fsavail", alertname="FilesystemLowFreeSpace", alertstate="firing", device="/dev/vda1", frequency="hourly", fstype="ext4", instance="vps-meet-jvbs:9100", job="meet-jvbs", machine_type="vps", mountpoint="/", severity="warning"} 1E+00, {__name__="ALERTS", alertclass="fsavail", alertname="FilesystemLowFreeSpace", alertstate="firing", device="/dev/vda1", frequency="hourly", fstype="ext4", instance="vps-mon:9100", job="mon", machine_type="vps", mountpoint="/", severity="warning"} 1E+00, {__name__="ALERTS", alertclass="fsavail", alertname="FilesystemLowFreeSpace", alertstate="firing", device="/dev/vda1", frequency="hourly", fstype="ext4", instance="vps-nodes:9100", job="nodes", machine_type="vps", mountpoint="/", severity="warning"} 1E+00
       >         got: {__name__="ALERTS", alertclass="fsavail", alertname="FilesystemLowFreeSpace", alertstate="firing", device="/dev/vda1", frequency="hourly", fstype="ext4", instance="missing-infra:9100", job="infra", mountpoint="/", severity="warning"} 1E+00, {__name__="ALERTS", alertclass="fsavail", alertname="FilesystemLowFreeSpace", alertstate="firing", device="/dev/vda1", frequency="hourly", fstype="ext4", instance="missing-job:9100", machine_type="vm", mountpoint="/", severity="warning"} 1E+00, {__name__="ALERTS", alertclass="fsavail", alertname="FilesystemLowFreeSpace", alertstate="firing", device="/dev/vda1", frequency="hourly", fstype="ext4", instance="missing-meet-jvbs:9100", job="meet-jvbs", mountpoint="/", severity="warning"} 1E+00, {__name__="ALERTS", alertclass="fsavail", alertname="FilesystemLowFreeSpace", alertstate="firing", device="/dev/vda1", frequency="hourly", fstype="ext4", instance="missing-mon:9100", job="mon", mountpoint="/", severity="warning"} 1E+00, {__name__="ALERTS", alertclass="fsavail", alertname="FilesystemLowFreeSpace", alertstate="firing", device="/dev/vda1", frequency="hourly", fstype="ext4", instance="missing-nodes:9100", job="nodes", mountpoint="/", severity="warning"} 1E+00, {__name__="ALERTS", alertclass="fsavail", alertname="FilesystemLowFreeSpace", alertstate="firing", device="/dev/vda1", frequency="hourly", fstype="ext4", instance="vps-infra:9100", job="infra", machine_type="vps", mountpoint="/", severity="warning"} 1E+00, {__name__="ALERTS", alertclass="fsavail", alertname="FilesystemLowFreeSpace", alertstate="firing", device="/dev/vda1", frequency="hourly", fstype="ext4", instance="vps-meet-jvbs:9100", job="meet-jvbs", machine_type="vps", mountpoint="/", severity="warning"} 1E+00, {__name__="ALERTS", alertclass="fsavail", alertname="FilesystemLowFreeSpace", alertstate="firing", device="/dev/vda1", frequency="hourly", fstype="ext4", instance="vps-mon:9100", job="mon", machine_type="vps", mountpoint="/", severity="warning"} 1E+00, {__name__="ALERTS", alertclass="fsavail", alertname="FilesystemLowFreeSpace", alertstate="firing", device="/dev/vda1", frequency="hourly", fstype="ext4", instance="vps-nodes:9100", job="nodes", machine_type="vps", mountpoint="/", severity="warning"} 1E+00
       >
       >
       For full logs, run:
         nix log /nix/store/6d37zmpk87fj9ddbc2md6j6k3jv5g9na-infra-monitoring-config.drv
