copying path '/nix/store/zcqwwq108lzb92fggx0jaymdbb0b1lrb-source' from 'https://cache.nixos.org'...
copying path '/nix/store/vlq3lnsh2xij0d9blab16pq0sr09z4nl-source' from 'https://cache.vpsadminos.org'...
building '/nix/store/hj2zzq3izjw99yjswdz9ql6cqlparca4-nix-shell-env.drv'...

confctl config dev shell ready (tools)
Successfully rebased and updated refs/heads/2026-09-16-portal-upload-recovery.
Running pre-commit hooks
Run Nixfmt...................................................[Nixfmt] OK

✓ All pre-commit hooks passed

Running commit-msg hooks
Check subject line................................[SingleLineSubject] OK
Check for trailing periods in subject................[TrailingPeriod] OK
Check text width..........................................[TextWidth] WARNING
Line 4 of commit message has > 72 characters
Line 9 of commit message has > 72 characters
Line 11 of commit message has > 72 characters
Line 15 of commit message has > 72 characters
Line 22 of commit message has > 72 characters
Line 23 of commit message has > 72 characters

⚠ All commit-msg hooks passed, but with warnings

[2026-09-16-portal-upload-recovery 47e1ce3d] inputs: set devWorkspace to eb658d49
 1 file changed, 7 insertions(+), 7 deletions(-)
Configuring devWorkspace in dev-workspace -> eb658d49
Current branch 2026-09-16-portal-upload-recovery is up to date.
To github.com:vpsfreecz/vpsfree-cz-configuration.git
 + d7936f73...47e1ce3d 2026-09-16-portal-upload-recovery -> 2026-09-16-portal-upload-recovery (forced update)
