
confctl config dev shell ready (tools)
Skipping swpins auto updates for flake config
Skipping swpins checks for flake config
Evaluating inputs for 1 machines...

Machines will be built in 1 groups

Build log: /home/aither/workspace/ai/vpsfree.cz/worktrees/2026-09-16-portal-upload-recovery/.integrate-vpsfree-cz-configuration/.confctl/logs/2026-09-16--15-30-34-confctl-build.log

Building machines
  cz.vpsfree/machines/aitherdev
with inputs
Command: confctl build --yes cz.vpsfree/machines/aitherdev
Build group: 1/1 (1 machines)
Full log:    .confctl/logs/2026-09-16--15-30-34-confctl-build.log

[fetch] 1/21 /nix/store/j6kpyx2531aaqrspm3jkxvbwndcc4rba-linux-6.18.52
[fetch] 2/21 /nix/store/qqlrkblzhy8mkrrgz5d1vaxn14v98d0r-die-hook
[fetch] 3/21 /nix/store/gpz1bjn2s76dqpfji61f0maksibp3bq6-55-nixos-aslr-entropy.conf
[fetch] 4/21 /nix/store/ay9sdagr8g9lvi5bf21j8j9w8bbbsvp9-linux-6.18.52-modules
[fetch] 5/21 /nix/store/q6gavxknwwpvfs7lv3nv0adz9b8nj3kf-nixos-configuration-reference-manpage
[fetch] 6/21 /nix/store/ygljq6pdjw0w8w3p769rdclk8lw0lvih-nixos-manual-html
[fetch] 7/21 /nix/store/71x5r55xp1xmli88xipg8j3gmr8l37v4-desktop-file-utils-0.28
[fetch] 8/21 /nix/store/qkmflkqya2qj66mcba2wgkx5gd4h7q7l-linux-6.18.52-modules-shrunk
[fetch] 9/21 /nix/store/xdm9kkbv3nv4wr8cl7b3dh00ivbicg27-texinfo-7.2
[fetch] 10/21 /nix/store/1cv23lq6wrnq248cwjn4g21w7qvk8y0y-find-xml-catalogs-hook
[fetch] 11/21 /nix/store/23b28m04pxhn5qamkz76lpikcvby71da-install-shell-files
[build] 1/78 /nix/store/j8pkq8f2zsnwprha08h01bb3h6wrm897-check-sshd-config.drv
[build] 2/78 /nix/store/qrriaiayg3y9n7x7pjbfn69xi2p6nxqr-stage-2-init.sh.drv
[fetch] 12/21 /nix/store/glyk6m67m3ayxjsbjssza725bnzy0bw7-libxslt-1.1.45-bin
[fetch] 13/21 /nix/store/0ip0swsh43gqmz0i9lf31937skanai7f-udev-fido2
[fetch] 14/21 /nix/store/wzx8dd89lbqjz5qx3agrxqcbw83hfpxn-ensure-all-wrappers-paths-exist
[build] 3/78 /nix/store/yd6729102gj2gixggf0s4cy6i7kv0gz3-dry-activate.drv
[build] 4/78 /nix/store/a0faan64kmd752p36hsbx3jfsj6qa89c-ensure-all-wrappers-paths-exist.drv
[fetch] 15/21 /nix/store/mzpg0r6swq7bkrxx3pl2snppr3gdz3p2-initrd-udev-rules
[build] 5/78 /nix/store/pf2c4zhfbayczrsihwc3s7hk2zkzgn1b-builder.pl.drv
[build] 6/78 /nix/store/hh2vnpky3lg92qwhl96vsv5v4gym8hyh-etc-confctl-configuration-info.json.drv
[build] 7/78 /nix/store/nyky547ds9pw7kkvb7xs0spivsn4nxwk-etc-confctl-inputs-info.json.drv
[build] 8/78 /nix/store/dna7svcb86vna1kgr79sp416w15gn5zp-etc-nix-registry.json.drv
[build] 9/78 /nix/store/ignz8bjbv696ppqvdgvvcnsk7fkfm3l8-etc-os-release.drv
[build] 10/78 /nix/store/3lqih66z2gy1i3zghq2v1z0ynqbg6s3c-etc-pam-environment.drv
[build] 11/78 /nix/store/l19b9j094w3zhfj5462fddxcgydbfxr9-initrd-fstab.drv
[build] 12/78 /nix/store/l8bbbnfgg41r3zsdnz7fjyb8rn5g9nav-initrd-group.drv
[build] 13/78 /nix/store/mwi9cafw11mm7gkrdypm100nqhfhgpn2-initrd-hostname.drv
[build] 14/78 /nix/store/91va953i4r30jffxq4m6f21dpczy3hbp-initrd-nixos.conf.drv
[build] 15/78 /nix/store/9p5bz6nmk5x0hcxzssi9mjcp7sivcmxr-initrd-nixos.conf.drv
[build] 16/78 /nix/store/0phh7fa4qvf3rnbhd47gqbz5nmsy1zbz-initrd-release.drv
[build] 17/78 /nix/store/bi75jgnfkcm0f1q4z1iv0gxh97dvsz8a-initrd-shadow.drv
[build] 18/78 /nix/store/7qysqf7cvmqwki6fpxx7lrgzm4bc0vcv-issue.drv
[build] 19/78 /nix/store/f99ncxnl9aci0dn0jyarz9f4fv5jq9fm-set-environment.drv
[build] 20/78 /nix/store/c1i4dhnw5dirxfms5x7zpdvparfsk23n-initrd-passwd.drv
[build] 21/78 /nix/store/525a0p11b0h314phhb5mla94qghs876n-initrd-shells.drv
[build] 22/78 /nix/store/9ikk5d0vgx8078zp89cnz3gnk30vy33q-unit-script-initrd-find-nixos-closure-start.drv
[build] 23/78 /nix/store/p069j8px58w0db6axfn8a07728xgrbck-unit-script-initrd-nixos-activation-start.drv
[build] 24/78 /nix/store/9gxzbsvhv2cqhn4rx885wngisyxysr91-initrd-udev-rules.drv
[build] 25/78 /nix/store/kwxrrffciw725b7n17k3a6432zgw1ykq-unit-console-getty.service-disabled.drv
[build] 26/78 /nix/store/ks3dg7midjnxc7f5ml57k2rnd1mifm10-unit-dbus.service.drv
[build] 27/78 /nix/store/lpkcxxjl82abflf2di0phzrm9l1naakk-unit-dbus.socket.drv
[build] 28/78 /nix/store/6gz8mj4720nplwpbaxq1xpahlip538if-unit-initrd-switch-root.service.drv
[build] 29/78 /nix/store/1v3a6sc03qm59lhya91s07h6jzk3c6a9-unit-initrd.target.drv
[build] 30/78 /nix/store/98dabdc5wplyyhnb5zq2n86q9hhb9k4d-unit-sockets.target.drv
[build] 31/78 /nix/store/r0r3v9vjmslmp3d8r10lm12468gr5hdr-unit-sysroot-run.mount.drv
[build] 32/78 /nix/store/ay12nacyvd7iibp9f9dqk1l74xznfc7b-unit-systemd-tmpfiles-setup-sysroot.service.drv
[fetch] 16/21 /nix/store/4a1s9lwj4657xjnm6hkw1yry7y69cn8c-python3.13-mdurl-0.1.2
[fetch] 17/21 /nix/store/zgi7n65namq775ixng2m8q5ivnb91qfi-make-binary-wrapper-hook
[fetch] 18/21 /nix/store/bpjwzx5qrfcpfnnl18nj6xxx6mpm5bqm-make-shell-wrapper-hook
[fetch] 19/21 /nix/store/adss8d9289l6mlf82ik1rypa1p1n662a-python3.13-markdown-it-py-4.0.0
[build] 33/78 /nix/store/63bcyfzrp2f8ivdaqsym4rp4jc3k393c-dbus-1.drv
[build] 34/78 /nix/store/s24birzy9ncvz3nn5slw904m2wiksfym-etc-profile.drv
[build] 35/78 /nix/store/91v60gb63fyv8528sss50q8sc0kczq4j-etc.drv
[build] 36/78 /nix/store/a2kpwjqgrzffwyk79skz1kdqsyq0kzcq-initrd-system.conf.drv
[build] 37/78 /nix/store/hxz371p77ask9p9nq3bzs6sn7iwnann8-nixos-help.drv
[build] 38/78 /nix/store/nbfrp0yff4sdrvaf6xwj88f31w1m9qcq-nixos-version.drv
[build] 39/78 /nix/store/jnyam7qlknfn99j4567sii7cw2mqpfrh-shutdown-ramfs-contents.json.drv
[build] 40/78 /nix/store/mmm0gxpk770958pdad2z63wzm2dx4bi7-unit-initrd-find-nixos-closure.service.drv
[build] 41/78 /nix/store/096sh574rn4gv2hmidfdj3kbxkc37scy-unit-initrd-nixos-activation.service.drv
[build] 42/78 /nix/store/awaxnh4phpjc8i4r540v4jarmamfw2m9-unit-initrd-parse-etc.service.drv
[fetch] 20/21 /nix/store/mfjpnwgc63ch6smx57xj8vjfcki7s73x-python3.13-mdit-py-plugins-0.5.0
[build] 43/78 /nix/store/9133rlzzwlpf7qdchi1nqbzkc7yilb9p-initrd-bin-env.drv
[build] 44/78 /nix/store/wavfkv5adya4v78b5lsz7bmisl5pw9nz-initrd-unit-env.drv
[build] 45/78 /nix/store/3v1plq9qyar9hd5faa590a1dwspgjj6r-linux-6.18.52-modules.drv
[build] 46/78 /nix/store/i83ih6gbvkpmanvdv7j44amdwgvq4n3f-nixos-help.drv
[build] 47/78 /nix/store/ly0ps4x1qagr4af9gb9qggqdkxkzrzgi-perl-5.42.0-env.drv
[build] 48/78 /nix/store/wklyvscqqxhg5zlh8g9iy6fy1zfcb6kl-unit-generate-shutdown-ramfs.service.drv
[fetch] 21/21 /nix/store/hz78qislgsckx095437pv79nxlymvndz-nixos-render-docs-0.0
[build] 49/78 /nix/store/2f26xq2gp6yc13h1kvmfp0ilj4kcdm6j-initrd-udev-rules.drv
[build] 50/78 /nix/store/c1ds0r806rcbfsdw89q0asgwz3dgmr52-system-path.drv
[build] 51/78 /nix/store/6dvjj2hlxj8c7wcpk3yn1mkwfh5b0hml-activate.drv
[build] 52/78 /nix/store/fs6p5h3y3dgzkx65q88kqvm585bmdnk5-dbus-1.drv
[build] 53/78 /nix/store/h2izb650sjmafx1b4kpv8hm8b8c6101a-dry-activate.drv
[build] 54/78 /nix/store/vqfb368bpriz0qppr27238zjwkc84d18-dummy-xdg-mime-dirs1.drv
[build] 55/78 /nix/store/nfx75kpdd97h6g7x81fwsspmiz7xki2x-dummy-xdg-mime-dirs2.drv
[build] 56/78 /nix/store/qnsbs9s7bcjf2is26hq6m3b0pd32fswn-options.json.drv
[build] 57/78 /nix/store/a1jb4gs3ps2665c7j66hnck6i4n3bfkr-stage-2-init.sh.drv
[build] 58/78 /nix/store/3lmb6zwnzivv2ii0mm2hx7fwfyyj1zl4-unit-modprobe-.service.drv
[build] 59/78 /nix/store/n3kppcrfdxaap9gwrhymfjhmkc147si5-unit-panic-on-fail.service.drv
[build] 60/78 /nix/store/c6rmvkp9kk2n8qs2kr5nvc692r5yr548-unit-systemd-tmpfiles-setup.service.drv
[build] 61/78 /nix/store/i61rffz9cjzvdzw8cwjwld4icl2a9szc-X-Restart-Triggers-dbus-broker.drv
[build] 62/78 /nix/store/z1g7si9qyliyn2g2bjf46vbxi955ja6h-initrd-units.drv
[build] 63/78 /nix/store/a0kykk7si83hpnskrr6qzhpfwxa1fyk8-unit-dbus-broker.service.drv
[build] 64/78 /nix/store/g1wnp2f8j44fjdly3nc13np77y18p43w-unit-dbus-broker.service.drv
[build] 65/78 /nix/store/kq0a6m6klqdm9lc1ybwxxmvk7mlgr1wr-home-configuration-reference-manpage.drv
[build] 66/78 /nix/store/hgnmjsz4fkm8mgr851hvq2gk2igdn6hl-user-units.drv
[build] 67/78 /nix/store/jh119fx9ki95m3cqxgivnvch2ngm02xv-initrd-linux-6.18.52.drv
[build] 68/78 /nix/store/aj7ckscg2yxg9im3l3iq4p31dxx9b8sf-home-manager-path.drv
[build] 69/78 /nix/store/y20mk79wnh273w58s0kfxm58iyy6xj15-activation-script.drv
[build] 70/78 /nix/store/i07zmvxwsbc7wr02xqb1dm2454n91i0x-boot.json.drv
[build] 71/78 /nix/store/mwi9jqqikrdqwamq2xn9y5dbr0j9slxv-home-manager-generation.drv
[build] 72/78 /nix/store/g8jjajy4mm7lpy0ya87jsaasj6khb08n-nixos-system-kb-staging-26.05pre-git.drv
[build] 73/78 /nix/store/vfc1v5c61rv83q1g3im6r106q3xbczjz-unit-home-manager-aither.service.drv
[build] 74/78 /nix/store/hbzddyfi2z0khxv43bz859n6mjgj11jd-etc-nixos-containers-kb-staging.conf.drv
[build] 75/78 /nix/store/qrryn6dh005jv3rsp9mfm72ni4v8gpas-system-units.drv
[build] 76/78 /nix/store/rwi0psdini4667l2g9dhvp6asrqwhvzg-etc.drv
[build] 77/78 /nix/store/g3ppba36mgx8wpmfqmma103dsa9qxfb3-activate.drv
[build] 78/78 /nix/store/36qsipbxlk6vq3kckd1l0c002hv9gdqr-nixos-system-aitherdev-26.05.20260915.b67c7a6.drv

Built generations:
2026-09-16--15-30-55
  cz.vpsfree/machines/aitherdev
