evaluating flake...
checking flake output 'lib'...
checking flake output 'apps'...
checking app 'apps.x86_64-linux.devcluster-check'...
warning: app 'apps.x86_64-linux.devcluster-check' lacks attribute 'meta'
checking flake output 'packages'...
checking derivation packages.x86_64-linux.host-migration-test...
evaluation warning: 'system' has been renamed to/replaced by 'stdenv.hostPlatform.system'
derivation evaluated to /nix/store/qga919wx4vfakbpymwh2zryy81zdwv88-vm-test-run-vpsfree-dev-workspace-host-migration.drv
checking flake output 'checks'...
checking derivation checks.x86_64-linux.compatibility-package...
derivation evaluated to /nix/store/0d00a5zfkwvpya776i119gfj0yvd1qnh-dev-workspace-0.2.0.drv
checking derivation checks.x86_64-linux.package...
derivation evaluated to /nix/store/0f8i7ry4kvxmz33nn8gkn3dss7wryyz9-dev-workspace-0.2.0.drv
checking derivation checks.x86_64-linux.package-metadata...
derivation evaluated to /nix/store/79a27szpr27d190hn63i3yqn66pnb6nf-vpsfree-dev-workspace-package-metadata.drv
checking derivation checks.x86_64-linux.rejects-invalid-site-config...
derivation evaluated to /nix/store/fyf03spgrkpaqxkbhywdax1nd764az6q-vpsfree-dev-workspace-rejects-invalid-site-config.drv
checking derivation checks.x86_64-linux.tests...
derivation evaluated to /nix/store/vn0fq9niji535kx14jjiw2zszxympxdj-vpsfree-dev-workspace-tests.drv
checking derivation checks.x86_64-linux.organization-source...
derivation evaluated to /nix/store/4r3w15q0h8znydz6hhjq4v3xkclmcfkq-vpsfree-dev-workspace-source.drv
all checks passed!
