evaluating flake...
checking flake output 'lib'...
checking flake output 'packages'...
checking derivation packages.x86_64-linux.default...
evaluation warning: 'system' has been renamed to/replaced by 'stdenv.hostPlatform.system'
copying path '/nix/store/0gzsbyn4jijg9iw0zfnp1p2rai24g9cz-source' from 'https://cache.numtide.com'...
copying path '/nix/store/f389m0vzp8hbm7pcgc6x8vwg3bm3mz7y-source' from 'https://cache.numtide.com'...
copying path '/nix/store/9iv83r72z5xwgylkwms1qip1ijnr6jqs-source' from 'https://cache.numtide.com'...
copying path '/nix/store/7sjy8935654h3220n5gbaclf5nfw4nzx-source' from 'https://cache.numtide.com'...
copying path '/nix/store/yj1wxm9hh8610iyzqnz75kvs6xl8j3my-source' from 'https://cache.numtide.com'...
derivation evaluated to /nix/store/82r6pqayac7i5yplbyjaz1mg130ddrh0-dev-workspace-0.2.0.drv
checking derivation packages.x86_64-linux.dev-workspace...
derivation evaluated to /nix/store/82r6pqayac7i5yplbyjaz1mg130ddrh0-dev-workspace-0.2.0.drv
checking derivation packages.x86_64-linux.workspace-host...
derivation evaluated to /nix/store/82r6pqayac7i5yplbyjaz1mg130ddrh0-dev-workspace-0.2.0.drv
checking derivation packages.x86_64-linux.workspace-portal...
derivation evaluated to /nix/store/82r6pqayac7i5yplbyjaz1mg130ddrh0-dev-workspace-0.2.0.drv
checking flake output 'apps'...
checking app 'apps.x86_64-linux.workspace-host'...
warning: app 'apps.x86_64-linux.workspace-host' lacks attribute 'meta'
checking flake output 'checks'...
checking derivation checks.x86_64-linux.package...
derivation evaluated to /nix/store/82r6pqayac7i5yplbyjaz1mg130ddrh0-dev-workspace-0.2.0.drv
checking derivation checks.x86_64-linux.host-module...
derivation evaluated to /nix/store/c03dvlkgv2dxmxf8yac83piyfxy7vr6q-dev-workspace-host-module-check.drv
checking derivation checks.x86_64-linux.host-module-idempotency...
derivation evaluated to /nix/store/vl63bkzdw7s84cgjqz9ndljnrxs10hlh-vm-test-run-dev-workspace-host-module-idempotency.drv
checking derivation checks.x86_64-linux.host-package-contract...
derivation evaluated to /nix/store/qcs3d7si7vlgxgp4hrcva1qw3yr71023-dev-workspace-host-package-contract.drv
checking derivation checks.x86_64-linux.extension-catalog...
derivation evaluated to /nix/store/q73wssvlxvz78q4dhmabsq96j417kghf-dev-workspace-extension-catalog-validation.drv
checking derivation checks.x86_64-linux.user-namespace...
derivation evaluated to /nix/store/8bjc06hz8ab8dc3rsp5pbm969bfy87iw-dev-workspace-user-namespace.drv
checking derivation checks.x86_64-linux.generic-source...
derivation evaluated to /nix/store/l3df1xdzl2522hyz2p5qpnlgzj5kpwc9-dev-workspace-generic-source.drv
checking flake output 'nixosModules'...
checking NixOS module 'nixosModules.host'...
checking flake output 'nixosConfigurations'...
checking NixOS configuration 'nixosConfigurations.example'...
all checks passed!
