
confctl config dev shell ready (tools)
Skipping swpins auto updates for flake config
Skipping swpins checks for flake config
Evaluating inputs for 1 machines...

Machines will be built in 1 groups

Build log: /home/aither/workspace/ai/vpsfree.cz/worktrees/2026-09-16-portal-upload-recovery/vpsfree-cz-configuration/.confctl/logs/2026-09-16--08-59-11-confctl-build.log

Building machines
  cz.vpsfree/machines/aitherdev
with inputs
Command: confctl build --yes cz.vpsfree/machines/aitherdev
Build group: 1/1 (1 machines)
Full log:    .confctl/logs/2026-09-16--08-59-11-confctl-build.log

[fetch] 1/16 /nix/store/706w7xww2kwfb0qx2lmkd3bb3ph5bkjb-linux-6.18.51
[fetch] 2/16 /nix/store/l076mrz9w2nkz1jxn83wyvd89bk4n8ik-linux-6.18.51-modules
[fetch] 3/16 /nix/store/71x5r55xp1xmli88xipg8j3gmr8l37v4-desktop-file-utils-0.28
[fetch] 4/16 /nix/store/0impgzdhcbaqnlhw6ld2djbipl39m7bl-linux-6.18.51-modules-shrunk
[fetch] 5/16 /nix/store/zgi7n65namq775ixng2m8q5ivnb91qfi-make-binary-wrapper-hook
[fetch] 6/16 /nix/store/xdm9kkbv3nv4wr8cl7b3dh00ivbicg27-texinfo-7.2
[fetch] 7/16 /nix/store/1cv23lq6wrnq248cwjn4g21w7qvk8y0y-find-xml-catalogs-hook
[build] 1/76 /nix/store/j8pkq8f2zsnwprha08h01bb3h6wrm897-check-sshd-config.drv
[build] 2/76 /nix/store/qrriaiayg3y9n7x7pjbfn69xi2p6nxqr-stage-2-init.sh.drv
[fetch] 8/16 /nix/store/glyk6m67m3ayxjsbjssza725bnzy0bw7-libxslt-1.1.45-bin
[fetch] 9/16 /nix/store/2nlcvqyhi3lpb28zwpbilp7sa76fq2wr-lndir-1.0.5
[fetch] 10/16 /nix/store/0ip0swsh43gqmz0i9lf31937skanai7f-udev-fido2
[fetch] 11/16 /nix/store/wzx8dd89lbqjz5qx3agrxqcbw83hfpxn-ensure-all-wrappers-paths-exist
[build] 3/76 /nix/store/yd6729102gj2gixggf0s4cy6i7kv0gz3-dry-activate.drv
[build] 4/76 /nix/store/a0faan64kmd752p36hsbx3jfsj6qa89c-ensure-all-wrappers-paths-exist.drv
[fetch] 12/16 /nix/store/mzpg0r6swq7bkrxx3pl2snppr3gdz3p2-initrd-udev-rules
[build] 5/76 /nix/store/pf2c4zhfbayczrsihwc3s7hk2zkzgn1b-builder.pl.drv
[build] 6/76 /nix/store/3ws3kv1mi6531xa10s14v5r1f0d7rndm-etc-confctl-configuration-info.json.drv
[build] 7/76 /nix/store/jsksdbgs03s34qxx0s3pmh9h8waicg6i-etc-confctl-inputs-info.json.drv
[build] 8/76 /nix/store/13g4xich51pmbgzwcw8zjbac3mdk5j6n-etc-nix-registry.json.drv
[build] 9/76 /nix/store/f8m2qfaxgxfv1wd1h5645apqh32jnbn3-etc-os-release.drv
[build] 10/76 /nix/store/7jl0zqi1xhd10z0jky4iq8ghzvpvcxbn-etc-pam-environment.drv
[build] 11/76 /nix/store/l19b9j094w3zhfj5462fddxcgydbfxr9-initrd-fstab.drv
[build] 12/76 /nix/store/l8bbbnfgg41r3zsdnz7fjyb8rn5g9nav-initrd-group.drv
[build] 13/76 /nix/store/mwi9cafw11mm7gkrdypm100nqhfhgpn2-initrd-hostname.drv
[build] 14/76 /nix/store/91va953i4r30jffxq4m6f21dpczy3hbp-initrd-nixos.conf.drv
[build] 15/76 /nix/store/9p5bz6nmk5x0hcxzssi9mjcp7sivcmxr-initrd-nixos.conf.drv
[build] 16/76 /nix/store/0phh7fa4qvf3rnbhd47gqbz5nmsy1zbz-initrd-release.drv
[build] 17/76 /nix/store/bi75jgnfkcm0f1q4z1iv0gxh97dvsz8a-initrd-shadow.drv
[build] 18/76 /nix/store/a9k4cs3sz4nshydw623bw3slbdz3dgwf-issue.drv
[build] 19/76 /nix/store/hcq4svdb3sxq127j4va1kqjwdj7qbgll-nixos-version.drv
[build] 20/76 /nix/store/i7v5hyj8k5lc1yf9jgq4pqqjxg03x7gm-set-environment.drv
[build] 21/76 /nix/store/c1i4dhnw5dirxfms5x7zpdvparfsk23n-initrd-passwd.drv
[build] 22/76 /nix/store/525a0p11b0h314phhb5mla94qghs876n-initrd-shells.drv
[build] 23/76 /nix/store/9ikk5d0vgx8078zp89cnz3gnk30vy33q-unit-script-initrd-find-nixos-closure-start.drv
[build] 24/76 /nix/store/p069j8px58w0db6axfn8a07728xgrbck-unit-script-initrd-nixos-activation-start.drv
[build] 25/76 /nix/store/9gxzbsvhv2cqhn4rx885wngisyxysr91-initrd-udev-rules.drv
[build] 26/76 /nix/store/kwxrrffciw725b7n17k3a6432zgw1ykq-unit-console-getty.service-disabled.drv
[build] 27/76 /nix/store/ks3dg7midjnxc7f5ml57k2rnd1mifm10-unit-dbus.service.drv
[build] 28/76 /nix/store/lpkcxxjl82abflf2di0phzrm9l1naakk-unit-dbus.socket.drv
[build] 29/76 /nix/store/6gz8mj4720nplwpbaxq1xpahlip538if-unit-initrd-switch-root.service.drv
[build] 30/76 /nix/store/1v3a6sc03qm59lhya91s07h6jzk3c6a9-unit-initrd.target.drv
[build] 31/76 /nix/store/98dabdc5wplyyhnb5zq2n86q9hhb9k4d-unit-sockets.target.drv
[fetch] 13/16 /nix/store/4a1s9lwj4657xjnm6hkw1yry7y69cn8c-python3.13-mdurl-0.1.2
[fetch] 14/16 /nix/store/adss8d9289l6mlf82ik1rypa1p1n662a-python3.13-markdown-it-py-4.0.0
[build] 32/76 /nix/store/63bcyfzrp2f8ivdaqsym4rp4jc3k393c-dbus-1.drv
[build] 33/76 /nix/store/bn999dyj67ncdkklp0f2vzhmidh67a24-etc-profile.drv
[build] 34/76 /nix/store/a2kpwjqgrzffwyk79skz1kdqsyq0kzcq-initrd-system.conf.drv
[build] 35/76 /nix/store/gr4jy3ncw5rr1qkmgg064x3r6k1nfha7-shutdown-ramfs-contents.json.drv
[build] 36/76 /nix/store/mmm0gxpk770958pdad2z63wzm2dx4bi7-unit-initrd-find-nixos-closure.service.drv
[build] 37/76 /nix/store/096sh574rn4gv2hmidfdj3kbxkc37scy-unit-initrd-nixos-activation.service.drv
[build] 38/76 /nix/store/awaxnh4phpjc8i4r540v4jarmamfw2m9-unit-initrd-parse-etc.service.drv
[fetch] 15/16 /nix/store/mfjpnwgc63ch6smx57xj8vjfcki7s73x-python3.13-mdit-py-plugins-0.5.0
[build] 39/76 /nix/store/9133rlzzwlpf7qdchi1nqbzkc7yilb9p-initrd-bin-env.drv
[build] 40/76 /nix/store/wavfkv5adya4v78b5lsz7bmisl5pw9nz-initrd-unit-env.drv
[build] 41/76 /nix/store/y768kd8k4m1w87idvfsd8n1h6qr06n71-linux-6.18.51-modules.drv
[build] 42/76 /nix/store/ly0ps4x1qagr4af9gb9qggqdkxkzrzgi-perl-5.42.0-env.drv
[build] 43/76 /nix/store/w69gmj82wbal4jbj32k3w8biwxp6jha2-system-path.drv
[build] 44/76 /nix/store/wz49134vwj1zmd1zmxy1732n0xpwzd2k-unit-generate-shutdown-ramfs.service.drv
[fetch] 16/16 /nix/store/hz78qislgsckx095437pv79nxlymvndz-nixos-render-docs-0.0
[build] 45/76 /nix/store/2f26xq2gp6yc13h1kvmfp0ilj4kcdm6j-initrd-udev-rules.drv
[build] 46/76 /nix/store/k8vnwlzszrr2g8qdh50nbxn9gncl3gx6-dbus-1.drv
[build] 47/76 /nix/store/h2izb650sjmafx1b4kpv8hm8b8c6101a-dry-activate.drv
[build] 48/76 /nix/store/vqfb368bpriz0qppr27238zjwkc84d18-dummy-xdg-mime-dirs1.drv
[build] 49/76 /nix/store/nfx75kpdd97h6g7x81fwsspmiz7xki2x-dummy-xdg-mime-dirs2.drv
[build] 50/76 /nix/store/54cb3w12xhm4zdsmv0455ral4gp4289z-etc.drv
[build] 51/76 /nix/store/dllcgw428i8xka8313gry50iw33jhnx5-options.json.drv
[build] 52/76 /nix/store/a1jb4gs3ps2665c7j66hnck6i4n3bfkr-stage-2-init.sh.drv
[build] 53/76 /nix/store/3lmb6zwnzivv2ii0mm2hx7fwfyyj1zl4-unit-modprobe-.service.drv
[build] 54/76 /nix/store/n3kppcrfdxaap9gwrhymfjhmkc147si5-unit-panic-on-fail.service.drv
[build] 55/76 /nix/store/r0r3v9vjmslmp3d8r10lm12468gr5hdr-unit-sysroot-run.mount.drv
[build] 56/76 /nix/store/ay12nacyvd7iibp9f9dqk1l74xznfc7b-unit-systemd-tmpfiles-setup-sysroot.service.drv
[build] 57/76 /nix/store/c6rmvkp9kk2n8qs2kr5nvc692r5yr548-unit-systemd-tmpfiles-setup.service.drv
[build] 58/76 /nix/store/508yg84dw7wglxsyc9h7wxg753ijx2hb-X-Restart-Triggers-dbus-broker.drv
[build] 59/76 /nix/store/z1g7si9qyliyn2g2bjf46vbxi955ja6h-initrd-units.drv
[build] 60/76 /nix/store/d8hpqfg67gnp536f1vfnjys30wdnxai7-unit-dbus-broker.service.drv
[build] 61/76 /nix/store/j87igqs9nr90kksp1nvzqgvqpzabd5np-unit-dbus-broker.service.drv
[build] 62/76 /nix/store/aggzw55f6haz0n266kasp6gr06ac1p25-activate.drv
[build] 63/76 /nix/store/2c2r707z162ql00im79qhfwn7jn2fc7d-home-configuration-reference-manpage.drv
[build] 64/76 /nix/store/ls23q2l0f22k9669pm19rhy48ynhx45k-user-units.drv
[build] 65/76 /nix/store/szckmvhr9dwhcd7749j1rp17qndry6w5-initrd-linux-6.18.51.drv
[build] 66/76 /nix/store/iwafj3jhy195lh7dpj6z61g4arkcxcyb-home-manager-path.drv
[build] 67/76 /nix/store/bh2nxhicq0ywqbngs3s8d050qmham9wc-boot.json.drv
[build] 68/76 /nix/store/m8b2qz14vmpjifc8y7q6r1g4aalvzvx1-nixos-system-kb-staging-26.05pre-git.drv
[build] 69/76 /nix/store/c45fs4dxp7n26hjpgr3jrs5pg80hg0jm-activation-script.drv
[build] 70/76 /nix/store/c99sqjj0qfy474ydyack9dv0r74lnqpx-etc-nixos-containers-kb-staging.conf.drv
[build] 71/76 /nix/store/ccvjpwxrvjq1abknimclzxyx0zprgz2h-home-manager-generation.drv
[build] 72/76 /nix/store/r84s7qrmiwsqkgj5ch7q78ahsl74kmr0-unit-home-manager-aither.service.drv
[build] 73/76 /nix/store/fg9pcg6g2nam7pa8cr66hkm5xvpwp700-system-units.drv
[build] 74/76 /nix/store/61f7f3xqyigjywchvh0n72b975iw7wwd-etc.drv
[build] 75/76 /nix/store/3z3x8kg9shapqnb376w53n00wil84nlq-activate.drv
[build] 76/76 /nix/store/748jh2bs0664vsnrignvaz700rrwgib8-nixos-system-aitherdev-26.05.20260914.c3eea5b.drv

Built generations:
2026-09-16--08-59-31
  cz.vpsfree/machines/aitherdev
