evaluation warning: 'system' has been renamed to/replaced by 'stdenv.hostPlatform.system'
copying path '/nix/store/0gzsbyn4jijg9iw0zfnp1p2rai24g9cz-source' from 'https://cache.numtide.com'...
copying path '/nix/store/f389m0vzp8hbm7pcgc6x8vwg3bm3mz7y-source' from 'https://cache.numtide.com'...
copying path '/nix/store/9iv83r72z5xwgylkwms1qip1ijnr6jqs-source' from 'https://cache.numtide.com'...
copying path '/nix/store/7sjy8935654h3220n5gbaclf5nfw4nzx-source' from 'https://cache.numtide.com'...
copying path '/nix/store/yj1wxm9hh8610iyzqnz75kvs6xl8j3my-source' from 'https://cache.numtide.com'...
these 5 derivations will be built:
  /nix/store/glxidjygmirahyfkhazbpb62d17ng7gn-vpsfree-dev-workspace-tools-0.1.0.drv
  /nix/store/q6532qhn4szvw1cxyvn0a2ajxa16i8ml-dev-workspace-package.json.drv
  /nix/store/vwkvpcfcixddwy21l2w6pwl4i6jaal9f-workspace-repository-review-assets-1.0.0.drv
  /nix/store/zi2gyrczhy5j0zrmwj965a3zk3il3ldf-dev-workspace-extensions.json.drv
  /nix/store/gx9p70aawixspfyjqvy3hr6lvwzgapph-dev-workspace-0.2.0.drv
these 14 paths will be fetched (1.4 MiB download, 4.5 MiB unpacked):
  /nix/store/zhmahlflynb8hc8zcz82zpni4sbhf605-bash-interactive-5.3p9-dev
  /nix/store/qqlrkblzhy8mkrrgz5d1vaxn14v98d0r-die-hook
  /nix/store/23b28m04pxhn5qamkz76lpikcvby71da-install-shell-files
  /nix/store/bzk2jf62ksz06jqlkz9bf7xk8iidhcwk-jq-1.8.2-dev
  /nix/store/bpjwzx5qrfcpfnnl18nj6xxx6mpm5bqm-make-shell-wrapper-hook
  /nix/store/jdskah3jvywlmfiafsn65syqq1p4br0i-nodejs-24.19.0-source
  /nix/store/xwh7mi292qd8apskdqwfg3rw3hcj5ph9-nodejs-install-executables
  /nix/store/b7v7jabsv5mqvpwy50fjallz793b80pj-nodejs-install-manuals
  /nix/store/y45rb41c4h4lggpwn0c543chxlnarx8l-npm-build-hook
  /nix/store/szzbvhh9giabk93yklzj4bxk300fawmr-npm-config-hook
  /nix/store/zh71y4041qcgqdk86dj5acraf1gkyjjg-npm-install-hook
  /nix/store/fnvs9k66nprlq7fgkbrvad7nfrka82b5-prefetch-npm-deps-0.1.0
  /nix/store/pbc57ybfzbq09nqvh6h50qb994i4mqvc-util-linux-2.42.2
  /nix/store/y5hh21qmrqj0jgppmn0q2ln99aknkg1d-util-linux-2.42.2-dev
copying path '/nix/store/qqlrkblzhy8mkrrgz5d1vaxn14v98d0r-die-hook' from 'https://cache.nixos.org'...
copying path '/nix/store/pbc57ybfzbq09nqvh6h50qb994i4mqvc-util-linux-2.42.2' from 'https://cache.numtide.com'...
copying path '/nix/store/zhmahlflynb8hc8zcz82zpni4sbhf605-bash-interactive-5.3p9-dev' from 'https://cache.nixos.org'...
copying path '/nix/store/bzk2jf62ksz06jqlkz9bf7xk8iidhcwk-jq-1.8.2-dev' from 'https://cache.nixos.org'...
copying path '/nix/store/y45rb41c4h4lggpwn0c543chxlnarx8l-npm-build-hook' from 'https://cache.nixos.org'...
copying path '/nix/store/23b28m04pxhn5qamkz76lpikcvby71da-install-shell-files' from 'https://cache.nixos.org'...
building '/nix/store/q6532qhn4szvw1cxyvn0a2ajxa16i8ml-dev-workspace-package.json.drv'...
copying path '/nix/store/jdskah3jvywlmfiafsn65syqq1p4br0i-nodejs-24.19.0-source' from 'https://cache.nixos.org'...
copying path '/nix/store/fnvs9k66nprlq7fgkbrvad7nfrka82b5-prefetch-npm-deps-0.1.0' from 'https://cache.nixos.org'...
copying path '/nix/store/bpjwzx5qrfcpfnnl18nj6xxx6mpm5bqm-make-shell-wrapper-hook' from 'https://cache.nixos.org'...
copying path '/nix/store/b7v7jabsv5mqvpwy50fjallz793b80pj-nodejs-install-manuals' from 'https://cache.nixos.org'...
copying path '/nix/store/y5hh21qmrqj0jgppmn0q2ln99aknkg1d-util-linux-2.42.2-dev' from 'https://cache.numtide.com'...
copying path '/nix/store/xwh7mi292qd8apskdqwfg3rw3hcj5ph9-nodejs-install-executables' from 'https://cache.nixos.org'...
building '/nix/store/glxidjygmirahyfkhazbpb62d17ng7gn-vpsfree-dev-workspace-tools-0.1.0.drv'...
copying path '/nix/store/szzbvhh9giabk93yklzj4bxk300fawmr-npm-config-hook' from 'https://cache.nixos.org'...
copying path '/nix/store/zh71y4041qcgqdk86dj5acraf1gkyjjg-npm-install-hook' from 'https://cache.nixos.org'...
building '/nix/store/vwkvpcfcixddwy21l2w6pwl4i6jaal9f-workspace-repository-review-assets-1.0.0.drv'...
vpsfree-dev-workspace-tools> Running phase: unpackPhase
vpsfree-dev-workspace-tools> unpacking source archive /nix/store/f9kxwy6kz1wb3fck4fd14cmgv0xl3l3l-source
vpsfree-dev-workspace-tools> source root is source
vpsfree-dev-workspace-tools> Running phase: patchPhase
vpsfree-dev-workspace-tools> Running phase: updateAutotoolsGnuConfigScriptsPhase
vpsfree-dev-workspace-tools> Running phase: configurePhase
vpsfree-dev-workspace-tools> no configure script, doing nothing
vpsfree-dev-workspace-tools> Running phase: buildPhase
workspace-repository-review-assets> Running phase: unpackPhase
vpsfree-dev-workspace-tools> no Makefile or custom buildPhase, doing nothing
workspace-repository-review-assets> unpacking source archive /nix/store/f1cazw0yis5cdp0srakb5nxx5r4mvnm9-source
vpsfree-dev-workspace-tools> Running phase: installPhase
workspace-repository-review-assets> source root is source
workspace-repository-review-assets> Running phase: patchPhase
workspace-repository-review-assets> Executing npmConfigHook
workspace-repository-review-assets> Configuring npm
workspace-repository-review-assets> Validating consistency between /build/source/package-lock.json and /nix/store/m41xlvj1pllr9fja9g10jwn97xsbxs5k-workspace-repository-review-assets-1.0.0-npm-deps/package-lock.json
workspace-repository-review-assets> Setting npm_config_cache to /nix/store/m41xlvj1pllr9fja9g10jwn97xsbxs5k-workspace-repository-review-assets-1.0.0-npm-deps
workspace-repository-review-assets> Installing dependencies
vpsfree-dev-workspace-tools> Running phase: fixupPhase
vpsfree-dev-workspace-tools> shrinking RPATHs of ELF executables and libraries in /nix/store/i8azzwnm2d9j6n8fqp357lw62phgjbyc-vpsfree-dev-workspace-tools-0.1.0
vpsfree-dev-workspace-tools> checking for references to /build/ in /nix/store/i8azzwnm2d9j6n8fqp357lw62phgjbyc-vpsfree-dev-workspace-tools-0.1.0...
vpsfree-dev-workspace-tools> patching script interpreter paths in /nix/store/i8azzwnm2d9j6n8fqp357lw62phgjbyc-vpsfree-dev-workspace-tools-0.1.0
workspace-repository-review-assets> npm warn Unknown env config "nodedir". This will stop working in the next major version of npm. See `npm help npmrc` for supported config options.
workspace-repository-review-assets> npm warn Unknown env config "platform". This will stop working in the next major version of npm. See `npm help npmrc` for supported config options.
workspace-repository-review-assets> npm warn Unknown env config "arch". This will stop working in the next major version of npm. See `npm help npmrc` for supported config options.
vpsfree-dev-workspace-tools> Running phase: installCheckPhase
workspace-repository-review-assets>
workspace-repository-review-assets> added 58 packages, and audited 59 packages in 2s
workspace-repository-review-assets>
workspace-repository-review-assets> 26 packages are looking for funding
workspace-repository-review-assets>   run `npm fund` for details
workspace-repository-review-assets>
workspace-repository-review-assets> found 0 vulnerabilities
workspace-repository-review-assets> patching script interpreter paths in node_modules
workspace-repository-review-assets> node_modules/esbuild/bin/esbuild: interpreter directive changed from "#!/usr/bin/env node" to "/nix/store/viadyk3hg56ib6vky4cm3sb2y3n305aw-nodejs-24.19.0/bin/node"
workspace-repository-review-assets> npm warn Unknown env config "nodedir". This will stop working in the next major version of npm. See `npm help npmrc` for supported config options.
workspace-repository-review-assets> npm warn Unknown env config "platform". This will stop working in the next major version of npm. See `npm help npmrc` for supported config options.
workspace-repository-review-assets> npm warn Unknown env config "arch". This will stop working in the next major version of npm. See `npm help npmrc` for supported config options.
workspace-repository-review-assets> rebuilt dependencies successfully
workspace-repository-review-assets> patching script interpreter paths in node_modules
workspace-repository-review-assets> Finished npmConfigHook
workspace-repository-review-assets> Running phase: updateAutotoolsGnuConfigScriptsPhase
workspace-repository-review-assets> Running phase: configurePhase
workspace-repository-review-assets> no configure script, doing nothing
workspace-repository-review-assets> Running phase: buildPhase
workspace-repository-review-assets> Executing npmBuildHook
workspace-repository-review-assets> npm warn Unknown env config "nodedir". This will stop working in the next major version of npm. See `npm help npmrc` for supported config options.
workspace-repository-review-assets> npm warn Unknown env config "platform". This will stop working in the next major version of npm. See `npm help npmrc` for supported config options.
workspace-repository-review-assets> npm warn Unknown env config "arch". This will stop working in the next major version of npm. See `npm help npmrc` for supported config options.
building '/nix/store/zi2gyrczhy5j0zrmwj965a3zk3il3ldf-dev-workspace-extensions.json.drv'...
workspace-repository-review-assets>
workspace-repository-review-assets> > workspace-repository-review@1.0.0 build
workspace-repository-review-assets> > node build.mjs
workspace-repository-review-assets>
workspace-repository-review-assets> Finished npmBuildHook
workspace-repository-review-assets> Running phase: checkPhase
workspace-repository-review-assets> ✔ unified projections preserve complete old/new line identities and unusual contents (1334.009287ms)
workspace-repository-review-assets> ✔ collapse regions keep change context and locate links within hidden lines (32.844687ms)
workspace-repository-review-assets> ✔ unified character highlights keep replaced identifiers together (14.860912ms)
workspace-repository-review-assets> ✔ unified character highlights do not scatter through an unrelated replacement block (20.019905ms)
workspace-repository-review-assets> ✔ split character highlights keep replaced identifiers together (13.963173ms)
workspace-repository-review-assets> ✔ split character highlights do not scatter through an unrelated replacement block (16.045569ms)
workspace-repository-review-assets> ✔ language selection recognizes workspace files and every bundled grammar (618.60836ms)
workspace-repository-review-assets> ✔ selected maintained grammars highlight complete source with stable palette indices (1726.924927ms)
workspace-repository-review-assets> ✔ unified highlighting uses full original grammar context and each renamed language (18.196695ms)
workspace-repository-review-assets> ✔ editor and worker bundles are self-contained and exclude the WASM engine (20.725182ms)
workspace-repository-review-assets> ✔ worker client coalesces immutable sources and cancels only abandoned work (5.254152ms)
workspace-repository-review-assets> ✔ reported OAuth2 comparison has exactly 116 added and six removed lines in both layouts (34.4252ms)
workspace-repository-review-assets> ✔ missing or inconsistent Git ranges fail without falling back to approximate changed lines (2.259489ms)
workspace-repository-review-assets> ℹ tests 13
workspace-repository-review-assets> ℹ suites 0
workspace-repository-review-assets> ℹ pass 13
workspace-repository-review-assets> ℹ fail 0
workspace-repository-review-assets> ℹ cancelled 0
workspace-repository-review-assets> ℹ skipped 0
workspace-repository-review-assets> ℹ todo 0
workspace-repository-review-assets> ℹ duration_ms 4446.298184
workspace-repository-review-assets> Running phase: installPhase
workspace-repository-review-assets> Running phase: fixupPhase
workspace-repository-review-assets> shrinking RPATHs of ELF executables and libraries in /nix/store/3g3bvqgsljhxgzm558y5hcm194by1ibp-workspace-repository-review-assets-1.0.0
workspace-repository-review-assets> checking for references to /build/ in /nix/store/3g3bvqgsljhxgzm558y5hcm194by1ibp-workspace-repository-review-assets-1.0.0...
workspace-repository-review-assets> patching script interpreter paths in /nix/store/3g3bvqgsljhxgzm558y5hcm194by1ibp-workspace-repository-review-assets-1.0.0
building '/nix/store/gx9p70aawixspfyjqvy3hr6lvwzgapph-dev-workspace-0.2.0.drv'...
dev-workspace> Running phase: unpackPhase
dev-workspace> unpacking source archive /nix/store/j5yx027x8m2va5dca1h5q0jjqmkhrqj3-source
dev-workspace> source root is source
dev-workspace> Running phase: patchPhase
dev-workspace> Running phase: updateAutotoolsGnuConfigScriptsPhase
dev-workspace> Running phase: configurePhase
dev-workspace> Running phase: buildPhase
dev-workspace> Building subPackage ./cmd/workspace-portal
dev-workspace> Running phase: checkPhase
dev-workspace> ok       github.com/aither64/dev-workspace/portal/cmd/workspace-portal   0.106s
dev-workspace> ok       github.com/aither64/dev-workspace/portal/internal/cluster       0.239s
dev-workspace> ok       github.com/aither64/dev-workspace/portal/internal/processgroup  1.082s
dev-workspace> ok       github.com/aither64/dev-workspace/portal/internal/repository    15.970s
dev-workspace> ok       github.com/aither64/dev-workspace/portal/internal/session       1.425s
dev-workspace> ok       github.com/aither64/dev-workspace/portal/internal/uploads       2.273s
dev-workspace> ?        github.com/aither64/dev-workspace/portal/internal/userstate     [no test files]
dev-workspace> ok       github.com/aither64/dev-workspace/portal/internal/web   36.364s
dev-workspace> ok       github.com/aither64/dev-workspace/portal/internal/workspacecodex        0.130s
dev-workspace> Run options: --seed 64500
dev-workspace>
dev-workspace> # Running:
dev-workspace>
dev-workspace> .[2026-06-06-worktree-removal-race ea8984f] raced change
dev-workspace>  1 file changed, 1 insertion(+)
dev-workspace>  create mode 100644 raced
dev-workspace> ..............................S..S.................................................S.......S..........S..............................................S..............................................S...S...........................S.S................Enumerating objects: 4, done.
dev-workspace> Counting objects: 100% (4/4), done.
dev-workspace> Delta compression using up to 64 threads
dev-workspace> Compressing objects: 100% (2/2), done.
dev-workspace> Writing objects: 100% (3/3), 287 bytes | 287.00 KiB/s, done.
dev-workspace> Total 3 (delta 0), reused 0 (delta 0), pack-reused 0 (from 0)
dev-workspace> To /build/dev-session-test20260916-15702-odehcu/.git/test-origin.git
dev-workspace>    81c598c..e175940  master -> master
dev-workspace> ....S.........................S................................
dev-workspace>
dev-workspace> Finished in 121.663605s, 2.5562 runs/s, 26.9267 assertions/s.
dev-workspace>
dev-workspace> 311 runs, 3276 assertions, 0 failures, 0 errors, 12 skips
dev-workspace>
dev-workspace> You have skipped tests. Run with --verbose for details.
dev-workspace> Run options: --seed 543
dev-workspace>
dev-workspace> # Running:
dev-workspace>
dev-workspace> ........
dev-workspace>
dev-workspace> Finished in 0.055431s, 144.3234 runs/s, 595.3340 assertions/s.
dev-workspace>
dev-workspace> 8 runs, 33 assertions, 0 failures, 0 errors, 0 skips
dev-workspace> Run options: --seed 32252
dev-workspace>
dev-workspace> # Running:
dev-workspace>
dev-workspace> ....S...........S..............S.............................................
dev-workspace>
dev-workspace> Finished in 1.535523s, 50.1458 runs/s, 309.3408 assertions/s.
dev-workspace>
dev-workspace> 77 runs, 475 assertions, 0 failures, 0 errors, 3 skips
dev-workspace>
dev-workspace> You have skipped tests. Run with --verbose for details.
dev-workspace> checkPhase completed in 2 minutes 49 seconds
dev-workspace> Running phase: installPhase
dev-workspace> Running phase: fixupPhase
dev-workspace> shrinking RPATHs of ELF executables and libraries in /nix/store/ql5prmqfml0y62z2xj4yx45sdv7ijgrz-dev-workspace-0.2.0
dev-workspace> shrinking /nix/store/ql5prmqfml0y62z2xj4yx45sdv7ijgrz-dev-workspace-0.2.0/bin/workspace-portal
dev-workspace> checking for references to /build/ in /nix/store/ql5prmqfml0y62z2xj4yx45sdv7ijgrz-dev-workspace-0.2.0...
dev-workspace> patching script interpreter paths in /nix/store/ql5prmqfml0y62z2xj4yx45sdv7ijgrz-dev-workspace-0.2.0
dev-workspace> stripping (with command strip and flags -S -p) in  /nix/store/ql5prmqfml0y62z2xj4yx45sdv7ijgrz-dev-workspace-0.2.0/libexec /nix/store/ql5prmqfml0y62z2xj4yx45sdv7ijgrz-dev-workspace-0.2.0/bin
